
> commitpulse@0.1.0 test
> vitest run


 RUN  v4.1.10 /home/atulupadhyay/Contribution/commitpulse

 ❯ app/api/student/resume/tests/confirm.test.ts (11 tests | 10 failed) 111ms
     × returns 400 when githubUsername is missing 40ms
     × returns 400 when profile data is missing 10ms
     × returns 400 when name or email is missing 10ms
     × updates StudentProfile successfully 11ms
     ✓ blocks profile takeover when the authenticated GitHub account does not match 6ms
     × returns 500 when database update fails 6ms
     × returns 400 when githubUsername has an invalid format 6ms
     × returns 400 when email format is invalid 2ms
     × returns 400 when name exceeds the length cap 3ms
     × returns 400 when skills exceed the array cap 4ms
     × persists the parsed phone number, trims skills, and drops empty rows 5ms
 ❯ app/api/student/resume/confirm/route.theme-contrast.test.ts (5 tests | 5 failed) 48ms
     × dark mode: returns success response with consistent shape 28ms
     × light mode: returns success response with consistent shape 3ms
     × dark mode: error response contains renderable error text 3ms
     × light mode: error response contains renderable error text 3ms
     × rate-limit overlay does not suppress error text in either mode 4ms
 ❯ app/api/student/resume/upload/route.mock-integrations.test.ts (10 tests | 10 failed) 140ms
     × 1. should test service loading paths to ensure successful parsing returns 200 (mock success) 53ms
     × 2. should assert local cache layers (RateLimiter) block requests before triggering async services 6ms
     × 3. should verify correct fallback procedures during fake endpoint/parsing errors 5ms
     × 4. should block invalid file signatures without hitting the parser service 16ms
     × 5. should reject requests with missing formData fields without processing 17ms
     × 1. should test service loading paths to ensure successful parsing returns 200 (mock success) 10ms
     × 2. should assert local cache layers (RateLimiter) block requests before triggering async services 7ms
     × 3. should verify correct fallback procedures during fake endpoint/parsing errors 6ms
     × 4. should block invalid file signatures without hitting the parser service 8ms
     × 5. should reject requests with missing formData fields without processing 4ms
 ❯ app/api/track-user/route.timezone-boundaries.test.ts (5 tests | 4 failed) 151ms
     × 1. mocks standard timezone settings (UTC, EST, IST, JST) correctly 113ms
     × 2. asserts calculations align commits/activities onto the correct visual dates 11ms
     × 3. verifies leap year boundaries parse without leaving gaps in grids 8ms
     ✓ 4. asserts calendar date format utility outputs match expectations in each locale 5ms
     × 5. tests offsets around transition dates like daylight savings (DST) 7ms
 ❯ app/api/student/resume/confirm/route.empty-fallback.test.ts (5 tests | 5 failed) 44ms
     × returns 200 when optional arrays are provided but empty 26ms
     × returns 200 when optional fields are completely omitted 2ms
     × returns 400 when required fields are empty strings 3ms
     × returns 400 when data object is entirely empty 2ms
     × returns 400 when null is provided for arrays 4ms
 ❯ app/api/student/resume/confirm/route.responsive-breakpoints.test.ts (5 tests | 1 failed) 335ms
     × Mock standard mobile-width media coordinates (e.g. 375px wide viewports) 37ms
     ✓ Assert that columns reflow into standard vertical flex lists 30ms
     ✓ Verify styling values are not absolute widths that cause horizontal scrollbars on smaller viewports 186ms
     ✓ Check that navigation components scale down gracefully 25ms
     ✓ Assert mobile-specific toggle states respond cleanly 31ms
 ❯ app/api/notify/route.mouse-interactivity.test.ts (5 tests | 1 failed) 574ms
     ✓ triggers a hover gesture and reveals the notification tooltip 165ms
     ✓ displays the responsive tooltip at computed cursor coordinates 65ms
     × propagates click gestures and persists the subscription via POST 207ms
     ✓ propagates touch gestures and fetches subscription status via GET 90ms
     ✓ keeps pointer cursor classes and hides the tooltip on mouseleave 11ms
stderr | app/api/track-user/route.test.ts > POST /api/track-user > returns 429 with rate limit headers when rate limited
{"timestamp":"2026-07-23T02:51:28.565Z","type":"SECURITY_EVENT","event":"UNTRUSTED_FORWARDED_HEADER_IGNORED","resolvedIp":"unknown","header":"x-real-ip"}

 ❯ app/api/track-user/route.test.ts (16 tests | 13 failed) 162ms
       × Scenario 1: allows and stores a valid GitHub username 49ms
       × Scenario 2: rejects invalid GitHub username that does not exist 4ms
       × Scenario 3: rejects random UUID format immediately at regex format stage 8ms
       × Scenario 4: skips database write for duplicate tracking request within cooldown 4ms
       ✓ returns 400 for malformed JSON request bodies 8ms
       × returns 400 when username is missing 5ms
       × returns 400 when username is not a string 3ms
       × sanitizes and rejects nested MongoDB operators in username field 3ms
       × sanitizes query injection fields from root payload 7ms
     ✓ returns 429 with rate limit headers when rate limited 25ms
     ✓ applies rate limiting to localhost requests 12ms
       × returns 200 and bypassed flag when MONGODB_URI is undefined 7ms
       × connects to DB and upserts the user 6ms
       × bypasses user tracking gracefully when database connection fails 9ms
       × Scenario: valid usernames are allowed and write to database 3ms
       × Scenario: invalid usernames return 400 and never perform database operations 2ms
 ❯ app/api/track-user/route.mouse-interactivity.test.ts (5 tests | 4 failed) 127ms
     × 1. Trigger simulated mouseenter/hover gestures: verifies responsive tooltip layouts display at computed coordinates (Valid Request) 97ms
     ✓ 2. Test custom click/touch gestures: ensures rapid touch events propagate correctly to the rate limiter (Rate Limit Exceeded) 4ms
     × 3. Assert appropriate cursor style classes: applies error classes when hovering over malformed JSON 5ms
     × 4. Check that mouseleave events successfully hide temporary overlay visuals: hides deduplication overlay when cooldown is active 6ms
     × 5. Verify interactive nodes fallback gracefully: handles MONGODB_URI disconnection overlay gracefully 5ms
 ❯ app/api/track-user/route.empty-fallback.test.ts (5 tests | 5 failed) 87ms
     × returns 400 when username is missing from body 58ms
     × returns 400 when username is empty string 4ms
     × returns 400 when username is null 5ms
     × returns 400 when body is malformed JSON 4ms
     × returns 400 when username is a number instead of string 5ms
 ❯ app/api/student/resume/confirm/route.mouse-interactivity.test.ts (5 tests | 5 failed) 46ms
     × returns 400 when request body is malformed 23ms
     × returns 400 when githubUsername is missing 3ms
     × returns 400 when profile data is missing 3ms
     × returns ownership verification errors from GitHub owner verification 11ms
     × returns bypass response when MONGODB_URI is not configured 4ms
 ❯ app/api/notify/route.mock-integrations.test.ts (5 tests | 5 failed) 56ms
     × cache miss proceeds through full async flow 31ms
     × cache hit prevents DB write 2ms
     × invalid GitHub user returns 404 2ms
     × database failure returns 500 2ms
     × successful write returns 200 7ms
 ❯ app/api/student/resume/confirm/route.test.ts (11 tests | 11 failed) 88ms
     × returns 429 when rate limit is exceeded 49ms
     × returns 400 when JSON body is malformed 3ms
     × returns 200 and bypasses database update when MONGODB_URI is not configured 3ms
     × returns 401 and does not write when GitHub authentication is missing 3ms
     × returns 403 and does not write when the authenticated account is not the owner 6ms
     × trims and lowercases the githubUsername during update 3ms
     × returns 400 when githubUsername is missing 3ms
     × returns 400 when githubUsername exceeds 39 characters 3ms
     × returns 400 when profile data is missing 3ms
     × returns 400 when name is missing 3ms
     × returns 400 when email is missing 3ms
 ✓ app/template.type-compiler.test.tsx (5 tests) 209ms
 ✓ components/dashboard/GrowthTrendChart.mock-integrations.test.tsx (5 tests) 490ms
 ✓ components/dashboard/GrowthTrendChart.responsive-breakpoints.test.tsx (6 tests) 347ms
 ✓ components/dashboard/LanguageChart.test.tsx (2 tests) 326ms
 ✓ components/dashboard/LanguageChart.error-resilience.test.tsx (5 tests) 304ms
stderr | components/dashboard/RadarChart.timezone-boundaries.test.tsx > RadarChart timezone boundaries > limits displayed axes to maximum 6 languages
React does not recognize the `whileInView` prop on a DOM element. If you intentionally want it to appear in the DOM as a custom attribute, spell it as lowercase `whileinview` instead. If you accidentally passed it from a parent component, remove it from the DOM element.

 ✓ components/dashboard/RadarChart.timezone-boundaries.test.tsx (5 tests) 683ms
     ✓ limits displayed axes to maximum 6 languages  495ms
 ✓ components/dashboard/ResumeUpload.error-resilience.test.tsx (5 tests) 435ms
 ✓ components/dashboard/PRInsights/RepoPerformanceTable.mock-integrations.test.tsx (5 tests) 175ms
 ✓ components/dashboard/UnifiedIntelligenceCenter.test.tsx (4 tests) 419ms
 ✓ tests/visual/visual.test.ts (20 tests) 1655ms
 ✓ components/dashboard/PRInsights/PRStatusDistribution.theme-contrast.test.tsx (5 tests) 371ms
stderr | lib/github.test.ts > fetchGitHubContributions > returns the contribution calendar on a successful response
[CommitPulse API] Empty profile or null repository nodes discovered for user "octocat". Falling back to baseline collection.

stderr | lib/github.test.ts > fetchGitHubContributions > injects positive locAdditions and non-negative locDeletions for contribution days
[CommitPulse API] Empty profile or null repository nodes discovered for user "octocat". Falling back to baseline collection.

stderr | lib/github.test.ts > fetchGitHubContributions > sets locAdditions and locDeletions to zero for zero-contribution days
[CommitPulse API] Empty profile or null repository nodes discovered for user "octocat". Falling back to baseline collection.

stderr | lib/github.test.ts > fetchGitHubContributions > works correctly for a brand-new user who has zero contribution weeks
[CommitPulse API] Empty profile or null repository nodes discovered for user "new-user". Falling back to baseline collection.

stderr | lib/github.test.ts > fetchGitHubContributions > throws with the status code when the server returns 500
[31m[ERROR][0m GitHub GraphQL API error {"status":500,"body":"{\"message\":\"Internal Server Error\"}"}

stderr | lib/github.test.ts > fetchGitHubContributions > throws with the status code when the server returns 401 (expired or missing token)
[31m[ERROR][0m GitHub PAT authentication failed {"status":401,"body":"{\"message\":\"Unauthorized\"}"}

stderr | tests/github-recovery.test.ts > GitHub API Failure Recovery (Phase 3) > fetchUserProfile Fallback > falls back to stale cache data on network failure
[33m[WARN][0m GitHub API profile fetch failed, returning stale cache data {"username":"octocat","error":{}}

stderr | lib/github.test.ts > fetchGitHubContributions > body-level RATE_LIMITED retry (HTTP 200) > retries with backoff when GitHub returns RATE_LIMITED inside a 200 OK body
[CommitPulse API] Empty profile or null repository nodes discovered for user "octocat". Falling back to baseline collection.

stderr | lib/github.test.ts > fetchGitHubContributions > handles calendar with all days having zero contributions
[CommitPulse API] Empty profile or null repository nodes discovered for user "sparse-user". Falling back to baseline collection.

stderr | lib/github.test.ts > fetchGitHubContributions > is deterministic: two calls with empty-year response return identical data
[CommitPulse API] Empty profile or null repository nodes discovered for user "empty-user". Falling back to baseline collection.

stderr | lib/github.test.ts > fetchGitHubContributions > is deterministic: two calls with empty-year response return identical data
[CommitPulse API] Empty profile or null repository nodes discovered for user "empty-user". Falling back to baseline collection.

stderr | lib/github.test.ts > fetchGitHubContributions > falls back to stale cache with isOfflineFallback: true when fetch fails and cache has data
[33m[WARN][0m GitHub API fetch failed, falling back to stale cache {"component":"GitHub API","username":"fallback-user","error":{}}

stderr | tests/github-recovery.test.ts > GitHub API Failure Recovery (Phase 3) > fetchUserRepos Fallback > falls back to stale cache data on network failure
[33m[WARN][0m GitHub API repos fetch failed, returning stale cache data {"username":"octocat","error":{}}

stderr | lib/github.test.ts > fetchGitHubContributions > falls back to stale cache when bypassCache is true but fetch fails and cache has data
[GitHub API] Fetch failed or timed out for "bypass-fallback-user", falling back to stale cache: Error: Failed to fetch
    at /home/atulupadhyay/Contribution/commitpulse/lib/github.test.ts:483:40
    at file:///home/atulupadhyay/Contribution/commitpulse/node_modules/@vitest/runner/dist/chunk-artifact.js:1903:20

 ✓ app/generator/components/EditorPanel.mouse-interactivity.test.tsx (5 tests) 10395ms
     ✓ Case 1: applies transition and hover styles structurally on all interactive controls  4596ms
     ✓ Case 2: displays title attributes and sets accessibility markers on interactive components  795ms
     ✓ Case 3: click events propagate cleanly to parental DOM wrappers  4009ms
     ✓ Case 4: triggers name and github username change callbacks correctly  438ms
     ✓ Case 5: mobile touch gestures propagate successfully on controls  551ms
stderr | tests/github-recovery.test.ts > GitHub API Failure Recovery (Phase 3) > fetchGitHubContributions Fallback > falls back to stale cache data on network failure
[GitHub API] Fetch failed or timed out for "octocat", falling back to stale cache: Error: TypeError: Failed to fetch
    at /home/atulupadhyay/Contribution/commitpulse/tests/github-recovery.test.ts:133:42
    at file:///home/atulupadhyay/Contribution/commitpulse/node_modules/@vitest/runner/dist/chunk-artifact.js:1903:20

 ✓ tests/github-recovery.test.ts (7 tests) 15657ms
       ✓ falls back to stale cache data on network failure  2514ms
       ✓ returns a mock placeholder profile if cache is empty on network failure  2542ms
       ✓ falls back to stale cache data on network failure  2628ms
       ✓ returns empty array if cache is empty on network failure  2859ms
       ✓ falls back to stale cache data on network failure  2634ms
       ✓ returns empty mock contributions calendar if cache is empty on network failure  2438ms
stderr | lib/github.test.ts > forceRefresh write-back > fetchGitHubContributions: forceRefresh writes back so a later normal read is a cache hit
[CommitPulse API] Empty profile or null repository nodes discovered for user "octocat". Falling back to baseline collection.

 ✓ components/dashboard/ProfileOptimizerModal.timezone-boundaries.test.tsx (5 tests) 16028ms
     ✓ 2. should align commit contributions on correct visual calendar dates independent of timezone  3909ms
     ✓ 3. should verify leap year boundaries parse correctly without leaving grid gaps  3845ms
     ✓ 5. should handle daylight savings time transitions without throwing date shift errors  7995ms
stderr | lib/github.test.ts > getFullDashboardData > maps contribution counts to correct intensity levels
[CommitPulse API] Empty profile or null repository nodes discovered for user "octocat". Falling back to baseline collection.

 ✓ components/dashboard/ProfileOptimizerModal.empty-fallback.test.tsx (5 tests) 16210ms
     ✓ 2. Verify clear fallback UI is displayed  3931ms
     ✓ 3. Verify standard styles are maintained in this default empty layout state  3885ms
     ✓ 4. Assert no unexpected runtime errors or hydration failures occur with empty arrays/objects  3893ms
     ✓ 5. Check key DOM structures to make sure empty markers exist  4351ms
stderr | lib/github.test.ts > getFullDashboardData > handles repos fetch failure gracefully
[CommitPulse API] Empty profile or null repository nodes discovered for user "octocat". Falling back to baseline collection.

 ✓ app/generator/components/EditorPanel.mock-integrations.test.tsx (5 tests) 20570ms
     ✓ Test 1: should mock standard asynchronous imports and databases using stubs  4105ms
     ✓ Test 2: should test service loading paths to ensure pending state overlays render  3655ms
     ✓ Test 3: should assert local cache layers are queried before triggering database retrievals  473ms
     ✓ Test 4: should verify correct fallback procedures during fake endpoint timeout blocks  3826ms
     ✓ Test 5: should assert complete cache sync is written on success callbacks  8492ms
stderr | lib/github.test.ts > GitHub API cache behavior > dedupes rapid synchronous contribution requests until the delayed fetch resolves once
[CommitPulse API] Empty profile or null repository nodes discovered for user "octocat". Falling back to baseline collection.

 ✓ lib/github.test.ts (101 tests | 2 skipped) 23024ms
     ✓ throws with the status code when the server returns 500  2293ms
     ✓ falls back to empty calendar when fetch itself rejects due to a network failure  3062ms
     ✓ falls back to stale cache with isOfflineFallback: true when fetch fails and cache has data  2366ms
     ✓ falls back to stale cache when bypassCache is true but fetch fails and cache has data  2663ms
     ✓ throws status code error on other failures  3388ms
     ✓ throws status code error on failure  2440ms
     ✓ throws if profile fetch fails  2737ms
     ✓ handles repos fetch failure gracefully  3013ms
stdout | app/api/streak/route.test.ts > GET /api/streak > falls back to the default isometric view when an invalid view is provided
[32m[INFO][0m Incoming streak request {"source":"streak","user":"octocat","view":"default","requestId":"b77ac501-ea74-42ff-8cb0-ab51bd94a7a4"}

stdout | app/api/streak/route.test.ts > GET /api/streak > falls back to the default isometric view when an invalid view is provided
[32m[INFO][0m Streak request completed {"source":"streak","user":"octocat","view":"default","format":"svg","status":200,"durationMs":59,"requestId":"b77ac501-ea74-42ff-8cb0-ab51bd94a7a4"}

stdout | app/api/streak/route.test.ts > GET /api/streak > parameter validation > clamps grace=-1 to 0 is provided
[32m[INFO][0m Incoming streak request {"source":"streak","user":"octocat","view":"default","requestId":"4676948e-f5d6-45c3-a2a2-09ca75c42ff7"}

stdout | app/api/streak/route.test.ts > GET /api/streak > parameter validation > clamps grace=-1 to 0 is provided
[32m[INFO][0m Streak request completed {"source":"streak","user":"octocat","view":"default","format":"svg","status":200,"durationMs":2,"requestId":"4676948e-f5d6-45c3-a2a2-09ca75c42ff7"}

stdout | app/api/streak/route.test.ts > GET /api/streak > parameter validation > clamps grace to when exceeds max value
[32m[INFO][0m Incoming streak request {"source":"streak","user":"octocat","view":"default","requestId":"30526f96-0446-47d7-a8f6-1ec4c559c230"}

stdout | app/api/streak/route.test.ts > GET /api/streak > parameter validation > clamps grace to when exceeds max value
[32m[INFO][0m Streak request completed {"source":"streak","user":"octocat","view":"default","format":"svg","status":200,"durationMs":3,"requestId":"30526f96-0446-47d7-a8f6-1ec4c559c230"}

stdout | app/api/streak/route.test.ts > GET /api/streak > parameter validation > returns 400 when days=0 is provided
[32m[INFO][0m Incoming streak request {"source":"streak","requestId":"4c8f453b-1f08-46ea-8d5a-642386b39d04"}

stdout | app/api/streak/route.test.ts > GET /api/streak > parameter validation > returns 400 when days is negative
[32m[INFO][0m Incoming streak request {"source":"streak","requestId":"49f3e27c-53f0-4318-a4b9-9fb74d08209b"}

stdout | app/api/streak/route.test.ts > GET /api/streak > parameter validation > re-chunks ?days filtered days into real weeks instead of one overflowing week
[32m[INFO][0m Incoming streak request {"source":"streak","user":"octocat","view":"default","requestId":"8039cfde-3b0c-46e2-baa5-0d3da1e8bea3"}

stdout | app/api/streak/route.test.ts > GET /api/streak > parameter validation > re-chunks ?days filtered days into real weeks instead of one overflowing week
[32m[INFO][0m Streak request completed {"source":"streak","user":"octocat","view":"default","format":"json","status":200,"durationMs":2,"requestId":"8039cfde-3b0c-46e2-baa5-0d3da1e8bea3"}

stdout | app/api/streak/route.test.ts > GET /api/streak > parameter validation > does not truncate calculated streak stats when the days parameter is set
[32m[INFO][0m Incoming streak request {"source":"streak","user":"octocat","view":"default","requestId":"851d7ab4-0dfd-46e8-9931-e788014e42de"}

stdout | app/api/streak/route.test.ts > GET /api/streak > parameter validation > does not truncate calculated streak stats when the days parameter is set
[32m[INFO][0m Streak request completed {"source":"streak","user":"octocat","view":"default","format":"json","status":200,"durationMs":3,"requestId":"851d7ab4-0dfd-46e8-9931-e788014e42de"}

stdout | app/api/streak/route.test.ts > GET /api/streak > parameter validation > returns 400 Bad Request when ?layout= is set to an unsupported format
[32m[INFO][0m Incoming streak request {"source":"streak","requestId":"21e85bcb-f8e7-4363-a950-4ce8d363f2a1"}

stdout | app/api/streak/route.test.ts > GET /api/streak > parameter validation > does not call the GitHub API when layout is invalid
[32m[INFO][0m Incoming streak request {"source":"streak","requestId":"4695ded8-0a62-459e-a3e3-d02587a783dc"}

stdout | app/api/streak/route.test.ts > GET /api/streak > parameter validation > returns 400 with a structured error body for unsupported_layout
[32m[INFO][0m Incoming streak request {"source":"streak","requestId":"8e29bdbe-088d-4667-9307-e1d6fb3e2d35"}

stdout | app/api/streak/route.test.ts > GET /api/streak > parameter validation > returns 400 Bad Request when ?layout= is set to an unsupported format (Variation 4)
[32m[INFO][0m Incoming streak request {"source":"streak","requestId":"1aa68c87-14c6-4e26-975a-904b8288276f"}

stdout | app/api/streak/route.test.ts > GET /api/streak > parameter validation > returns 400 when the user parameter is missing
[32m[INFO][0m Incoming streak request {"source":"streak","requestId":"9a7bb5c0-0077-4344-ba43-e22984624408"}

stdout | app/api/streak/route.test.ts > GET /api/streak > parameter validation > returns 400 when org parameter contains spaces and invalid characters
[32m[INFO][0m Incoming streak request {"source":"streak","requestId":"6c962b9f-9753-480b-9ece-2cc4f2fa731c"}

stdout | app/api/streak/route.test.ts > GET /api/streak > parameter validation > does not hit the GitHub API at all when user is missing
[32m[INFO][0m Incoming streak request {"source":"streak","requestId":"1174d321-47e9-46b9-b840-f82aab65fb46"}

stdout | app/api/streak/route.test.ts > GET /api/streak > parameter validation > returns 400 for malformed GitHub usernames
[32m[INFO][0m Incoming streak request {"source":"streak","requestId":"c19ba0c2-1a15-4d6f-b67e-7b588f0c6653"}

stdout | app/api/streak/route.test.ts > GET /api/streak > parameter validation > returns 400 for malformed GitHub usernames
[32m[INFO][0m Incoming streak request {"source":"streak","requestId":"8bc09565-4a3d-4bd4-817b-329b43bf9e4c"}

stdout | app/api/streak/route.test.ts > GET /api/streak > parameter validation > returns 400 for malformed GitHub usernames
[32m[INFO][0m Incoming streak request {"source":"streak","requestId":"e818c1ce-22af-4f30-a8e0-7fac5a396837"}

stdout | app/api/streak/route.test.ts > GET /api/streak > parameter validation > returns 400 for malformed GitHub usernames
[32m[INFO][0m Incoming streak request {"source":"streak","requestId":"100008b0-2958-4b03-9346-f6939257105b"}

stdout | app/api/streak/route.test.ts > GET /api/streak > parameter validation > returns 400 when user contains spaces
[32m[INFO][0m Incoming streak request {"source":"streak","requestId":"beb58a2b-03be-4bcd-be9b-fd31fa237b91"}

stdout | app/api/streak/route.test.ts > GET /api/streak > parameter validation > returns 400 when user exceeds 39 characters
[32m[INFO][0m Incoming streak request {"source":"streak","requestId":"0842c1e2-d86b-4afc-a8f0-2c2c3bdb7070"}

stdout | app/api/streak/route.test.ts > GET /api/streak > parameter validation > returns 400 Bad Request and details indicating the username cannot exceed 39 characters when using NextRequest
[32m[INFO][0m Incoming streak request {"source":"streak","requestId":"9cf1ae9a-48e2-4871-ba2e-ab8dce0278c7"}

stdout | app/api/streak/route.test.ts > GET /api/streak > parameter validation > returns 400 for invalid monthly badge dimensions
[32m[INFO][0m Incoming streak request {"source":"streak","requestId":"cecb7207-6f7d-46d6-b2e2-a8658c8534d6"}

stdout | app/api/streak/route.test.ts > GET /api/streak > parameter validation > returns 400 for invalid monthly badge dimensions
[32m[INFO][0m Incoming streak request {"source":"streak","requestId":"da13a243-15a1-41d0-8dc3-279e881a2590"}

stdout | app/api/streak/route.test.ts > GET /api/streak > parameter validation > returns 400 for invalid monthly badge dimensions
[32m[INFO][0m Incoming streak request {"source":"streak","requestId":"e85da3bc-48c6-4b73-96fe-66563ba0f5ce"}

stdout | app/api/streak/route.test.ts > GET /api/streak > parameter validation > returns 400 for invalid monthly badge dimensions
[32m[INFO][0m Incoming streak request {"source":"streak","requestId":"59743a79-67dc-4cf6-823f-d4771fd3a237"}

stdout | app/api/streak/route.test.ts > GET /api/streak > parameter validation > returns 400 for invalid monthly badge dimensions
[32m[INFO][0m Incoming streak request {"source":"streak","requestId":"b83bef4a-ad4b-43dd-95f5-25700590982d"}

stdout | app/api/streak/route.test.ts > GET /api/streak > parameter validation > returns 400 for invalid monthly badge dimensions
[32m[INFO][0m Incoming streak request {"source":"streak","requestId":"33258648-88e6-421d-9842-e23825769fb4"}

stdout | app/api/streak/route.test.ts > GET /api/streak > parameter validation > clamps grace to 0 when below the minimum value
[32m[INFO][0m Incoming streak request {"source":"streak","user":"octocat","view":"default","requestId":"6e185b36-97d1-4674-bfa9-668fbd6d7a21"}

stdout | app/api/streak/route.test.ts > GET /api/streak > parameter validation > clamps grace to 0 when below the minimum value
[32m[INFO][0m Streak request completed {"source":"streak","user":"octocat","view":"default","format":"svg","status":200,"durationMs":1,"requestId":"6e185b36-97d1-4674-bfa9-668fbd6d7a21"}

stdout | app/api/streak/route.test.ts > GET /api/streak > parameter validation > returns 400 for unsupported ?layout query parameter values (strict schema validation)
[32m[INFO][0m Incoming streak request {"source":"streak","requestId":"c82c7da1-4995-4eea-ab48-a33b061a812d"}

stdout | app/api/streak/route.test.ts > GET /api/streak > parameter validation > returns 400 when an invalid theme value is provided and lists allowed themes
[32m[INFO][0m Incoming streak request {"source":"streak","requestId":"c186d59f-6f7d-4b63-b5f3-ba12a9f4354d"}

stdout | app/api/streak/route.test.ts > GET /api/streak > parameter validation > should return 200 OK and valid SVG when the optional repo query parameter is provided
[32m[INFO][0m Incoming streak request {"source":"streak","user":"octocat","view":"default","requestId":"dc4229fb-35c3-4d35-b077-dd21da9d2431"}

stdout | app/api/streak/route.test.ts > GET /api/streak > parameter validation > should return 200 OK and valid SVG when the optional repo query parameter is provided
[32m[INFO][0m Streak request completed {"source":"streak","user":"octocat","view":"default","format":"svg","status":200,"durationMs":1,"requestId":"dc4229fb-35c3-4d35-b077-dd21da9d2431"}

stdout | app/api/streak/route.test.ts > GET /api/streak > parameter validation > should return 200 OK and valid SVG when the optional org query parameter is provided
[32m[INFO][0m Incoming streak request {"source":"streak","user":"octocat","view":"default","requestId":"25e7b7bf-260d-41e1-b76a-df532c8ef4c4"}

stdout | app/api/streak/route.test.ts > GET /api/streak > parameter validation > should return 200 OK and valid SVG when the optional org query parameter is provided
[32m[INFO][0m Streak request completed {"source":"streak","user":"octocat","view":"default","format":"svg","status":200,"durationMs":8,"requestId":"25e7b7bf-260d-41e1-b76a-df532c8ef4c4"}

stdout | app/api/streak/route.test.ts > GET /api/streak > parameter validation > returns 400 when org contains invalid characters
[32m[INFO][0m Incoming streak request {"source":"streak","requestId":"070e40f2-3f46-471b-b9c8-54407daa71a7"}

stdout | app/api/streak/route.test.ts > GET /api/streak > successful response > returns 200 with SVG content type
[32m[INFO][0m Incoming streak request {"source":"streak","user":"octocat","view":"default","requestId":"0bd0b598-1218-47bf-9ca3-f170b1247101"}

stdout | app/api/streak/route.test.ts > GET /api/streak > successful response > returns 200 with SVG content type
[32m[INFO][0m Streak request completed {"source":"streak","user":"octocat","view":"default","format":"svg","status":200,"durationMs":6,"requestId":"0bd0b598-1218-47bf-9ca3-f170b1247101"}

stdout | app/api/streak/route.test.ts > GET /api/streak > successful response > returns a well-formed SVG body
[32m[INFO][0m Incoming streak request {"source":"streak","user":"octocat","view":"default","requestId":"5c8424bb-fe9b-43ac-ad98-26f5eaa02146"}

stdout | app/api/streak/route.test.ts > GET /api/streak > successful response > returns a well-formed SVG body
[32m[INFO][0m Streak request completed {"source":"streak","user":"octocat","view":"default","format":"svg","status":200,"durationMs":2,"requestId":"5c8424bb-fe9b-43ac-ad98-26f5eaa02146"}

stdout | app/api/streak/route.test.ts > GET /api/streak > successful response > returns valid SVG when mode=loc is given
[32m[INFO][0m Incoming streak request {"source":"streak","user":"octocat","view":"default","requestId":"7daddb1a-f47c-47e3-8e66-f2f82f49dc97"}

stdout | app/api/streak/route.test.ts > GET /api/streak > successful response > returns valid SVG when mode=loc is given
[32m[INFO][0m Streak request completed {"source":"streak","user":"octocat","view":"default","format":"svg","status":200,"durationMs":1,"requestId":"7daddb1a-f47c-47e3-8e66-f2f82f49dc97"}

stdout | app/api/streak/route.test.ts > GET /api/streak > successful response > forwards the username to fetchGitHubContributions
[32m[INFO][0m Incoming streak request {"source":"streak","user":"octocat","view":"default","requestId":"475517f3-081d-4670-8083-0e5d53faadd3"}

stdout | app/api/streak/route.test.ts > GET /api/streak > successful response > forwards the username to fetchGitHubContributions
[32m[INFO][0m Streak request completed {"source":"streak","user":"octocat","view":"default","format":"svg","status":200,"durationMs":1,"requestId":"475517f3-081d-4670-8083-0e5d53faadd3"}

stdout | app/api/streak/route.test.ts > GET /api/streak > successful response > forwards grace parameter to fetchGitHubContributions
[32m[INFO][0m Incoming streak request {"source":"streak","user":"octocat","view":"default","requestId":"334f5d9b-afbb-492c-bfd1-676da63bd25e"}

stdout | app/api/streak/route.test.ts > GET /api/streak > successful response > forwards grace parameter to fetchGitHubContributions
[32m[INFO][0m Streak request completed {"source":"streak","user":"octocat","view":"default","format":"svg","status":200,"durationMs":5,"requestId":"334f5d9b-afbb-492c-bfd1-676da63bd25e"}

stdout | app/api/streak/route.test.ts > GET /api/streak > successful response > embeds the username (uppercased) in the SVG title
[32m[INFO][0m Incoming streak request {"source":"streak","user":"octocat","view":"default","requestId":"5a246f8d-ba95-45b0-9751-9459a1a66413"}

stdout | app/api/streak/route.test.ts > GET /api/streak > successful response > embeds the username (uppercased) in the SVG title
[32m[INFO][0m Streak request completed {"source":"streak","user":"octocat","view":"default","format":"svg","status":200,"durationMs":0,"requestId":"5a246f8d-ba95-45b0-9751-9459a1a66413"}

stdout | app/api/streak/route.test.ts > GET /api/streak > successful response > should contain a <title> element with accessible label in the SVG response
[32m[INFO][0m Incoming streak request {"source":"streak","user":"octocat","view":"default","requestId":"b6ce06c0-667c-47d4-9342-9d3a462f42dd"}

stdout | app/api/streak/route.test.ts > GET /api/streak > successful response > should contain a <title> element with accessible label in the SVG response
[32m[INFO][0m Streak request completed {"source":"streak","user":"octocat","view":"default","format":"svg","status":200,"durationMs":1,"requestId":"b6ce06c0-667c-47d4-9342-9d3a462f42dd"}

stdout | app/api/streak/route.test.ts > GET /api/streak > successful response > returns a small SVG when size=small
[32m[INFO][0m Incoming streak request {"source":"streak","user":"octocat","view":"default","requestId":"b2a8cce9-69d2-4aca-913b-70dfd4bbebca"}

stdout | app/api/streak/route.test.ts > GET /api/streak > successful response > returns a small SVG when size=small
[32m[INFO][0m Streak request completed {"source":"streak","user":"octocat","view":"default","format":"svg","status":200,"durationMs":4,"requestId":"b2a8cce9-69d2-4aca-913b-70dfd4bbebca"}

stdout | app/api/streak/route.test.ts > GET /api/streak > successful response > returns the default medium SVG when size is omitted
[32m[INFO][0m Incoming streak request {"source":"streak","user":"octocat","view":"default","requestId":"5cfd97ef-2ed1-4393-b8a0-3cd101386f1f"}

stdout | app/api/streak/route.test.ts > GET /api/streak > successful response > returns the default medium SVG when size is omitted
[32m[INFO][0m Streak request completed {"source":"streak","user":"octocat","view":"default","format":"svg","status":200,"durationMs":7,"requestId":"5cfd97ef-2ed1-4393-b8a0-3cd101386f1f"}

stdout | app/api/streak/route.test.ts > GET /api/streak > successful response > returns a large SVG when size=large
[32m[INFO][0m Incoming streak request {"source":"streak","user":"octocat","view":"default","requestId":"95489211-dd79-4598-88af-49d4ae9706e4"}

stdout | app/api/streak/route.test.ts > GET /api/streak > successful response > returns a large SVG when size=large
[32m[INFO][0m Streak request completed {"source":"streak","user":"octocat","view":"default","format":"svg","status":200,"durationMs":3,"requestId":"95489211-dd79-4598-88af-49d4ae9706e4"}

stdout | app/api/streak/route.test.ts > GET /api/streak > edge cases for empty/private profiles > Scenario 1: Normal active GitHub user
[32m[INFO][0m Incoming streak request {"source":"streak","user":"octocat","view":"default","requestId":"8086728e-2541-4b3b-993a-11124a483189"}

stdout | app/api/streak/route.test.ts > GET /api/streak > edge cases for empty/private profiles > Scenario 1: Normal active GitHub user
[32m[INFO][0m Streak request completed {"source":"streak","user":"octocat","view":"default","format":"svg","status":200,"durationMs":1,"requestId":"8086728e-2541-4b3b-993a-11124a483189"}

stdout | app/api/streak/route.test.ts > GET /api/streak > edge cases for empty/private profiles > Scenario 2 & 3: User with 0 public repositories or private profile (empty calendar)
[32m[INFO][0m Incoming streak request {"source":"streak","user":"private-user","view":"default","requestId":"a44b0b5d-a889-4dba-9564-bc82a4881d18"}

stdout | app/api/streak/route.test.ts > GET /api/streak > edge cases for empty/private profiles > Scenario 2 & 3: User with 0 public repositories or private profile (empty calendar)
[32m[INFO][0m Streak request completed {"source":"streak","user":"private-user","view":"default","format":"svg","status":200,"durationMs":1,"requestId":"a44b0b5d-a889-4dba-9564-bc82a4881d18"}

stdout | app/api/streak/route.test.ts > GET /api/streak > edge cases for empty/private profiles > Scenario 4: Nonexistent username
[32m[INFO][0m Incoming streak request {"source":"streak","user":"nonexistent","view":"default","requestId":"f9e8d064-b577-4b70-9af0-40c646add40c"}

stdout | app/api/streak/route.test.ts > GET /api/streak > edge cases for empty/private profiles > Scenario 4: Nonexistent username
[32m[INFO][0m Streak request completed {"source":"streak","user":"nonexistent","view":"default","format":"svg","status":200,"durationMs":6,"requestId":"f9e8d064-b577-4b70-9af0-40c646add40c"}

stdout | app/api/streak/route.test.ts > GET /api/streak > edge cases for empty/private profiles > Scenario 5: GitHub API failure
[32m[INFO][0m Incoming streak request {"source":"streak","user":"octocat","view":"default","requestId":"4a55989a-d3ab-4535-b722-64f5a29ab5ab"}

stdout | app/api/streak/route.test.ts > GET /api/streak > edge cases for empty/private profiles > Scenario 5: GitHub API failure
[32m[INFO][0m Streak request completed {"source":"streak","user":"octocat","view":"default","format":"svg","status":200,"durationMs":1,"requestId":"4a55989a-d3ab-4535-b722-64f5a29ab5ab"}

stdout | app/api/streak/route.test.ts > GET /api/streak > edge cases for empty/private profiles > Scenario 6: Circuit Breaker Open Telemetry
[32m[INFO][0m Incoming streak request {"source":"streak","user":"octocat","view":"default","requestId":"9b118378-2d67-4cca-9d82-0cdde9330653"}

stdout | app/api/streak/route.test.ts > GET /api/streak > edge cases for empty/private profiles > Scenario 6: Circuit Breaker Open Telemetry
[32m[INFO][0m Streak request completed {"source":"streak","user":"octocat","view":"default","format":"svg","status":200,"durationMs":0,"requestId":"9b118378-2d67-4cca-9d82-0cdde9330653"}

stdout | app/api/streak/route.test.ts > GET /api/streak > cache-control header > caches until UTC midnight by default, using the value from getSecondsUntilUTCMidnight
[32m[INFO][0m Incoming streak request {"source":"streak","user":"octocat","view":"default","requestId":"c5cd3ff2-d3f5-4597-8130-ff9adaf3dd08"}

stdout | app/api/streak/route.test.ts > GET /api/streak > cache-control header > caches until UTC midnight by default, using the value from getSecondsUntilUTCMidnight
[32m[INFO][0m Streak request completed {"source":"streak","user":"octocat","view":"default","format":"svg","status":200,"durationMs":1,"requestId":"c5cd3ff2-d3f5-4597-8130-ff9adaf3dd08"}

stdout | app/api/streak/route.test.ts > GET /api/streak > cache-control header > reflects a different time value when the clock changes
[32m[INFO][0m Incoming streak request {"source":"streak","user":"octocat","view":"default","requestId":"2ce36995-81ee-499f-9ad6-72fa8894d072"}

stdout | app/api/streak/route.test.ts > GET /api/streak > cache-control header > reflects a different time value when the clock changes
[32m[INFO][0m Streak request completed {"source":"streak","user":"octocat","view":"default","format":"svg","status":200,"durationMs":0,"requestId":"2ce36995-81ee-499f-9ad6-72fa8894d072"}

stdout | app/api/streak/route.test.ts > GET /api/streak > cache-control header > bypasses the cache entirely when ?refresh=true
[32m[INFO][0m Incoming streak request {"source":"streak","user":"octocat","view":"default","requestId":"40c25cf7-f2db-42cb-92eb-e702002b4dda"}

stdout | app/api/streak/route.test.ts > GET /api/streak > cache-control header > bypasses the cache entirely when ?refresh=true
[32m[INFO][0m Streak request completed {"source":"streak","user":"octocat","view":"default","format":"svg","status":200,"durationMs":2,"requestId":"40c25cf7-f2db-42cb-92eb-e702002b4dda"}

stdout | app/api/streak/route.test.ts > GET /api/streak > cache-control header > passes bypassCache=true when refresh=true
[32m[INFO][0m Incoming streak request {"source":"streak","user":"octocat","view":"default","requestId":"96b2d043-2f3c-4278-9fe9-daefaa84b053"}

stdout | app/api/streak/route.test.ts > GET /api/streak > cache-control header > passes bypassCache=true when refresh=true
[32m[INFO][0m Streak request completed {"source":"streak","user":"octocat","view":"default","format":"svg","status":200,"durationMs":1,"requestId":"96b2d043-2f3c-4278-9fe9-daefaa84b053"}

stdout | app/api/streak/route.test.ts > GET /api/streak > cache-control header > keeps normal caching when refresh is "false"
[32m[INFO][0m Incoming streak request {"source":"streak","user":"octocat","view":"default","requestId":"604f9c37-ded1-434c-ae0a-f0ce706c44af"}

stdout | app/api/streak/route.test.ts > GET /api/streak > cache-control header > keeps normal caching when refresh is "false"
[32m[INFO][0m Streak request completed {"source":"streak","user":"octocat","view":"default","format":"svg","status":200,"durationMs":1,"requestId":"604f9c37-ded1-434c-ae0a-f0ce706c44af"}

stdout | app/api/streak/route.test.ts > GET /api/streak > cache-control header > keeps normal caching when refresh is "1" (not the exact string "true")
[32m[INFO][0m Incoming streak request {"source":"streak","user":"octocat","view":"default","requestId":"b165d8dd-7e0c-4e20-8fed-438f10d6dc7d"}

stdout | app/api/streak/route.test.ts > GET /api/streak > cache-control header > keeps normal caching when refresh is "1" (not the exact string "true")
[32m[INFO][0m Streak request completed {"source":"streak","user":"octocat","view":"default","format":"svg","status":200,"durationMs":5,"requestId":"b165d8dd-7e0c-4e20-8fed-438f10d6dc7d"}

stdout | app/api/streak/route.test.ts > GET /api/streak > security headers > sets a strict Content-Security-Policy with safe SVG styling rules
[32m[INFO][0m Incoming streak request {"source":"streak","user":"octocat","view":"default","requestId":"2771e3d6-e290-4909-97ef-1ebf317a97e0"}

stdout | app/api/streak/route.test.ts > GET /api/streak > security headers > sets a strict Content-Security-Policy with safe SVG styling rules
[32m[INFO][0m Streak request completed {"source":"streak","user":"octocat","view":"default","format":"svg","status":200,"durationMs":0,"requestId":"2771e3d6-e290-4909-97ef-1ebf317a97e0"}

stdout | app/api/streak/route.test.ts > GET /api/streak > speed parameter > accepts a valid integer speed like "3s" and passes it to the SVG
[32m[INFO][0m Incoming streak request {"source":"streak","user":"octocat","view":"default","requestId":"384c6e3d-9ef5-4d74-a3db-7b5c7f11f984"}

stdout | app/api/streak/route.test.ts > GET /api/streak > speed parameter > accepts a valid integer speed like "3s" and passes it to the SVG
[32m[INFO][0m Streak request completed {"source":"streak","user":"octocat","view":"default","format":"svg","status":200,"durationMs":1,"requestId":"384c6e3d-9ef5-4d74-a3db-7b5c7f11f984"}

stdout | app/api/streak/route.test.ts > GET /api/streak > speed parameter > falls back to 8s for decimal values below minimum bound
[32m[INFO][0m Incoming streak request {"source":"streak","user":"octocat","view":"default","requestId":"c3193e2e-68ee-4bc6-ae3b-912712728d31"}

stdout | app/api/streak/route.test.ts > GET /api/streak > speed parameter > falls back to 8s for decimal values below minimum bound
[32m[INFO][0m Streak request completed {"source":"streak","user":"octocat","view":"default","format":"svg","status":200,"durationMs":5,"requestId":"c3193e2e-68ee-4bc6-ae3b-912712728d31"}

stdout | app/api/streak/route.test.ts > GET /api/streak > speed parameter > falls back to 8s when the speed format is invalid (no unit)
[32m[INFO][0m Incoming streak request {"source":"streak","user":"octocat","view":"default","requestId":"0cf3f838-a5e9-4bd7-a923-065e494917a7"}

stdout | app/api/streak/route.test.ts > GET /api/streak > speed parameter > falls back to 8s when the speed format is invalid (no unit)
[32m[INFO][0m Streak request completed {"source":"streak","user":"octocat","view":"default","format":"svg","status":200,"durationMs":6,"requestId":"0cf3f838-a5e9-4bd7-a923-065e494917a7"}

stdout | app/api/streak/route.test.ts > GET /api/streak > speed parameter > falls back to 8s when speed is a bare number without the "s" suffix
[32m[INFO][0m Incoming streak request {"source":"streak","user":"octocat","view":"default","requestId":"8710c2a3-df90-4a45-aca1-7c026c169c27"}

stdout | app/api/streak/route.test.ts > GET /api/streak > speed parameter > falls back to 8s when speed is a bare number without the "s" suffix
[32m[INFO][0m Streak request completed {"source":"streak","user":"octocat","view":"default","format":"svg","status":200,"durationMs":0,"requestId":"8710c2a3-df90-4a45-aca1-7c026c169c27"}

stdout | app/api/streak/route.test.ts > GET /api/streak > speed parameter > falls back to 8s when speed=10 is provided without unit
[32m[INFO][0m Incoming streak request {"source":"streak","user":"octocat","view":"default","requestId":"e6112e9d-0214-4222-ac5e-6f428082225b"}

stdout | app/api/streak/route.test.ts > GET /api/streak > speed parameter > falls back to 8s when speed=10 is provided without unit
[32m[INFO][0m Streak request completed {"source":"streak","user":"octocat","view":"default","format":"svg","status":200,"durationMs":1,"requestId":"e6112e9d-0214-4222-ac5e-6f428082225b"}

stdout | app/api/streak/route.test.ts > GET /api/streak > speed parameter > falls back to 8s when speed is below minimum bound
[32m[INFO][0m Incoming streak request {"source":"streak","user":"octocat","view":"default","requestId":"8dfd65ea-d668-47bc-b7b4-e6acb0b16eb6"}

stdout | app/api/streak/route.test.ts > GET /api/streak > speed parameter > falls back to 8s when speed is below minimum bound
[32m[INFO][0m Streak request completed {"source":"streak","user":"octocat","view":"default","format":"svg","status":200,"durationMs":1,"requestId":"8dfd65ea-d668-47bc-b7b4-e6acb0b16eb6"}

stdout | app/api/streak/route.test.ts > GET /api/streak > speed parameter > falls back to 8s when speed exceeds maximum bound
[32m[INFO][0m Incoming streak request {"source":"streak","user":"octocat","view":"default","requestId":"6008ee51-76c4-43c1-8b9d-c759dcd31055"}

stdout | app/api/streak/route.test.ts > GET /api/streak > speed parameter > falls back to 8s when speed exceeds maximum bound
[32m[INFO][0m Streak request completed {"source":"streak","user":"octocat","view":"default","format":"svg","status":200,"durationMs":1,"requestId":"6008ee51-76c4-43c1-8b9d-c759dcd31055"}

stdout | app/api/streak/route.test.ts > GET /api/streak > speed parameter > accepts the minimum boundary speed "2s"
[32m[INFO][0m Incoming streak request {"source":"streak","user":"octocat","view":"default","requestId":"da72f92a-551e-474f-9965-ccd5931bd57c"}

stdout | app/api/streak/route.test.ts > GET /api/streak > speed parameter > accepts the minimum boundary speed "2s"
[32m[INFO][0m Streak request completed {"source":"streak","user":"octocat","view":"default","format":"svg","status":200,"durationMs":1,"requestId":"da72f92a-551e-474f-9965-ccd5931bd57c"}

stdout | app/api/streak/route.test.ts > GET /api/streak > speed parameter > accepts the maximum boundary speed "20s"
[32m[INFO][0m Incoming streak request {"source":"streak","user":"octocat","view":"default","requestId":"060a1da8-f885-4359-82ab-d3a297f15a8e"}

stdout | app/api/streak/route.test.ts > GET /api/streak > speed parameter > accepts the maximum boundary speed "20s"
[32m[INFO][0m Streak request completed {"source":"streak","user":"octocat","view":"default","format":"svg","status":200,"durationMs":1,"requestId":"060a1da8-f885-4359-82ab-d3a297f15a8e"}

stdout | app/api/streak/route.test.ts > GET /api/streak > speed parameter > preserves an in-range decimal speed like "8.5s" instead of forcing it to an integer
[32m[INFO][0m Incoming streak request {"source":"streak","user":"octocat","view":"default","requestId":"5321891f-5f74-4831-860f-65a9b7ac10d9"}

stdout | app/api/streak/route.test.ts > GET /api/streak > speed parameter > preserves an in-range decimal speed like "8.5s" instead of forcing it to an integer
[32m[INFO][0m Streak request completed {"source":"streak","user":"octocat","view":"default","format":"svg","status":200,"durationMs":1,"requestId":"5321891f-5f74-4831-860f-65a9b7ac10d9"}

stdout | app/api/streak/route.test.ts > GET /api/streak > scale parameter > returns 200 when scale=log is given
[32m[INFO][0m Incoming streak request {"source":"streak","user":"octocat","view":"default","requestId":"621aa88d-df19-4bdf-bff4-4a670ac0cbba"}

stdout | app/api/streak/route.test.ts > GET /api/streak > scale parameter > returns 200 when scale=log is given
[32m[INFO][0m Streak request completed {"source":"streak","user":"octocat","view":"default","format":"svg","status":200,"durationMs":2,"requestId":"621aa88d-df19-4bdf-bff4-4a670ac0cbba"}

stdout | app/api/streak/route.test.ts > GET /api/streak > scale parameter > defaults to linear scale when an unknown scale value is given
[32m[INFO][0m Incoming streak request {"source":"streak","user":"octocat","view":"default","requestId":"ce99d11a-55ca-486d-8774-08fa389c8b5d"}

stdout | app/api/streak/route.test.ts > GET /api/streak > scale parameter > defaults to linear scale when an unknown scale value is given
[32m[INFO][0m Streak request completed {"source":"streak","user":"octocat","view":"default","format":"svg","status":200,"durationMs":1,"requestId":"ce99d11a-55ca-486d-8774-08fa389c8b5d"}

stdout | app/api/streak/route.test.ts > GET /api/streak > scale parameter > defaults to linear scale when scale=foo is given
[32m[INFO][0m Incoming streak request {"source":"streak","user":"octocat","view":"default","requestId":"156b5b82-dc40-4c92-b59d-b2e69ee74094"}

stdout | app/api/streak/route.test.ts > GET /api/streak > scale parameter > defaults to linear scale when scale=foo is given
[32m[INFO][0m Streak request completed {"source":"streak","user":"octocat","view":"default","format":"svg","status":200,"durationMs":6,"requestId":"156b5b82-dc40-4c92-b59d-b2e69ee74094"}

stdout | app/api/streak/route.test.ts > GET /api/streak > scale parameter > produces different SVG output for scale=log versus scale=linear with mixed contribution counts
[32m[INFO][0m Incoming streak request {"source":"streak","user":"octocat","view":"default","requestId":"cfdee221-b642-447e-a524-33beab72ac26"}

stdout | app/api/streak/route.test.ts > GET /api/streak > scale parameter > produces different SVG output for scale=log versus scale=linear with mixed contribution counts
[32m[INFO][0m Streak request completed {"source":"streak","user":"octocat","view":"default","format":"svg","status":200,"durationMs":3,"requestId":"cfdee221-b642-447e-a524-33beab72ac26"}

stdout | app/api/streak/route.test.ts > GET /api/streak > scale parameter > produces different SVG output for scale=log versus scale=linear with mixed contribution counts
[32m[INFO][0m Incoming streak request {"source":"streak","user":"octocat","view":"default","requestId":"b1fba684-6d8b-4d06-ad98-8de33bb39913"}

stdout | app/api/streak/route.test.ts > GET /api/streak > scale parameter > produces different SVG output for scale=log versus scale=linear with mixed contribution counts
[32m[INFO][0m Streak request completed {"source":"streak","user":"octocat","view":"default","format":"svg","status":200,"durationMs":0,"requestId":"b1fba684-6d8b-4d06-ad98-8de33bb39913"}

stdout | app/api/streak/route.test.ts > GET /api/streak > year parameter > accepts a valid 4-digit year
[32m[INFO][0m Incoming streak request {"source":"streak","user":"octocat","view":"default","requestId":"caef861c-ece6-4986-8bc5-1b96a64862b6"}

stdout | app/api/streak/route.test.ts > GET /api/streak > year parameter > accepts a valid 4-digit year
[32m[INFO][0m Streak request completed {"source":"streak","user":"octocat","view":"default","format":"svg","status":200,"durationMs":1,"requestId":"caef861c-ece6-4986-8bc5-1b96a64862b6"}

stdout | app/api/streak/route.test.ts > GET /api/streak > year parameter > passes correct from/to range when ?year=2023 is provided
[32m[INFO][0m Incoming streak request {"source":"streak","user":"octocat","view":"default","requestId":"26c651e7-8e91-424a-87f9-80f3fe87f9a0"}

stdout | app/api/streak/route.test.ts > GET /api/streak > year parameter > passes correct from/to range when ?year=2023 is provided
[32m[INFO][0m Streak request completed {"source":"streak","user":"octocat","view":"default","format":"svg","status":200,"durationMs":2,"requestId":"26c651e7-8e91-424a-87f9-80f3fe87f9a0"}

stdout | app/api/streak/route.test.ts > GET /api/streak > year parameter > passes correct from/to range when ?year=2008 is provided
[32m[INFO][0m Incoming streak request {"source":"streak","user":"octocat","view":"default","requestId":"6e0e8c38-5b09-4c48-856c-81064dc273b5"}

stdout | app/api/streak/route.test.ts > GET /api/streak > year parameter > passes correct from/to range when ?year=2008 is provided
[32m[INFO][0m Streak request completed {"source":"streak","user":"octocat","view":"default","format":"svg","status":200,"durationMs":1,"requestId":"6e0e8c38-5b09-4c48-856c-81064dc273b5"}

stdout | app/api/streak/route.test.ts > GET /api/streak > year parameter > returns 400 when custom from date is after custom to date
[32m[INFO][0m Incoming streak request {"source":"streak","requestId":"18cc2138-40ad-449d-99d0-aace92058ee4"}

stdout | app/api/streak/route.test.ts > GET /api/streak > year parameter > functions normally when the year parameter is missing
[32m[INFO][0m Incoming streak request {"source":"streak","user":"octocat","view":"default","requestId":"fe000669-b6a0-4e86-852c-b66558e0db70"}

stdout | app/api/streak/route.test.ts > GET /api/streak > year parameter > functions normally when the year parameter is missing
[32m[INFO][0m Streak request completed {"source":"streak","user":"octocat","view":"default","format":"svg","status":200,"durationMs":0,"requestId":"fe000669-b6a0-4e86-852c-b66558e0db70"}

stdout | app/api/streak/route.test.ts > GET /api/streak > year parameter > returns 400 for invalid year format
[32m[INFO][0m Incoming streak request {"source":"streak","requestId":"02c3df0e-d9dd-4863-864f-61e01062e311"}

stdout | app/api/streak/route.test.ts > GET /api/streak > year parameter > returns 400 for malformed numeric year
[32m[INFO][0m Incoming streak request {"source":"streak","requestId":"2c019d4e-69bc-4be9-b476-21004f3f4dd3"}

stdout | app/api/streak/route.test.ts > GET /api/streak > year parameter > returns 400 for years before GitHub existed
[32m[INFO][0m Incoming streak request {"source":"streak","requestId":"0057a9d8-b214-4f11-b817-d0bc6620ed79"}

stdout | app/api/streak/route.test.ts > GET /api/streak > year parameter > returns 400 for the year=2007(before GitHub was founded)
[32m[INFO][0m Incoming streak request {"source":"streak","requestId":"cbcfa3e4-8a35-41da-9ea8-eb7d027111bb"}

stdout | app/api/streak/route.test.ts > GET /api/streak > year parameter > returns 400 for future years
[32m[INFO][0m Incoming streak request {"source":"streak","requestId":"fbb5697d-c7b6-4919-8f47-f8b0f40aa79a"}

stdout | app/api/streak/route.test.ts > GET /api/streak > year parameter > accepts year=2008 (the earliest valid year)
[32m[INFO][0m Incoming streak request {"source":"streak","user":"octocat","view":"default","requestId":"10f9a931-6319-41ee-a0e7-b58e162658d0"}

stdout | app/api/streak/route.test.ts > GET /api/streak > year parameter > accepts year=2008 (the earliest valid year)
[32m[INFO][0m Streak request completed {"source":"streak","user":"octocat","view":"default","format":"svg","status":200,"durationMs":2,"requestId":"10f9a931-6319-41ee-a0e7-b58e162658d0"}

stdout | app/api/streak/route.test.ts > GET /api/streak > year parameter > accepts the current year
[32m[INFO][0m Incoming streak request {"source":"streak","user":"octocat","view":"default","requestId":"921231de-cf65-4dc5-ab1d-03c6041fb195"}

stdout | app/api/streak/route.test.ts > GET /api/streak > year parameter > accepts the current year
[32m[INFO][0m Streak request completed {"source":"streak","user":"octocat","view":"default","format":"svg","status":200,"durationMs":2,"requestId":"921231de-cf65-4dc5-ab1d-03c6041fb195"}

stdout | app/api/streak/route.test.ts > GET /api/streak > year parameter > date parameter > returns 400 for malformed ?date= query parameter values (Variation 3)
[32m[INFO][0m Incoming streak request {"source":"streak","requestId":"91ff4948-aba5-405d-a3cb-a90afc4e42ef"}

stdout | app/api/streak/route.test.ts > GET /api/streak > year parameter > date parameter > returns 400 when an invalid ISO8601 calendar date format like "2026-15-40" is supplied
[32m[INFO][0m Incoming streak request {"source":"streak","requestId":"a26dbdaa-5ec6-4033-93d5-a23ed25e3866"}

stdout | app/api/streak/route.test.ts > GET /api/streak > year parameter > date parameter > returns 400 when an invalid ISO8601 calendar date format like "2026-15-40" is supplied (Variation 4)
[32m[INFO][0m Incoming streak request {"source":"streak","requestId":"94d0f794-b779-4e72-8f0d-e882d7b8b970"}

stdout | app/api/streak/route.test.ts > GET /api/streak > radius parameter > applies radius=16 to the SVG background rect
[32m[INFO][0m Incoming streak request {"source":"streak","user":"octocat","view":"default","requestId":"26474270-9849-4bcb-8fc8-b334d4c0e41a"}

stdout | app/api/streak/route.test.ts > GET /api/streak > radius parameter > applies radius=16 to the SVG background rect
[32m[INFO][0m Streak request completed {"source":"streak","user":"octocat","view":"default","format":"svg","status":200,"durationMs":1,"requestId":"26474270-9849-4bcb-8fc8-b334d4c0e41a"}

stdout | app/api/streak/route.test.ts > GET /api/streak > radius parameter > applies radius=0 to the SVG background rect
[32m[INFO][0m Incoming streak request {"source":"streak","user":"octocat","view":"default","requestId":"56e52b7e-530f-4482-a783-bb61b581fb45"}

stdout | app/api/streak/route.test.ts > GET /api/streak > radius parameter > applies radius=0 to the SVG background rect
[32m[INFO][0m Streak request completed {"source":"streak","user":"octocat","view":"default","format":"svg","status":200,"durationMs":0,"requestId":"56e52b7e-530f-4482-a783-bb61b581fb45"}

stdout | app/api/streak/route.test.ts > GET /api/streak > radius parameter > clamps radius values above the maximum limit
[32m[INFO][0m Incoming streak request {"source":"streak","user":"octocat","view":"default","requestId":"24ab1c77-a7ba-4233-a7fa-f05ab595b3ac"}

stdout | app/api/streak/route.test.ts > GET /api/streak > radius parameter > clamps radius values above the maximum limit
[32m[INFO][0m Streak request completed {"source":"streak","user":"octocat","view":"default","format":"svg","status":200,"durationMs":1,"requestId":"24ab1c77-a7ba-4233-a7fa-f05ab595b3ac"}

stdout | app/api/streak/route.test.ts > GET /api/streak > radius parameter > clamps negative radius to 0
[32m[INFO][0m Incoming streak request {"source":"streak","user":"octocat","view":"default","requestId":"6fdd8b4e-b415-4421-b58b-d2dcf2b410d0"}

stdout | app/api/streak/route.test.ts > GET /api/streak > radius parameter > clamps negative radius to 0
[32m[INFO][0m Streak request completed {"source":"streak","user":"octocat","view":"default","format":"svg","status":200,"durationMs":1,"requestId":"6fdd8b4e-b415-4421-b58b-d2dcf2b410d0"}

stdout | app/api/streak/route.test.ts > GET /api/streak > radius parameter > handles non-numeric radius gracefully
[32m[INFO][0m Incoming streak request {"source":"streak","user":"octocat","view":"default","requestId":"eea5b41b-8e52-4bdd-9b09-40b3e1f2dacc"}

stdout | app/api/streak/route.test.ts > GET /api/streak > radius parameter > handles non-numeric radius gracefully
[32m[INFO][0m Streak request completed {"source":"streak","user":"octocat","view":"default","format":"svg","status":200,"durationMs":1,"requestId":"eea5b41b-8e52-4bdd-9b09-40b3e1f2dacc"}

stdout | app/api/streak/route.test.ts > GET /api/streak > theme parameter > returns 200 for a valid known theme like "neon"
[32m[INFO][0m Incoming streak request {"source":"streak","user":"octocat","view":"default","requestId":"efc1d367-c54b-49dd-a96f-c019a4f82969"}

stdout | app/api/streak/route.test.ts > GET /api/streak > theme parameter > returns 200 for a valid known theme like "neon"
[32m[INFO][0m Streak request completed {"source":"streak","user":"octocat","view":"default","format":"svg","status":200,"durationMs":1,"requestId":"efc1d367-c54b-49dd-a96f-c019a4f82969"}

stdout | app/api/streak/route.test.ts > GET /api/streak > theme parameter > returns SVG content type for theme=neon
[32m[INFO][0m Incoming streak request {"source":"streak","user":"octocat","view":"default","requestId":"d8e535cb-c35a-4863-8dfa-ac2ca1315ab1"}

stdout | app/api/streak/route.test.ts > GET /api/streak > theme parameter > returns SVG content type for theme=neon
[32m[INFO][0m Streak request completed {"source":"streak","user":"octocat","view":"default","format":"svg","status":200,"durationMs":0,"requestId":"d8e535cb-c35a-4863-8dfa-ac2ca1315ab1"}

stdout | app/api/streak/route.test.ts > GET /api/streak > theme parameter > returns SVG content type for theme=dracula
[32m[INFO][0m Incoming streak request {"source":"streak","user":"octocat","view":"default","requestId":"5c52122e-f0e2-43df-89df-877c13a384a4"}

stdout | app/api/streak/route.test.ts > GET /api/streak > theme parameter > returns SVG content type for theme=dracula
[32m[INFO][0m Streak request completed {"source":"streak","user":"octocat","view":"default","format":"svg","status":200,"durationMs":1,"requestId":"5c52122e-f0e2-43df-89df-877c13a384a4"}

stdout | app/api/streak/route.test.ts > GET /api/streak > theme parameter > returns SVG content type for theme=auto
[32m[INFO][0m Incoming streak request {"source":"streak","user":"octocat","view":"default","requestId":"505bb4b0-9fe0-495f-b68d-4320529fd909"}

stdout | app/api/streak/route.test.ts > GET /api/streak > theme parameter > returns SVG content type for theme=auto
[32m[INFO][0m Streak request completed {"source":"streak","user":"octocat","view":"default","format":"svg","status":200,"durationMs":1,"requestId":"505bb4b0-9fe0-495f-b68d-4320529fd909"}

stdout | app/api/streak/route.test.ts > GET /api/streak > theme parameter > returns auto-theme SVG markup with dark-mode CSS variables when theme=auto
[32m[INFO][0m Incoming streak request {"source":"streak","user":"octocat","view":"default","requestId":"e50e9ce4-cb00-4bde-82ef-2c89b6fca73a"}

stdout | app/api/streak/route.test.ts > GET /api/streak > theme parameter > returns auto-theme SVG markup with dark-mode CSS variables when theme=auto
[32m[INFO][0m Streak request completed {"source":"streak","user":"octocat","view":"default","format":"svg","status":200,"durationMs":0,"requestId":"e50e9ce4-cb00-4bde-82ef-2c89b6fca73a"}

stdout | app/api/streak/route.test.ts > GET /api/streak > theme parameter > returns 400 Bad Request listing allowed themes when an invalid theme is provided
[32m[INFO][0m Incoming streak request {"source":"streak","requestId":"fdb7c551-283f-4719-abc9-f1c53d118964"}

stdout | app/api/streak/route.test.ts > GET /api/streak > theme parameter > returns 400 when theme parameter contains only whitespace
[32m[INFO][0m Incoming streak request {"source":"streak","requestId":"f682eca5-0c8f-4de1-bced-06ac5080177f"}

stdout | app/api/streak/route.test.ts > GET /api/streak > theme parameter > accepts capitalized or mixed-case theme parameter like "NEON" and maps it correctly
[32m[INFO][0m Incoming streak request {"source":"streak","user":"octocat","view":"default","requestId":"a7fca640-3348-41de-824e-560b37db00be"}

stdout | app/api/streak/route.test.ts > GET /api/streak > theme parameter > accepts capitalized or mixed-case theme parameter like "NEON" and maps it correctly
[32m[INFO][0m Streak request completed {"source":"streak","user":"octocat","view":"default","format":"svg","status":200,"durationMs":1,"requestId":"a7fca640-3348-41de-824e-560b37db00be"}

stdout | app/api/streak/route.test.ts > GET /api/streak > theme parameter > accepts mixed-case "random" or "auto" and resolves correctly
[32m[INFO][0m Incoming streak request {"source":"streak","user":"octocat","view":"default","requestId":"9868a349-e427-4711-a6af-d9495891423b"}

stdout | app/api/streak/route.test.ts > GET /api/streak > theme parameter > accepts mixed-case "random" or "auto" and resolves correctly
[32m[INFO][0m Streak request completed {"source":"streak","user":"octocat","view":"default","format":"svg","status":200,"durationMs":1,"requestId":"9868a349-e427-4711-a6af-d9495891423b"}

stdout | app/api/streak/route.test.ts > GET /api/streak > custom colour overrides > embeds a custom background colour in the SVG when bg is provided
[32m[INFO][0m Incoming streak request {"source":"streak","user":"octocat","view":"default","requestId":"53458edd-6909-4e33-8f27-ae544d1b252b"}

stdout | app/api/streak/route.test.ts > GET /api/streak > custom colour overrides > embeds a custom background colour in the SVG when bg is provided
[32m[INFO][0m Streak request completed {"source":"streak","user":"octocat","view":"default","format":"svg","status":200,"durationMs":1,"requestId":"53458edd-6909-4e33-8f27-ae544d1b252b"}

stdout | app/api/streak/route.test.ts > GET /api/streak > custom colour overrides > embeds a custom accent colour in the SVG when accent is provided
[32m[INFO][0m Incoming streak request {"source":"streak","user":"octocat","view":"default","requestId":"5bb5cb16-7d70-46bc-b0ec-c68b671ee589"}

stdout | app/api/streak/route.test.ts > GET /api/streak > custom colour overrides > embeds a custom accent colour in the SVG when accent is provided
[32m[INFO][0m Streak request completed {"source":"streak","user":"octocat","view":"default","format":"svg","status":200,"durationMs":2,"requestId":"5bb5cb16-7d70-46bc-b0ec-c68b671ee589"}

stdout | app/api/streak/route.test.ts > GET /api/streak > custom colour overrides > embeds a custom text color in the SVG when text is provided
[32m[INFO][0m Incoming streak request {"source":"streak","user":"octocat","view":"default","requestId":"fe32d9fd-ea1a-4e0a-a5a8-a723745587e2"}

stdout | app/api/streak/route.test.ts > GET /api/streak > custom colour overrides > embeds a custom text color in the SVG when text is provided
[32m[INFO][0m Streak request completed {"source":"streak","user":"octocat","view":"default","format":"svg","status":200,"durationMs":1,"requestId":"fe32d9fd-ea1a-4e0a-a5a8-a723745587e2"}

stdout | app/api/streak/route.test.ts > GET /api/streak > custom colour overrides > does not crash when an invalid text color is provided and falls back gracefully
[32m[INFO][0m Incoming streak request {"source":"streak","user":"octocat","view":"default","requestId":"c712ea4d-4e99-4cd8-a44f-600ffba66f86"}

stdout | app/api/streak/route.test.ts > GET /api/streak > custom colour overrides > does not crash when an invalid text color is provided and falls back gracefully
[32m[INFO][0m Streak request completed {"source":"streak","user":"octocat","view":"default","format":"svg","status":200,"durationMs":1,"requestId":"c712ea4d-4e99-4cd8-a44f-600ffba66f86"}

stdout | app/api/streak/route.test.ts > GET /api/streak > custom colour overrides > falls back gracefully when an invalid hex color is passed as accent
[32m[INFO][0m Incoming streak request {"source":"streak","user":"octocat","view":"default","requestId":"84507691-1ed1-4197-a770-28b11e6ccdfa"}

stdout | app/api/streak/route.test.ts > GET /api/streak > custom colour overrides > falls back gracefully when an invalid hex color is passed as accent
[32m[INFO][0m Streak request completed {"source":"streak","user":"octocat","view":"default","format":"svg","status":200,"durationMs":1,"requestId":"84507691-1ed1-4197-a770-28b11e6ccdfa"}

stdout | app/api/streak/route.test.ts > GET /api/streak > custom colour overrides > strips invalid color hex syntax targeting the ?accent= parameter and returns 200
[32m[INFO][0m Incoming streak request {"source":"streak","user":"octocat","view":"default","requestId":"0d4cd4c4-3d16-419e-b4b4-8c3c7df930b0"}

stdout | app/api/streak/route.test.ts > GET /api/streak > custom colour overrides > strips invalid color hex syntax targeting the ?accent= parameter and returns 200
[32m[INFO][0m Streak request completed {"source":"streak","user":"octocat","view":"default","format":"svg","status":200,"durationMs":1,"requestId":"0d4cd4c4-3d16-419e-b4b4-8c3c7df930b0"}

stdout | app/api/streak/route.test.ts > GET /api/streak > falls back gracefully when an invalid hex color is passed as bg
[32m[INFO][0m Incoming streak request {"source":"streak","user":"octocat","view":"default","requestId":"fcfc91ba-48ab-4d46-a5b2-a3345ae710d1"}

stdout | app/api/streak/route.test.ts > GET /api/streak > falls back gracefully when an invalid hex color is passed as bg
[32m[INFO][0m Streak request completed {"source":"streak","user":"octocat","view":"default","format":"svg","status":200,"durationMs":2,"requestId":"fcfc91ba-48ab-4d46-a5b2-a3345ae710d1"}

stdout | app/api/streak/route.test.ts > GET /api/streak > hide parameters > removes the username title when hide_title=true
[32m[INFO][0m Incoming streak request {"source":"streak","user":"octocat","view":"default","requestId":"e8d60a15-879a-4d29-8c5d-42fae0082f62"}

stdout | app/api/streak/route.test.ts > GET /api/streak > hide parameters > removes the username title when hide_title=true
[32m[INFO][0m Streak request completed {"source":"streak","user":"octocat","view":"default","format":"svg","status":200,"durationMs":6,"requestId":"e8d60a15-879a-4d29-8c5d-42fae0082f62"}

stdout | app/api/streak/route.test.ts > GET /api/streak > hide parameters > keeps the username title when hide_title=false
[32m[INFO][0m Incoming streak request {"source":"streak","user":"octocat","view":"default","requestId":"46707199-05a7-428a-addb-48c948e5ec5c"}

stdout | app/api/streak/route.test.ts > GET /api/streak > hide parameters > keeps the username title when hide_title=false
[32m[INFO][0m Streak request completed {"source":"streak","user":"octocat","view":"default","format":"svg","status":200,"durationMs":1,"requestId":"46707199-05a7-428a-addb-48c948e5ec5c"}

stdout | app/api/streak/route.test.ts > GET /api/streak > hide parameters > removes the stats section when hide_stats=true
[32m[INFO][0m Incoming streak request {"source":"streak","user":"octocat","view":"default","requestId":"b3fdbdb4-4508-4ada-ad59-daa6b6652dc6"}

stdout | app/api/streak/route.test.ts > GET /api/streak > hide parameters > removes the stats section when hide_stats=true
[32m[INFO][0m Streak request completed {"source":"streak","user":"octocat","view":"default","format":"svg","status":200,"durationMs":15,"requestId":"b3fdbdb4-4508-4ada-ad59-daa6b6652dc6"}

stdout | app/api/streak/route.test.ts > GET /api/streak > hide parameters > keeps the stats section when hide_stats=false
[32m[INFO][0m Incoming streak request {"source":"streak","user":"octocat","view":"default","requestId":"9e4d50ed-277c-473d-a984-f81fe89c56da"}

stdout | app/api/streak/route.test.ts > GET /api/streak > hide parameters > keeps the stats section when hide_stats=false
[32m[INFO][0m Streak request completed {"source":"streak","user":"octocat","view":"default","format":"svg","status":200,"durationMs":1,"requestId":"9e4d50ed-277c-473d-a984-f81fe89c56da"}

stdout | app/api/streak/route.test.ts > GET /api/streak > error handling > returns 500 with SVG content type when fetchGitHubContributions throws
[32m[INFO][0m Incoming streak request {"source":"streak","user":"octocat","view":"default","requestId":"56549532-c285-4d62-aac5-261fa4179ec5"}

stdout | app/api/streak/route.test.ts > GET /api/streak > error handling > returns 500 with SVG content type when fetchGitHubContributions throws
[32m[INFO][0m Streak request completed {"source":"streak","user":"octocat","view":"default","format":"svg","status":200,"durationMs":0,"requestId":"56549532-c285-4d62-aac5-261fa4179ec5"}

stderr | app/api/streak/route.test.ts > GET /api/streak > error handling > returns 500 with SVG content type when fetchGitHubContributions throws
[31m[ERROR][0m Unhandled error {"source":"streak","message":"Something went wrong. Please try again later.","requestId":"56549532-c285-4d62-aac5-261fa4179ec5"}

stdout | app/api/streak/route.test.ts > GET /api/streak > error handling > embeds the thrown error message in the error SVG
[32m[INFO][0m Incoming streak request {"source":"streak","user":"octocat","view":"default","requestId":"4a738cdb-0e53-4a41-9f80-0e2541ce514e"}

stderr | app/api/streak/route.test.ts > GET /api/streak > error handling > embeds the thrown error message in the error SVG
[31m[ERROR][0m Unhandled error {"source":"streak","message":"Something went wrong. Please try again later.","requestId":"4a738cdb-0e53-4a41-9f80-0e2541ce514e"}

stdout | app/api/streak/route.test.ts > GET /api/streak > error handling > embeds the thrown error message in the error SVG
[32m[INFO][0m Streak request completed {"source":"streak","user":"octocat","view":"default","format":"svg","status":200,"durationMs":1,"requestId":"4a738cdb-0e53-4a41-9f80-0e2541ce514e"}

stdout | app/api/streak/route.test.ts > GET /api/streak > error handling > never caches an error response
[32m[INFO][0m Incoming streak request {"source":"streak","user":"octocat","view":"default","requestId":"8ede99fc-f3d7-4434-9ded-e68dafe432f0"}

stderr | app/api/streak/route.test.ts > GET /api/streak > error handling > never caches an error response
[31m[ERROR][0m Unhandled error {"source":"streak","message":"Something went wrong. Please try again later.","requestId":"8ede99fc-f3d7-4434-9ded-e68dafe432f0"}

stdout | app/api/streak/route.test.ts > GET /api/streak > error handling > never caches an error response
[32m[INFO][0m Streak request completed {"source":"streak","user":"octocat","view":"default","format":"svg","status":200,"durationMs":1,"requestId":"8ede99fc-f3d7-4434-9ded-e68dafe432f0"}

stdout | app/api/streak/route.test.ts > GET /api/streak > error handling > sets the SVG Content-Security-Policy header on generic error responses
[32m[INFO][0m Incoming streak request {"source":"streak","user":"octocat","view":"default","requestId":"b5dffd02-1312-4bf5-bb33-dcfcd320f6bc"}

stdout | app/api/streak/route.test.ts > GET /api/streak > error handling > sets the SVG Content-Security-Policy header on generic error responses
[32m[INFO][0m Streak request completed {"source":"streak","user":"octocat","view":"default","format":"svg","status":200,"durationMs":0,"requestId":"b5dffd02-1312-4bf5-bb33-dcfcd320f6bc"}

stderr | app/api/streak/route.test.ts > GET /api/streak > error handling > sets the SVG Content-Security-Policy header on generic error responses
[31m[ERROR][0m Unhandled error {"source":"streak","message":"Something went wrong. Please try again later.","requestId":"b5dffd02-1312-4bf5-bb33-dcfcd320f6bc"}

stdout | app/api/streak/route.test.ts > GET /api/streak > error handling > returns 429 with no-cache headers and rate limit SVG when rate limited
[32m[INFO][0m Incoming streak request {"source":"streak","user":"octocat","view":"default","requestId":"a4c8784b-f860-48e7-b1ae-b536fcdf1f89"}

stdout | app/api/streak/route.test.ts > GET /api/streak > error handling > returns 429 with no-cache headers and rate limit SVG when rate limited
[32m[INFO][0m Streak request completed {"source":"streak","user":"octocat","view":"default","format":"svg","status":200,"durationMs":1,"requestId":"a4c8784b-f860-48e7-b1ae-b536fcdf1f89"}

stdout | app/api/streak/route.test.ts > GET /api/streak > error handling > returns a valid 500 SVG even when something non-Error is thrown
[32m[INFO][0m Incoming streak request {"source":"streak","user":"octocat","view":"default","requestId":"0fc7a2a1-f4e0-4d44-af99-5d836a66d69b"}

stdout | app/api/streak/route.test.ts > GET /api/streak > error handling > returns a valid 500 SVG even when something non-Error is thrown
[32m[INFO][0m Streak request completed {"source":"streak","user":"octocat","view":"default","format":"svg","status":200,"durationMs":0,"requestId":"0fc7a2a1-f4e0-4d44-af99-5d836a66d69b"}

stderr | app/api/streak/route.test.ts > GET /api/streak > error handling > returns a valid 500 SVG even when something non-Error is thrown
[31m[ERROR][0m Unhandled error {"source":"streak","message":"Something went wrong. Please try again later.","requestId":"0fc7a2a1-f4e0-4d44-af99-5d836a66d69b"}

stdout | app/api/streak/route.test.ts > GET /api/streak > error handling > returns a well-formed SVG structure even in the error state
[32m[INFO][0m Incoming streak request {"source":"streak","user":"octocat","view":"default","requestId":"3ba9c170-64a4-47db-8c78-87a9f040e70d"}

stdout | app/api/streak/route.test.ts > GET /api/streak > error handling > returns a well-formed SVG structure even in the error state
[32m[INFO][0m Streak request completed {"source":"streak","user":"octocat","view":"default","format":"svg","status":200,"durationMs":0,"requestId":"3ba9c170-64a4-47db-8c78-87a9f040e70d"}

stderr | app/api/streak/route.test.ts > GET /api/streak > error handling > returns a well-formed SVG structure even in the error state
[31m[ERROR][0m Unhandled error {"source":"streak","message":"Something went wrong. Please try again later.","requestId":"3ba9c170-64a4-47db-8c78-87a9f040e70d"}

stdout | app/api/streak/route.test.ts > GET /api/streak > timezone parameter (?tz=) > returns 400 when an unrecognised IANA timezone is supplied
[32m[INFO][0m Incoming streak request {"source":"streak","requestId":"0a06fcee-0058-41d2-b41b-1c93dd5fd97d"}

stdout | app/api/streak/route.test.ts > GET /api/streak > timezone parameter (?tz=) > returns 400 and names the bad value in the field error
[32m[INFO][0m Incoming streak request {"source":"streak","requestId":"90db8f5a-add0-4faa-b7af-2971152e8f3b"}

stdout | app/api/streak/route.test.ts > GET /api/streak > timezone parameter (?tz=) > is not vulnerable to XSS via tz parameter
[32m[INFO][0m Incoming streak request {"source":"streak","requestId":"d9f6b38f-cc64-4d8c-9dcb-71025bf4797b"}

stdout | app/api/streak/route.test.ts > GET /api/streak > timezone parameter (?tz=) > returns 200 with a valid IANA timezone
[32m[INFO][0m Incoming streak request {"source":"streak","user":"octocat","view":"default","requestId":"2d2ade8c-2775-43ed-992a-2404435c42da"}
[32m[INFO][0m Streak request completed {"source":"streak","requestId":"2d2ade8c-2775-43ed-992a-2404435c42da"}

stdout | app/api/streak/route.test.ts > GET /api/streak > timezone parameter (?tz=) > returns 200 with a valid IANA timezone
[32m[INFO][0m Streak request completed {"source":"streak","user":"octocat","view":"default","format":"svg","status":200,"durationMs":2}

stdout | app/api/streak/route.test.ts > GET /api/streak > timezone parameter (?tz=) > uses getSecondsUntilMidnightInTimezone (not UTC) for the cache TTL when ?tz= is set
[32m[INFO][0m Incoming streak request {"source":"streak","user":"octocat","view":"default","requestId":"b0bb546e-a6f8-46d2-a24e-dd27d9d6ef44"}
[32m[INFO][0m Streak request completed {"source":"streak","requestId":"b0bb546e-a6f8-46d2-a24e-dd27d9d6ef44"}

stdout | app/api/streak/route.test.ts > GET /api/streak > timezone parameter (?tz=) > uses getSecondsUntilMidnightInTimezone (not UTC) for the cache TTL when ?tz= is set
[32m[INFO][0m Streak request completed {"source":"streak","user":"octocat","view":"default","format":"svg","status":200,"durationMs":1}

stdout | app/api/streak/route.test.ts > GET /api/streak > timezone parameter (?tz=) > still uses getSecondsUntilUTCMidnight when no ?tz= param is given
[32m[INFO][0m Incoming streak request {"source":"streak","user":"octocat","view":"default","requestId":"cdf6620e-fca1-4b93-a749-fff2c17a12b4"}

stdout | app/api/streak/route.test.ts > GET /api/streak > timezone parameter (?tz=) > still uses getSecondsUntilUTCMidnight when no ?tz= param is given
[32m[INFO][0m Streak request completed {"source":"streak","user":"octocat","view":"default","format":"svg","status":200,"durationMs":1,"requestId":"cdf6620e-fca1-4b93-a749-fff2c17a12b4"}

stdout | app/api/streak/route.test.ts > GET /api/streak > timezone parameter (?tz=) > returns 200 with valid SVG and calls getSecondsUntilMidnightInTimezone for Australia/Sydney
[32m[INFO][0m Incoming streak request {"source":"streak","user":"octocat","view":"default","requestId":"4fd721f2-bb24-4e2b-8716-494d1f9f38fc"}
[32m[INFO][0m Streak request completed {"source":"streak","requestId":"4fd721f2-bb24-4e2b-8716-494d1f9f38fc"}

stdout | app/api/streak/route.test.ts > GET /api/streak > timezone parameter (?tz=) > returns 200 with valid SVG and calls getSecondsUntilMidnightInTimezone for Australia/Sydney
[32m[INFO][0m Streak request completed {"source":"streak","user":"octocat","view":"default","format":"svg","status":200,"durationMs":2}

stdout | app/api/streak/route.test.ts > GET /api/streak > timezone parameter (?tz=) > returns 400 when a fictitious planetary timezone Mars/Cyonia is supplied
[32m[INFO][0m Incoming streak request {"source":"streak","requestId":"1f116abb-39a9-4af8-b88c-2402a9385984"}

stdout | app/api/streak/route.test.ts > GET /api/streak > timezone parameter (?tz=) > rejects a path-traversal ?tz= payload before it reaches the GitHub API or TTL logic
[32m[INFO][0m Incoming streak request {"source":"streak","requestId":"376ec342-0bf9-43b6-93e5-837f98d45877"}

stdout | app/api/streak/route.test.ts > GET /api/streak > timezone parameter (?tz=) > returns 400 (not 500) when Intl.DateTimeFormat throws RangeError at runtime
[32m[INFO][0m Incoming streak request {"source":"streak","requestId":"3345fb02-c770-4c1a-ba8c-0ef24a3e3e3f"}

stdout | app/api/streak/route.test.ts > GET /api/streak > hide_background parameter > produces a transparent background when ?hide_background=true is set
[32m[INFO][0m Incoming streak request {"source":"streak","user":"octocat","view":"default","requestId":"b8758804-2075-4560-89a5-dd10a33460e4"}

 ✓ app/generator/components/EditorPanel.empty-fallback.test.tsx (23 tests) 22977ms
     ✓ renders the Name section heading  911ms
     ✓ renders the Description section heading  758ms
     ✓ renders the Technologies section heading  715ms
     ✓ renders the Socials section heading  520ms
     ✓ renders the CommitPulse Badge section heading  396ms
     ✓ calls onNameChange with the typed value  805ms
     ✓ reflects controlled value in the name input  633ms
     ✓ calls onDescriptionChange when the bio textarea changes  712ms
     ✓ shows "280 characters remaining" for an empty description  668ms
     ✓ decrements the counter as text is added  385ms
     ✓ counter text turns amber when fewer than 40 characters remain  451ms
     ✓ hides the GitHub username input when showCommitPulse is false  453ms
     ✓ shows the GitHub username input when showCommitPulse is true  457ms
     ✓ calls onShowCommitPulseChange(true) when the toggle is clicked while off  478ms
     ✓ calls onShowCommitPulseChange(false) when the toggle is clicked while on  406ms
     ✓ toggle aria-checked reflects the current showCommitPulse state  505ms
     ✓ calls onCommitPulseAccentChange when typing a hex value  815ms
     ✓ shows "Invalid hex" warning for a partial / invalid hex string  655ms
     ✓ does NOT show an "Invalid hex" warning for a valid 6-char hex  539ms
     ✓ shows a "Clear" button when the accent is a valid hex  677ms
     ✓ clicking Clear calls onCommitPulseAccentChange with an empty string  1603ms
     ✓ hides the name input after the Name section header is clicked  7145ms
     ✓ reveals the name input again when the collapsed header is re-clicked  2273ms
stdout | app/api/streak/route.test.ts > GET /api/streak > hide_background parameter > produces a transparent background when ?hide_background=true is set
[32m[INFO][0m Streak request completed {"source":"streak","user":"octocat","view":"default","format":"svg","status":200,"durationMs":2,"requestId":"b8758804-2075-4560-89a5-dd10a33460e4"}

stdout | app/api/streak/route.test.ts > GET /api/streak > hide_background parameter > does not produce a transparent background when ?hide_background is omitted
[32m[INFO][0m Incoming streak request {"source":"streak","user":"octocat","view":"default","requestId":"d76a6a38-ee4f-44ac-b905-81f86009fa4a"}

stdout | app/api/streak/route.test.ts > GET /api/streak > hide_background parameter > does not produce a transparent background when ?hide_background is omitted
[32m[INFO][0m Streak request completed {"source":"streak","user":"octocat","view":"default","format":"svg","status":200,"durationMs":0,"requestId":"d76a6a38-ee4f-44ac-b905-81f86009fa4a"}

stdout | app/api/streak/route.test.ts > GET /api/streak > monthly view parameter > returns a valid monthly SVG response when view=monthly is given
[32m[INFO][0m Incoming streak request {"source":"streak","user":"octocat","view":"monthly","requestId":"a89d46a9-8121-43ef-9a81-ca95ff2b326b"}

stdout | app/api/streak/route.test.ts > GET /api/streak > monthly view parameter > returns a valid monthly SVG response when view=monthly is given
[32m[INFO][0m Streak request completed {"source":"streak","user":"octocat","view":"monthly","format":"svg","status":200,"durationMs":2,"requestId":"a89d46a9-8121-43ef-9a81-ca95ff2b326b"}

stdout | app/api/streak/route.test.ts > GET /api/streak > monthly view parameter > automatically overrides or widens the query bounds to encompass the start of the previous month when view=monthly is requested with custom from/to params
[32m[INFO][0m Incoming streak request {"source":"streak","user":"octocat","view":"monthly","requestId":"eb24a348-1fdc-43c9-a8c1-54800ba0def0"}

stdout | app/api/streak/route.test.ts > GET /api/streak > monthly view parameter > automatically overrides or widens the query bounds to encompass the start of the previous month when view=monthly is requested with custom from/to params
[32m[INFO][0m Streak request completed {"source":"streak","user":"octocat","view":"monthly","format":"svg","status":200,"durationMs":0,"requestId":"eb24a348-1fdc-43c9-a8c1-54800ba0def0"}

stdout | app/api/streak/route.test.ts > GET /api/streak > monthly view parameter > uses the selected year when generating archived monthly stats
[32m[INFO][0m Incoming streak request {"source":"streak","user":"octocat","view":"monthly","requestId":"ac2e3820-7d7b-4ebc-affe-e435fda07cac"}

stdout | app/api/streak/route.test.ts > GET /api/streak > monthly view parameter > uses the selected year when generating archived monthly stats
[32m[INFO][0m Streak request completed {"source":"streak","user":"octocat","view":"monthly","format":"svg","status":200,"durationMs":0,"requestId":"ac2e3820-7d7b-4ebc-affe-e435fda07cac"}

stdout | app/api/streak/route.test.ts > GET /api/streak > monthly view parameter > uses valid custom width and height in monthly SVG output
[32m[INFO][0m Incoming streak request {"source":"streak","user":"octocat","view":"monthly","requestId":"44fb0059-0963-4b5e-a208-fa45dfad5306"}

stdout | app/api/streak/route.test.ts > GET /api/streak > monthly view parameter > uses valid custom width and height in monthly SVG output
[32m[INFO][0m Streak request completed {"source":"streak","user":"octocat","view":"monthly","format":"svg","status":200,"durationMs":2,"requestId":"44fb0059-0963-4b5e-a208-fa45dfad5306"}

stdout | app/api/streak/route.test.ts > GET /api/streak > monthly view parameter > defaults to default view when an unknown view is given
[32m[INFO][0m Incoming streak request {"source":"streak","user":"octocat","view":"default","requestId":"7fe7532a-e678-48db-9515-1dcfc450e799"}

stdout | app/api/streak/route.test.ts > GET /api/streak > monthly view parameter > defaults to default view when an unknown view is given
[32m[INFO][0m Streak request completed {"source":"streak","user":"octocat","view":"default","format":"svg","status":200,"durationMs":0,"requestId":"7fe7532a-e678-48db-9515-1dcfc450e799"}

stdout | app/api/streak/route.test.ts > GET /api/streak > monthly view parameter > returns streak view when view=streak is given
[32m[INFO][0m Incoming streak request {"source":"streak","user":"octocat","view":"default","requestId":"defe44da-3674-49c3-a36b-956628c24f09"}

stdout | app/api/streak/route.test.ts > GET /api/streak > monthly view parameter > returns streak view when view=streak is given
[32m[INFO][0m Streak request completed {"source":"streak","user":"octocat","view":"default","format":"svg","status":200,"durationMs":1,"requestId":"defe44da-3674-49c3-a36b-956628c24f09"}

stdout | app/api/streak/route.test.ts > GET /api/streak > monthly view parameter > applies custom width and height parameters to the monthly SVG
[32m[INFO][0m Incoming streak request {"source":"streak","user":"octocat","view":"monthly","requestId":"046d9151-9bb3-45b3-8bcd-745878f340ef"}

stdout | app/api/streak/route.test.ts > GET /api/streak > monthly view parameter > applies custom width and height parameters to the monthly SVG
[32m[INFO][0m Streak request completed {"source":"streak","user":"octocat","view":"monthly","format":"svg","status":200,"durationMs":2,"requestId":"046d9151-9bb3-45b3-8bcd-745878f340ef"}

stdout | app/api/streak/route.test.ts > GET /api/streak > monthly view parameter > applies delta_format=both to show percent and absolute values in the monthly SVG
[32m[INFO][0m Incoming streak request {"source":"streak","user":"octocat","view":"monthly","requestId":"c8b5ea61-0725-4841-8122-0f428a83e89f"}

stdout | app/api/streak/route.test.ts > GET /api/streak > monthly view parameter > applies delta_format=both to show percent and absolute values in the monthly SVG
[32m[INFO][0m Streak request completed {"source":"streak","user":"octocat","view":"monthly","format":"svg","status":200,"durationMs":0,"requestId":"c8b5ea61-0725-4841-8122-0f428a83e89f"}

stdout | app/api/streak/route.test.ts > GET /api/streak > monthly view parameter > applies delta_format=absolute to show raw commit counts in the monthly SVG
[32m[INFO][0m Incoming streak request {"source":"streak","user":"octocat","view":"monthly","requestId":"16d066f0-381f-47e3-9da1-3534fac06ac3"}

stdout | app/api/streak/route.test.ts > GET /api/streak > monthly view parameter > applies delta_format=absolute to show raw commit counts in the monthly SVG
[32m[INFO][0m Streak request completed {"source":"streak","user":"octocat","view":"monthly","format":"svg","status":200,"durationMs":0,"requestId":"16d066f0-381f-47e3-9da1-3534fac06ac3"}

stdout | app/api/streak/route.test.ts > GET /api/streak > theme=random cache header > returns no-cache header when ?theme=random is given
[32m[INFO][0m Incoming streak request {"source":"streak","user":"octocat","view":"default","requestId":"676bb4d2-e135-46f9-8a31-208f64e33cc4"}

stdout | app/api/streak/route.test.ts > GET /api/streak > theme=random cache header > returns no-cache header when ?theme=random is given
[32m[INFO][0m Streak request completed {"source":"streak","user":"octocat","view":"default","format":"svg","status":200,"durationMs":2,"requestId":"676bb4d2-e135-46f9-8a31-208f64e33cc4"}

stdout | app/api/streak/route.test.ts > GET /api/streak > Ghost City Mode (route integration) > returns ghost city SVG when user has 0 total contributions
[32m[INFO][0m Incoming streak request {"source":"streak","user":"octocat","view":"default","requestId":"4db938d5-e718-4813-9d27-65a775468d39"}

stdout | app/api/streak/route.test.ts > GET /api/streak > Ghost City Mode (route integration) > returns ghost city SVG when user has 0 total contributions
[32m[INFO][0m Streak request completed {"source":"streak","user":"octocat","view":"default","format":"svg","status":200,"durationMs":0,"requestId":"4db938d5-e718-4813-9d27-65a775468d39"}

stdout | app/api/streak/route.test.ts > GET /api/streak > lang parameter > returns Spanish translations when ?lang=es is given
[32m[INFO][0m Incoming streak request {"source":"streak","user":"octocat","view":"default","requestId":"caba9e3e-82cf-432e-9db6-2c19a7f83441"}

stdout | app/api/streak/route.test.ts > GET /api/streak > lang parameter > returns Spanish translations when ?lang=es is given
[32m[INFO][0m Streak request completed {"source":"streak","user":"octocat","view":"default","format":"svg","status":200,"durationMs":1,"requestId":"caba9e3e-82cf-432e-9db6-2c19a7f83441"}

stdout | app/api/streak/route.test.ts > GET /api/streak > lang parameter > returns Hindi translations when ?lang=hi is given
[32m[INFO][0m Incoming streak request {"source":"streak","user":"octocat","view":"default","requestId":"f148f387-2bba-4a2c-8d7d-f44b5dbd3108"}

stdout | app/api/streak/route.test.ts > GET /api/streak > lang parameter > returns Hindi translations when ?lang=hi is given
[32m[INFO][0m Streak request completed {"source":"streak","user":"octocat","view":"default","format":"svg","status":200,"durationMs":1,"requestId":"f148f387-2bba-4a2c-8d7d-f44b5dbd3108"}

stdout | app/api/streak/route.test.ts > GET /api/streak > lang parameter > returns French translations when ?lang=fr is given
[32m[INFO][0m Incoming streak request {"source":"streak","user":"octocat","view":"default","requestId":"9ab6f790-53c4-491b-9e9d-62c9156f12c9"}

stdout | app/api/streak/route.test.ts > GET /api/streak > lang parameter > returns French translations when ?lang=fr is given
[32m[INFO][0m Streak request completed {"source":"streak","user":"octocat","view":"default","format":"svg","status":200,"durationMs":1,"requestId":"9ab6f790-53c4-491b-9e9d-62c9156f12c9"}

stdout | app/api/streak/route.test.ts > GET /api/streak > lang parameter > falls back to English when an unknown ?lang=xx is given
[32m[INFO][0m Incoming streak request {"source":"streak","user":"octocat","view":"default","requestId":"ed36e5ba-f275-404b-aa87-59dccf6f2c30"}

stdout | app/api/streak/route.test.ts > GET /api/streak > lang parameter > falls back to English when an unknown ?lang=xx is given
[32m[INFO][0m Streak request completed {"source":"streak","user":"octocat","view":"default","format":"svg","status":200,"durationMs":2,"requestId":"ed36e5ba-f275-404b-aa87-59dccf6f2c30"}

stdout | app/api/streak/route.test.ts > GET /api/streak > font parameter sanitization > uses the default font when font param is omitted
[32m[INFO][0m Incoming streak request {"source":"streak","user":"octocat","view":"default","requestId":"da77b313-6a04-4e15-8365-80d189cd103c"}

stdout | app/api/streak/route.test.ts > GET /api/streak > font parameter sanitization > uses the default font when font param is omitted
[32m[INFO][0m Streak request completed {"source":"streak","user":"octocat","view":"default","format":"svg","status":200,"durationMs":1,"requestId":"da77b313-6a04-4e15-8365-80d189cd103c"}

stdout | app/api/streak/route.test.ts > GET /api/streak > font parameter sanitization > uses the default font when font param is an empty string
[32m[INFO][0m Incoming streak request {"source":"streak","user":"octocat","view":"default","requestId":"9297456d-f2b6-47da-aa57-b24f87bed226"}

stdout | app/api/streak/route.test.ts > GET /api/streak > font parameter sanitization > uses the default font when font param is an empty string
[32m[INFO][0m Streak request completed {"source":"streak","user":"octocat","view":"default","format":"svg","status":200,"durationMs":1,"requestId":"9297456d-f2b6-47da-aa57-b24f87bed226"}

stdout | app/api/streak/route.test.ts > GET /api/streak > font parameter sanitization > uses the default font when font param is whitespace only
[32m[INFO][0m Incoming streak request {"source":"streak","user":"octocat","view":"default","requestId":"197ab978-67ae-4aed-9913-9f9dbc222b90"}

stdout | app/api/streak/route.test.ts > GET /api/streak > font parameter sanitization > uses the default font when font param is whitespace only
[32m[INFO][0m Streak request completed {"source":"streak","user":"octocat","view":"default","format":"svg","status":200,"durationMs":2,"requestId":"197ab978-67ae-4aed-9913-9f9dbc222b90"}

stdout | app/api/streak/route.test.ts > GET /api/streak > font parameter sanitization > passes a valid predefined font name through to the SVG
[32m[INFO][0m Incoming streak request {"source":"streak","user":"octocat","view":"default","requestId":"0324e7b7-3966-48d2-88db-8e1146e8a915"}

stdout | app/api/streak/route.test.ts > GET /api/streak > font parameter sanitization > passes a valid predefined font name through to the SVG
[32m[INFO][0m Streak request completed {"source":"streak","user":"octocat","view":"default","format":"svg","status":200,"durationMs":1,"requestId":"0324e7b7-3966-48d2-88db-8e1146e8a915"}

stdout | app/api/streak/route.test.ts > GET /api/streak > font parameter sanitization > passes a valid custom font name through and emits a Google Fonts import
[32m[INFO][0m Incoming streak request {"source":"streak","user":"octocat","view":"default","requestId":"093dc515-6c5f-4f23-a9d9-89d6f2ff5c4c"}

stdout | app/api/streak/route.test.ts > GET /api/streak > font parameter sanitization > passes a valid custom font name through and emits a Google Fonts import
[32m[INFO][0m Streak request completed {"source":"streak","user":"octocat","view":"default","format":"svg","status":200,"durationMs":1,"requestId":"093dc515-6c5f-4f23-a9d9-89d6f2ff5c4c"}

stdout | app/api/streak/route.test.ts > GET /api/streak > font parameter sanitization > encodes spaces in multi-word font names as "+" in the Google Fonts URL
[32m[INFO][0m Incoming streak request {"source":"streak","user":"octocat","view":"default","requestId":"e3d0017f-adf9-461a-aa0e-3db45f3c4583"}

stdout | app/api/streak/route.test.ts > GET /api/streak > font parameter sanitization > encodes spaces in multi-word font names as "+" in the Google Fonts URL
[32m[INFO][0m Streak request completed {"source":"streak","user":"octocat","view":"default","format":"svg","status":200,"durationMs":2,"requestId":"e3d0017f-adf9-461a-aa0e-3db45f3c4583"}

stdout | app/api/streak/route.test.ts > GET /api/streak > font parameter sanitization > falls back to the default font when font contains only special characters
[32m[INFO][0m Incoming streak request {"source":"streak","user":"octocat","view":"default","requestId":"76997f11-4d94-4040-91a3-4ca6f3b71076"}

stdout | app/api/streak/route.test.ts > GET /api/streak > font parameter sanitization > falls back to the default font when font contains only special characters
[32m[INFO][0m Streak request completed {"source":"streak","user":"octocat","view":"default","format":"svg","status":200,"durationMs":2,"requestId":"76997f11-4d94-4040-91a3-4ca6f3b71076"}

stdout | app/api/streak/route.test.ts > GET /api/streak > font parameter sanitization > strips dangerous characters from a font name containing a double-quote
[32m[INFO][0m Incoming streak request {"source":"streak","user":"octocat","view":"default","requestId":"96241946-0d2b-4b08-bebe-ce0b151a0ad1"}

stdout | app/api/streak/route.test.ts > GET /api/streak > font parameter sanitization > strips dangerous characters from a font name containing a double-quote
[32m[INFO][0m Streak request completed {"source":"streak","user":"octocat","view":"default","format":"svg","status":200,"durationMs":2,"requestId":"96241946-0d2b-4b08-bebe-ce0b151a0ad1"}

stdout | app/api/streak/route.test.ts > GET /api/streak > font parameter sanitization > rejects a font name containing a semicolon (CSS injection attempt)
[32m[INFO][0m Incoming streak request {"source":"streak","user":"octocat","view":"default","requestId":"2c6fd053-fe3c-47ab-9eff-230a73140f8f"}

stdout | app/api/streak/route.test.ts > GET /api/streak > font parameter sanitization > rejects a font name containing a semicolon (CSS injection attempt)
[32m[INFO][0m Streak request completed {"source":"streak","user":"octocat","view":"default","format":"svg","status":200,"durationMs":3,"requestId":"2c6fd053-fe3c-47ab-9eff-230a73140f8f"}

stdout | app/api/streak/route.test.ts > GET /api/streak > font parameter sanitization > strips special characters from a URL-like font name (path traversal / injection attempt)
[32m[INFO][0m Incoming streak request {"source":"streak","user":"octocat","view":"default","requestId":"d0dd86a8-d157-4cf7-a8ab-888dedd4322c"}

stdout | app/api/streak/route.test.ts > GET /api/streak > font parameter sanitization > strips special characters from a URL-like font name (path traversal / injection attempt)
[32m[INFO][0m Streak request completed {"source":"streak","user":"octocat","view":"default","format":"svg","status":200,"durationMs":4,"requestId":"d0dd86a8-d157-4cf7-a8ab-888dedd4322c"}

stdout | app/api/streak/route.test.ts > GET /api/streak > font parameter sanitization > rejects a font name containing a script tag (XSS attempt)
[32m[INFO][0m Incoming streak request {"source":"streak","user":"octocat","view":"default","requestId":"4c28d2ad-07d0-4ce0-b18e-013f147d74c3"}

stdout | app/api/streak/route.test.ts > GET /api/streak > font parameter sanitization > rejects a font name containing a script tag (XSS attempt)
[32m[INFO][0m Streak request completed {"source":"streak","user":"octocat","view":"default","format":"svg","status":200,"durationMs":2,"requestId":"4c28d2ad-07d0-4ce0-b18e-013f147d74c3"}

stdout | app/api/streak/route.test.ts > GET /api/streak > font parameter sanitization > does not emit a Google Fonts import when a predefined font is used
[32m[INFO][0m Incoming streak request {"source":"streak","user":"octocat","view":"default","requestId":"e8d11d03-59c9-451a-9f30-e40f19204299"}

stdout | app/api/streak/route.test.ts > GET /api/streak > font parameter sanitization > does not emit a Google Fonts import when a predefined font is used
[32m[INFO][0m Streak request completed {"source":"streak","user":"octocat","view":"default","format":"svg","status":200,"durationMs":3,"requestId":"e8d11d03-59c9-451a-9f30-e40f19204299"}

stdout | app/api/streak/route.test.ts > GET /api/streak > font parameter sanitization > returns 200 and a valid SVG even when an extreme font value is supplied
[32m[INFO][0m Incoming streak request {"source":"streak","user":"octocat","view":"default","requestId":"40b2497c-35ae-41fb-9654-d59fa17f02af"}

stdout | app/api/streak/route.test.ts > GET /api/streak > font parameter sanitization > returns 200 and a valid SVG even when an extreme font value is supplied
[32m[INFO][0m Streak request completed {"source":"streak","user":"octocat","view":"default","format":"svg","status":200,"durationMs":2,"requestId":"40b2497c-35ae-41fb-9654-d59fa17f02af"}

stdout | app/api/streak/route.test.ts > GET /api/streak > font parameter sanitization > passes custom font name and emits Google Fonts import under theme=auto
[32m[INFO][0m Incoming streak request {"source":"streak","user":"octocat","view":"default","requestId":"1377224e-1f3f-48e5-aacf-8218543e9143"}

stdout | app/api/streak/route.test.ts > GET /api/streak > font parameter sanitization > passes custom font name and emits Google Fonts import under theme=auto
[32m[INFO][0m Streak request completed {"source":"streak","user":"octocat","view":"default","format":"svg","status":200,"durationMs":3,"requestId":"1377224e-1f3f-48e5-aacf-8218543e9143"}

stdout | app/api/streak/route.test.ts > GET /api/streak > font parameter sanitization > route-level: ?font=jetbrains returns SVG containing JetBrains Mono
[32m[INFO][0m Incoming streak request {"source":"streak","user":"octocat","view":"default","requestId":"d300fa7e-8160-4d39-8d60-8482adca1d4d"}

stdout | app/api/streak/route.test.ts > GET /api/streak > font parameter sanitization > route-level: ?font=jetbrains returns SVG containing JetBrains Mono
[32m[INFO][0m Streak request completed {"source":"streak","user":"octocat","view":"default","format":"svg","status":200,"durationMs":2,"requestId":"d300fa7e-8160-4d39-8d60-8482adca1d4d"}

stdout | app/api/streak/route.test.ts > GET /api/streak > font parameter sanitization > route-level: ?font=Inter returns SVG containing Google Fonts import URL
[32m[INFO][0m Incoming streak request {"source":"streak","user":"octocat","view":"default","requestId":"fb3dee8e-cb3f-492d-8c38-b3a8837eec20"}

stdout | app/api/streak/route.test.ts > GET /api/streak > font parameter sanitization > route-level: ?font=Inter returns SVG containing Google Fonts import URL
[32m[INFO][0m Streak request completed {"source":"streak","user":"octocat","view":"default","format":"svg","status":200,"durationMs":3,"requestId":"fb3dee8e-cb3f-492d-8c38-b3a8837eec20"}

stdout | app/api/streak/route.test.ts > GET /api/streak > font parameter sanitization > route-level: empty ?font falls back to default font
[32m[INFO][0m Incoming streak request {"source":"streak","user":"octocat","view":"default","requestId":"dc6dcd96-80fc-4c2b-bc17-12cd7dad35b9"}

stdout | app/api/streak/route.test.ts > GET /api/streak > font parameter sanitization > route-level: empty ?font falls back to default font
[32m[INFO][0m Streak request completed {"source":"streak","user":"octocat","view":"default","format":"svg","status":200,"durationMs":1,"requestId":"dc6dcd96-80fc-4c2b-bc17-12cd7dad35b9"}

stdout | app/api/streak/route.test.ts > GET /api/streak > stale-while-revalidate cache header > contains stale-while-revalidate=59 for normal request
[32m[INFO][0m Incoming streak request {"source":"streak","user":"octocat","view":"default","requestId":"d88f53cc-2f1b-4670-99c1-54a39141fb8f"}

stdout | app/api/streak/route.test.ts > GET /api/streak > stale-while-revalidate cache header > contains stale-while-revalidate=59 for normal request
[32m[INFO][0m Streak request completed {"source":"streak","user":"octocat","view":"default","format":"svg","status":200,"durationMs":5,"requestId":"d88f53cc-2f1b-4670-99c1-54a39141fb8f"}

stdout | app/api/streak/route.test.ts > GET /api/streak > stale-while-revalidate cache header > does NOT contain stale-while-revalidate when ?refresh=true
[32m[INFO][0m Incoming streak request {"source":"streak","user":"octocat","view":"default","requestId":"8b01001a-23df-4efc-8b17-24593f024561"}

stdout | app/api/streak/route.test.ts > GET /api/streak > stale-while-revalidate cache header > does NOT contain stale-while-revalidate when ?refresh=true
[32m[INFO][0m Streak request completed {"source":"streak","user":"octocat","view":"default","format":"svg","status":200,"durationMs":1,"requestId":"8b01001a-23df-4efc-8b17-24593f024561"}

stdout | app/api/streak/route.test.ts > GET /api/streak > falls back to commits mode when ?mode=unknown is given
[32m[INFO][0m Incoming streak request {"source":"streak","user":"octocat","view":"default","requestId":"0c45f276-e9ec-4410-ac03-552e0d246e8e"}

stdout | app/api/streak/route.test.ts > GET /api/streak > falls back to commits mode when ?mode=unknown is given
[32m[INFO][0m Streak request completed {"source":"streak","user":"octocat","view":"default","format":"svg","status":200,"durationMs":1,"requestId":"0c45f276-e9ec-4410-ac03-552e0d246e8e"}

stdout | app/api/streak/route.test.ts > GET /api/streak > org parameter validation > returns 400 when org parameter is a User instead of an Organization
[32m[INFO][0m Incoming streak request {"source":"streak","user":"octocat","view":"default","requestId":"f72e3134-75a8-4e6e-864e-3a3c0569a788"}

stdout | app/api/streak/route.test.ts > GET /api/streak > org parameter validation > returns 400 when org parameter is a User instead of an Organization
[32m[INFO][0m Streak request completed {"source":"streak","user":"octocat","view":"default","format":"svg","status":200,"durationMs":7,"requestId":"f72e3134-75a8-4e6e-864e-3a3c0569a788"}

stdout | app/api/streak/route.test.ts > GET /api/streak > multi-user skyline merges > fetches calendars concurrently, aggregates them, and overrides the title in the SVG
[32m[INFO][0m Incoming streak request {"source":"streak","user":"a, b","view":"default","requestId":"a63f5340-72fb-4c78-aaf8-116729279a61"}

stdout | app/api/streak/route.test.ts > GET /api/streak > multi-user skyline merges > fetches calendars concurrently, aggregates them, and overrides the title in the SVG
[32m[INFO][0m Streak request completed {"source":"streak","user":"a, b","view":"default","format":"svg","status":200,"durationMs":9,"requestId":"a63f5340-72fb-4c78-aaf8-116729279a61"}

stdout | app/api/streak/route.test.ts > GET /api/streak > multi-user skyline merges > gracefully handles partial fetch failures by filtering out failed calendars
[32m[INFO][0m Incoming streak request {"source":"streak","user":"a, b","view":"default","requestId":"2594048f-ce90-4586-a6e9-8f976f82cca5"}

stdout | app/api/streak/route.test.ts > GET /api/streak > multi-user skyline merges > gracefully handles partial fetch failures by filtering out failed calendars
[32m[INFO][0m Streak request completed {"source":"streak","user":"a, b","view":"default","format":"svg","status":200,"durationMs":7,"requestId":"2594048f-ce90-4586-a6e9-8f976f82cca5"}

stdout | app/api/streak/route.test.ts > GET /api/streak > multi-user skyline merges > returns a 404/error response when all users in the list fail to load
[32m[INFO][0m Incoming streak request {"source":"streak","user":"a, b","view":"default","requestId":"f4321657-7ad0-4db3-b734-d53bc6a1a4f4"}

stdout | app/api/streak/route.test.ts > GET /api/streak > multi-user skyline merges > returns a 404/error response when all users in the list fail to load
[32m[INFO][0m Streak request completed {"source":"streak","user":"a, b","view":"default","format":"svg","status":200,"durationMs":0,"requestId":"f4321657-7ad0-4db3-b734-d53bc6a1a4f4"}

stdout | app/api/streak/route.test.ts > GET /api/streak > multi-user skyline merges > rejects requests with more than 7 users with a 400 Bad Request
[32m[INFO][0m Incoming streak request {"source":"streak","user":"a, b, c, d, e, f, g, h","view":"default","requestId":"bf3faa7e-a528-4850-9380-bb9620f928ef"}
[32m[INFO][0m Streak request completed {"source":"streak","user":"a, b, c, d, e, f, g, h","view":"default","format":"svg","status":200,"durationMs":1,"requestId":"bf3faa7e-a528-4850-9380-bb9620f928ef"}

stdout | app/api/streak/route.test.ts > GET /api/streak > grace parameter boundary validation > returns 200 and accepts grace=0 (minimum boundary)
[32m[INFO][0m Incoming streak request {"source":"streak","user":"octocat","view":"default","requestId":"b1b54f70-b833-46f1-b191-c8f7659ebefc"}

stdout | app/api/streak/route.test.ts > GET /api/streak > grace parameter boundary validation > returns 200 and accepts grace=0 (minimum boundary)
[32m[INFO][0m Streak request completed {"source":"streak","user":"octocat","view":"default","format":"svg","status":200,"durationMs":1,"requestId":"b1b54f70-b833-46f1-b191-c8f7659ebefc"}

stdout | app/api/streak/route.test.ts > GET /api/streak > grace parameter boundary validation > returns 200 and accepts grace=7 (maximum boundary)
[32m[INFO][0m Incoming streak request {"source":"streak","user":"octocat","view":"default","requestId":"1bf26d54-09cc-4040-ac33-f14750638563"}

stdout | app/api/streak/route.test.ts > GET /api/streak > grace parameter boundary validation > returns 200 and accepts grace=7 (maximum boundary)
[32m[INFO][0m Streak request completed {"source":"streak","user":"octocat","view":"default","format":"svg","status":200,"durationMs":1,"requestId":"1bf26d54-09cc-4040-ac33-f14750638563"}

stdout | app/api/streak/route.test.ts > GET /api/streak > grace parameter boundary validation > clamps grace=8 to 7
[32m[INFO][0m Incoming streak request {"source":"streak","user":"octocat","view":"default","requestId":"b53257e3-a12a-4d3d-886f-f888e2ff1eab"}

stdout | app/api/streak/route.test.ts > GET /api/streak > grace parameter boundary validation > clamps grace=8 to 7
[32m[INFO][0m Streak request completed {"source":"streak","user":"octocat","view":"default","format":"svg","status":200,"durationMs":4,"requestId":"b53257e3-a12a-4d3d-886f-f888e2ff1eab"}

stdout | app/api/streak/route.test.ts > GET /api/streak > grace parameter boundary validation > clamps grace=999 to 7
[32m[INFO][0m Incoming streak request {"source":"streak","user":"octocat","view":"default","requestId":"86bd2b6d-522b-444a-b1cf-66e24553848e"}

stdout | app/api/streak/route.test.ts > GET /api/streak > grace parameter boundary validation > clamps grace=999 to 7
[32m[INFO][0m Streak request completed {"source":"streak","user":"octocat","view":"default","format":"svg","status":200,"durationMs":1,"requestId":"86bd2b6d-522b-444a-b1cf-66e24553848e"}

stdout | app/api/streak/route.test.ts > GET /api/streak > grace parameter boundary validation > clamps grace=-1 to 0
[32m[INFO][0m Incoming streak request {"source":"streak","user":"octocat","view":"default","requestId":"a01a14ea-32d7-41cd-ab06-b48fe7993c66"}

stdout | app/api/streak/route.test.ts > GET /api/streak > grace parameter boundary validation > clamps grace=-1 to 0
[32m[INFO][0m Streak request completed {"source":"streak","user":"octocat","view":"default","format":"svg","status":200,"durationMs":0,"requestId":"a01a14ea-32d7-41cd-ab06-b48fe7993c66"}

stdout | app/api/streak/route.test.ts > GET /api/streak > grace parameter boundary validation > clamps grace=-99 to 0
[32m[INFO][0m Incoming streak request {"source":"streak","user":"octocat","view":"default","requestId":"86e47b02-26cd-4998-b5d5-a8b533b01f5c"}

stdout | app/api/streak/route.test.ts > GET /api/streak > grace parameter boundary validation > clamps grace=-99 to 0
[32m[INFO][0m Streak request completed {"source":"streak","user":"octocat","view":"default","format":"svg","status":200,"durationMs":1,"requestId":"86e47b02-26cd-4998-b5d5-a8b533b01f5c"}

stdout | app/api/streak/route.test.ts > GET /api/streak > grace parameter boundary validation > falls back to 1 for non-numeric grace
[32m[INFO][0m Incoming streak request {"source":"streak","user":"octocat","view":"default","requestId":"04b7aa91-492b-4fca-bd7f-d823d0163e6b"}

stdout | app/api/streak/route.test.ts > GET /api/streak > grace parameter boundary validation > falls back to 1 for non-numeric grace
[32m[INFO][0m Streak request completed {"source":"streak","user":"octocat","view":"default","format":"svg","status":200,"durationMs":2,"requestId":"04b7aa91-492b-4fca-bd7f-d823d0163e6b"}

stdout | app/api/streak/route.test.ts > GET /api/streak > grace parameter boundary validation > falls back to 1 for float grace value
[32m[INFO][0m Incoming streak request {"source":"streak","user":"octocat","view":"default","requestId":"d852bcff-2d34-407a-984d-af2253efe233"}

stdout | app/api/streak/route.test.ts > GET /api/streak > grace parameter boundary validation > falls back to 1 for float grace value
[32m[INFO][0m Streak request completed {"source":"streak","user":"octocat","view":"default","format":"svg","status":200,"durationMs":2,"requestId":"d852bcff-2d34-407a-984d-af2253efe233"}

stdout | app/api/streak/route.test.ts > GET /api/streak > grace parameter boundary validation > falls back to 1 for grace with special characters
[32m[INFO][0m Incoming streak request {"source":"streak","user":"octocat","view":"default","requestId":"b2b814c2-08af-435e-a4aa-9bc91b268dcb"}

stdout | app/api/streak/route.test.ts > GET /api/streak > grace parameter boundary validation > falls back to 1 for grace with special characters
[32m[INFO][0m Streak request completed {"source":"streak","user":"octocat","view":"default","format":"svg","status":200,"durationMs":3,"requestId":"b2b814c2-08af-435e-a4aa-9bc91b268dcb"}

stdout | app/api/streak/route.test.ts > GET /api/streak > opacity parameter boundary validation > returns 200 and accepts opacity=0.1 (minimum boundary)
[32m[INFO][0m Incoming streak request {"source":"streak","user":"octocat","view":"default","requestId":"654ed6c7-3454-4e7b-b4bf-1033bd11d930"}

stdout | app/api/streak/route.test.ts > GET /api/streak > opacity parameter boundary validation > returns 200 and accepts opacity=0.1 (minimum boundary)
[32m[INFO][0m Streak request completed {"source":"streak","user":"octocat","view":"default","format":"svg","status":200,"durationMs":2,"requestId":"654ed6c7-3454-4e7b-b4bf-1033bd11d930"}

stdout | app/api/streak/route.test.ts > GET /api/streak > opacity parameter boundary validation > returns 200 and accepts opacity=1.0 (maximum boundary)
[32m[INFO][0m Incoming streak request {"source":"streak","user":"octocat","view":"default","requestId":"0075423b-cf3c-4c64-b8f1-ebfd8ace1504"}

stdout | app/api/streak/route.test.ts > GET /api/streak > opacity parameter boundary validation > returns 200 and accepts opacity=1.0 (maximum boundary)
[32m[INFO][0m Streak request completed {"source":"streak","user":"octocat","view":"default","format":"svg","status":200,"durationMs":1,"requestId":"0075423b-cf3c-4c64-b8f1-ebfd8ace1504"}

stdout | app/api/streak/route.test.ts > GET /api/streak > opacity parameter boundary validation > returns 200 with clamped opacity when opacity is 0.0 (below minimum)
[32m[INFO][0m Incoming streak request {"source":"streak","user":"octocat","view":"default","requestId":"4d4a1704-6654-475b-8aad-40d0ddc142ec"}

stdout | app/api/streak/route.test.ts > GET /api/streak > opacity parameter boundary validation > returns 200 with clamped opacity when opacity is 0.0 (below minimum)
[32m[INFO][0m Streak request completed {"source":"streak","user":"octocat","view":"default","format":"svg","status":200,"durationMs":14,"requestId":"4d4a1704-6654-475b-8aad-40d0ddc142ec"}

stdout | app/api/streak/route.test.ts > GET /api/streak > opacity parameter boundary validation > returns 200 with clamped opacity when opacity is negative (-0.5)
[32m[INFO][0m Incoming streak request {"source":"streak","user":"octocat","view":"default","requestId":"1771e5ad-dbfa-4fd9-8bc5-ab390da508e3"}

stdout | app/api/streak/route.test.ts > GET /api/streak > opacity parameter boundary validation > returns 200 with clamped opacity when opacity is negative (-0.5)
[32m[INFO][0m Streak request completed {"source":"streak","user":"octocat","view":"default","format":"svg","status":200,"durationMs":1,"requestId":"1771e5ad-dbfa-4fd9-8bc5-ab390da508e3"}

stdout | app/api/streak/route.test.ts > GET /api/streak > opacity parameter boundary validation > returns 200 with clamped opacity when opacity exceeds max (1.5)
[32m[INFO][0m Incoming streak request {"source":"streak","user":"octocat","view":"default","requestId":"a275ff34-0fea-4517-bdd5-fd1dbeac4a59"}

stdout | app/api/streak/route.test.ts > GET /api/streak > opacity parameter boundary validation > returns 200 with clamped opacity when opacity exceeds max (1.5)
[32m[INFO][0m Streak request completed {"source":"streak","user":"octocat","view":"default","format":"svg","status":200,"durationMs":1,"requestId":"a275ff34-0fea-4517-bdd5-fd1dbeac4a59"}

stdout | app/api/streak/route.test.ts > GET /api/streak > opacity parameter boundary validation > returns 200 with clamped opacity when opacity far exceeds max (99.0)
[32m[INFO][0m Incoming streak request {"source":"streak","user":"octocat","view":"default","requestId":"157623d7-3850-4ad1-b094-a20ce2599db0"}

stdout | app/api/streak/route.test.ts > GET /api/streak > opacity parameter boundary validation > returns 200 with clamped opacity when opacity far exceeds max (99.0)
[32m[INFO][0m Streak request completed {"source":"streak","user":"octocat","view":"default","format":"svg","status":200,"durationMs":1,"requestId":"157623d7-3850-4ad1-b094-a20ce2599db0"}

stdout | app/api/streak/route.test.ts > GET /api/streak > opacity parameter boundary validation > returns 200 and defaults to opacity=1.0 when opacity is empty string
[32m[INFO][0m Incoming streak request {"source":"streak","user":"octocat","view":"default","requestId":"f62bbae8-6630-4bb9-bc4c-0dbb5e8d2c89"}

stdout | app/api/streak/route.test.ts > GET /api/streak > opacity parameter boundary validation > returns 200 and defaults to opacity=1.0 when opacity is empty string
[32m[INFO][0m Streak request completed {"source":"streak","user":"octocat","view":"default","format":"svg","status":200,"durationMs":2,"requestId":"f62bbae8-6630-4bb9-bc4c-0dbb5e8d2c89"}

stdout | app/api/streak/route.test.ts > GET /api/streak > opacity parameter boundary validation > returns 200 and defaults to opacity=1.0 when opacity is non-numeric
[32m[INFO][0m Incoming streak request {"source":"streak","user":"octocat","view":"default","requestId":"168fdc2d-3dab-408d-a9fb-ae63b644bef3"}

stdout | app/api/streak/route.test.ts > GET /api/streak > opacity parameter boundary validation > returns 200 and defaults to opacity=1.0 when opacity is non-numeric
[32m[INFO][0m Streak request completed {"source":"streak","user":"octocat","view":"default","format":"svg","status":200,"durationMs":1,"requestId":"168fdc2d-3dab-408d-a9fb-ae63b644bef3"}

stdout | app/api/streak/route.test.ts > GET /api/streak > opacity parameter boundary validation > returns 200 when opacity contains only whitespace
[32m[INFO][0m Incoming streak request {"source":"streak","user":"octocat","view":"default","requestId":"4b2120d3-25b7-4dbe-89b4-3db69f613faf"}

stdout | app/api/streak/route.test.ts > GET /api/streak > opacity parameter boundary validation > returns 200 when opacity contains only whitespace
[32m[INFO][0m Streak request completed {"source":"streak","user":"octocat","view":"default","format":"svg","status":200,"durationMs":1,"requestId":"4b2120d3-25b7-4dbe-89b4-3db69f613faf"}

stdout | app/api/streak/route.test.ts > GET /api/streak > opacity parameter boundary validation > returns 200 with clamped opacity for very small positive value (0.01)
[32m[INFO][0m Incoming streak request {"source":"streak","user":"octocat","view":"default","requestId":"4443a8f2-fd86-4249-a9ac-dd1aeb39f782"}

stdout | app/api/streak/route.test.ts > GET /api/streak > opacity parameter boundary validation > returns 200 with clamped opacity for very small positive value (0.01)
[32m[INFO][0m Streak request completed {"source":"streak","user":"octocat","view":"default","format":"svg","status":200,"durationMs":1,"requestId":"4443a8f2-fd86-4249-a9ac-dd1aeb39f782"}

stdout | app/api/streak/route.test.ts > GET /api/streak > opacity parameter boundary validation > returns 200 with clamped opacity for edge case between min and just below (0.09)
[32m[INFO][0m Incoming streak request {"source":"streak","user":"octocat","view":"default","requestId":"b2e65639-79ec-41f4-a4c6-3650ed9c117f"}

stdout | app/api/streak/route.test.ts > GET /api/streak > opacity parameter boundary validation > returns 200 with clamped opacity for edge case between min and just below (0.09)
[32m[INFO][0m Streak request completed {"source":"streak","user":"octocat","view":"default","format":"svg","status":200,"durationMs":1,"requestId":"b2e65639-79ec-41f4-a4c6-3650ed9c117f"}

stdout | app/api/streak/route.test.ts > GET /api/streak > opacity parameter boundary validation > returns 200 for various valid opacity values in acceptable range
[32m[INFO][0m Incoming streak request {"source":"streak","user":"octocat","view":"default","requestId":"f25dfe4d-78da-4e82-855c-7a6f3017ce4d"}

stdout | app/api/streak/route.test.ts > GET /api/streak > opacity parameter boundary validation > returns 200 for various valid opacity values in acceptable range
[32m[INFO][0m Streak request completed {"source":"streak","user":"octocat","view":"default","format":"svg","status":200,"durationMs":1,"requestId":"f25dfe4d-78da-4e82-855c-7a6f3017ce4d"}

stdout | app/api/streak/route.test.ts > GET /api/streak > opacity parameter boundary validation > returns 200 for various valid opacity values in acceptable range
[32m[INFO][0m Incoming streak request {"source":"streak","user":"octocat","view":"default","requestId":"6eeba402-f8ca-4b0a-895f-bef30e91ed71"}

stdout | app/api/streak/route.test.ts > GET /api/streak > opacity parameter boundary validation > returns 200 for various valid opacity values in acceptable range
[32m[INFO][0m Streak request completed {"source":"streak","user":"octocat","view":"default","format":"svg","status":200,"durationMs":1,"requestId":"6eeba402-f8ca-4b0a-895f-bef30e91ed71"}

stdout | app/api/streak/route.test.ts > GET /api/streak > opacity parameter boundary validation > returns 200 for various valid opacity values in acceptable range
[32m[INFO][0m Incoming streak request {"source":"streak","user":"octocat","view":"default","requestId":"9a5c89db-3c38-4aab-9918-731a8476d4c5"}

stdout | app/api/streak/route.test.ts > GET /api/streak > opacity parameter boundary validation > returns 200 for various valid opacity values in acceptable range
[32m[INFO][0m Streak request completed {"source":"streak","user":"octocat","view":"default","format":"svg","status":200,"durationMs":1,"requestId":"9a5c89db-3c38-4aab-9918-731a8476d4c5"}

stdout | app/api/streak/route.test.ts > GET /api/streak > opacity parameter boundary validation > returns 200 for various valid opacity values in acceptable range
[32m[INFO][0m Incoming streak request {"source":"streak","user":"octocat","view":"default","requestId":"665f747d-fec7-4b71-813d-c5c6524b4ada"}

stdout | app/api/streak/route.test.ts > GET /api/streak > opacity parameter boundary validation > returns 200 for various valid opacity values in acceptable range
[32m[INFO][0m Streak request completed {"source":"streak","user":"octocat","view":"default","format":"svg","status":200,"durationMs":2,"requestId":"665f747d-fec7-4b71-813d-c5c6524b4ada"}

stdout | app/api/streak/route.test.ts > GET /api/streak > opacity parameter boundary validation > returns 200 for various valid opacity values in acceptable range
[32m[INFO][0m Incoming streak request {"source":"streak","user":"octocat","view":"default","requestId":"14950894-a2c4-4370-b725-51e388c3857d"}

stdout | app/api/streak/route.test.ts > GET /api/streak > opacity parameter boundary validation > returns 200 for various valid opacity values in acceptable range
[32m[INFO][0m Streak request completed {"source":"streak","user":"octocat","view":"default","format":"svg","status":200,"durationMs":3,"requestId":"14950894-a2c4-4370-b725-51e388c3857d"}

stdout | app/api/streak/route.test.ts > GET /api/streak > opacity parameter boundary validation > returns 200 for various valid opacity values in acceptable range
[32m[INFO][0m Incoming streak request {"source":"streak","user":"octocat","view":"default","requestId":"6a14459a-b93e-481b-b53f-67fb561289b7"}

stdout | app/api/streak/route.test.ts > GET /api/streak > opacity parameter boundary validation > returns 200 for various valid opacity values in acceptable range
[32m[INFO][0m Streak request completed {"source":"streak","user":"octocat","view":"default","format":"svg","status":200,"durationMs":1,"requestId":"6a14459a-b93e-481b-b53f-67fb561289b7"}

stdout | app/api/streak/route.test.ts > GET /api/streak > opacity parameter boundary validation > returns 200 when opacity is scientific notation string (ignored)
[32m[INFO][0m Incoming streak request {"source":"streak","user":"octocat","view":"default","requestId":"cdc7b5bd-6bc8-4170-9228-79aa4903e4bb"}

stdout | app/api/streak/route.test.ts > GET /api/streak > opacity parameter boundary validation > returns 200 when opacity is scientific notation string (ignored)
[32m[INFO][0m Streak request completed {"source":"streak","user":"octocat","view":"default","format":"svg","status":200,"durationMs":1,"requestId":"cdc7b5bd-6bc8-4170-9228-79aa4903e4bb"}

stdout | app/api/streak/route.test.ts > GET /api/streak > opacity parameter boundary validation > returns 200 when opacity contains special characters mixed with numbers
[32m[INFO][0m Incoming streak request {"source":"streak","user":"octocat","view":"default","requestId":"5ef22c6f-1c41-49d7-96b2-1b858244aa07"}

stdout | app/api/streak/route.test.ts > GET /api/streak > opacity parameter boundary validation > returns 200 when opacity contains special characters mixed with numbers
[32m[INFO][0m Streak request completed {"source":"streak","user":"octocat","view":"default","format":"svg","status":200,"durationMs":1,"requestId":"5ef22c6f-1c41-49d7-96b2-1b858244aa07"}

stdout | app/api/streak/route.test.ts > GET /api/streak > combined grace and opacity boundary validation > returns 200 with both grace and opacity at minimum boundaries
[32m[INFO][0m Incoming streak request {"source":"streak","user":"octocat","view":"default","requestId":"5336d8a6-6075-407a-bfda-60970da28d63"}

stdout | app/api/streak/route.test.ts > GET /api/streak > combined grace and opacity boundary validation > returns 200 with both grace and opacity at minimum boundaries
[32m[INFO][0m Streak request completed {"source":"streak","user":"octocat","view":"default","format":"svg","status":200,"durationMs":2,"requestId":"5336d8a6-6075-407a-bfda-60970da28d63"}

stdout | app/api/streak/route.test.ts > GET /api/streak > combined grace and opacity boundary validation > returns 200 with both grace and opacity at maximum boundaries
[32m[INFO][0m Incoming streak request {"source":"streak","user":"octocat","view":"default","requestId":"5dc6d8fa-43b5-4d4a-84c7-f3439a08109d"}

stdout | app/api/streak/route.test.ts > GET /api/streak > combined grace and opacity boundary validation > returns 200 with both grace and opacity at maximum boundaries
[32m[INFO][0m Streak request completed {"source":"streak","user":"octocat","view":"default","format":"svg","status":200,"durationMs":1,"requestId":"5dc6d8fa-43b5-4d4a-84c7-f3439a08109d"}

stdout | app/api/streak/route.test.ts > GET /api/streak > combined grace and opacity boundary validation > clamps both grace and opacity when both exceed max
[32m[INFO][0m Incoming streak request {"source":"streak","user":"octocat","view":"default","requestId":"f7aec8af-6d14-47f0-8d80-c1715dbc9e5d"}

stdout | app/api/streak/route.test.ts > GET /api/streak > combined grace and opacity boundary validation > clamps both grace and opacity when both exceed max
[32m[INFO][0m Streak request completed {"source":"streak","user":"octocat","view":"default","format":"svg","status":200,"durationMs":1,"requestId":"f7aec8af-6d14-47f0-8d80-c1715dbc9e5d"}

stdout | app/api/streak/route.test.ts > GET /api/streak > combined grace and opacity boundary validation > falls back grace to 1 when invalid, returns 200 with valid opacity
[32m[INFO][0m Incoming streak request {"source":"streak","user":"octocat","view":"default","requestId":"f4a4fec0-f899-4775-bb15-6a60ac1e28d0"}

stdout | app/api/streak/route.test.ts > GET /api/streak > combined grace and opacity boundary validation > falls back grace to 1 when invalid, returns 200 with valid opacity
[32m[INFO][0m Streak request completed {"source":"streak","user":"octocat","view":"default","format":"svg","status":200,"durationMs":2,"requestId":"f4a4fec0-f899-4775-bb15-6a60ac1e28d0"}

stdout | app/api/streak/route.test.ts > GET /api/streak > combined grace and opacity boundary validation > returns 200 when grace is valid but opacity is invalid (defaults)
[32m[INFO][0m Incoming streak request {"source":"streak","user":"octocat","view":"default","requestId":"24e695e4-18c0-41bc-a37b-44e738f20688"}

stdout | app/api/streak/route.test.ts > GET /api/streak > combined grace and opacity boundary validation > returns 200 when grace is valid but opacity is invalid (defaults)
[32m[INFO][0m Streak request completed {"source":"streak","user":"octocat","view":"default","format":"svg","status":200,"durationMs":1,"requestId":"24e695e4-18c0-41bc-a37b-44e738f20688"}

stdout | app/api/streak/route.test.ts > GET /api/streak > date parameter validation (Variation 2) > returns 400 Bad Request when ?date= is "2026-15-40" (malformed ISO 8601)
[32m[INFO][0m Incoming streak request {"source":"streak","requestId":"5119779a-f4b8-43a5-9cb7-caf8c5093f10"}

stdout | app/api/streak/route.test.ts > GET /api/streak > date parameter validation (Variation 2) > returns a structured error body containing 'Invalid "date" format' for "2026-15-40"
[32m[INFO][0m Incoming streak request {"source":"streak","requestId":"28b65de0-fe19-4e8e-8181-333dd94432ce"}

stdout | app/api/streak/route.test.ts > GET /api/streak > date parameter validation (Variation 2) > does not call fetchGitHubContributions when ?date= is malformed
[32m[INFO][0m Incoming streak request {"source":"streak","requestId":"fc0bde59-000a-4708-8476-12b1b985d7c1"}

stdout | app/api/streak/route.test.ts > GET /api/streak > date parameter validation (Variation 2) > returns 400 for ?date= with invalid month value "2026-13-01"
[32m[INFO][0m Incoming streak request {"source":"streak","requestId":"f2fe8a99-b572-4738-8eee-2b9b695d85d4"}

stdout | app/api/streak/route.test.ts > GET /api/streak > date parameter validation (Variation 2) > returns 400 for a freeform string ?date=not-a-date
[32m[INFO][0m Incoming streak request {"source":"streak","requestId":"387741f1-52b6-43a6-8f34-1494778db95e"}

stdout | app/api/streak/route.test.ts > GET /api/streak > date parameter validation (Variation 2) > returns 200 for a valid ?date= in ISO 8601 format
[32m[INFO][0m Incoming streak request {"source":"streak","user":"octocat","view":"default","requestId":"0eccb463-b245-4dca-b9dd-be6bd1e212ac"}

stdout | app/api/streak/route.test.ts > GET /api/streak > date parameter validation (Variation 2) > returns 200 for a valid ?date= in ISO 8601 format
[32m[INFO][0m Streak request completed {"source":"streak","user":"octocat","view":"default","format":"svg","status":200,"durationMs":1,"requestId":"0eccb463-b245-4dca-b9dd-be6bd1e212ac"}

stdout | app/api/streak/route.test.ts > GET /api/streak > user parameter maxLength validation (Variation 5) > returns 400 Bad Request when ?user= is exactly 40 characters long
[32m[INFO][0m Incoming streak request {"source":"streak","requestId":"48ef59cd-fc4f-4b35-95a6-8d6395a3275b"}

stdout | app/api/streak/route.test.ts > GET /api/streak > user parameter maxLength validation (Variation 5) > returns an error body containing "cannot exceed 39 characters" for a 40-char username
[32m[INFO][0m Incoming streak request {"source":"streak","requestId":"9e7078d6-e011-493f-825e-39475061b176"}

stdout | app/api/streak/route.test.ts > GET /api/streak > user parameter maxLength validation (Variation 5) > does not call fetchGitHubContributions when the username exceeds 39 characters
[32m[INFO][0m Incoming streak request {"source":"streak","requestId":"370a962a-3890-41f0-8098-2e47adbcb611"}

stdout | app/api/streak/route.test.ts > GET /api/streak > user parameter maxLength validation (Variation 5) > returns 200 OK for a valid username at the 39-character boundary
[32m[INFO][0m Incoming streak request {"source":"streak","user":"aaaaaaaaaaaaaaaaaaaaaaaaaaaaaaaaaaaaaaa","view":"default","requestId":"58c0ad38-0dd4-4e6d-af1b-fbcb4d7c9f47"}

stdout | app/api/streak/route.test.ts > GET /api/streak > user parameter maxLength validation (Variation 5) > returns 200 OK for a valid username at the 39-character boundary
[32m[INFO][0m Streak request completed {"source":"streak","user":"aaaaaaaaaaaaaaaaaaaaaaaaaaaaaaaaaaaaaaa","view":"default","format":"svg","status":200,"durationMs":1,"requestId":"58c0ad38-0dd4-4e6d-af1b-fbcb4d7c9f47"}

stdout | app/api/streak/route.test.ts > GET /api/streak > user parameter maxLength validation (Variation 5) > returns 400 and fieldErrors.user with maxLength message when using NextRequest with 40-char username
[32m[INFO][0m Incoming streak request {"source":"streak","requestId":"06862b8d-dea1-4582-a8f9-6488d1270c60"}

stdout | app/api/streak/route.test.ts > GET /api/streak > minify parameter > minifies the SVG by default (minify=true)
[32m[INFO][0m Incoming streak request {"source":"streak","user":"octocat","view":"default","requestId":"ab18851a-690b-4fe4-b14d-a6f715cf73e7"}

stdout | app/api/streak/route.test.ts > GET /api/streak > minify parameter > minifies the SVG by default (minify=true)
[32m[INFO][0m Streak request completed {"source":"streak","user":"octocat","view":"default","format":"svg","status":200,"durationMs":0,"requestId":"ab18851a-690b-4fe4-b14d-a6f715cf73e7"}

stdout | app/api/streak/route.test.ts > GET /api/streak > minify parameter > minifies the SVG by default (minify=true)
[32m[INFO][0m Incoming streak request {"source":"streak","user":"octocat","view":"default","requestId":"0fc7eef8-1e05-47a5-a3b8-e7f48d5ef0cf"}

stdout | app/api/streak/route.test.ts > GET /api/streak > minify parameter > minifies the SVG by default (minify=true)
[32m[INFO][0m Streak request completed {"source":"streak","user":"octocat","view":"default","format":"svg","status":200,"durationMs":1,"requestId":"0fc7eef8-1e05-47a5-a3b8-e7f48d5ef0cf"}

stdout | app/api/streak/route.test.ts > GET /api/streak > minify parameter > does not minify the SVG when minify=false
[32m[INFO][0m Incoming streak request {"source":"streak","user":"octocat","view":"default","requestId":"5ce90f42-c7fd-47e8-b817-2870e458f84e"}

stdout | app/api/streak/route.test.ts > GET /api/streak > minify parameter > does not minify the SVG when minify=false
[32m[INFO][0m Streak request completed {"source":"streak","user":"octocat","view":"default","format":"svg","status":200,"durationMs":4,"requestId":"5ce90f42-c7fd-47e8-b817-2870e458f84e"}

stdout | app/api/streak/route.test.ts > GET /api/streak > minify parameter > does not minify the SVG when minify=false
[32m[INFO][0m Incoming streak request {"source":"streak","user":"octocat","view":"default","requestId":"ec2ca169-fc36-45bb-aa87-0a1908448594"}

stdout | app/api/streak/route.test.ts > GET /api/streak > minify parameter > does not minify the SVG when minify=false
[32m[INFO][0m Streak request completed {"source":"streak","user":"octocat","view":"default","format":"svg","status":200,"durationMs":1,"requestId":"ec2ca169-fc36-45bb-aa87-0a1908448594"}

stdout | app/api/streak/route.test.ts > GET /api/streak > validation cache > normalizes cache keys by sorting query parameters alphabetically
[32m[INFO][0m Incoming streak request {"source":"streak","user":"octocat","view":"default","requestId":"1b7f6f8c-e22e-4638-9753-b7e7aad8eda2"}

stdout | app/api/streak/route.test.ts > GET /api/streak > validation cache > normalizes cache keys by sorting query parameters alphabetically
[32m[INFO][0m Streak request completed {"source":"streak","user":"octocat","view":"default","format":"svg","status":200,"durationMs":3,"requestId":"1b7f6f8c-e22e-4638-9753-b7e7aad8eda2"}

stdout | app/api/streak/route.test.ts > GET /api/streak > validation cache > normalizes cache keys by sorting query parameters alphabetically
[32m[INFO][0m Incoming streak request {"source":"streak","user":"octocat","view":"default","requestId":"84346b21-938b-4c92-8440-09142db3a2e2"}

stdout | app/api/streak/route.test.ts > GET /api/streak > validation cache > normalizes cache keys by sorting query parameters alphabetically
[32m[INFO][0m Streak request completed {"source":"streak","user":"octocat","view":"default","format":"svg","status":200,"durationMs":1,"requestId":"84346b21-938b-4c92-8440-09142db3a2e2"}

stdout | app/api/streak/route.test.ts > GET /api/streak > validation cache > uses LRU eviction so frequently accessed entries survive
[32m[INFO][0m Incoming streak request {"source":"streak","user":"octocat","view":"default","requestId":"bbf05585-a27f-43cd-ac4b-be97ca2ee0f9"}

stdout | app/api/streak/route.test.ts > GET /api/streak > validation cache > uses LRU eviction so frequently accessed entries survive
[32m[INFO][0m Streak request completed {"source":"streak","user":"octocat","view":"default","format":"svg","status":200,"durationMs":1,"requestId":"bbf05585-a27f-43cd-ac4b-be97ca2ee0f9"}

stdout | app/api/streak/route.test.ts > GET /api/streak > validation cache > uses LRU eviction so frequently accessed entries survive
[32m[INFO][0m Incoming streak request {"source":"streak","user":"octocat","view":"default","requestId":"62b81afb-111f-46a9-8a2a-47ce775597d6"}

stdout | app/api/streak/route.test.ts > GET /api/streak > validation cache > uses LRU eviction so frequently accessed entries survive
[32m[INFO][0m Streak request completed {"source":"streak","user":"octocat","view":"default","format":"svg","status":200,"durationMs":1,"requestId":"62b81afb-111f-46a9-8a2a-47ce775597d6"}

stdout | app/api/streak/route.test.ts > GET /api/streak > validation cache > uses LRU eviction so frequently accessed entries survive
[32m[INFO][0m Incoming streak request {"source":"streak","user":"octocat","view":"default","requestId":"a50209ec-2e60-4572-afe4-7a582f1bddf4"}

stdout | app/api/streak/route.test.ts > GET /api/streak > validation cache > uses LRU eviction so frequently accessed entries survive
[32m[INFO][0m Streak request completed {"source":"streak","user":"octocat","view":"default","format":"svg","status":200,"durationMs":1,"requestId":"a50209ec-2e60-4572-afe4-7a582f1bddf4"}

stdout | app/api/streak/route.test.ts > GET /api/streak > validation cache > uses LRU eviction so frequently accessed entries survive
[32m[INFO][0m Incoming streak request {"source":"streak","user":"octocat","view":"default","requestId":"03799082-c993-47e1-bdd5-ccdaaf148bc9"}

stdout | app/api/streak/route.test.ts > GET /api/streak > validation cache > uses LRU eviction so frequently accessed entries survive
[32m[INFO][0m Streak request completed {"source":"streak","user":"octocat","view":"default","format":"svg","status":200,"durationMs":1,"requestId":"03799082-c993-47e1-bdd5-ccdaaf148bc9"}

stdout | app/api/streak/route.test.ts > GET /api/streak > validation cache > uses LRU eviction so frequently accessed entries survive
[32m[INFO][0m Incoming streak request {"source":"streak","user":"octocat","view":"default","requestId":"7d11b339-8ea4-4728-984c-498913d192d0"}

stdout | app/api/streak/route.test.ts > GET /api/streak > validation cache > uses LRU eviction so frequently accessed entries survive
[32m[INFO][0m Streak request completed {"source":"streak","user":"octocat","view":"default","format":"svg","status":200,"durationMs":1,"requestId":"7d11b339-8ea4-4728-984c-498913d192d0"}

stdout | app/api/streak/route.test.ts > GET /api/streak > validation cache > uses LRU eviction so frequently accessed entries survive
[32m[INFO][0m Incoming streak request {"source":"streak","user":"octocat","view":"default","requestId":"8e7eea2c-1dff-4568-8fd2-7109c8a43528"}

stdout | app/api/streak/route.test.ts > GET /api/streak > validation cache > uses LRU eviction so frequently accessed entries survive
[32m[INFO][0m Streak request completed {"source":"streak","user":"octocat","view":"default","format":"svg","status":200,"durationMs":1,"requestId":"8e7eea2c-1dff-4568-8fd2-7109c8a43528"}

stdout | app/api/streak/route.test.ts > GET /api/streak > validation cache > uses LRU eviction so frequently accessed entries survive
[32m[INFO][0m Incoming streak request {"source":"streak","user":"octocat","view":"default","requestId":"643786b3-51ba-44c8-be07-4bfba0446a95"}

stdout | app/api/streak/route.test.ts > GET /api/streak > validation cache > uses LRU eviction so frequently accessed entries survive
[32m[INFO][0m Streak request completed {"source":"streak","user":"octocat","view":"default","format":"svg","status":200,"durationMs":1,"requestId":"643786b3-51ba-44c8-be07-4bfba0446a95"}

stdout | app/api/streak/route.test.ts > GET /api/streak > validation cache > uses LRU eviction so frequently accessed entries survive
[32m[INFO][0m Incoming streak request {"source":"streak","user":"octocat","view":"default","requestId":"c56165fb-1ae0-455c-9e3b-9bf2160d6202"}

stdout | app/api/streak/route.test.ts > GET /api/streak > validation cache > uses LRU eviction so frequently accessed entries survive
[32m[INFO][0m Streak request completed {"source":"streak","user":"octocat","view":"default","format":"svg","status":200,"durationMs":1,"requestId":"c56165fb-1ae0-455c-9e3b-9bf2160d6202"}

stdout | app/api/streak/route.test.ts > GET /api/streak > validation cache > uses LRU eviction so frequently accessed entries survive
[32m[INFO][0m Incoming streak request {"source":"streak","user":"octocat","view":"default","requestId":"b7622cfe-ba3a-42c3-9279-8f971e5f780c"}

stdout | app/api/streak/route.test.ts > GET /api/streak > validation cache > uses LRU eviction so frequently accessed entries survive
[32m[INFO][0m Streak request completed {"source":"streak","user":"octocat","view":"default","format":"svg","status":200,"durationMs":1,"requestId":"b7622cfe-ba3a-42c3-9279-8f971e5f780c"}

stdout | app/api/streak/route.test.ts > GET /api/streak > validation cache > uses LRU eviction so frequently accessed entries survive
[32m[INFO][0m Incoming streak request {"source":"streak","user":"octocat","view":"default","requestId":"e5a9620f-2379-45ba-a1ac-f02099165e97"}

stdout | app/api/streak/route.test.ts > GET /api/streak > validation cache > uses LRU eviction so frequently accessed entries survive
[32m[INFO][0m Streak request completed {"source":"streak","user":"octocat","view":"default","format":"svg","status":200,"durationMs":0,"requestId":"e5a9620f-2379-45ba-a1ac-f02099165e97"}

stdout | app/api/streak/route.test.ts > GET /api/streak > validation cache > uses LRU eviction so frequently accessed entries survive
[32m[INFO][0m Incoming streak request {"source":"streak","user":"octocat","view":"default","requestId":"77b1b5fa-f6fa-4ef7-930b-245b900c9a97"}

stdout | app/api/streak/route.test.ts > GET /api/streak > validation cache > uses LRU eviction so frequently accessed entries survive
[32m[INFO][0m Streak request completed {"source":"streak","user":"octocat","view":"default","format":"svg","status":200,"durationMs":0,"requestId":"77b1b5fa-f6fa-4ef7-930b-245b900c9a97"}

stdout | app/api/streak/route.test.ts > GET /api/streak > validation cache > uses LRU eviction so frequently accessed entries survive
[32m[INFO][0m Incoming streak request {"source":"streak","user":"octocat","view":"default","requestId":"91683446-202f-48ad-9f5c-918c1c942274"}

stdout | app/api/streak/route.test.ts > GET /api/streak > validation cache > uses LRU eviction so frequently accessed entries survive
[32m[INFO][0m Streak request completed {"source":"streak","user":"octocat","view":"default","format":"svg","status":200,"durationMs":1,"requestId":"91683446-202f-48ad-9f5c-918c1c942274"}

stdout | app/api/streak/route.test.ts > GET /api/streak > validation cache > uses LRU eviction so frequently accessed entries survive
[32m[INFO][0m Incoming streak request {"source":"streak","user":"octocat","view":"default","requestId":"5cfa3cae-dfc0-4d2e-8cbc-5139846d61f2"}

stdout | app/api/streak/route.test.ts > GET /api/streak > validation cache > uses LRU eviction so frequently accessed entries survive
[32m[INFO][0m Streak request completed {"source":"streak","user":"octocat","view":"default","format":"svg","status":200,"durationMs":0,"requestId":"5cfa3cae-dfc0-4d2e-8cbc-5139846d61f2"}

stdout | app/api/streak/route.test.ts > GET /api/streak > validation cache > uses LRU eviction so frequently accessed entries survive
[32m[INFO][0m Incoming streak request {"source":"streak","user":"octocat","view":"default","requestId":"318eafa8-8d0f-4c53-ad2e-75d577c2f61b"}

stdout | app/api/streak/route.test.ts > GET /api/streak > validation cache > uses LRU eviction so frequently accessed entries survive
[32m[INFO][0m Streak request completed {"source":"streak","user":"octocat","view":"default","format":"svg","status":200,"durationMs":0,"requestId":"318eafa8-8d0f-4c53-ad2e-75d577c2f61b"}

stdout | app/api/streak/route.test.ts > GET /api/streak > validation cache > uses LRU eviction so frequently accessed entries survive
[32m[INFO][0m Incoming streak request {"source":"streak","user":"octocat","view":"default","requestId":"75273ad0-a005-4198-ac7b-127f653a0522"}

stdout | app/api/streak/route.test.ts > GET /api/streak > validation cache > uses LRU eviction so frequently accessed entries survive
[32m[INFO][0m Streak request completed {"source":"streak","user":"octocat","view":"default","format":"svg","status":200,"durationMs":1,"requestId":"75273ad0-a005-4198-ac7b-127f653a0522"}

stdout | app/api/streak/route.test.ts > GET /api/streak > validation cache > uses LRU eviction so frequently accessed entries survive
[32m[INFO][0m Incoming streak request {"source":"streak","user":"octocat","view":"default","requestId":"85c5e7ab-e7fe-474a-88c5-1e83a8742f6e"}

stdout | app/api/streak/route.test.ts > GET /api/streak > validation cache > uses LRU eviction so frequently accessed entries survive
[32m[INFO][0m Streak request completed {"source":"streak","user":"octocat","view":"default","format":"svg","status":200,"durationMs":1,"requestId":"85c5e7ab-e7fe-474a-88c5-1e83a8742f6e"}

stdout | app/api/streak/route.test.ts > GET /api/streak > validation cache > uses LRU eviction so frequently accessed entries survive
[32m[INFO][0m Incoming streak request {"source":"streak","user":"octocat","view":"default","requestId":"7046b45a-b1cd-4a97-b379-280e809892b3"}

stdout | app/api/streak/route.test.ts > GET /api/streak > validation cache > uses LRU eviction so frequently accessed entries survive
[32m[INFO][0m Streak request completed {"source":"streak","user":"octocat","view":"default","format":"svg","status":200,"durationMs":1,"requestId":"7046b45a-b1cd-4a97-b379-280e809892b3"}

stdout | app/api/streak/route.test.ts > GET /api/streak > validation cache > uses LRU eviction so frequently accessed entries survive
[32m[INFO][0m Incoming streak request {"source":"streak","user":"octocat","view":"default","requestId":"60da3c9b-67ac-4572-991b-377b8b34c3fa"}

stdout | app/api/streak/route.test.ts > GET /api/streak > validation cache > uses LRU eviction so frequently accessed entries survive
[32m[INFO][0m Streak request completed {"source":"streak","user":"octocat","view":"default","format":"svg","status":200,"durationMs":1,"requestId":"60da3c9b-67ac-4572-991b-377b8b34c3fa"}

stdout | app/api/streak/route.test.ts > GET /api/streak > validation cache > uses LRU eviction so frequently accessed entries survive
[32m[INFO][0m Incoming streak request {"source":"streak","user":"octocat","view":"default","requestId":"b34fbe5c-a90a-4b50-ae96-2a624edab072"}

stdout | app/api/streak/route.test.ts > GET /api/streak > validation cache > uses LRU eviction so frequently accessed entries survive
[32m[INFO][0m Streak request completed {"source":"streak","user":"octocat","view":"default","format":"svg","status":200,"durationMs":2,"requestId":"b34fbe5c-a90a-4b50-ae96-2a624edab072"}

stdout | app/api/streak/route.test.ts > GET /api/streak > validation cache > uses LRU eviction so frequently accessed entries survive
[32m[INFO][0m Incoming streak request {"source":"streak","user":"octocat","view":"default","requestId":"48b3369e-b3d9-4d10-8ed1-703ee93519b6"}

stdout | app/api/streak/route.test.ts > GET /api/streak > validation cache > uses LRU eviction so frequently accessed entries survive
[32m[INFO][0m Streak request completed {"source":"streak","user":"octocat","view":"default","format":"svg","status":200,"durationMs":2,"requestId":"48b3369e-b3d9-4d10-8ed1-703ee93519b6"}

stdout | app/api/streak/route.test.ts > GET /api/streak > validation cache > uses LRU eviction so frequently accessed entries survive
[32m[INFO][0m Incoming streak request {"source":"streak","user":"octocat","view":"default","requestId":"ca2fd5d3-40ab-47a0-8b86-73928b386d3e"}

stdout | app/api/streak/route.test.ts > GET /api/streak > validation cache > uses LRU eviction so frequently accessed entries survive
[32m[INFO][0m Streak request completed {"source":"streak","user":"octocat","view":"default","format":"svg","status":200,"durationMs":5,"requestId":"ca2fd5d3-40ab-47a0-8b86-73928b386d3e"}

stdout | app/api/streak/route.test.ts > GET /api/streak > validation cache > uses LRU eviction so frequently accessed entries survive
[32m[INFO][0m Incoming streak request {"source":"streak","user":"octocat","view":"default","requestId":"ea178b82-2fd0-4c9d-9cd8-72034e9f5cbf"}

stdout | app/api/streak/route.test.ts > GET /api/streak > validation cache > uses LRU eviction so frequently accessed entries survive
[32m[INFO][0m Streak request completed {"source":"streak","user":"octocat","view":"default","format":"svg","status":200,"durationMs":1,"requestId":"ea178b82-2fd0-4c9d-9cd8-72034e9f5cbf"}

stdout | app/api/streak/route.test.ts > GET /api/streak > validation cache > uses LRU eviction so frequently accessed entries survive
[32m[INFO][0m Incoming streak request {"source":"streak","user":"octocat","view":"default","requestId":"9496540a-52fd-4c02-adad-92f49c0eb98c"}

stdout | app/api/streak/route.test.ts > GET /api/streak > validation cache > uses LRU eviction so frequently accessed entries survive
[32m[INFO][0m Streak request completed {"source":"streak","user":"octocat","view":"default","format":"svg","status":200,"durationMs":2,"requestId":"9496540a-52fd-4c02-adad-92f49c0eb98c"}

stdout | app/api/streak/route.test.ts > GET /api/streak > validation cache > uses LRU eviction so frequently accessed entries survive
[32m[INFO][0m Incoming streak request {"source":"streak","user":"octocat","view":"default","requestId":"7c6b56dd-12e1-45ac-95d9-121da4d121c6"}

stdout | app/api/streak/route.test.ts > GET /api/streak > validation cache > uses LRU eviction so frequently accessed entries survive
[32m[INFO][0m Streak request completed {"source":"streak","user":"octocat","view":"default","format":"svg","status":200,"durationMs":1,"requestId":"7c6b56dd-12e1-45ac-95d9-121da4d121c6"}

stdout | app/api/streak/route.test.ts > GET /api/streak > validation cache > uses LRU eviction so frequently accessed entries survive
[32m[INFO][0m Incoming streak request {"source":"streak","user":"octocat","view":"default","requestId":"83368f8d-96c6-4b3f-b0fd-f267af027854"}

stdout | app/api/streak/route.test.ts > GET /api/streak > validation cache > uses LRU eviction so frequently accessed entries survive
[32m[INFO][0m Streak request completed {"source":"streak","user":"octocat","view":"default","format":"svg","status":200,"durationMs":1,"requestId":"83368f8d-96c6-4b3f-b0fd-f267af027854"}

stdout | app/api/streak/route.test.ts > GET /api/streak > validation cache > uses LRU eviction so frequently accessed entries survive
[32m[INFO][0m Incoming streak request {"source":"streak","user":"octocat","view":"default","requestId":"b99b27df-1dd8-488f-9c71-211de9c7740a"}

stdout | app/api/streak/route.test.ts > GET /api/streak > validation cache > uses LRU eviction so frequently accessed entries survive
[32m[INFO][0m Streak request completed {"source":"streak","user":"octocat","view":"default","format":"svg","status":200,"durationMs":1,"requestId":"b99b27df-1dd8-488f-9c71-211de9c7740a"}

stdout | app/api/streak/route.test.ts > GET /api/streak > validation cache > uses LRU eviction so frequently accessed entries survive
[32m[INFO][0m Incoming streak request {"source":"streak","user":"octocat","view":"default","requestId":"3279fa4a-f2ec-4a65-a00e-ea31d13bc6f4"}

stdout | app/api/streak/route.test.ts > GET /api/streak > validation cache > uses LRU eviction so frequently accessed entries survive
[32m[INFO][0m Streak request completed {"source":"streak","user":"octocat","view":"default","format":"svg","status":200,"durationMs":2,"requestId":"3279fa4a-f2ec-4a65-a00e-ea31d13bc6f4"}

stdout | app/api/streak/route.test.ts > GET /api/streak > validation cache > uses LRU eviction so frequently accessed entries survive
[32m[INFO][0m Incoming streak request {"source":"streak","user":"octocat","view":"default","requestId":"71949589-0ea1-4d9d-a66f-2cb389beae22"}

stdout | app/api/streak/route.test.ts > GET /api/streak > validation cache > uses LRU eviction so frequently accessed entries survive
[32m[INFO][0m Streak request completed {"source":"streak","user":"octocat","view":"default","format":"svg","status":200,"durationMs":1,"requestId":"71949589-0ea1-4d9d-a66f-2cb389beae22"}

stdout | app/api/streak/route.test.ts > GET /api/streak > validation cache > uses LRU eviction so frequently accessed entries survive
[32m[INFO][0m Incoming streak request {"source":"streak","user":"octocat","view":"default","requestId":"9fe28a47-a28a-4fde-96fa-1a7d34c2f5d9"}

stdout | app/api/streak/route.test.ts > GET /api/streak > validation cache > uses LRU eviction so frequently accessed entries survive
[32m[INFO][0m Streak request completed {"source":"streak","user":"octocat","view":"default","format":"svg","status":200,"durationMs":1,"requestId":"9fe28a47-a28a-4fde-96fa-1a7d34c2f5d9"}

stdout | app/api/streak/route.test.ts > GET /api/streak > validation cache > uses LRU eviction so frequently accessed entries survive
[32m[INFO][0m Incoming streak request {"source":"streak","user":"octocat","view":"default","requestId":"2e6a88b4-5c30-4fd3-8344-2216c2047efd"}

stdout | app/api/streak/route.test.ts > GET /api/streak > validation cache > uses LRU eviction so frequently accessed entries survive
[32m[INFO][0m Streak request completed {"source":"streak","user":"octocat","view":"default","format":"svg","status":200,"durationMs":1,"requestId":"2e6a88b4-5c30-4fd3-8344-2216c2047efd"}

stdout | app/api/streak/route.test.ts > GET /api/streak > validation cache > uses LRU eviction so frequently accessed entries survive
[32m[INFO][0m Incoming streak request {"source":"streak","user":"octocat","view":"default","requestId":"6309d07c-9df8-45ce-8d65-934e4010ea48"}

stdout | app/api/streak/route.test.ts > GET /api/streak > validation cache > uses LRU eviction so frequently accessed entries survive
[32m[INFO][0m Streak request completed {"source":"streak","user":"octocat","view":"default","format":"svg","status":200,"durationMs":1,"requestId":"6309d07c-9df8-45ce-8d65-934e4010ea48"}

stdout | app/api/streak/route.test.ts > GET /api/streak > validation cache > uses LRU eviction so frequently accessed entries survive
[32m[INFO][0m Incoming streak request {"source":"streak","user":"octocat","view":"default","requestId":"3ddad4d1-f2fe-4e41-966a-16b477c210ec"}

stdout | app/api/streak/route.test.ts > GET /api/streak > validation cache > uses LRU eviction so frequently accessed entries survive
[32m[INFO][0m Streak request completed {"source":"streak","user":"octocat","view":"default","format":"svg","status":200,"durationMs":1,"requestId":"3ddad4d1-f2fe-4e41-966a-16b477c210ec"}

stdout | app/api/streak/route.test.ts > GET /api/streak > validation cache > uses LRU eviction so frequently accessed entries survive
[32m[INFO][0m Incoming streak request {"source":"streak","user":"octocat","view":"default","requestId":"9da23c85-e8ce-4197-b098-05aabf1e7c7d"}

stdout | app/api/streak/route.test.ts > GET /api/streak > validation cache > uses LRU eviction so frequently accessed entries survive
[32m[INFO][0m Streak request completed {"source":"streak","user":"octocat","view":"default","format":"svg","status":200,"durationMs":1,"requestId":"9da23c85-e8ce-4197-b098-05aabf1e7c7d"}

stdout | app/api/streak/route.test.ts > GET /api/streak > validation cache > uses LRU eviction so frequently accessed entries survive
[32m[INFO][0m Incoming streak request {"source":"streak","user":"octocat","view":"default","requestId":"a410003a-c392-437f-8a76-a980cd6c6086"}

stdout | app/api/streak/route.test.ts > GET /api/streak > validation cache > uses LRU eviction so frequently accessed entries survive
[32m[INFO][0m Streak request completed {"source":"streak","user":"octocat","view":"default","format":"svg","status":200,"durationMs":0,"requestId":"a410003a-c392-437f-8a76-a980cd6c6086"}

stdout | app/api/streak/route.test.ts > GET /api/streak > validation cache > uses LRU eviction so frequently accessed entries survive
[32m[INFO][0m Incoming streak request {"source":"streak","user":"octocat","view":"default","requestId":"1a66c77c-7595-4175-9810-400c4f744408"}

stdout | app/api/streak/route.test.ts > GET /api/streak > validation cache > uses LRU eviction so frequently accessed entries survive
[32m[INFO][0m Streak request completed {"source":"streak","user":"octocat","view":"default","format":"svg","status":200,"durationMs":1,"requestId":"1a66c77c-7595-4175-9810-400c4f744408"}

stdout | app/api/streak/route.test.ts > GET /api/streak > validation cache > uses LRU eviction so frequently accessed entries survive
[32m[INFO][0m Incoming streak request {"source":"streak","user":"octocat","view":"default","requestId":"a4166880-d3ad-489a-a431-15c48c626962"}

stdout | app/api/streak/route.test.ts > GET /api/streak > validation cache > uses LRU eviction so frequently accessed entries survive
[32m[INFO][0m Streak request completed {"source":"streak","user":"octocat","view":"default","format":"svg","status":200,"durationMs":1,"requestId":"a4166880-d3ad-489a-a431-15c48c626962"}

stdout | app/api/streak/route.test.ts > GET /api/streak > validation cache > uses LRU eviction so frequently accessed entries survive
[32m[INFO][0m Incoming streak request {"source":"streak","user":"octocat","view":"default","requestId":"b37c6fd4-a674-408e-bfc1-b1ed78d6ef7a"}

stdout | app/api/streak/route.test.ts > GET /api/streak > validation cache > uses LRU eviction so frequently accessed entries survive
[32m[INFO][0m Streak request completed {"source":"streak","user":"octocat","view":"default","format":"svg","status":200,"durationMs":2,"requestId":"b37c6fd4-a674-408e-bfc1-b1ed78d6ef7a"}

stdout | app/api/streak/route.test.ts > GET /api/streak > validation cache > uses LRU eviction so frequently accessed entries survive
[32m[INFO][0m Incoming streak request {"source":"streak","user":"octocat","view":"default","requestId":"eb2f6bb3-c902-4e9a-a762-0899d46c2988"}

stdout | app/api/streak/route.test.ts > GET /api/streak > validation cache > uses LRU eviction so frequently accessed entries survive
[32m[INFO][0m Streak request completed {"source":"streak","user":"octocat","view":"default","format":"svg","status":200,"durationMs":1,"requestId":"eb2f6bb3-c902-4e9a-a762-0899d46c2988"}

stdout | app/api/streak/route.test.ts > GET /api/streak > validation cache > uses LRU eviction so frequently accessed entries survive
[32m[INFO][0m Incoming streak request {"source":"streak","user":"octocat","view":"default","requestId":"91c9930b-6a48-4b20-bab4-dd03697bb369"}

stdout | app/api/streak/route.test.ts > GET /api/streak > validation cache > uses LRU eviction so frequently accessed entries survive
[32m[INFO][0m Streak request completed {"source":"streak","user":"octocat","view":"default","format":"svg","status":200,"durationMs":1,"requestId":"91c9930b-6a48-4b20-bab4-dd03697bb369"}

stdout | app/api/streak/route.test.ts > GET /api/streak > validation cache > uses LRU eviction so frequently accessed entries survive
[32m[INFO][0m Incoming streak request {"source":"streak","user":"octocat","view":"default","requestId":"654c8bca-9dd3-4ecb-83ea-29991a76e8f5"}

stdout | app/api/streak/route.test.ts > GET /api/streak > validation cache > uses LRU eviction so frequently accessed entries survive
[32m[INFO][0m Streak request completed {"source":"streak","user":"octocat","view":"default","format":"svg","status":200,"durationMs":1,"requestId":"654c8bca-9dd3-4ecb-83ea-29991a76e8f5"}

stdout | app/api/streak/route.test.ts > GET /api/streak > validation cache > uses LRU eviction so frequently accessed entries survive
[32m[INFO][0m Incoming streak request {"source":"streak","user":"octocat","view":"default","requestId":"f56567ee-f734-4e52-a051-f06ab990baf6"}

stdout | app/api/streak/route.test.ts > GET /api/streak > validation cache > uses LRU eviction so frequently accessed entries survive
[32m[INFO][0m Streak request completed {"source":"streak","user":"octocat","view":"default","format":"svg","status":200,"durationMs":1,"requestId":"f56567ee-f734-4e52-a051-f06ab990baf6"}

stdout | app/api/streak/route.test.ts > GET /api/streak > validation cache > uses LRU eviction so frequently accessed entries survive
[32m[INFO][0m Incoming streak request {"source":"streak","user":"octocat","view":"default","requestId":"02dde368-da24-428e-b056-d69a8f04c14d"}

stdout | app/api/streak/route.test.ts > GET /api/streak > validation cache > uses LRU eviction so frequently accessed entries survive
[32m[INFO][0m Streak request completed {"source":"streak","user":"octocat","view":"default","format":"svg","status":200,"durationMs":0,"requestId":"02dde368-da24-428e-b056-d69a8f04c14d"}

stdout | app/api/streak/route.test.ts > GET /api/streak > validation cache > uses LRU eviction so frequently accessed entries survive
[32m[INFO][0m Incoming streak request {"source":"streak","user":"octocat","view":"default","requestId":"7e041d7c-cfa3-4ea3-9e1a-2fec58b94ff5"}

stdout | app/api/streak/route.test.ts > GET /api/streak > validation cache > uses LRU eviction so frequently accessed entries survive
[32m[INFO][0m Streak request completed {"source":"streak","user":"octocat","view":"default","format":"svg","status":200,"durationMs":1,"requestId":"7e041d7c-cfa3-4ea3-9e1a-2fec58b94ff5"}

stdout | app/api/streak/route.test.ts > GET /api/streak > validation cache > uses LRU eviction so frequently accessed entries survive
[32m[INFO][0m Incoming streak request {"source":"streak","user":"octocat","view":"default","requestId":"51e682d8-a46f-4bd9-ae84-a436cd2a8ada"}

stdout | app/api/streak/route.test.ts > GET /api/streak > validation cache > uses LRU eviction so frequently accessed entries survive
[32m[INFO][0m Streak request completed {"source":"streak","user":"octocat","view":"default","format":"svg","status":200,"durationMs":1,"requestId":"51e682d8-a46f-4bd9-ae84-a436cd2a8ada"}

stdout | app/api/streak/route.test.ts > GET /api/streak > validation cache > uses LRU eviction so frequently accessed entries survive
[32m[INFO][0m Incoming streak request {"source":"streak","user":"octocat","view":"default","requestId":"53e1b322-c5aa-488a-879f-54b9d1a1a61d"}

stdout | app/api/streak/route.test.ts > GET /api/streak > validation cache > uses LRU eviction so frequently accessed entries survive
[32m[INFO][0m Streak request completed {"source":"streak","user":"octocat","view":"default","format":"svg","status":200,"durationMs":1,"requestId":"53e1b322-c5aa-488a-879f-54b9d1a1a61d"}

stdout | app/api/streak/route.test.ts > GET /api/streak > validation cache > uses LRU eviction so frequently accessed entries survive
[32m[INFO][0m Incoming streak request {"source":"streak","user":"octocat","view":"default","requestId":"316ef170-09ca-4fa6-9b82-8a416606db6d"}

stdout | app/api/streak/route.test.ts > GET /api/streak > validation cache > uses LRU eviction so frequently accessed entries survive
[32m[INFO][0m Streak request completed {"source":"streak","user":"octocat","view":"default","format":"svg","status":200,"durationMs":1,"requestId":"316ef170-09ca-4fa6-9b82-8a416606db6d"}

stdout | app/api/streak/route.test.ts > GET /api/streak > validation cache > uses LRU eviction so frequently accessed entries survive
[32m[INFO][0m Incoming streak request {"source":"streak","user":"octocat","view":"default","requestId":"7abbc952-b208-4f15-a5f2-230f039b50a8"}

stdout | app/api/streak/route.test.ts > GET /api/streak > validation cache > uses LRU eviction so frequently accessed entries survive
[32m[INFO][0m Streak request completed {"source":"streak","user":"octocat","view":"default","format":"svg","status":200,"durationMs":1,"requestId":"7abbc952-b208-4f15-a5f2-230f039b50a8"}

stdout | app/api/streak/route.test.ts > GET /api/streak > validation cache > uses LRU eviction so frequently accessed entries survive
[32m[INFO][0m Incoming streak request {"source":"streak","user":"octocat","view":"default","requestId":"c97450ab-9a5d-431b-8f1d-5bd1cff22504"}

stdout | app/api/streak/route.test.ts > GET /api/streak > validation cache > uses LRU eviction so frequently accessed entries survive
[32m[INFO][0m Streak request completed {"source":"streak","user":"octocat","view":"default","format":"svg","status":200,"durationMs":1,"requestId":"c97450ab-9a5d-431b-8f1d-5bd1cff22504"}

stdout | app/api/streak/route.test.ts > GET /api/streak > validation cache > uses LRU eviction so frequently accessed entries survive
[32m[INFO][0m Incoming streak request {"source":"streak","user":"octocat","view":"default","requestId":"1f9d8c2a-a958-4519-948f-51e1a31bfe47"}

stdout | app/api/streak/route.test.ts > GET /api/streak > validation cache > uses LRU eviction so frequently accessed entries survive
[32m[INFO][0m Streak request completed {"source":"streak","user":"octocat","view":"default","format":"svg","status":200,"durationMs":1,"requestId":"1f9d8c2a-a958-4519-948f-51e1a31bfe47"}

stdout | app/api/streak/route.test.ts > GET /api/streak > validation cache > uses LRU eviction so frequently accessed entries survive
[32m[INFO][0m Incoming streak request {"source":"streak","user":"octocat","view":"default","requestId":"44941b37-3782-45f2-9daf-562f30aa95cd"}

stdout | app/api/streak/route.test.ts > GET /api/streak > validation cache > uses LRU eviction so frequently accessed entries survive
[32m[INFO][0m Streak request completed {"source":"streak","user":"octocat","view":"default","format":"svg","status":200,"durationMs":1,"requestId":"44941b37-3782-45f2-9daf-562f30aa95cd"}

stdout | app/api/streak/route.test.ts > GET /api/streak > validation cache > uses LRU eviction so frequently accessed entries survive
[32m[INFO][0m Incoming streak request {"source":"streak","user":"octocat","view":"default","requestId":"9b1f4527-194d-4b01-8e28-5d81356c9319"}

stdout | app/api/streak/route.test.ts > GET /api/streak > validation cache > uses LRU eviction so frequently accessed entries survive
[32m[INFO][0m Streak request completed {"source":"streak","user":"octocat","view":"default","format":"svg","status":200,"durationMs":0,"requestId":"9b1f4527-194d-4b01-8e28-5d81356c9319"}

stdout | app/api/streak/route.test.ts > GET /api/streak > validation cache > uses LRU eviction so frequently accessed entries survive
[32m[INFO][0m Incoming streak request {"source":"streak","user":"octocat","view":"default","requestId":"80987e37-287d-43e1-8365-e0e1d566ba09"}

stdout | app/api/streak/route.test.ts > GET /api/streak > validation cache > uses LRU eviction so frequently accessed entries survive
[32m[INFO][0m Streak request completed {"source":"streak","user":"octocat","view":"default","format":"svg","status":200,"durationMs":1,"requestId":"80987e37-287d-43e1-8365-e0e1d566ba09"}

stdout | app/api/streak/route.test.ts > GET /api/streak > validation cache > uses LRU eviction so frequently accessed entries survive
[32m[INFO][0m Incoming streak request {"source":"streak","user":"octocat","view":"default","requestId":"dfb474ee-273e-494e-9c87-f85d553f1089"}

stdout | app/api/streak/route.test.ts > GET /api/streak > validation cache > uses LRU eviction so frequently accessed entries survive
[32m[INFO][0m Streak request completed {"source":"streak","user":"octocat","view":"default","format":"svg","status":200,"durationMs":0,"requestId":"dfb474ee-273e-494e-9c87-f85d553f1089"}

stdout | app/api/streak/route.test.ts > GET /api/streak > validation cache > uses LRU eviction so frequently accessed entries survive
[32m[INFO][0m Incoming streak request {"source":"streak","user":"octocat","view":"default","requestId":"a4acaef7-148b-4557-bb35-35c6ad7a8808"}

stdout | app/api/streak/route.test.ts > GET /api/streak > validation cache > uses LRU eviction so frequently accessed entries survive
[32m[INFO][0m Streak request completed {"source":"streak","user":"octocat","view":"default","format":"svg","status":200,"durationMs":1,"requestId":"a4acaef7-148b-4557-bb35-35c6ad7a8808"}

stdout | app/api/streak/route.test.ts > GET /api/streak > validation cache > uses LRU eviction so frequently accessed entries survive
[32m[INFO][0m Incoming streak request {"source":"streak","user":"octocat","view":"default","requestId":"af420a5d-bdf7-405d-8133-1197bbf7fd30"}

stdout | app/api/streak/route.test.ts > GET /api/streak > validation cache > uses LRU eviction so frequently accessed entries survive
[32m[INFO][0m Streak request completed {"source":"streak","user":"octocat","view":"default","format":"svg","status":200,"durationMs":1,"requestId":"af420a5d-bdf7-405d-8133-1197bbf7fd30"}

stdout | app/api/streak/route.test.ts > GET /api/streak > validation cache > uses LRU eviction so frequently accessed entries survive
[32m[INFO][0m Incoming streak request {"source":"streak","user":"octocat","view":"default","requestId":"0c8f9c65-7dac-44a2-a074-0cb412504b81"}

stdout | app/api/streak/route.test.ts > GET /api/streak > validation cache > uses LRU eviction so frequently accessed entries survive
[32m[INFO][0m Streak request completed {"source":"streak","user":"octocat","view":"default","format":"svg","status":200,"durationMs":1,"requestId":"0c8f9c65-7dac-44a2-a074-0cb412504b81"}

stdout | app/api/streak/route.test.ts > GET /api/streak > validation cache > uses LRU eviction so frequently accessed entries survive
[32m[INFO][0m Incoming streak request {"source":"streak","user":"octocat","view":"default","requestId":"138eadaa-7ca5-4272-be2b-e9db22708262"}

 ✓ app/generator/components/EditorPanel.accessibility.test.tsx (5 tests) 24436ms
     ✓ 1. verifies that the root container has a form landmark and SectionCards use region roles with h3 headings  5972ms
     ✓ 2. verifies that text inputs, textareas, and selection fields have properly associated labels via htmlFor  3406ms
     ✓ 3. verifies correct tablist, tab, and tabpanel mappings inside sections like SocialsSection  771ms
     ✓ 4. verifies interactive elements can receive focus  6963ms
     ✓ 5. verifies that the SectionCard header updates aria-expanded states correctly when toggled  7314ms
stdout | app/api/streak/route.test.ts > GET /api/streak > validation cache > uses LRU eviction so frequently accessed entries survive
[32m[INFO][0m Streak request completed {"source":"streak","user":"octocat","view":"default","format":"svg","status":200,"durationMs":1,"requestId":"138eadaa-7ca5-4272-be2b-e9db22708262"}

stdout | app/api/streak/route.test.ts > GET /api/streak > validation cache > uses LRU eviction so frequently accessed entries survive
[32m[INFO][0m Incoming streak request {"source":"streak","user":"octocat","view":"default","requestId":"64dd581e-bdcd-4051-8009-faff041e1034"}

stdout | app/api/streak/route.test.ts > GET /api/streak > validation cache > uses LRU eviction so frequently accessed entries survive
[32m[INFO][0m Streak request completed {"source":"streak","user":"octocat","view":"default","format":"svg","status":200,"durationMs":1,"requestId":"64dd581e-bdcd-4051-8009-faff041e1034"}

stdout | app/api/streak/route.test.ts > GET /api/streak > validation cache > uses LRU eviction so frequently accessed entries survive
[32m[INFO][0m Incoming streak request {"source":"streak","user":"octocat","view":"default","requestId":"08073544-a46f-4315-96a5-371343d489ca"}

stdout | app/api/streak/route.test.ts > GET /api/streak > validation cache > uses LRU eviction so frequently accessed entries survive
[32m[INFO][0m Streak request completed {"source":"streak","user":"octocat","view":"default","format":"svg","status":200,"durationMs":1,"requestId":"08073544-a46f-4315-96a5-371343d489ca"}

stdout | app/api/streak/route.test.ts > GET /api/streak > validation cache > uses LRU eviction so frequently accessed entries survive
[32m[INFO][0m Incoming streak request {"source":"streak","user":"octocat","view":"default","requestId":"34fff201-44f7-460a-8299-b44a267d0528"}

stdout | app/api/streak/route.test.ts > GET /api/streak > validation cache > uses LRU eviction so frequently accessed entries survive
[32m[INFO][0m Streak request completed {"source":"streak","user":"octocat","view":"default","format":"svg","status":200,"durationMs":1,"requestId":"34fff201-44f7-460a-8299-b44a267d0528"}

stdout | app/api/streak/route.test.ts > GET /api/streak > validation cache > uses LRU eviction so frequently accessed entries survive
[32m[INFO][0m Incoming streak request {"source":"streak","user":"octocat","view":"default","requestId":"79163f2a-0a40-4f5f-a713-429f5356325f"}

stdout | app/api/streak/route.test.ts > GET /api/streak > validation cache > uses LRU eviction so frequently accessed entries survive
[32m[INFO][0m Streak request completed {"source":"streak","user":"octocat","view":"default","format":"svg","status":200,"durationMs":1,"requestId":"79163f2a-0a40-4f5f-a713-429f5356325f"}

stdout | app/api/streak/route.test.ts > GET /api/streak > validation cache > uses LRU eviction so frequently accessed entries survive
[32m[INFO][0m Incoming streak request {"source":"streak","user":"octocat","view":"default","requestId":"3f4648c5-0c37-4f38-a444-3683e4ef2578"}

stdout | app/api/streak/route.test.ts > GET /api/streak > validation cache > uses LRU eviction so frequently accessed entries survive
[32m[INFO][0m Streak request completed {"source":"streak","user":"octocat","view":"default","format":"svg","status":200,"durationMs":1,"requestId":"3f4648c5-0c37-4f38-a444-3683e4ef2578"}

stdout | app/api/streak/route.test.ts > GET /api/streak > validation cache > uses LRU eviction so frequently accessed entries survive
[32m[INFO][0m Incoming streak request {"source":"streak","user":"octocat","view":"default","requestId":"d97c9cdd-9013-4d85-a367-d30cae411221"}

stdout | app/api/streak/route.test.ts > GET /api/streak > validation cache > uses LRU eviction so frequently accessed entries survive
[32m[INFO][0m Streak request completed {"source":"streak","user":"octocat","view":"default","format":"svg","status":200,"durationMs":1,"requestId":"d97c9cdd-9013-4d85-a367-d30cae411221"}

stdout | app/api/streak/route.test.ts > GET /api/streak > validation cache > uses LRU eviction so frequently accessed entries survive
[32m[INFO][0m Incoming streak request {"source":"streak","user":"octocat","view":"default","requestId":"1db7a62d-f33c-49e1-834b-0d6b758fbcbe"}

stdout | app/api/streak/route.test.ts > GET /api/streak > validation cache > uses LRU eviction so frequently accessed entries survive
[32m[INFO][0m Streak request completed {"source":"streak","user":"octocat","view":"default","format":"svg","status":200,"durationMs":0,"requestId":"1db7a62d-f33c-49e1-834b-0d6b758fbcbe"}

stdout | app/api/streak/route.test.ts > GET /api/streak > validation cache > uses LRU eviction so frequently accessed entries survive
[32m[INFO][0m Incoming streak request {"source":"streak","user":"octocat","view":"default","requestId":"e7683ab5-92f2-40b4-abae-2c102b82257c"}

stdout | app/api/streak/route.test.ts > GET /api/streak > validation cache > uses LRU eviction so frequently accessed entries survive
[32m[INFO][0m Streak request completed {"source":"streak","user":"octocat","view":"default","format":"svg","status":200,"durationMs":2,"requestId":"e7683ab5-92f2-40b4-abae-2c102b82257c"}

stdout | app/api/streak/route.test.ts > GET /api/streak > validation cache > uses LRU eviction so frequently accessed entries survive
[32m[INFO][0m Incoming streak request {"source":"streak","user":"octocat","view":"default","requestId":"eab13a8f-599e-4613-8c6e-310520eed86d"}

stdout | app/api/streak/route.test.ts > GET /api/streak > validation cache > uses LRU eviction so frequently accessed entries survive
[32m[INFO][0m Streak request completed {"source":"streak","user":"octocat","view":"default","format":"svg","status":200,"durationMs":3,"requestId":"eab13a8f-599e-4613-8c6e-310520eed86d"}

stdout | app/api/streak/route.test.ts > GET /api/streak > validation cache > uses LRU eviction so frequently accessed entries survive
[32m[INFO][0m Incoming streak request {"source":"streak","user":"octocat","view":"default","requestId":"4ebb6889-0e5d-4c46-bc5b-3c7a9abf4b21"}

stdout | app/api/streak/route.test.ts > GET /api/streak > validation cache > uses LRU eviction so frequently accessed entries survive
[32m[INFO][0m Streak request completed {"source":"streak","user":"octocat","view":"default","format":"svg","status":200,"durationMs":0,"requestId":"4ebb6889-0e5d-4c46-bc5b-3c7a9abf4b21"}

stdout | app/api/streak/route.test.ts > GET /api/streak > validation cache > uses LRU eviction so frequently accessed entries survive
[32m[INFO][0m Incoming streak request {"source":"streak","user":"octocat","view":"default","requestId":"e87fc0db-e877-464e-b8aa-5f89cd14c45b"}

stdout | app/api/streak/route.test.ts > GET /api/streak > validation cache > uses LRU eviction so frequently accessed entries survive
[32m[INFO][0m Streak request completed {"source":"streak","user":"octocat","view":"default","format":"svg","status":200,"durationMs":1,"requestId":"e87fc0db-e877-464e-b8aa-5f89cd14c45b"}

stdout | app/api/streak/route.test.ts > GET /api/streak > validation cache > uses LRU eviction so frequently accessed entries survive
[32m[INFO][0m Incoming streak request {"source":"streak","user":"octocat","view":"default","requestId":"19fe44cb-44b7-42e0-aeee-0387941f366e"}

stdout | app/api/streak/route.test.ts > GET /api/streak > validation cache > uses LRU eviction so frequently accessed entries survive
[32m[INFO][0m Streak request completed {"source":"streak","user":"octocat","view":"default","format":"svg","status":200,"durationMs":0,"requestId":"19fe44cb-44b7-42e0-aeee-0387941f366e"}

stdout | app/api/streak/route.test.ts > GET /api/streak > validation cache > uses LRU eviction so frequently accessed entries survive
[32m[INFO][0m Incoming streak request {"source":"streak","user":"octocat","view":"default","requestId":"deadfa06-1ea3-4354-ba34-a6469fa57d29"}

stdout | app/api/streak/route.test.ts > GET /api/streak > validation cache > uses LRU eviction so frequently accessed entries survive
[32m[INFO][0m Streak request completed {"source":"streak","user":"octocat","view":"default","format":"svg","status":200,"durationMs":1,"requestId":"deadfa06-1ea3-4354-ba34-a6469fa57d29"}

stdout | app/api/streak/route.test.ts > GET /api/streak > validation cache > uses LRU eviction so frequently accessed entries survive
[32m[INFO][0m Incoming streak request {"source":"streak","user":"octocat","view":"default","requestId":"d345b730-3787-4b2c-80b7-648d256cf89e"}

stdout | app/api/streak/route.test.ts > GET /api/streak > validation cache > uses LRU eviction so frequently accessed entries survive
[32m[INFO][0m Streak request completed {"source":"streak","user":"octocat","view":"default","format":"svg","status":200,"durationMs":2,"requestId":"d345b730-3787-4b2c-80b7-648d256cf89e"}

stdout | app/api/streak/route.test.ts > GET /api/streak > validation cache > uses LRU eviction so frequently accessed entries survive
[32m[INFO][0m Incoming streak request {"source":"streak","user":"octocat","view":"default","requestId":"06b31e00-c88d-4eb0-bc36-25b3c209eba6"}

stdout | app/api/streak/route.test.ts > GET /api/streak > validation cache > uses LRU eviction so frequently accessed entries survive
[32m[INFO][0m Streak request completed {"source":"streak","user":"octocat","view":"default","format":"svg","status":200,"durationMs":1,"requestId":"06b31e00-c88d-4eb0-bc36-25b3c209eba6"}

stdout | app/api/streak/route.test.ts > GET /api/streak > validation cache > uses LRU eviction so frequently accessed entries survive
[32m[INFO][0m Incoming streak request {"source":"streak","user":"octocat","view":"default","requestId":"1e020e82-b5d5-45bf-a091-55851f907270"}

stdout | app/api/streak/route.test.ts > GET /api/streak > validation cache > uses LRU eviction so frequently accessed entries survive
[32m[INFO][0m Streak request completed {"source":"streak","user":"octocat","view":"default","format":"svg","status":200,"durationMs":1,"requestId":"1e020e82-b5d5-45bf-a091-55851f907270"}

stdout | app/api/streak/route.test.ts > GET /api/streak > validation cache > uses LRU eviction so frequently accessed entries survive
[32m[INFO][0m Incoming streak request {"source":"streak","user":"octocat","view":"default","requestId":"59f5b054-b354-428c-94d0-b62ea1baf13c"}

stdout | app/api/streak/route.test.ts > GET /api/streak > validation cache > uses LRU eviction so frequently accessed entries survive
[32m[INFO][0m Streak request completed {"source":"streak","user":"octocat","view":"default","format":"svg","status":200,"durationMs":2,"requestId":"59f5b054-b354-428c-94d0-b62ea1baf13c"}

stdout | app/api/streak/route.test.ts > GET /api/streak > validation cache > uses LRU eviction so frequently accessed entries survive
[32m[INFO][0m Incoming streak request {"source":"streak","user":"octocat","view":"default","requestId":"37a7452d-8d9f-4ef9-9f95-c563a4fea550"}

stdout | app/api/streak/route.test.ts > GET /api/streak > validation cache > uses LRU eviction so frequently accessed entries survive
[32m[INFO][0m Streak request completed {"source":"streak","user":"octocat","view":"default","format":"svg","status":200,"durationMs":1,"requestId":"37a7452d-8d9f-4ef9-9f95-c563a4fea550"}

stdout | app/api/streak/route.test.ts > GET /api/streak > validation cache > uses LRU eviction so frequently accessed entries survive
[32m[INFO][0m Incoming streak request {"source":"streak","user":"octocat","view":"default","requestId":"478763b3-a57c-4747-886b-a7e9af054195"}

stdout | app/api/streak/route.test.ts > GET /api/streak > validation cache > uses LRU eviction so frequently accessed entries survive
[32m[INFO][0m Streak request completed {"source":"streak","user":"octocat","view":"default","format":"svg","status":200,"durationMs":1,"requestId":"478763b3-a57c-4747-886b-a7e9af054195"}

stdout | app/api/streak/route.test.ts > GET /api/streak > validation cache > uses LRU eviction so frequently accessed entries survive
[32m[INFO][0m Incoming streak request {"source":"streak","user":"octocat","view":"default","requestId":"2cd4ee6f-8026-484d-a315-f81cb1388d74"}

stdout | app/api/streak/route.test.ts > GET /api/streak > validation cache > uses LRU eviction so frequently accessed entries survive
[32m[INFO][0m Streak request completed {"source":"streak","user":"octocat","view":"default","format":"svg","status":200,"durationMs":0,"requestId":"2cd4ee6f-8026-484d-a315-f81cb1388d74"}

stdout | app/api/streak/route.test.ts > GET /api/streak > validation cache > uses LRU eviction so frequently accessed entries survive
[32m[INFO][0m Incoming streak request {"source":"streak","user":"octocat","view":"default","requestId":"d033fbdc-b76f-4f41-bd58-a4ce1b9c721b"}

stdout | app/api/streak/route.test.ts > GET /api/streak > validation cache > uses LRU eviction so frequently accessed entries survive
[32m[INFO][0m Streak request completed {"source":"streak","user":"octocat","view":"default","format":"svg","status":200,"durationMs":1,"requestId":"d033fbdc-b76f-4f41-bd58-a4ce1b9c721b"}

stdout | app/api/streak/route.test.ts > GET /api/streak > validation cache > uses LRU eviction so frequently accessed entries survive
[32m[INFO][0m Incoming streak request {"source":"streak","user":"octocat","view":"default","requestId":"46f38672-13ac-45c4-8044-e7dddaa93f3e"}

stdout | app/api/streak/route.test.ts > GET /api/streak > validation cache > uses LRU eviction so frequently accessed entries survive
[32m[INFO][0m Streak request completed {"source":"streak","user":"octocat","view":"default","format":"svg","status":200,"durationMs":2,"requestId":"46f38672-13ac-45c4-8044-e7dddaa93f3e"}

stdout | app/api/streak/route.test.ts > GET /api/streak > validation cache > uses LRU eviction so frequently accessed entries survive
[32m[INFO][0m Incoming streak request {"source":"streak","user":"octocat","view":"default","requestId":"5a2fd551-2e37-4fa9-9d81-44d5e70be56d"}

stdout | app/api/streak/route.test.ts > GET /api/streak > validation cache > uses LRU eviction so frequently accessed entries survive
[32m[INFO][0m Streak request completed {"source":"streak","user":"octocat","view":"default","format":"svg","status":200,"durationMs":2,"requestId":"5a2fd551-2e37-4fa9-9d81-44d5e70be56d"}

stdout | app/api/streak/route.test.ts > GET /api/streak > validation cache > uses LRU eviction so frequently accessed entries survive
[32m[INFO][0m Incoming streak request {"source":"streak","user":"octocat","view":"default","requestId":"ad9cd188-b0ad-4fad-b829-e57416cc505e"}

stdout | app/api/streak/route.test.ts > GET /api/streak > validation cache > uses LRU eviction so frequently accessed entries survive
[32m[INFO][0m Streak request completed {"source":"streak","user":"octocat","view":"default","format":"svg","status":200,"durationMs":1,"requestId":"ad9cd188-b0ad-4fad-b829-e57416cc505e"}

stdout | app/api/streak/route.test.ts > GET /api/streak > validation cache > uses LRU eviction so frequently accessed entries survive
[32m[INFO][0m Incoming streak request {"source":"streak","user":"octocat","view":"default","requestId":"bec10e72-17ed-43d2-9f23-8ac2cbf1928a"}

stdout | app/api/streak/route.test.ts > GET /api/streak > validation cache > uses LRU eviction so frequently accessed entries survive
[32m[INFO][0m Streak request completed {"source":"streak","user":"octocat","view":"default","format":"svg","status":200,"durationMs":1,"requestId":"bec10e72-17ed-43d2-9f23-8ac2cbf1928a"}

stdout | app/api/streak/route.test.ts > GET /api/streak > validation cache > uses LRU eviction so frequently accessed entries survive
[32m[INFO][0m Incoming streak request {"source":"streak","user":"octocat","view":"default","requestId":"a515a780-1027-446a-a494-c025de56779e"}

stdout | app/api/streak/route.test.ts > GET /api/streak > validation cache > uses LRU eviction so frequently accessed entries survive
[32m[INFO][0m Streak request completed {"source":"streak","user":"octocat","view":"default","format":"svg","status":200,"durationMs":1,"requestId":"a515a780-1027-446a-a494-c025de56779e"}

stdout | app/api/streak/route.test.ts > GET /api/streak > validation cache > uses LRU eviction so frequently accessed entries survive
[32m[INFO][0m Incoming streak request {"source":"streak","user":"octocat","view":"default","requestId":"42170acc-06c3-4f98-8e23-0e5cbe511292"}

stdout | app/api/streak/route.test.ts > GET /api/streak > validation cache > uses LRU eviction so frequently accessed entries survive
[32m[INFO][0m Streak request completed {"source":"streak","user":"octocat","view":"default","format":"svg","status":200,"durationMs":1,"requestId":"42170acc-06c3-4f98-8e23-0e5cbe511292"}

stdout | app/api/streak/route.test.ts > GET /api/streak > validation cache > uses LRU eviction so frequently accessed entries survive
[32m[INFO][0m Incoming streak request {"source":"streak","user":"octocat","view":"default","requestId":"66c2d668-5b0a-4ffa-a90a-050d73d7d4e0"}

stdout | app/api/streak/route.test.ts > GET /api/streak > validation cache > uses LRU eviction so frequently accessed entries survive
[32m[INFO][0m Streak request completed {"source":"streak","user":"octocat","view":"default","format":"svg","status":200,"durationMs":1,"requestId":"66c2d668-5b0a-4ffa-a90a-050d73d7d4e0"}

stdout | app/api/streak/route.test.ts > GET /api/streak > validation cache > uses LRU eviction so frequently accessed entries survive
[32m[INFO][0m Incoming streak request {"source":"streak","user":"octocat","view":"default","requestId":"90709473-8ca7-412d-92ea-36bab531fe1b"}

stdout | app/api/streak/route.test.ts > GET /api/streak > validation cache > uses LRU eviction so frequently accessed entries survive
[32m[INFO][0m Streak request completed {"source":"streak","user":"octocat","view":"default","format":"svg","status":200,"durationMs":1,"requestId":"90709473-8ca7-412d-92ea-36bab531fe1b"}

stdout | app/api/streak/route.test.ts > GET /api/streak > validation cache > uses LRU eviction so frequently accessed entries survive
[32m[INFO][0m Incoming streak request {"source":"streak","user":"octocat","view":"default","requestId":"878e8981-920e-48e2-9998-b58221d8ab95"}

stdout | app/api/streak/route.test.ts > GET /api/streak > validation cache > uses LRU eviction so frequently accessed entries survive
[32m[INFO][0m Streak request completed {"source":"streak","user":"octocat","view":"default","format":"svg","status":200,"durationMs":1,"requestId":"878e8981-920e-48e2-9998-b58221d8ab95"}

stdout | app/api/streak/route.test.ts > GET /api/streak > validation cache > uses LRU eviction so frequently accessed entries survive
[32m[INFO][0m Incoming streak request {"source":"streak","user":"octocat","view":"default","requestId":"808087bb-4487-490c-a32a-131c7148cefa"}

stdout | app/api/streak/route.test.ts > GET /api/streak > validation cache > uses LRU eviction so frequently accessed entries survive
[32m[INFO][0m Streak request completed {"source":"streak","user":"octocat","view":"default","format":"svg","status":200,"durationMs":2,"requestId":"808087bb-4487-490c-a32a-131c7148cefa"}

stdout | app/api/streak/route.test.ts > GET /api/streak > validation cache > uses LRU eviction so frequently accessed entries survive
[32m[INFO][0m Incoming streak request {"source":"streak","user":"octocat","view":"default","requestId":"e998a047-a9db-415e-9c69-eb4b6ee7f7bf"}

stdout | app/api/streak/route.test.ts > GET /api/streak > validation cache > uses LRU eviction so frequently accessed entries survive
[32m[INFO][0m Streak request completed {"source":"streak","user":"octocat","view":"default","format":"svg","status":200,"durationMs":1,"requestId":"e998a047-a9db-415e-9c69-eb4b6ee7f7bf"}

stdout | app/api/streak/route.test.ts > GET /api/streak > validation cache > uses LRU eviction so frequently accessed entries survive
[32m[INFO][0m Incoming streak request {"source":"streak","user":"octocat","view":"default","requestId":"f2ea62c8-0cca-4923-8cd8-2e5ce1e01b33"}

stdout | app/api/streak/route.test.ts > GET /api/streak > validation cache > uses LRU eviction so frequently accessed entries survive
[32m[INFO][0m Streak request completed {"source":"streak","user":"octocat","view":"default","format":"svg","status":200,"durationMs":2,"requestId":"f2ea62c8-0cca-4923-8cd8-2e5ce1e01b33"}

stdout | app/api/streak/route.test.ts > GET /api/streak > validation cache > uses LRU eviction so frequently accessed entries survive
[32m[INFO][0m Incoming streak request {"source":"streak","user":"octocat","view":"default","requestId":"722a98a3-1aad-4e69-8691-9360b16619d1"}

stdout | app/api/streak/route.test.ts > GET /api/streak > validation cache > uses LRU eviction so frequently accessed entries survive
[32m[INFO][0m Streak request completed {"source":"streak","user":"octocat","view":"default","format":"svg","status":200,"durationMs":2,"requestId":"722a98a3-1aad-4e69-8691-9360b16619d1"}

stdout | app/api/streak/route.test.ts > GET /api/streak > validation cache > uses LRU eviction so frequently accessed entries survive
[32m[INFO][0m Incoming streak request {"source":"streak","user":"octocat","view":"default","requestId":"0c80c81f-e848-4965-8efb-fb7c167be4d4"}

stdout | app/api/streak/route.test.ts > GET /api/streak > validation cache > uses LRU eviction so frequently accessed entries survive
[32m[INFO][0m Streak request completed {"source":"streak","user":"octocat","view":"default","format":"svg","status":200,"durationMs":2,"requestId":"0c80c81f-e848-4965-8efb-fb7c167be4d4"}

stdout | app/api/streak/route.test.ts > GET /api/streak > validation cache > uses LRU eviction so frequently accessed entries survive
[32m[INFO][0m Incoming streak request {"source":"streak","user":"octocat","view":"default","requestId":"3212ec5c-d0f7-4178-a9a8-9ba590992141"}

stdout | app/api/streak/route.test.ts > GET /api/streak > validation cache > uses LRU eviction so frequently accessed entries survive
[32m[INFO][0m Streak request completed {"source":"streak","user":"octocat","view":"default","format":"svg","status":200,"durationMs":3,"requestId":"3212ec5c-d0f7-4178-a9a8-9ba590992141"}

stdout | app/api/streak/route.test.ts > GET /api/streak > validation cache > uses LRU eviction so frequently accessed entries survive
[32m[INFO][0m Incoming streak request {"source":"streak","user":"octocat","view":"default","requestId":"b10d4df0-7132-4d4f-a523-a79b24443201"}

stdout | app/api/streak/route.test.ts > GET /api/streak > validation cache > uses LRU eviction so frequently accessed entries survive
[32m[INFO][0m Streak request completed {"source":"streak","user":"octocat","view":"default","format":"svg","status":200,"durationMs":2,"requestId":"b10d4df0-7132-4d4f-a523-a79b24443201"}

stdout | app/api/streak/route.test.ts > GET /api/streak > validation cache > uses LRU eviction so frequently accessed entries survive
[32m[INFO][0m Incoming streak request {"source":"streak","user":"octocat","view":"default","requestId":"6b7a9f70-218c-4a52-9de0-63604a630fc2"}

stdout | app/api/streak/route.test.ts > GET /api/streak > validation cache > uses LRU eviction so frequently accessed entries survive
[32m[INFO][0m Streak request completed {"source":"streak","user":"octocat","view":"default","format":"svg","status":200,"durationMs":7,"requestId":"6b7a9f70-218c-4a52-9de0-63604a630fc2"}

stdout | app/api/streak/route.test.ts > GET /api/streak > validation cache > uses LRU eviction so frequently accessed entries survive
[32m[INFO][0m Incoming streak request {"source":"streak","user":"octocat","view":"default","requestId":"6ac7d66d-3729-49a2-af2f-2ce24318cb75"}

stdout | app/api/streak/route.test.ts > GET /api/streak > validation cache > uses LRU eviction so frequently accessed entries survive
[32m[INFO][0m Streak request completed {"source":"streak","user":"octocat","view":"default","format":"svg","status":200,"durationMs":2,"requestId":"6ac7d66d-3729-49a2-af2f-2ce24318cb75"}

stdout | app/api/streak/route.test.ts > GET /api/streak > validation cache > uses LRU eviction so frequently accessed entries survive
[32m[INFO][0m Incoming streak request {"source":"streak","user":"octocat","view":"default","requestId":"3d0bcc1d-5e9c-4639-abde-732f6868e655"}

stdout | app/api/streak/route.test.ts > GET /api/streak > validation cache > uses LRU eviction so frequently accessed entries survive
[32m[INFO][0m Streak request completed {"source":"streak","user":"octocat","view":"default","format":"svg","status":200,"durationMs":1,"requestId":"3d0bcc1d-5e9c-4639-abde-732f6868e655"}

stdout | app/api/streak/route.test.ts > GET /api/streak > validation cache > uses LRU eviction so frequently accessed entries survive
[32m[INFO][0m Incoming streak request {"source":"streak","user":"octocat","view":"default","requestId":"e628ab12-ce43-4e8e-86c1-ca6fc2ee3c99"}

stdout | app/api/streak/route.test.ts > GET /api/streak > validation cache > uses LRU eviction so frequently accessed entries survive
[32m[INFO][0m Streak request completed {"source":"streak","user":"octocat","view":"default","format":"svg","status":200,"durationMs":5,"requestId":"e628ab12-ce43-4e8e-86c1-ca6fc2ee3c99"}

stdout | app/api/streak/route.test.ts > GET /api/streak > validation cache > uses LRU eviction so frequently accessed entries survive
[32m[INFO][0m Incoming streak request {"source":"streak","user":"octocat","view":"default","requestId":"7b7abf0c-6a30-4b0b-aa6b-638be3a0e2b8"}

stdout | app/api/streak/route.test.ts > GET /api/streak > validation cache > uses LRU eviction so frequently accessed entries survive
[32m[INFO][0m Streak request completed {"source":"streak","user":"octocat","view":"default","format":"svg","status":200,"durationMs":1,"requestId":"7b7abf0c-6a30-4b0b-aa6b-638be3a0e2b8"}

stdout | app/api/streak/route.test.ts > GET /api/streak > validation cache > uses LRU eviction so frequently accessed entries survive
[32m[INFO][0m Incoming streak request {"source":"streak","user":"octocat","view":"default","requestId":"e45e5fd6-3db2-44e8-953c-13bc81d2da16"}

stdout | app/api/streak/route.test.ts > GET /api/streak > validation cache > uses LRU eviction so frequently accessed entries survive
[32m[INFO][0m Streak request completed {"source":"streak","user":"octocat","view":"default","format":"svg","status":200,"durationMs":1,"requestId":"e45e5fd6-3db2-44e8-953c-13bc81d2da16"}

stdout | app/api/streak/route.test.ts > GET /api/streak > validation cache > uses LRU eviction so frequently accessed entries survive
[32m[INFO][0m Incoming streak request {"source":"streak","user":"octocat","view":"default","requestId":"0988b4f7-e86f-4f6f-8b35-e7b7bdb4ac86"}

stdout | app/api/streak/route.test.ts > GET /api/streak > validation cache > uses LRU eviction so frequently accessed entries survive
[32m[INFO][0m Streak request completed {"source":"streak","user":"octocat","view":"default","format":"svg","status":200,"durationMs":0,"requestId":"0988b4f7-e86f-4f6f-8b35-e7b7bdb4ac86"}

stdout | app/api/streak/route.test.ts > GET /api/streak > validation cache > uses LRU eviction so frequently accessed entries survive
[32m[INFO][0m Incoming streak request {"source":"streak","user":"octocat","view":"default","requestId":"b374b76e-b4db-4386-b4d8-a52c240ad665"}

stdout | app/api/streak/route.test.ts > GET /api/streak > validation cache > uses LRU eviction so frequently accessed entries survive
[32m[INFO][0m Streak request completed {"source":"streak","user":"octocat","view":"default","format":"svg","status":200,"durationMs":0,"requestId":"b374b76e-b4db-4386-b4d8-a52c240ad665"}

stdout | app/api/streak/route.test.ts > GET /api/streak > validation cache > uses LRU eviction so frequently accessed entries survive
[32m[INFO][0m Incoming streak request {"source":"streak","user":"octocat","view":"default","requestId":"10f9eecb-d78a-4f96-9636-3e75a3292b35"}

stdout | app/api/streak/route.test.ts > GET /api/streak > validation cache > uses LRU eviction so frequently accessed entries survive
[32m[INFO][0m Streak request completed {"source":"streak","user":"octocat","view":"default","format":"svg","status":200,"durationMs":4,"requestId":"10f9eecb-d78a-4f96-9636-3e75a3292b35"}

stdout | app/api/streak/route.test.ts > GET /api/streak > validation cache > uses LRU eviction so frequently accessed entries survive
[32m[INFO][0m Incoming streak request {"source":"streak","user":"octocat","view":"default","requestId":"29241279-04b8-4518-830d-20e7c8f361b5"}

stdout | app/api/streak/route.test.ts > GET /api/streak > validation cache > uses LRU eviction so frequently accessed entries survive
[32m[INFO][0m Streak request completed {"source":"streak","user":"octocat","view":"default","format":"svg","status":200,"durationMs":1,"requestId":"29241279-04b8-4518-830d-20e7c8f361b5"}

stdout | app/api/streak/route.test.ts > GET /api/streak > validation cache > uses LRU eviction so frequently accessed entries survive
[32m[INFO][0m Incoming streak request {"source":"streak","user":"octocat","view":"default","requestId":"0bffe253-42f0-4a4e-b337-0ce0a11e49f2"}

stdout | app/api/streak/route.test.ts > GET /api/streak > validation cache > uses LRU eviction so frequently accessed entries survive
[32m[INFO][0m Streak request completed {"source":"streak","user":"octocat","view":"default","format":"svg","status":200,"durationMs":2,"requestId":"0bffe253-42f0-4a4e-b337-0ce0a11e49f2"}

stdout | app/api/streak/route.test.ts > GET /api/streak > validation cache > uses LRU eviction so frequently accessed entries survive
[32m[INFO][0m Incoming streak request {"source":"streak","user":"octocat","view":"default","requestId":"a7f1ad1b-e899-48bc-8501-39e7f4f9cc68"}

stdout | app/api/streak/route.test.ts > GET /api/streak > validation cache > uses LRU eviction so frequently accessed entries survive
[32m[INFO][0m Streak request completed {"source":"streak","user":"octocat","view":"default","format":"svg","status":200,"durationMs":1,"requestId":"a7f1ad1b-e899-48bc-8501-39e7f4f9cc68"}

stdout | app/api/streak/route.test.ts > GET /api/streak > validation cache > uses LRU eviction so frequently accessed entries survive
[32m[INFO][0m Incoming streak request {"source":"streak","user":"octocat","view":"default","requestId":"bd2d5e0a-7cf9-40f0-9951-e70e22fb81e3"}

stdout | app/api/streak/route.test.ts > GET /api/streak > validation cache > uses LRU eviction so frequently accessed entries survive
[32m[INFO][0m Streak request completed {"source":"streak","user":"octocat","view":"default","format":"svg","status":200,"durationMs":1,"requestId":"bd2d5e0a-7cf9-40f0-9951-e70e22fb81e3"}

stdout | app/api/streak/route.test.ts > GET /api/streak > validation cache > uses LRU eviction so frequently accessed entries survive
[32m[INFO][0m Incoming streak request {"source":"streak","user":"octocat","view":"default","requestId":"7cb33813-83e5-4a18-93b9-a071386a4571"}

stdout | app/api/streak/route.test.ts > GET /api/streak > validation cache > uses LRU eviction so frequently accessed entries survive
[32m[INFO][0m Streak request completed {"source":"streak","user":"octocat","view":"default","format":"svg","status":200,"durationMs":1,"requestId":"7cb33813-83e5-4a18-93b9-a071386a4571"}

stdout | app/api/streak/route.test.ts > GET /api/streak > validation cache > uses LRU eviction so frequently accessed entries survive
[32m[INFO][0m Incoming streak request {"source":"streak","user":"octocat","view":"default","requestId":"480a0d9f-38a9-46fc-8461-a8853e4d0e25"}

stdout | app/api/streak/route.test.ts > GET /api/streak > validation cache > uses LRU eviction so frequently accessed entries survive
[32m[INFO][0m Streak request completed {"source":"streak","user":"octocat","view":"default","format":"svg","status":200,"durationMs":1,"requestId":"480a0d9f-38a9-46fc-8461-a8853e4d0e25"}

stdout | app/api/streak/route.test.ts > GET /api/streak > validation cache > uses LRU eviction so frequently accessed entries survive
[32m[INFO][0m Incoming streak request {"source":"streak","user":"octocat","view":"default","requestId":"e65fe334-ddfb-454d-a97f-84a26caea6e7"}

stdout | app/api/streak/route.test.ts > GET /api/streak > validation cache > uses LRU eviction so frequently accessed entries survive
[32m[INFO][0m Streak request completed {"source":"streak","user":"octocat","view":"default","format":"svg","status":200,"durationMs":0,"requestId":"e65fe334-ddfb-454d-a97f-84a26caea6e7"}

stdout | app/api/streak/route.test.ts > GET /api/streak > validation cache > uses LRU eviction so frequently accessed entries survive
[32m[INFO][0m Incoming streak request {"source":"streak","user":"octocat","view":"default","requestId":"138f0ceb-00be-4bd4-8073-f74da6df5c9e"}

stdout | app/api/streak/route.test.ts > GET /api/streak > validation cache > uses LRU eviction so frequently accessed entries survive
[32m[INFO][0m Streak request completed {"source":"streak","user":"octocat","view":"default","format":"svg","status":200,"durationMs":1,"requestId":"138f0ceb-00be-4bd4-8073-f74da6df5c9e"}

stdout | app/api/streak/route.test.ts > GET /api/streak > validation cache > uses LRU eviction so frequently accessed entries survive
[32m[INFO][0m Incoming streak request {"source":"streak","user":"octocat","view":"default","requestId":"0b351a2a-a532-4d4d-816e-260e161d88d1"}

stdout | app/api/streak/route.test.ts > GET /api/streak > validation cache > uses LRU eviction so frequently accessed entries survive
[32m[INFO][0m Streak request completed {"source":"streak","user":"octocat","view":"default","format":"svg","status":200,"durationMs":0,"requestId":"0b351a2a-a532-4d4d-816e-260e161d88d1"}

stdout | app/api/streak/route.test.ts > GET /api/streak > validation cache > uses LRU eviction so frequently accessed entries survive
[32m[INFO][0m Incoming streak request {"source":"streak","user":"octocat","view":"default","requestId":"a3fc2624-1e5f-49b4-a928-ade7c00483c1"}

stdout | app/api/streak/route.test.ts > GET /api/streak > validation cache > uses LRU eviction so frequently accessed entries survive
[32m[INFO][0m Streak request completed {"source":"streak","user":"octocat","view":"default","format":"svg","status":200,"durationMs":1,"requestId":"a3fc2624-1e5f-49b4-a928-ade7c00483c1"}

stdout | app/api/streak/route.test.ts > GET /api/streak > validation cache > uses LRU eviction so frequently accessed entries survive
[32m[INFO][0m Incoming streak request {"source":"streak","user":"octocat","view":"default","requestId":"3ac843d9-3633-4438-a3bd-09a37fb559a5"}

stdout | app/api/streak/route.test.ts > GET /api/streak > validation cache > uses LRU eviction so frequently accessed entries survive
[32m[INFO][0m Streak request completed {"source":"streak","user":"octocat","view":"default","format":"svg","status":200,"durationMs":1,"requestId":"3ac843d9-3633-4438-a3bd-09a37fb559a5"}

stdout | app/api/streak/route.test.ts > GET /api/streak > validation cache > uses LRU eviction so frequently accessed entries survive
[32m[INFO][0m Incoming streak request {"source":"streak","user":"octocat","view":"default","requestId":"a03db941-d4b6-47ca-a320-0b375f9ce6db"}

stdout | app/api/streak/route.test.ts > GET /api/streak > validation cache > uses LRU eviction so frequently accessed entries survive
[32m[INFO][0m Streak request completed {"source":"streak","user":"octocat","view":"default","format":"svg","status":200,"durationMs":1,"requestId":"a03db941-d4b6-47ca-a320-0b375f9ce6db"}

stdout | app/api/streak/route.test.ts > GET /api/streak > validation cache > uses LRU eviction so frequently accessed entries survive
[32m[INFO][0m Incoming streak request {"source":"streak","user":"octocat","view":"default","requestId":"cf44c5b7-cc59-4e66-af13-8e06c5a6ebe5"}

stdout | app/api/streak/route.test.ts > GET /api/streak > validation cache > uses LRU eviction so frequently accessed entries survive
[32m[INFO][0m Streak request completed {"source":"streak","user":"octocat","view":"default","format":"svg","status":200,"durationMs":2,"requestId":"cf44c5b7-cc59-4e66-af13-8e06c5a6ebe5"}

stdout | app/api/streak/route.test.ts > GET /api/streak > validation cache > uses LRU eviction so frequently accessed entries survive
[32m[INFO][0m Incoming streak request {"source":"streak","user":"octocat","view":"default","requestId":"3d25cb86-efd3-41e3-95a2-9cdf6bd9b780"}

stdout | app/api/streak/route.test.ts > GET /api/streak > validation cache > uses LRU eviction so frequently accessed entries survive
[32m[INFO][0m Streak request completed {"source":"streak","user":"octocat","view":"default","format":"svg","status":200,"durationMs":1,"requestId":"3d25cb86-efd3-41e3-95a2-9cdf6bd9b780"}

stdout | app/api/streak/route.test.ts > GET /api/streak > validation cache > uses LRU eviction so frequently accessed entries survive
[32m[INFO][0m Incoming streak request {"source":"streak","user":"octocat","view":"default","requestId":"c5ab038a-d0eb-456d-b601-be383baff3fc"}

stdout | app/api/streak/route.test.ts > GET /api/streak > validation cache > uses LRU eviction so frequently accessed entries survive
[32m[INFO][0m Streak request completed {"source":"streak","user":"octocat","view":"default","format":"svg","status":200,"durationMs":1,"requestId":"c5ab038a-d0eb-456d-b601-be383baff3fc"}

stdout | app/api/streak/route.test.ts > GET /api/streak > validation cache > uses LRU eviction so frequently accessed entries survive
[32m[INFO][0m Incoming streak request {"source":"streak","user":"octocat","view":"default","requestId":"efe3955b-e6e4-414d-b167-cd40adbb5431"}

stdout | app/api/streak/route.test.ts > GET /api/streak > validation cache > uses LRU eviction so frequently accessed entries survive
[32m[INFO][0m Streak request completed {"source":"streak","user":"octocat","view":"default","format":"svg","status":200,"durationMs":0,"requestId":"efe3955b-e6e4-414d-b167-cd40adbb5431"}

stdout | app/api/streak/route.test.ts > GET /api/streak > validation cache > uses LRU eviction so frequently accessed entries survive
[32m[INFO][0m Incoming streak request {"source":"streak","user":"octocat","view":"default","requestId":"6cbeca80-b51a-426d-a899-61a4e4e0d433"}

stdout | app/api/streak/route.test.ts > GET /api/streak > validation cache > uses LRU eviction so frequently accessed entries survive
[32m[INFO][0m Streak request completed {"source":"streak","user":"octocat","view":"default","format":"svg","status":200,"durationMs":1,"requestId":"6cbeca80-b51a-426d-a899-61a4e4e0d433"}

stdout | app/api/streak/route.test.ts > GET /api/streak > validation cache > uses LRU eviction so frequently accessed entries survive
[32m[INFO][0m Incoming streak request {"source":"streak","user":"octocat","view":"default","requestId":"87a66a0a-2136-4687-a87f-994fe6daeb22"}

stdout | app/api/streak/route.test.ts > GET /api/streak > validation cache > uses LRU eviction so frequently accessed entries survive
[32m[INFO][0m Streak request completed {"source":"streak","user":"octocat","view":"default","format":"svg","status":200,"durationMs":1,"requestId":"87a66a0a-2136-4687-a87f-994fe6daeb22"}

stdout | app/api/streak/route.test.ts > GET /api/streak > validation cache > uses LRU eviction so frequently accessed entries survive
[32m[INFO][0m Incoming streak request {"source":"streak","user":"octocat","view":"default","requestId":"2ccd8edc-d19f-42a2-b3fb-439ad6bafc84"}

stdout | app/api/streak/route.test.ts > GET /api/streak > validation cache > uses LRU eviction so frequently accessed entries survive
[32m[INFO][0m Streak request completed {"source":"streak","user":"octocat","view":"default","format":"svg","status":200,"durationMs":1,"requestId":"2ccd8edc-d19f-42a2-b3fb-439ad6bafc84"}

stdout | app/api/streak/route.test.ts > GET /api/streak > validation cache > uses LRU eviction so frequently accessed entries survive
[32m[INFO][0m Incoming streak request {"source":"streak","user":"octocat","view":"default","requestId":"49067e3d-76be-45b1-9e41-eb30d93d9b21"}

stdout | app/api/streak/route.test.ts > GET /api/streak > validation cache > uses LRU eviction so frequently accessed entries survive
[32m[INFO][0m Streak request completed {"source":"streak","user":"octocat","view":"default","format":"svg","status":200,"durationMs":1,"requestId":"49067e3d-76be-45b1-9e41-eb30d93d9b21"}

stdout | app/api/streak/route.test.ts > GET /api/streak > validation cache > uses LRU eviction so frequently accessed entries survive
[32m[INFO][0m Incoming streak request {"source":"streak","user":"octocat","view":"default","requestId":"e889100a-c225-4f70-bb17-3b7bf6693133"}

stdout | app/api/streak/route.test.ts > GET /api/streak > validation cache > uses LRU eviction so frequently accessed entries survive
[32m[INFO][0m Streak request completed {"source":"streak","user":"octocat","view":"default","format":"svg","status":200,"durationMs":1,"requestId":"e889100a-c225-4f70-bb17-3b7bf6693133"}

stdout | app/api/streak/route.test.ts > GET /api/streak > validation cache > uses LRU eviction so frequently accessed entries survive
[32m[INFO][0m Incoming streak request {"source":"streak","user":"octocat","view":"default","requestId":"5b1380e6-7a39-4214-b0b7-e6954895f7ed"}

stdout | app/api/streak/route.test.ts > GET /api/streak > validation cache > uses LRU eviction so frequently accessed entries survive
[32m[INFO][0m Streak request completed {"source":"streak","user":"octocat","view":"default","format":"svg","status":200,"durationMs":1,"requestId":"5b1380e6-7a39-4214-b0b7-e6954895f7ed"}

stdout | app/api/streak/route.test.ts > GET /api/streak > validation cache > uses LRU eviction so frequently accessed entries survive
[32m[INFO][0m Incoming streak request {"source":"streak","user":"octocat","view":"default","requestId":"b43159c3-dbb1-4ba2-a1f2-5ff7877227fc"}

stdout | app/api/streak/route.test.ts > GET /api/streak > validation cache > uses LRU eviction so frequently accessed entries survive
[32m[INFO][0m Streak request completed {"source":"streak","user":"octocat","view":"default","format":"svg","status":200,"durationMs":1,"requestId":"b43159c3-dbb1-4ba2-a1f2-5ff7877227fc"}

stdout | app/api/streak/route.test.ts > GET /api/streak > validation cache > uses LRU eviction so frequently accessed entries survive
[32m[INFO][0m Incoming streak request {"source":"streak","user":"octocat","view":"default","requestId":"9ea8e984-fade-4c32-a68b-a272d0c2bcef"}

stdout | app/api/streak/route.test.ts > GET /api/streak > validation cache > uses LRU eviction so frequently accessed entries survive
[32m[INFO][0m Streak request completed {"source":"streak","user":"octocat","view":"default","format":"svg","status":200,"durationMs":1,"requestId":"9ea8e984-fade-4c32-a68b-a272d0c2bcef"}

stdout | app/api/streak/route.test.ts > GET /api/streak > validation cache > uses LRU eviction so frequently accessed entries survive
[32m[INFO][0m Incoming streak request {"source":"streak","user":"octocat","view":"default","requestId":"94656c1f-06f1-4d56-b5df-8a2bf43c1c70"}

stdout | app/api/streak/route.test.ts > GET /api/streak > validation cache > uses LRU eviction so frequently accessed entries survive
[32m[INFO][0m Streak request completed {"source":"streak","user":"octocat","view":"default","format":"svg","status":200,"durationMs":1,"requestId":"94656c1f-06f1-4d56-b5df-8a2bf43c1c70"}

stdout | app/api/streak/route.test.ts > GET /api/streak > validation cache > uses LRU eviction so frequently accessed entries survive
[32m[INFO][0m Incoming streak request {"source":"streak","user":"octocat","view":"default","requestId":"cc4b77e7-e2a0-4a0d-bf06-2ba1f18eb3ba"}

stdout | app/api/streak/route.test.ts > GET /api/streak > validation cache > uses LRU eviction so frequently accessed entries survive
[32m[INFO][0m Streak request completed {"source":"streak","user":"octocat","view":"default","format":"svg","status":200,"durationMs":1,"requestId":"cc4b77e7-e2a0-4a0d-bf06-2ba1f18eb3ba"}

stdout | app/api/streak/route.test.ts > GET /api/streak > validation cache > uses LRU eviction so frequently accessed entries survive
[32m[INFO][0m Incoming streak request {"source":"streak","user":"octocat","view":"default","requestId":"12388b38-fb60-44df-94ef-c2e84898cb0a"}

stdout | app/api/streak/route.test.ts > GET /api/streak > validation cache > uses LRU eviction so frequently accessed entries survive
[32m[INFO][0m Streak request completed {"source":"streak","user":"octocat","view":"default","format":"svg","status":200,"durationMs":1,"requestId":"12388b38-fb60-44df-94ef-c2e84898cb0a"}

stdout | app/api/streak/route.test.ts > GET /api/streak > validation cache > uses LRU eviction so frequently accessed entries survive
[32m[INFO][0m Incoming streak request {"source":"streak","user":"octocat","view":"default","requestId":"4b959ac4-01fe-430a-b5c8-fa5bc777878a"}

stdout | app/api/streak/route.test.ts > GET /api/streak > validation cache > uses LRU eviction so frequently accessed entries survive
[32m[INFO][0m Streak request completed {"source":"streak","user":"octocat","view":"default","format":"svg","status":200,"durationMs":0,"requestId":"4b959ac4-01fe-430a-b5c8-fa5bc777878a"}

stdout | app/api/streak/route.test.ts > GET /api/streak > validation cache > uses LRU eviction so frequently accessed entries survive
[32m[INFO][0m Incoming streak request {"source":"streak","user":"octocat","view":"default","requestId":"e732b299-53b5-488b-a570-476781b4f80b"}

stdout | app/api/streak/route.test.ts > GET /api/streak > validation cache > uses LRU eviction so frequently accessed entries survive
[32m[INFO][0m Streak request completed {"source":"streak","user":"octocat","view":"default","format":"svg","status":200,"durationMs":1,"requestId":"e732b299-53b5-488b-a570-476781b4f80b"}

stdout | app/api/streak/route.test.ts > GET /api/streak > validation cache > uses LRU eviction so frequently accessed entries survive
[32m[INFO][0m Incoming streak request {"source":"streak","user":"octocat","view":"default","requestId":"45ba36c0-8123-44fc-8c73-6fcc419c2c36"}

stdout | app/api/streak/route.test.ts > GET /api/streak > validation cache > uses LRU eviction so frequently accessed entries survive
[32m[INFO][0m Streak request completed {"source":"streak","user":"octocat","view":"default","format":"svg","status":200,"durationMs":1,"requestId":"45ba36c0-8123-44fc-8c73-6fcc419c2c36"}

stdout | app/api/streak/route.test.ts > GET /api/streak > validation cache > uses LRU eviction so frequently accessed entries survive
[32m[INFO][0m Incoming streak request {"source":"streak","user":"octocat","view":"default","requestId":"c238161c-7b5f-44e1-9423-5be3b2e8c43e"}

stdout | app/api/streak/route.test.ts > GET /api/streak > validation cache > uses LRU eviction so frequently accessed entries survive
[32m[INFO][0m Streak request completed {"source":"streak","user":"octocat","view":"default","format":"svg","status":200,"durationMs":1,"requestId":"c238161c-7b5f-44e1-9423-5be3b2e8c43e"}

stdout | app/api/streak/route.test.ts > GET /api/streak > validation cache > uses LRU eviction so frequently accessed entries survive
[32m[INFO][0m Incoming streak request {"source":"streak","user":"octocat","view":"default","requestId":"29d993c1-2d61-48bc-b177-8fd7b2c0a631"}

stdout | app/api/streak/route.test.ts > GET /api/streak > validation cache > uses LRU eviction so frequently accessed entries survive
[32m[INFO][0m Streak request completed {"source":"streak","user":"octocat","view":"default","format":"svg","status":200,"durationMs":1,"requestId":"29d993c1-2d61-48bc-b177-8fd7b2c0a631"}

stdout | app/api/streak/route.test.ts > GET /api/streak > validation cache > uses LRU eviction so frequently accessed entries survive
[32m[INFO][0m Incoming streak request {"source":"streak","user":"octocat","view":"default","requestId":"d64dc272-4676-47a7-8fdc-c18642708a58"}

stdout | app/api/streak/route.test.ts > GET /api/streak > validation cache > uses LRU eviction so frequently accessed entries survive
[32m[INFO][0m Streak request completed {"source":"streak","user":"octocat","view":"default","format":"svg","status":200,"durationMs":1,"requestId":"d64dc272-4676-47a7-8fdc-c18642708a58"}

stdout | app/api/streak/route.test.ts > GET /api/streak > validation cache > uses LRU eviction so frequently accessed entries survive
[32m[INFO][0m Incoming streak request {"source":"streak","user":"octocat","view":"default","requestId":"3a296774-fcd2-4d5f-abf4-132b29377d27"}

stdout | app/api/streak/route.test.ts > GET /api/streak > validation cache > uses LRU eviction so frequently accessed entries survive
[32m[INFO][0m Streak request completed {"source":"streak","user":"octocat","view":"default","format":"svg","status":200,"durationMs":2,"requestId":"3a296774-fcd2-4d5f-abf4-132b29377d27"}

stdout | app/api/streak/route.test.ts > GET /api/streak > validation cache > uses LRU eviction so frequently accessed entries survive
[32m[INFO][0m Incoming streak request {"source":"streak","user":"octocat","view":"default","requestId":"34732152-be41-41c2-90b2-fa00bc45e68f"}

stdout | app/api/streak/route.test.ts > GET /api/streak > validation cache > uses LRU eviction so frequently accessed entries survive
[32m[INFO][0m Streak request completed {"source":"streak","user":"octocat","view":"default","format":"svg","status":200,"durationMs":1,"requestId":"34732152-be41-41c2-90b2-fa00bc45e68f"}

stdout | app/api/streak/route.test.ts > GET /api/streak > validation cache > uses LRU eviction so frequently accessed entries survive
[32m[INFO][0m Incoming streak request {"source":"streak","user":"octocat","view":"default","requestId":"88ac98d9-a0fa-45d9-a83c-d13c5f478653"}

stdout | app/api/streak/route.test.ts > GET /api/streak > validation cache > uses LRU eviction so frequently accessed entries survive
[32m[INFO][0m Streak request completed {"source":"streak","user":"octocat","view":"default","format":"svg","status":200,"durationMs":1,"requestId":"88ac98d9-a0fa-45d9-a83c-d13c5f478653"}

stdout | app/api/streak/route.test.ts > GET /api/streak > validation cache > uses LRU eviction so frequently accessed entries survive
[32m[INFO][0m Incoming streak request {"source":"streak","user":"octocat","view":"default","requestId":"c928d038-2913-4c90-9d35-39070ab550b0"}

stdout | app/api/streak/route.test.ts > GET /api/streak > validation cache > uses LRU eviction so frequently accessed entries survive
[32m[INFO][0m Streak request completed {"source":"streak","user":"octocat","view":"default","format":"svg","status":200,"durationMs":1,"requestId":"c928d038-2913-4c90-9d35-39070ab550b0"}

stdout | app/api/streak/route.test.ts > GET /api/streak > validation cache > uses LRU eviction so frequently accessed entries survive
[32m[INFO][0m Incoming streak request {"source":"streak","user":"octocat","view":"default","requestId":"e4b97a0a-d1ce-459b-962e-dce552fe4dfd"}

stdout | app/api/streak/route.test.ts > GET /api/streak > validation cache > uses LRU eviction so frequently accessed entries survive
[32m[INFO][0m Streak request completed {"source":"streak","user":"octocat","view":"default","format":"svg","status":200,"durationMs":2,"requestId":"e4b97a0a-d1ce-459b-962e-dce552fe4dfd"}

stdout | app/api/streak/route.test.ts > GET /api/streak > validation cache > uses LRU eviction so frequently accessed entries survive
[32m[INFO][0m Incoming streak request {"source":"streak","user":"octocat","view":"default","requestId":"3a2e9499-584b-40c0-9ab9-2220030553a1"}

stdout | app/api/streak/route.test.ts > GET /api/streak > validation cache > uses LRU eviction so frequently accessed entries survive
[32m[INFO][0m Streak request completed {"source":"streak","user":"octocat","view":"default","format":"svg","status":200,"durationMs":1,"requestId":"3a2e9499-584b-40c0-9ab9-2220030553a1"}

stdout | app/api/streak/route.test.ts > GET /api/streak > validation cache > uses LRU eviction so frequently accessed entries survive
[32m[INFO][0m Incoming streak request {"source":"streak","user":"octocat","view":"default","requestId":"c86c228c-d7c9-4693-9f14-bc6b20bb0982"}

stdout | app/api/streak/route.test.ts > GET /api/streak > validation cache > uses LRU eviction so frequently accessed entries survive
[32m[INFO][0m Streak request completed {"source":"streak","user":"octocat","view":"default","format":"svg","status":200,"durationMs":1,"requestId":"c86c228c-d7c9-4693-9f14-bc6b20bb0982"}

stdout | app/api/streak/route.test.ts > GET /api/streak > validation cache > uses LRU eviction so frequently accessed entries survive
[32m[INFO][0m Incoming streak request {"source":"streak","user":"octocat","view":"default","requestId":"78b56de7-cf25-4ea9-b941-86d0eb6423c3"}

stdout | app/api/streak/route.test.ts > GET /api/streak > validation cache > uses LRU eviction so frequently accessed entries survive
[32m[INFO][0m Streak request completed {"source":"streak","user":"octocat","view":"default","format":"svg","status":200,"durationMs":1,"requestId":"78b56de7-cf25-4ea9-b941-86d0eb6423c3"}

stdout | app/api/streak/route.test.ts > GET /api/streak > validation cache > uses LRU eviction so frequently accessed entries survive
[32m[INFO][0m Incoming streak request {"source":"streak","user":"octocat","view":"default","requestId":"fa947a9b-9895-423a-9b24-978efe38b007"}

stdout | app/api/streak/route.test.ts > GET /api/streak > validation cache > uses LRU eviction so frequently accessed entries survive
[32m[INFO][0m Streak request completed {"source":"streak","user":"octocat","view":"default","format":"svg","status":200,"durationMs":0,"requestId":"fa947a9b-9895-423a-9b24-978efe38b007"}

stdout | app/api/streak/route.test.ts > GET /api/streak > validation cache > uses LRU eviction so frequently accessed entries survive
[32m[INFO][0m Incoming streak request {"source":"streak","user":"octocat","view":"default","requestId":"82c701dc-27f6-4ba3-bb21-9a99ad0dc65f"}

stdout | app/api/streak/route.test.ts > GET /api/streak > validation cache > uses LRU eviction so frequently accessed entries survive
[32m[INFO][0m Streak request completed {"source":"streak","user":"octocat","view":"default","format":"svg","status":200,"durationMs":1,"requestId":"82c701dc-27f6-4ba3-bb21-9a99ad0dc65f"}

stdout | app/api/streak/route.test.ts > GET /api/streak > validation cache > uses LRU eviction so frequently accessed entries survive
[32m[INFO][0m Incoming streak request {"source":"streak","user":"octocat","view":"default","requestId":"58018987-5cb9-42c6-a979-130fb3ac6931"}

stdout | app/api/streak/route.test.ts > GET /api/streak > validation cache > uses LRU eviction so frequently accessed entries survive
[32m[INFO][0m Streak request completed {"source":"streak","user":"octocat","view":"default","format":"svg","status":200,"durationMs":1,"requestId":"58018987-5cb9-42c6-a979-130fb3ac6931"}

stdout | app/api/streak/route.test.ts > GET /api/streak > validation cache > uses LRU eviction so frequently accessed entries survive
[32m[INFO][0m Incoming streak request {"source":"streak","user":"octocat","view":"default","requestId":"b74c1c21-63a2-410d-93b3-a8c1feb801eb"}

stdout | app/api/streak/route.test.ts > GET /api/streak > validation cache > uses LRU eviction so frequently accessed entries survive
[32m[INFO][0m Streak request completed {"source":"streak","user":"octocat","view":"default","format":"svg","status":200,"durationMs":1,"requestId":"b74c1c21-63a2-410d-93b3-a8c1feb801eb"}

stdout | app/api/streak/route.test.ts > GET /api/streak > validation cache > uses LRU eviction so frequently accessed entries survive
[32m[INFO][0m Incoming streak request {"source":"streak","user":"octocat","view":"default","requestId":"76af6652-67eb-4d3f-be14-83559dee3105"}

stdout | app/api/streak/route.test.ts > GET /api/streak > validation cache > uses LRU eviction so frequently accessed entries survive
[32m[INFO][0m Streak request completed {"source":"streak","user":"octocat","view":"default","format":"svg","status":200,"durationMs":1,"requestId":"76af6652-67eb-4d3f-be14-83559dee3105"}

stdout | app/api/streak/route.test.ts > GET /api/streak > validation cache > uses LRU eviction so frequently accessed entries survive
[32m[INFO][0m Incoming streak request {"source":"streak","user":"octocat","view":"default","requestId":"f62c9d59-eab5-40c3-ae20-3356cdba8af8"}

stdout | app/api/streak/route.test.ts > GET /api/streak > validation cache > uses LRU eviction so frequently accessed entries survive
[32m[INFO][0m Streak request completed {"source":"streak","user":"octocat","view":"default","format":"svg","status":200,"durationMs":1,"requestId":"f62c9d59-eab5-40c3-ae20-3356cdba8af8"}

stdout | app/api/streak/route.test.ts > GET /api/streak > validation cache > uses LRU eviction so frequently accessed entries survive
[32m[INFO][0m Incoming streak request {"source":"streak","user":"octocat","view":"default","requestId":"2207a172-4a4c-4c5b-af4f-8e6f80923cba"}

stdout | app/api/streak/route.test.ts > GET /api/streak > validation cache > uses LRU eviction so frequently accessed entries survive
[32m[INFO][0m Streak request completed {"source":"streak","user":"octocat","view":"default","format":"svg","status":200,"durationMs":1,"requestId":"2207a172-4a4c-4c5b-af4f-8e6f80923cba"}

stdout | app/api/streak/route.test.ts > GET /api/streak > validation cache > uses LRU eviction so frequently accessed entries survive
[32m[INFO][0m Incoming streak request {"source":"streak","user":"octocat","view":"default","requestId":"ac112714-0edc-43f5-8082-acd48e9f691c"}

stdout | app/api/streak/route.test.ts > GET /api/streak > validation cache > uses LRU eviction so frequently accessed entries survive
[32m[INFO][0m Streak request completed {"source":"streak","user":"octocat","view":"default","format":"svg","status":200,"durationMs":0,"requestId":"ac112714-0edc-43f5-8082-acd48e9f691c"}

stdout | app/api/streak/route.test.ts > GET /api/streak > validation cache > uses LRU eviction so frequently accessed entries survive
[32m[INFO][0m Incoming streak request {"source":"streak","user":"octocat","view":"default","requestId":"79a0523a-b993-4490-8805-abe3b4c21589"}

stdout | app/api/streak/route.test.ts > GET /api/streak > validation cache > uses LRU eviction so frequently accessed entries survive
[32m[INFO][0m Streak request completed {"source":"streak","user":"octocat","view":"default","format":"svg","status":200,"durationMs":1,"requestId":"79a0523a-b993-4490-8805-abe3b4c21589"}

stdout | app/api/streak/route.test.ts > GET /api/streak > validation cache > uses LRU eviction so frequently accessed entries survive
[32m[INFO][0m Incoming streak request {"source":"streak","user":"octocat","view":"default","requestId":"c7528218-d7ff-4bc5-b981-1d393d03108d"}

stdout | app/api/streak/route.test.ts > GET /api/streak > validation cache > uses LRU eviction so frequently accessed entries survive
[32m[INFO][0m Streak request completed {"source":"streak","user":"octocat","view":"default","format":"svg","status":200,"durationMs":1,"requestId":"c7528218-d7ff-4bc5-b981-1d393d03108d"}

stdout | app/api/streak/route.test.ts > GET /api/streak > validation cache > uses LRU eviction so frequently accessed entries survive
[32m[INFO][0m Incoming streak request {"source":"streak","user":"octocat","view":"default","requestId":"352a4639-9bf0-4801-baf5-a99e954603eb"}

stdout | app/api/streak/route.test.ts > GET /api/streak > validation cache > uses LRU eviction so frequently accessed entries survive
[32m[INFO][0m Streak request completed {"source":"streak","user":"octocat","view":"default","format":"svg","status":200,"durationMs":4,"requestId":"352a4639-9bf0-4801-baf5-a99e954603eb"}

stdout | app/api/streak/route.test.ts > GET /api/streak > validation cache > uses LRU eviction so frequently accessed entries survive
[32m[INFO][0m Incoming streak request {"source":"streak","user":"octocat","view":"default","requestId":"f0b93eee-071d-4de2-b273-830cf47635e5"}

stdout | app/api/streak/route.test.ts > GET /api/streak > validation cache > uses LRU eviction so frequently accessed entries survive
[32m[INFO][0m Streak request completed {"source":"streak","user":"octocat","view":"default","format":"svg","status":200,"durationMs":1,"requestId":"f0b93eee-071d-4de2-b273-830cf47635e5"}

stdout | app/api/streak/route.test.ts > GET /api/streak > validation cache > uses LRU eviction so frequently accessed entries survive
[32m[INFO][0m Incoming streak request {"source":"streak","user":"octocat","view":"default","requestId":"f5b2cc40-5ded-4286-8edb-31c523ce3819"}

stdout | app/api/streak/route.test.ts > GET /api/streak > validation cache > uses LRU eviction so frequently accessed entries survive
[32m[INFO][0m Streak request completed {"source":"streak","user":"octocat","view":"default","format":"svg","status":200,"durationMs":4,"requestId":"f5b2cc40-5ded-4286-8edb-31c523ce3819"}

stdout | app/api/streak/route.test.ts > GET /api/streak > validation cache > uses LRU eviction so frequently accessed entries survive
[32m[INFO][0m Incoming streak request {"source":"streak","user":"octocat","view":"default","requestId":"5ae44f80-f5e8-43ea-98b8-861979c40aa9"}

stdout | app/api/streak/route.test.ts > GET /api/streak > validation cache > uses LRU eviction so frequently accessed entries survive
[32m[INFO][0m Streak request completed {"source":"streak","user":"octocat","view":"default","format":"svg","status":200,"durationMs":0,"requestId":"5ae44f80-f5e8-43ea-98b8-861979c40aa9"}

stdout | app/api/streak/route.test.ts > GET /api/streak > validation cache > uses LRU eviction so frequently accessed entries survive
[32m[INFO][0m Incoming streak request {"source":"streak","user":"octocat","view":"default","requestId":"cd97e30a-23fe-4c9f-b1ea-18b9d6a89189"}

stdout | app/api/streak/route.test.ts > GET /api/streak > validation cache > uses LRU eviction so frequently accessed entries survive
[32m[INFO][0m Streak request completed {"source":"streak","user":"octocat","view":"default","format":"svg","status":200,"durationMs":1,"requestId":"cd97e30a-23fe-4c9f-b1ea-18b9d6a89189"}

stdout | app/api/streak/route.test.ts > GET /api/streak > validation cache > uses LRU eviction so frequently accessed entries survive
[32m[INFO][0m Incoming streak request {"source":"streak","user":"octocat","view":"default","requestId":"615f4d16-c86c-4c23-a68d-b92a525795b7"}

stdout | app/api/streak/route.test.ts > GET /api/streak > validation cache > uses LRU eviction so frequently accessed entries survive
[32m[INFO][0m Streak request completed {"source":"streak","user":"octocat","view":"default","format":"svg","status":200,"durationMs":1,"requestId":"615f4d16-c86c-4c23-a68d-b92a525795b7"}

stdout | app/api/streak/route.test.ts > GET /api/streak > validation cache > uses LRU eviction so frequently accessed entries survive
[32m[INFO][0m Incoming streak request {"source":"streak","user":"octocat","view":"default","requestId":"5369237c-b682-4630-a84b-413a470ab387"}

stdout | app/api/streak/route.test.ts > GET /api/streak > validation cache > uses LRU eviction so frequently accessed entries survive
[32m[INFO][0m Streak request completed {"source":"streak","user":"octocat","view":"default","format":"svg","status":200,"durationMs":1,"requestId":"5369237c-b682-4630-a84b-413a470ab387"}

stdout | app/api/streak/route.test.ts > GET /api/streak > validation cache > uses LRU eviction so frequently accessed entries survive
[32m[INFO][0m Incoming streak request {"source":"streak","user":"octocat","view":"default","requestId":"8d302fa8-800c-4e7d-9073-045eaeed3386"}

stdout | app/api/streak/route.test.ts > GET /api/streak > validation cache > uses LRU eviction so frequently accessed entries survive
[32m[INFO][0m Streak request completed {"source":"streak","user":"octocat","view":"default","format":"svg","status":200,"durationMs":1,"requestId":"8d302fa8-800c-4e7d-9073-045eaeed3386"}

stdout | app/api/streak/route.test.ts > GET /api/streak > validation cache > uses LRU eviction so frequently accessed entries survive
[32m[INFO][0m Incoming streak request {"source":"streak","user":"octocat","view":"default","requestId":"17a9b72b-ad6a-4882-91a6-f4e971ab8b79"}

stdout | app/api/streak/route.test.ts > GET /api/streak > validation cache > uses LRU eviction so frequently accessed entries survive
[32m[INFO][0m Streak request completed {"source":"streak","user":"octocat","view":"default","format":"svg","status":200,"durationMs":1,"requestId":"17a9b72b-ad6a-4882-91a6-f4e971ab8b79"}

stdout | app/api/streak/route.test.ts > GET /api/streak > validation cache > uses LRU eviction so frequently accessed entries survive
[32m[INFO][0m Incoming streak request {"source":"streak","user":"octocat","view":"default","requestId":"33608f6c-a69c-47f5-9a36-a3f3073371a1"}

stdout | app/api/streak/route.test.ts > GET /api/streak > validation cache > uses LRU eviction so frequently accessed entries survive
[32m[INFO][0m Streak request completed {"source":"streak","user":"octocat","view":"default","format":"svg","status":200,"durationMs":1,"requestId":"33608f6c-a69c-47f5-9a36-a3f3073371a1"}

stdout | app/api/streak/route.test.ts > GET /api/streak > validation cache > uses LRU eviction so frequently accessed entries survive
[32m[INFO][0m Incoming streak request {"source":"streak","user":"octocat","view":"default","requestId":"3d5a0f1e-7153-420e-9bcb-abe306a9838c"}

stdout | app/api/streak/route.test.ts > GET /api/streak > validation cache > uses LRU eviction so frequently accessed entries survive
[32m[INFO][0m Streak request completed {"source":"streak","user":"octocat","view":"default","format":"svg","status":200,"durationMs":1,"requestId":"3d5a0f1e-7153-420e-9bcb-abe306a9838c"}

stdout | app/api/streak/route.test.ts > GET /api/streak > validation cache > uses LRU eviction so frequently accessed entries survive
[32m[INFO][0m Incoming streak request {"source":"streak","user":"octocat","view":"default","requestId":"63f2d3ae-925e-423f-9d3a-fadce8a0eb2e"}

stdout | app/api/streak/route.test.ts > GET /api/streak > validation cache > uses LRU eviction so frequently accessed entries survive
[32m[INFO][0m Streak request completed {"source":"streak","user":"octocat","view":"default","format":"svg","status":200,"durationMs":4,"requestId":"63f2d3ae-925e-423f-9d3a-fadce8a0eb2e"}

stdout | app/api/streak/route.test.ts > GET /api/streak > validation cache > uses LRU eviction so frequently accessed entries survive
[32m[INFO][0m Incoming streak request {"source":"streak","user":"octocat","view":"default","requestId":"ad05bace-9687-42ae-a88d-ee4f55b92628"}

stdout | app/api/streak/route.test.ts > GET /api/streak > validation cache > uses LRU eviction so frequently accessed entries survive
[32m[INFO][0m Streak request completed {"source":"streak","user":"octocat","view":"default","format":"svg","status":200,"durationMs":1,"requestId":"ad05bace-9687-42ae-a88d-ee4f55b92628"}

stdout | app/api/streak/route.test.ts > GET /api/streak > validation cache > uses LRU eviction so frequently accessed entries survive
[32m[INFO][0m Incoming streak request {"source":"streak","user":"octocat","view":"default","requestId":"cd42eadf-4c03-4dd0-b563-33ec3e489bc6"}

stdout | app/api/streak/route.test.ts > GET /api/streak > validation cache > uses LRU eviction so frequently accessed entries survive
[32m[INFO][0m Streak request completed {"source":"streak","user":"octocat","view":"default","format":"svg","status":200,"durationMs":2,"requestId":"cd42eadf-4c03-4dd0-b563-33ec3e489bc6"}

stdout | app/api/streak/route.test.ts > GET /api/streak > validation cache > uses LRU eviction so frequently accessed entries survive
[32m[INFO][0m Incoming streak request {"source":"streak","user":"octocat","view":"default","requestId":"69d51d32-87f7-45de-bbc6-a40685c24576"}

stdout | app/api/streak/route.test.ts > GET /api/streak > validation cache > uses LRU eviction so frequently accessed entries survive
[32m[INFO][0m Streak request completed {"source":"streak","user":"octocat","view":"default","format":"svg","status":200,"durationMs":2,"requestId":"69d51d32-87f7-45de-bbc6-a40685c24576"}

stdout | app/api/streak/route.test.ts > GET /api/streak > validation cache > uses LRU eviction so frequently accessed entries survive
[32m[INFO][0m Incoming streak request {"source":"streak","user":"octocat","view":"default","requestId":"4926611a-92ba-4df7-a953-b2a09e77d66f"}

stdout | app/api/streak/route.test.ts > GET /api/streak > validation cache > uses LRU eviction so frequently accessed entries survive
[32m[INFO][0m Streak request completed {"source":"streak","user":"octocat","view":"default","format":"svg","status":200,"durationMs":2,"requestId":"4926611a-92ba-4df7-a953-b2a09e77d66f"}

stdout | app/api/streak/route.test.ts > GET /api/streak > validation cache > uses LRU eviction so frequently accessed entries survive
[32m[INFO][0m Incoming streak request {"source":"streak","user":"octocat","view":"default","requestId":"1552ac47-3af8-454d-ab57-58b114928765"}

stdout | app/api/streak/route.test.ts > GET /api/streak > validation cache > uses LRU eviction so frequently accessed entries survive
[32m[INFO][0m Streak request completed {"source":"streak","user":"octocat","view":"default","format":"svg","status":200,"durationMs":2,"requestId":"1552ac47-3af8-454d-ab57-58b114928765"}

stdout | app/api/streak/route.test.ts > GET /api/streak > validation cache > uses LRU eviction so frequently accessed entries survive
[32m[INFO][0m Incoming streak request {"source":"streak","user":"octocat","view":"default","requestId":"771505a3-cd30-4132-ba1b-ee13cc2f4bb3"}

stdout | app/api/streak/route.test.ts > GET /api/streak > validation cache > uses LRU eviction so frequently accessed entries survive
[32m[INFO][0m Streak request completed {"source":"streak","user":"octocat","view":"default","format":"svg","status":200,"durationMs":1,"requestId":"771505a3-cd30-4132-ba1b-ee13cc2f4bb3"}

stdout | app/api/streak/route.test.ts > GET /api/streak > validation cache > uses LRU eviction so frequently accessed entries survive
[32m[INFO][0m Incoming streak request {"source":"streak","user":"octocat","view":"default","requestId":"6e7fd25a-20b0-4fe5-bc27-49cd941e2597"}

stdout | app/api/streak/route.test.ts > GET /api/streak > validation cache > uses LRU eviction so frequently accessed entries survive
[32m[INFO][0m Streak request completed {"source":"streak","user":"octocat","view":"default","format":"svg","status":200,"durationMs":1,"requestId":"6e7fd25a-20b0-4fe5-bc27-49cd941e2597"}

stdout | app/api/streak/route.test.ts > GET /api/streak > validation cache > uses LRU eviction so frequently accessed entries survive
[32m[INFO][0m Incoming streak request {"source":"streak","user":"octocat","view":"default","requestId":"2e33edcc-a513-408f-a97b-b6c36ea8d65d"}

stdout | app/api/streak/route.test.ts > GET /api/streak > validation cache > uses LRU eviction so frequently accessed entries survive
[32m[INFO][0m Streak request completed {"source":"streak","user":"octocat","view":"default","format":"svg","status":200,"durationMs":1,"requestId":"2e33edcc-a513-408f-a97b-b6c36ea8d65d"}

stdout | app/api/streak/route.test.ts > GET /api/streak > validation cache > uses LRU eviction so frequently accessed entries survive
[32m[INFO][0m Incoming streak request {"source":"streak","user":"octocat","view":"default","requestId":"e6246cc1-4e28-4694-96b8-9d83cd6b9793"}

stdout | app/api/streak/route.test.ts > GET /api/streak > validation cache > uses LRU eviction so frequently accessed entries survive
[32m[INFO][0m Streak request completed {"source":"streak","user":"octocat","view":"default","format":"svg","status":200,"durationMs":4,"requestId":"e6246cc1-4e28-4694-96b8-9d83cd6b9793"}

stdout | app/api/streak/route.test.ts > GET /api/streak > validation cache > uses LRU eviction so frequently accessed entries survive
[32m[INFO][0m Incoming streak request {"source":"streak","user":"octocat","view":"default","requestId":"5e46f284-8334-4040-b61b-5835901646b5"}

stdout | app/api/streak/route.test.ts > GET /api/streak > validation cache > uses LRU eviction so frequently accessed entries survive
[32m[INFO][0m Streak request completed {"source":"streak","user":"octocat","view":"default","format":"svg","status":200,"durationMs":1,"requestId":"5e46f284-8334-4040-b61b-5835901646b5"}

stdout | app/api/streak/route.test.ts > GET /api/streak > validation cache > uses LRU eviction so frequently accessed entries survive
[32m[INFO][0m Incoming streak request {"source":"streak","user":"octocat","view":"default","requestId":"456b6df8-a307-48a6-b1d3-f004e8db40fe"}

stdout | app/api/streak/route.test.ts > GET /api/streak > validation cache > uses LRU eviction so frequently accessed entries survive
[32m[INFO][0m Streak request completed {"source":"streak","user":"octocat","view":"default","format":"svg","status":200,"durationMs":1,"requestId":"456b6df8-a307-48a6-b1d3-f004e8db40fe"}

stdout | app/api/streak/route.test.ts > GET /api/streak > validation cache > uses LRU eviction so frequently accessed entries survive
[32m[INFO][0m Incoming streak request {"source":"streak","user":"octocat","view":"default","requestId":"91c22ec8-bc39-4152-8946-572c90394017"}

stdout | app/api/streak/route.test.ts > GET /api/streak > validation cache > uses LRU eviction so frequently accessed entries survive
[32m[INFO][0m Streak request completed {"source":"streak","user":"octocat","view":"default","format":"svg","status":200,"durationMs":6,"requestId":"91c22ec8-bc39-4152-8946-572c90394017"}

stdout | app/api/streak/route.test.ts > GET /api/streak > validation cache > uses LRU eviction so frequently accessed entries survive
[32m[INFO][0m Incoming streak request {"source":"streak","user":"octocat","view":"default","requestId":"03079eea-b207-44f6-91ce-350c984fdb92"}

stdout | app/api/streak/route.test.ts > GET /api/streak > validation cache > uses LRU eviction so frequently accessed entries survive
[32m[INFO][0m Streak request completed {"source":"streak","user":"octocat","view":"default","format":"svg","status":200,"durationMs":4,"requestId":"03079eea-b207-44f6-91ce-350c984fdb92"}

stdout | app/api/streak/route.test.ts > GET /api/streak > validation cache > uses LRU eviction so frequently accessed entries survive
[32m[INFO][0m Incoming streak request {"source":"streak","user":"octocat","view":"default","requestId":"0ca900fe-7502-455a-97a2-c35bfb5931c0"}

stdout | app/api/streak/route.test.ts > GET /api/streak > validation cache > uses LRU eviction so frequently accessed entries survive
[32m[INFO][0m Streak request completed {"source":"streak","user":"octocat","view":"default","format":"svg","status":200,"durationMs":3,"requestId":"0ca900fe-7502-455a-97a2-c35bfb5931c0"}

stdout | app/api/streak/route.test.ts > GET /api/streak > validation cache > uses LRU eviction so frequently accessed entries survive
[32m[INFO][0m Incoming streak request {"source":"streak","user":"octocat","view":"default","requestId":"2638b43b-8df9-4b0b-ad71-ed2db4380c55"}

stdout | app/api/streak/route.test.ts > GET /api/streak > validation cache > uses LRU eviction so frequently accessed entries survive
[32m[INFO][0m Streak request completed {"source":"streak","user":"octocat","view":"default","format":"svg","status":200,"durationMs":2,"requestId":"2638b43b-8df9-4b0b-ad71-ed2db4380c55"}

stdout | app/api/streak/route.test.ts > GET /api/streak > validation cache > uses LRU eviction so frequently accessed entries survive
[32m[INFO][0m Incoming streak request {"source":"streak","user":"octocat","view":"default","requestId":"22640b35-2ae6-49b8-81fe-194fa0e7895d"}

stdout | app/api/streak/route.test.ts > GET /api/streak > validation cache > uses LRU eviction so frequently accessed entries survive
[32m[INFO][0m Streak request completed {"source":"streak","user":"octocat","view":"default","format":"svg","status":200,"durationMs":0,"requestId":"22640b35-2ae6-49b8-81fe-194fa0e7895d"}

stdout | app/api/streak/route.test.ts > GET /api/streak > validation cache > uses LRU eviction so frequently accessed entries survive
[32m[INFO][0m Incoming streak request {"source":"streak","user":"octocat","view":"default","requestId":"f5b5f8d3-c934-4cc0-b544-e48bebdd5280"}

stdout | app/api/streak/route.test.ts > GET /api/streak > validation cache > uses LRU eviction so frequently accessed entries survive
[32m[INFO][0m Streak request completed {"source":"streak","user":"octocat","view":"default","format":"svg","status":200,"durationMs":1,"requestId":"f5b5f8d3-c934-4cc0-b544-e48bebdd5280"}

stdout | app/api/streak/route.test.ts > GET /api/streak > validation cache > uses LRU eviction so frequently accessed entries survive
[32m[INFO][0m Incoming streak request {"source":"streak","user":"octocat","view":"default","requestId":"45e1772e-4eb5-4e53-986c-8adf9e2eedb7"}

stdout | app/api/streak/route.test.ts > GET /api/streak > validation cache > uses LRU eviction so frequently accessed entries survive
[32m[INFO][0m Streak request completed {"source":"streak","user":"octocat","view":"default","format":"svg","status":200,"durationMs":2,"requestId":"45e1772e-4eb5-4e53-986c-8adf9e2eedb7"}

stdout | app/api/streak/route.test.ts > GET /api/streak > validation cache > uses LRU eviction so frequently accessed entries survive
[32m[INFO][0m Incoming streak request {"source":"streak","user":"octocat","view":"default","requestId":"d2e6a0fe-3b54-40b4-be7e-0c6876ffa722"}

stdout | app/api/streak/route.test.ts > GET /api/streak > validation cache > uses LRU eviction so frequently accessed entries survive
[32m[INFO][0m Streak request completed {"source":"streak","user":"octocat","view":"default","format":"svg","status":200,"durationMs":1,"requestId":"d2e6a0fe-3b54-40b4-be7e-0c6876ffa722"}

stdout | app/api/streak/route.test.ts > GET /api/streak > validation cache > uses LRU eviction so frequently accessed entries survive
[32m[INFO][0m Incoming streak request {"source":"streak","user":"octocat","view":"default","requestId":"fe35a060-c7af-4ccd-b166-65f686c6cdc4"}

stdout | app/api/streak/route.test.ts > GET /api/streak > validation cache > uses LRU eviction so frequently accessed entries survive
[32m[INFO][0m Streak request completed {"source":"streak","user":"octocat","view":"default","format":"svg","status":200,"durationMs":3,"requestId":"fe35a060-c7af-4ccd-b166-65f686c6cdc4"}

stdout | app/api/streak/route.test.ts > GET /api/streak > validation cache > uses LRU eviction so frequently accessed entries survive
[32m[INFO][0m Incoming streak request {"source":"streak","user":"octocat","view":"default","requestId":"732a28aa-bbca-44e3-9fbd-5d9c32f1e388"}

stdout | app/api/streak/route.test.ts > GET /api/streak > validation cache > uses LRU eviction so frequently accessed entries survive
[32m[INFO][0m Streak request completed {"source":"streak","user":"octocat","view":"default","format":"svg","status":200,"durationMs":2,"requestId":"732a28aa-bbca-44e3-9fbd-5d9c32f1e388"}

stdout | app/api/streak/route.test.ts > GET /api/streak > validation cache > uses LRU eviction so frequently accessed entries survive
[32m[INFO][0m Incoming streak request {"source":"streak","user":"octocat","view":"default","requestId":"d147af42-798a-47a4-ab68-1141f52b7491"}

stdout | app/api/streak/route.test.ts > GET /api/streak > validation cache > uses LRU eviction so frequently accessed entries survive
[32m[INFO][0m Streak request completed {"source":"streak","user":"octocat","view":"default","format":"svg","status":200,"durationMs":2,"requestId":"d147af42-798a-47a4-ab68-1141f52b7491"}

stdout | app/api/streak/route.test.ts > GET /api/streak > validation cache > uses LRU eviction so frequently accessed entries survive
[32m[INFO][0m Incoming streak request {"source":"streak","user":"octocat","view":"default","requestId":"4aa3cb36-ba8c-42eb-8b75-e62562244c61"}

stdout | app/api/streak/route.test.ts > GET /api/streak > validation cache > uses LRU eviction so frequently accessed entries survive
[32m[INFO][0m Streak request completed {"source":"streak","user":"octocat","view":"default","format":"svg","status":200,"durationMs":1,"requestId":"4aa3cb36-ba8c-42eb-8b75-e62562244c61"}

stdout | app/api/streak/route.test.ts > GET /api/streak > validation cache > uses LRU eviction so frequently accessed entries survive
[32m[INFO][0m Incoming streak request {"source":"streak","user":"octocat","view":"default","requestId":"21d2d711-f3e8-4186-b2e5-d510a840cc64"}

stdout | app/api/streak/route.test.ts > GET /api/streak > validation cache > uses LRU eviction so frequently accessed entries survive
[32m[INFO][0m Streak request completed {"source":"streak","user":"octocat","view":"default","format":"svg","status":200,"durationMs":1,"requestId":"21d2d711-f3e8-4186-b2e5-d510a840cc64"}

stdout | app/api/streak/route.test.ts > GET /api/streak > validation cache > uses LRU eviction so frequently accessed entries survive
[32m[INFO][0m Incoming streak request {"source":"streak","user":"octocat","view":"default","requestId":"52ec0af7-4193-448a-94a2-27fe7b71d327"}

stdout | app/api/streak/route.test.ts > GET /api/streak > validation cache > uses LRU eviction so frequently accessed entries survive
[32m[INFO][0m Streak request completed {"source":"streak","user":"octocat","view":"default","format":"svg","status":200,"durationMs":1,"requestId":"52ec0af7-4193-448a-94a2-27fe7b71d327"}

stdout | app/api/streak/route.test.ts > GET /api/streak > validation cache > uses LRU eviction so frequently accessed entries survive
[32m[INFO][0m Incoming streak request {"source":"streak","user":"octocat","view":"default","requestId":"341fe35e-428d-4494-bb09-c7704cc05036"}

stdout | app/api/streak/route.test.ts > GET /api/streak > validation cache > uses LRU eviction so frequently accessed entries survive
[32m[INFO][0m Streak request completed {"source":"streak","user":"octocat","view":"default","format":"svg","status":200,"durationMs":2,"requestId":"341fe35e-428d-4494-bb09-c7704cc05036"}

stdout | app/api/streak/route.test.ts > GET /api/streak > validation cache > uses LRU eviction so frequently accessed entries survive
[32m[INFO][0m Incoming streak request {"source":"streak","user":"octocat","view":"default","requestId":"a111a76e-2e67-444e-a6ce-208e924accbc"}

stdout | app/api/streak/route.test.ts > GET /api/streak > validation cache > uses LRU eviction so frequently accessed entries survive
[32m[INFO][0m Streak request completed {"source":"streak","user":"octocat","view":"default","format":"svg","status":200,"durationMs":0,"requestId":"a111a76e-2e67-444e-a6ce-208e924accbc"}

stdout | app/api/streak/route.test.ts > GET /api/streak > validation cache > uses LRU eviction so frequently accessed entries survive
[32m[INFO][0m Incoming streak request {"source":"streak","user":"octocat","view":"default","requestId":"ddee6dae-a9ca-4c20-a48c-40c70ed41d1e"}

stdout | app/api/streak/route.test.ts > GET /api/streak > validation cache > uses LRU eviction so frequently accessed entries survive
[32m[INFO][0m Streak request completed {"source":"streak","user":"octocat","view":"default","format":"svg","status":200,"durationMs":2,"requestId":"ddee6dae-a9ca-4c20-a48c-40c70ed41d1e"}

stdout | app/api/streak/route.test.ts > GET /api/streak > validation cache > uses LRU eviction so frequently accessed entries survive
[32m[INFO][0m Incoming streak request {"source":"streak","user":"octocat","view":"default","requestId":"0001be7b-6c6c-41ef-9efd-fdfcb0619464"}

stdout | app/api/streak/route.test.ts > GET /api/streak > validation cache > uses LRU eviction so frequently accessed entries survive
[32m[INFO][0m Streak request completed {"source":"streak","user":"octocat","view":"default","format":"svg","status":200,"durationMs":1,"requestId":"0001be7b-6c6c-41ef-9efd-fdfcb0619464"}

stdout | app/api/streak/route.test.ts > GET /api/streak > validation cache > uses LRU eviction so frequently accessed entries survive
[32m[INFO][0m Incoming streak request {"source":"streak","user":"octocat","view":"default","requestId":"4ffb85f9-93a3-463c-871d-5ce6dfbf9a1c"}

stdout | app/api/streak/route.test.ts > GET /api/streak > validation cache > uses LRU eviction so frequently accessed entries survive
[32m[INFO][0m Streak request completed {"source":"streak","user":"octocat","view":"default","format":"svg","status":200,"durationMs":3,"requestId":"4ffb85f9-93a3-463c-871d-5ce6dfbf9a1c"}

stdout | app/api/streak/route.test.ts > GET /api/streak > validation cache > uses LRU eviction so frequently accessed entries survive
[32m[INFO][0m Incoming streak request {"source":"streak","user":"octocat","view":"default","requestId":"8db2206e-8f87-4028-9c7a-027acad033c6"}

stdout | app/api/streak/route.test.ts > GET /api/streak > validation cache > uses LRU eviction so frequently accessed entries survive
[32m[INFO][0m Streak request completed {"source":"streak","user":"octocat","view":"default","format":"svg","status":200,"durationMs":1,"requestId":"8db2206e-8f87-4028-9c7a-027acad033c6"}

stdout | app/api/streak/route.test.ts > GET /api/streak > validation cache > uses LRU eviction so frequently accessed entries survive
[32m[INFO][0m Incoming streak request {"source":"streak","user":"octocat","view":"default","requestId":"84230502-eb23-49a7-8e63-6ac8ff525867"}

stdout | app/api/streak/route.test.ts > GET /api/streak > validation cache > uses LRU eviction so frequently accessed entries survive
[32m[INFO][0m Streak request completed {"source":"streak","user":"octocat","view":"default","format":"svg","status":200,"durationMs":0,"requestId":"84230502-eb23-49a7-8e63-6ac8ff525867"}

stdout | app/api/streak/route.test.ts > GET /api/streak > validation cache > uses LRU eviction so frequently accessed entries survive
[32m[INFO][0m Incoming streak request {"source":"streak","user":"octocat","view":"default","requestId":"990ed601-1a70-4ba6-9d09-7dbe67e2cab0"}

stdout | app/api/streak/route.test.ts > GET /api/streak > validation cache > uses LRU eviction so frequently accessed entries survive
[32m[INFO][0m Streak request completed {"source":"streak","user":"octocat","view":"default","format":"svg","status":200,"durationMs":4,"requestId":"990ed601-1a70-4ba6-9d09-7dbe67e2cab0"}

stdout | app/api/streak/route.test.ts > GET /api/streak > validation cache > uses LRU eviction so frequently accessed entries survive
[32m[INFO][0m Incoming streak request {"source":"streak","user":"octocat","view":"default","requestId":"f8b7e930-a7c5-4171-9907-d25b4f84f719"}

stdout | app/api/streak/route.test.ts > GET /api/streak > validation cache > uses LRU eviction so frequently accessed entries survive
[32m[INFO][0m Streak request completed {"source":"streak","user":"octocat","view":"default","format":"svg","status":200,"durationMs":3,"requestId":"f8b7e930-a7c5-4171-9907-d25b4f84f719"}

stdout | app/api/streak/route.test.ts > GET /api/streak > validation cache > uses LRU eviction so frequently accessed entries survive
[32m[INFO][0m Incoming streak request {"source":"streak","user":"octocat","view":"default","requestId":"8fc987d4-806d-41c9-b490-04b4ae3d2ff8"}

stdout | app/api/streak/route.test.ts > GET /api/streak > validation cache > uses LRU eviction so frequently accessed entries survive
[32m[INFO][0m Streak request completed {"source":"streak","user":"octocat","view":"default","format":"svg","status":200,"durationMs":3,"requestId":"8fc987d4-806d-41c9-b490-04b4ae3d2ff8"}

stdout | app/api/streak/route.test.ts > GET /api/streak > validation cache > uses LRU eviction so frequently accessed entries survive
[32m[INFO][0m Incoming streak request {"source":"streak","user":"octocat","view":"default","requestId":"e99b864c-6356-4791-ad60-bddbd8fe7d4c"}

stdout | app/api/streak/route.test.ts > GET /api/streak > validation cache > uses LRU eviction so frequently accessed entries survive
[32m[INFO][0m Streak request completed {"source":"streak","user":"octocat","view":"default","format":"svg","status":200,"durationMs":3,"requestId":"e99b864c-6356-4791-ad60-bddbd8fe7d4c"}

stdout | app/api/streak/route.test.ts > GET /api/streak > validation cache > uses LRU eviction so frequently accessed entries survive
[32m[INFO][0m Incoming streak request {"source":"streak","user":"octocat","view":"default","requestId":"f265dc5d-e39a-48cd-b0c9-c07d731f25f9"}

stdout | app/api/streak/route.test.ts > GET /api/streak > validation cache > uses LRU eviction so frequently accessed entries survive
[32m[INFO][0m Streak request completed {"source":"streak","user":"octocat","view":"default","format":"svg","status":200,"durationMs":2,"requestId":"f265dc5d-e39a-48cd-b0c9-c07d731f25f9"}

stdout | app/api/streak/route.test.ts > GET /api/streak > validation cache > uses LRU eviction so frequently accessed entries survive
[32m[INFO][0m Incoming streak request {"source":"streak","user":"octocat","view":"default","requestId":"56a7c1db-73df-48ca-9110-de3c3c01c5dc"}

stdout | app/api/streak/route.test.ts > GET /api/streak > validation cache > uses LRU eviction so frequently accessed entries survive
[32m[INFO][0m Streak request completed {"source":"streak","user":"octocat","view":"default","format":"svg","status":200,"durationMs":1,"requestId":"56a7c1db-73df-48ca-9110-de3c3c01c5dc"}

stdout | app/api/streak/route.test.ts > GET /api/streak > validation cache > uses LRU eviction so frequently accessed entries survive
[32m[INFO][0m Incoming streak request {"source":"streak","user":"octocat","view":"default","requestId":"0d2dcf44-b38a-4878-b601-d56f9901f109"}

stdout | app/api/streak/route.test.ts > GET /api/streak > validation cache > uses LRU eviction so frequently accessed entries survive
[32m[INFO][0m Streak request completed {"source":"streak","user":"octocat","view":"default","format":"svg","status":200,"durationMs":1,"requestId":"0d2dcf44-b38a-4878-b601-d56f9901f109"}

stdout | app/api/streak/route.test.ts > GET /api/streak > validation cache > uses LRU eviction so frequently accessed entries survive
[32m[INFO][0m Incoming streak request {"source":"streak","user":"octocat","view":"default","requestId":"44f54968-4347-41d7-8e4f-b69e3f142a05"}

stdout | app/api/streak/route.test.ts > GET /api/streak > validation cache > uses LRU eviction so frequently accessed entries survive
[32m[INFO][0m Streak request completed {"source":"streak","user":"octocat","view":"default","format":"svg","status":200,"durationMs":1,"requestId":"44f54968-4347-41d7-8e4f-b69e3f142a05"}

stdout | app/api/streak/route.test.ts > GET /api/streak > validation cache > uses LRU eviction so frequently accessed entries survive
[32m[INFO][0m Incoming streak request {"source":"streak","user":"octocat","view":"default","requestId":"79cff77a-b9b8-4851-9446-90250809f48a"}

stdout | app/api/streak/route.test.ts > GET /api/streak > validation cache > uses LRU eviction so frequently accessed entries survive
[32m[INFO][0m Streak request completed {"source":"streak","user":"octocat","view":"default","format":"svg","status":200,"durationMs":0,"requestId":"79cff77a-b9b8-4851-9446-90250809f48a"}

stdout | app/api/streak/route.test.ts > GET /api/streak > validation cache > uses LRU eviction so frequently accessed entries survive
[32m[INFO][0m Incoming streak request {"source":"streak","user":"octocat","view":"default","requestId":"3692c17b-d897-4680-b379-8c296479b7a3"}

stdout | app/api/streak/route.test.ts > GET /api/streak > validation cache > uses LRU eviction so frequently accessed entries survive
[32m[INFO][0m Streak request completed {"source":"streak","user":"octocat","view":"default","format":"svg","status":200,"durationMs":1,"requestId":"3692c17b-d897-4680-b379-8c296479b7a3"}

stdout | app/api/streak/route.test.ts > GET /api/streak > validation cache > uses LRU eviction so frequently accessed entries survive
[32m[INFO][0m Incoming streak request {"source":"streak","user":"octocat","view":"default","requestId":"e3ab639f-a96e-41b8-a9fb-2e0780a08809"}

stdout | app/api/streak/route.test.ts > GET /api/streak > validation cache > uses LRU eviction so frequently accessed entries survive
[32m[INFO][0m Streak request completed {"source":"streak","user":"octocat","view":"default","format":"svg","status":200,"durationMs":1,"requestId":"e3ab639f-a96e-41b8-a9fb-2e0780a08809"}

stdout | app/api/streak/route.test.ts > GET /api/streak > validation cache > uses LRU eviction so frequently accessed entries survive
[32m[INFO][0m Incoming streak request {"source":"streak","user":"octocat","view":"default","requestId":"1e5ca3e4-c647-48c4-b537-a0884eb9fc45"}

stdout | app/api/streak/route.test.ts > GET /api/streak > validation cache > uses LRU eviction so frequently accessed entries survive
[32m[INFO][0m Streak request completed {"source":"streak","user":"octocat","view":"default","format":"svg","status":200,"durationMs":1,"requestId":"1e5ca3e4-c647-48c4-b537-a0884eb9fc45"}

stdout | app/api/streak/route.test.ts > GET /api/streak > validation cache > uses LRU eviction so frequently accessed entries survive
[32m[INFO][0m Incoming streak request {"source":"streak","user":"octocat","view":"default","requestId":"678780ac-a72a-404f-87cf-2107c9081c40"}

stdout | app/api/streak/route.test.ts > GET /api/streak > validation cache > uses LRU eviction so frequently accessed entries survive
[32m[INFO][0m Streak request completed {"source":"streak","user":"octocat","view":"default","format":"svg","status":200,"durationMs":1,"requestId":"678780ac-a72a-404f-87cf-2107c9081c40"}

stdout | app/api/streak/route.test.ts > GET /api/streak > validation cache > uses LRU eviction so frequently accessed entries survive
[32m[INFO][0m Incoming streak request {"source":"streak","user":"octocat","view":"default","requestId":"2c864456-21a0-41c9-959d-ff41861aff62"}

stdout | app/api/streak/route.test.ts > GET /api/streak > validation cache > uses LRU eviction so frequently accessed entries survive
[32m[INFO][0m Streak request completed {"source":"streak","user":"octocat","view":"default","format":"svg","status":200,"durationMs":1,"requestId":"2c864456-21a0-41c9-959d-ff41861aff62"}

stdout | app/api/streak/route.test.ts > GET /api/streak > validation cache > uses LRU eviction so frequently accessed entries survive
[32m[INFO][0m Incoming streak request {"source":"streak","user":"octocat","view":"default","requestId":"4e5a5210-9e99-44c7-8af2-48f13f547d6b"}

stdout | app/api/streak/route.test.ts > GET /api/streak > validation cache > uses LRU eviction so frequently accessed entries survive
[32m[INFO][0m Streak request completed {"source":"streak","user":"octocat","view":"default","format":"svg","status":200,"durationMs":1,"requestId":"4e5a5210-9e99-44c7-8af2-48f13f547d6b"}

stdout | app/api/streak/route.test.ts > GET /api/streak > validation cache > uses LRU eviction so frequently accessed entries survive
[32m[INFO][0m Incoming streak request {"source":"streak","user":"octocat","view":"default","requestId":"64e74d24-f8fa-420f-93f4-ec23836f0862"}

stdout | app/api/streak/route.test.ts > GET /api/streak > validation cache > uses LRU eviction so frequently accessed entries survive
[32m[INFO][0m Streak request completed {"source":"streak","user":"octocat","view":"default","format":"svg","status":200,"durationMs":2,"requestId":"64e74d24-f8fa-420f-93f4-ec23836f0862"}

stdout | app/api/streak/route.test.ts > GET /api/streak > validation cache > uses LRU eviction so frequently accessed entries survive
[32m[INFO][0m Incoming streak request {"source":"streak","user":"octocat","view":"default","requestId":"2f22cc0b-c20e-468c-8325-4aa6ecb4b2f1"}

stdout | app/api/streak/route.test.ts > GET /api/streak > validation cache > uses LRU eviction so frequently accessed entries survive
[32m[INFO][0m Streak request completed {"source":"streak","user":"octocat","view":"default","format":"svg","status":200,"durationMs":2,"requestId":"2f22cc0b-c20e-468c-8325-4aa6ecb4b2f1"}

stdout | app/api/streak/route.test.ts > GET /api/streak > validation cache > uses LRU eviction so frequently accessed entries survive
[32m[INFO][0m Incoming streak request {"source":"streak","user":"octocat","view":"default","requestId":"82e7e535-f5c2-4711-b6c6-4e141f449bdb"}

stdout | app/api/streak/route.test.ts > GET /api/streak > validation cache > uses LRU eviction so frequently accessed entries survive
[32m[INFO][0m Streak request completed {"source":"streak","user":"octocat","view":"default","format":"svg","status":200,"durationMs":2,"requestId":"82e7e535-f5c2-4711-b6c6-4e141f449bdb"}

stdout | app/api/streak/route.test.ts > GET /api/streak > validation cache > uses LRU eviction so frequently accessed entries survive
[32m[INFO][0m Incoming streak request {"source":"streak","user":"octocat","view":"default","requestId":"7e901dad-6682-4403-83ca-8bffea124e91"}

stdout | app/api/streak/route.test.ts > GET /api/streak > validation cache > uses LRU eviction so frequently accessed entries survive
[32m[INFO][0m Streak request completed {"source":"streak","user":"octocat","view":"default","format":"svg","status":200,"durationMs":1,"requestId":"7e901dad-6682-4403-83ca-8bffea124e91"}

stdout | app/api/streak/route.test.ts > GET /api/streak > validation cache > uses LRU eviction so frequently accessed entries survive
[32m[INFO][0m Incoming streak request {"source":"streak","user":"octocat","view":"default","requestId":"ed8fd90d-0ff7-4a60-898e-2ea83aac28d3"}

stdout | app/api/streak/route.test.ts > GET /api/streak > validation cache > uses LRU eviction so frequently accessed entries survive
[32m[INFO][0m Streak request completed {"source":"streak","user":"octocat","view":"default","format":"svg","status":200,"durationMs":1,"requestId":"ed8fd90d-0ff7-4a60-898e-2ea83aac28d3"}

stdout | app/api/streak/route.test.ts > GET /api/streak > validation cache > uses LRU eviction so frequently accessed entries survive
[32m[INFO][0m Incoming streak request {"source":"streak","user":"octocat","view":"default","requestId":"60dc1fd2-48ae-4e7f-84f0-c50524dff597"}

stdout | app/api/streak/route.test.ts > GET /api/streak > validation cache > uses LRU eviction so frequently accessed entries survive
[32m[INFO][0m Streak request completed {"source":"streak","user":"octocat","view":"default","format":"svg","status":200,"durationMs":1,"requestId":"60dc1fd2-48ae-4e7f-84f0-c50524dff597"}

stdout | app/api/streak/route.test.ts > GET /api/streak > validation cache > uses LRU eviction so frequently accessed entries survive
[32m[INFO][0m Incoming streak request {"source":"streak","user":"octocat","view":"default","requestId":"4eb5d830-61cf-409a-b54d-af84fe6f0664"}

stdout | app/api/streak/route.test.ts > GET /api/streak > validation cache > uses LRU eviction so frequently accessed entries survive
[32m[INFO][0m Streak request completed {"source":"streak","user":"octocat","view":"default","format":"svg","status":200,"durationMs":1,"requestId":"4eb5d830-61cf-409a-b54d-af84fe6f0664"}

stdout | app/api/streak/route.test.ts > GET /api/streak > validation cache > uses LRU eviction so frequently accessed entries survive
[32m[INFO][0m Incoming streak request {"source":"streak","user":"octocat","view":"default","requestId":"fb0f899c-d7c0-47eb-abc5-2474c325304f"}

stdout | app/api/streak/route.test.ts > GET /api/streak > validation cache > uses LRU eviction so frequently accessed entries survive
[32m[INFO][0m Streak request completed {"source":"streak","user":"octocat","view":"default","format":"svg","status":200,"durationMs":0,"requestId":"fb0f899c-d7c0-47eb-abc5-2474c325304f"}

stdout | app/api/streak/route.test.ts > GET /api/streak > validation cache > uses LRU eviction so frequently accessed entries survive
[32m[INFO][0m Incoming streak request {"source":"streak","user":"octocat","view":"default","requestId":"d0386777-5aba-4405-aced-753eb1d6b564"}

stdout | app/api/streak/route.test.ts > GET /api/streak > validation cache > uses LRU eviction so frequently accessed entries survive
[32m[INFO][0m Streak request completed {"source":"streak","user":"octocat","view":"default","format":"svg","status":200,"durationMs":2,"requestId":"d0386777-5aba-4405-aced-753eb1d6b564"}

stdout | app/api/streak/route.test.ts > GET /api/streak > validation cache > uses LRU eviction so frequently accessed entries survive
[32m[INFO][0m Incoming streak request {"source":"streak","user":"octocat","view":"default","requestId":"c0749b2a-43ce-4b9a-b201-bdba9f870b5e"}

stdout | app/api/streak/route.test.ts > GET /api/streak > validation cache > uses LRU eviction so frequently accessed entries survive
[32m[INFO][0m Streak request completed {"source":"streak","user":"octocat","view":"default","format":"svg","status":200,"durationMs":5,"requestId":"c0749b2a-43ce-4b9a-b201-bdba9f870b5e"}

stdout | app/api/streak/route.test.ts > GET /api/streak > validation cache > uses LRU eviction so frequently accessed entries survive
[32m[INFO][0m Incoming streak request {"source":"streak","user":"octocat","view":"default","requestId":"afb3d7e8-ed6f-44f9-8010-2a354dbfa957"}

stdout | app/api/streak/route.test.ts > GET /api/streak > validation cache > uses LRU eviction so frequently accessed entries survive
[32m[INFO][0m Streak request completed {"source":"streak","user":"octocat","view":"default","format":"svg","status":200,"durationMs":2,"requestId":"afb3d7e8-ed6f-44f9-8010-2a354dbfa957"}

stdout | app/api/streak/route.test.ts > GET /api/streak > validation cache > uses LRU eviction so frequently accessed entries survive
[32m[INFO][0m Incoming streak request {"source":"streak","user":"octocat","view":"default","requestId":"bc2deb35-f707-47a1-bbb6-6428e3a5c34c"}

stdout | app/api/streak/route.test.ts > GET /api/streak > validation cache > uses LRU eviction so frequently accessed entries survive
[32m[INFO][0m Streak request completed {"source":"streak","user":"octocat","view":"default","format":"svg","status":200,"durationMs":1,"requestId":"bc2deb35-f707-47a1-bbb6-6428e3a5c34c"}

stdout | app/api/streak/route.test.ts > GET /api/streak > validation cache > uses LRU eviction so frequently accessed entries survive
[32m[INFO][0m Incoming streak request {"source":"streak","user":"octocat","view":"default","requestId":"485a2c5d-6d76-455d-bd54-21fab00f1ebd"}

stdout | app/api/streak/route.test.ts > GET /api/streak > validation cache > uses LRU eviction so frequently accessed entries survive
[32m[INFO][0m Streak request completed {"source":"streak","user":"octocat","view":"default","format":"svg","status":200,"durationMs":2,"requestId":"485a2c5d-6d76-455d-bd54-21fab00f1ebd"}

stdout | app/api/streak/route.test.ts > GET /api/streak > validation cache > uses LRU eviction so frequently accessed entries survive
[32m[INFO][0m Incoming streak request {"source":"streak","user":"octocat","view":"default","requestId":"ebf8aa59-57ad-4699-9a86-7b1736032cf2"}

stdout | app/api/streak/route.test.ts > GET /api/streak > validation cache > uses LRU eviction so frequently accessed entries survive
[32m[INFO][0m Streak request completed {"source":"streak","user":"octocat","view":"default","format":"svg","status":200,"durationMs":1,"requestId":"ebf8aa59-57ad-4699-9a86-7b1736032cf2"}

stdout | app/api/streak/route.test.ts > GET /api/streak > validation cache > uses LRU eviction so frequently accessed entries survive
[32m[INFO][0m Incoming streak request {"source":"streak","user":"octocat","view":"default","requestId":"86fc00e4-c785-43b0-acfc-b615087b8bf3"}

stderr | components/dashboard/DashboardClient.test.tsx > DashboardClient > does not paint the worse user green in "Longest Inactive Period" when the other gap is 0
Received `true` for a non-boolean attribute `layout`.

If you want to write it to the DOM, pass a string instead: layout="true" or layout={value.toString()}.
Unknown event handler property `onAnimationComplete`. It will be ignored.

stdout | app/api/streak/route.test.ts > GET /api/streak > validation cache > uses LRU eviction so frequently accessed entries survive
[32m[INFO][0m Streak request completed {"source":"streak","user":"octocat","view":"default","format":"svg","status":200,"durationMs":1,"requestId":"86fc00e4-c785-43b0-acfc-b615087b8bf3"}

stdout | app/api/streak/route.test.ts > GET /api/streak > validation cache > uses LRU eviction so frequently accessed entries survive
[32m[INFO][0m Incoming streak request {"source":"streak","user":"octocat","view":"default","requestId":"29756407-43e1-44d3-bb90-ee6ea72bc5fa"}

stdout | app/api/streak/route.test.ts > GET /api/streak > validation cache > uses LRU eviction so frequently accessed entries survive
[32m[INFO][0m Streak request completed {"source":"streak","user":"octocat","view":"default","format":"svg","status":200,"durationMs":1,"requestId":"29756407-43e1-44d3-bb90-ee6ea72bc5fa"}

stdout | app/api/streak/route.test.ts > GET /api/streak > validation cache > uses LRU eviction so frequently accessed entries survive
[32m[INFO][0m Incoming streak request {"source":"streak","user":"octocat","view":"default","requestId":"88fc76e3-bb20-4b35-bf57-2a637e339648"}

stdout | app/api/streak/route.test.ts > GET /api/streak > validation cache > uses LRU eviction so frequently accessed entries survive
[32m[INFO][0m Streak request completed {"source":"streak","user":"octocat","view":"default","format":"svg","status":200,"durationMs":2,"requestId":"88fc76e3-bb20-4b35-bf57-2a637e339648"}

stdout | app/api/streak/route.test.ts > GET /api/streak > validation cache > uses LRU eviction so frequently accessed entries survive
[32m[INFO][0m Incoming streak request {"source":"streak","user":"octocat","view":"default","requestId":"9d33c23f-f148-4bf5-b98e-30921e181d86"}

stdout | app/api/streak/route.test.ts > GET /api/streak > validation cache > uses LRU eviction so frequently accessed entries survive
[32m[INFO][0m Streak request completed {"source":"streak","user":"octocat","view":"default","format":"svg","status":200,"durationMs":1,"requestId":"9d33c23f-f148-4bf5-b98e-30921e181d86"}

stdout | app/api/streak/route.test.ts > GET /api/streak > validation cache > uses LRU eviction so frequently accessed entries survive
[32m[INFO][0m Incoming streak request {"source":"streak","user":"octocat","view":"default","requestId":"9ffb346d-064f-444c-b4b4-7ac30cd75001"}

stdout | app/api/streak/route.test.ts > GET /api/streak > validation cache > uses LRU eviction so frequently accessed entries survive
[32m[INFO][0m Streak request completed {"source":"streak","user":"octocat","view":"default","format":"svg","status":200,"durationMs":2,"requestId":"9ffb346d-064f-444c-b4b4-7ac30cd75001"}

stdout | app/api/streak/route.test.ts > GET /api/streak > validation cache > uses LRU eviction so frequently accessed entries survive
[32m[INFO][0m Incoming streak request {"source":"streak","user":"octocat","view":"default","requestId":"4823be94-902a-46ed-a393-9f79e8f8fb99"}

stdout | app/api/streak/route.test.ts > GET /api/streak > validation cache > uses LRU eviction so frequently accessed entries survive
[32m[INFO][0m Streak request completed {"source":"streak","user":"octocat","view":"default","format":"svg","status":200,"durationMs":1,"requestId":"4823be94-902a-46ed-a393-9f79e8f8fb99"}

stdout | app/api/streak/route.test.ts > GET /api/streak > validation cache > uses LRU eviction so frequently accessed entries survive
[32m[INFO][0m Incoming streak request {"source":"streak","user":"octocat","view":"default","requestId":"9285f498-d9cf-451b-bdfe-2a7c768a32b4"}

stdout | app/api/streak/route.test.ts > GET /api/streak > validation cache > uses LRU eviction so frequently accessed entries survive
[32m[INFO][0m Streak request completed {"source":"streak","user":"octocat","view":"default","format":"svg","status":200,"durationMs":2,"requestId":"9285f498-d9cf-451b-bdfe-2a7c768a32b4"}

stdout | app/api/streak/route.test.ts > GET /api/streak > validation cache > uses LRU eviction so frequently accessed entries survive
[32m[INFO][0m Incoming streak request {"source":"streak","user":"octocat","view":"default","requestId":"5b0388bb-e2fa-48a1-b7fd-69b79469bfb5"}

stdout | app/api/streak/route.test.ts > GET /api/streak > validation cache > uses LRU eviction so frequently accessed entries survive
[32m[INFO][0m Streak request completed {"source":"streak","user":"octocat","view":"default","format":"svg","status":200,"durationMs":1,"requestId":"5b0388bb-e2fa-48a1-b7fd-69b79469bfb5"}

stdout | app/api/streak/route.test.ts > GET /api/streak > validation cache > uses LRU eviction so frequently accessed entries survive
[32m[INFO][0m Incoming streak request {"source":"streak","user":"octocat","view":"default","requestId":"1c802987-78de-407f-90a1-9a7969ffc714"}

stdout | app/api/streak/route.test.ts > GET /api/streak > validation cache > uses LRU eviction so frequently accessed entries survive
[32m[INFO][0m Streak request completed {"source":"streak","user":"octocat","view":"default","format":"svg","status":200,"durationMs":1,"requestId":"1c802987-78de-407f-90a1-9a7969ffc714"}

stdout | app/api/streak/route.test.ts > GET /api/streak > validation cache > uses LRU eviction so frequently accessed entries survive
[32m[INFO][0m Incoming streak request {"source":"streak","user":"octocat","view":"default","requestId":"166d8a3a-184f-4b46-8bf2-b23e201febaa"}

stdout | app/api/streak/route.test.ts > GET /api/streak > validation cache > uses LRU eviction so frequently accessed entries survive
[32m[INFO][0m Streak request completed {"source":"streak","user":"octocat","view":"default","format":"svg","status":200,"durationMs":1,"requestId":"166d8a3a-184f-4b46-8bf2-b23e201febaa"}

stdout | app/api/streak/route.test.ts > GET /api/streak > validation cache > uses LRU eviction so frequently accessed entries survive
[32m[INFO][0m Incoming streak request {"source":"streak","user":"octocat","view":"default","requestId":"af4d1c31-269f-4371-81bc-7f28e024f4d5"}

stdout | app/api/streak/route.test.ts > GET /api/streak > validation cache > uses LRU eviction so frequently accessed entries survive
[32m[INFO][0m Streak request completed {"source":"streak","user":"octocat","view":"default","format":"svg","status":200,"durationMs":2,"requestId":"af4d1c31-269f-4371-81bc-7f28e024f4d5"}

stdout | app/api/streak/route.test.ts > GET /api/streak > validation cache > uses LRU eviction so frequently accessed entries survive
[32m[INFO][0m Incoming streak request {"source":"streak","user":"octocat","view":"default","requestId":"ccc3c251-d5f5-4d74-ac01-467639091acf"}

stdout | app/api/streak/route.test.ts > GET /api/streak > validation cache > uses LRU eviction so frequently accessed entries survive
[32m[INFO][0m Streak request completed {"source":"streak","user":"octocat","view":"default","format":"svg","status":200,"durationMs":2,"requestId":"ccc3c251-d5f5-4d74-ac01-467639091acf"}

stdout | app/api/streak/route.test.ts > GET /api/streak > validation cache > uses LRU eviction so frequently accessed entries survive
[32m[INFO][0m Incoming streak request {"source":"streak","user":"octocat","view":"default","requestId":"d7040e5a-689b-4c62-924b-16106d0f6027"}

stdout | app/api/streak/route.test.ts > GET /api/streak > validation cache > uses LRU eviction so frequently accessed entries survive
[32m[INFO][0m Streak request completed {"source":"streak","user":"octocat","view":"default","format":"svg","status":200,"durationMs":1,"requestId":"d7040e5a-689b-4c62-924b-16106d0f6027"}

stdout | app/api/streak/route.test.ts > GET /api/streak > validation cache > uses LRU eviction so frequently accessed entries survive
[32m[INFO][0m Incoming streak request {"source":"streak","user":"octocat","view":"default","requestId":"a43b0b38-469d-4c22-b323-da885c5af8e8"}

stdout | app/api/streak/route.test.ts > GET /api/streak > validation cache > uses LRU eviction so frequently accessed entries survive
[32m[INFO][0m Streak request completed {"source":"streak","user":"octocat","view":"default","format":"svg","status":200,"durationMs":1,"requestId":"a43b0b38-469d-4c22-b323-da885c5af8e8"}

stdout | app/api/streak/route.test.ts > GET /api/streak > validation cache > uses LRU eviction so frequently accessed entries survive
[32m[INFO][0m Incoming streak request {"source":"streak","user":"octocat","view":"default","requestId":"6448a3a3-0137-406e-beca-2712e6689009"}

stdout | app/api/streak/route.test.ts > GET /api/streak > validation cache > uses LRU eviction so frequently accessed entries survive
[32m[INFO][0m Streak request completed {"source":"streak","user":"octocat","view":"default","format":"svg","status":200,"durationMs":1,"requestId":"6448a3a3-0137-406e-beca-2712e6689009"}

stdout | app/api/streak/route.test.ts > GET /api/streak > validation cache > uses LRU eviction so frequently accessed entries survive
[32m[INFO][0m Incoming streak request {"source":"streak","user":"octocat","view":"default","requestId":"71968f29-7052-410e-8182-4c24612a388f"}

stdout | app/api/streak/route.test.ts > GET /api/streak > validation cache > uses LRU eviction so frequently accessed entries survive
[32m[INFO][0m Streak request completed {"source":"streak","user":"octocat","view":"default","format":"svg","status":200,"durationMs":2,"requestId":"71968f29-7052-410e-8182-4c24612a388f"}

stdout | app/api/streak/route.test.ts > GET /api/streak > validation cache > uses LRU eviction so frequently accessed entries survive
[32m[INFO][0m Incoming streak request {"source":"streak","user":"octocat","view":"default","requestId":"f30ed4cf-0981-46be-9e96-946cc497770a"}

stdout | app/api/streak/route.test.ts > GET /api/streak > validation cache > uses LRU eviction so frequently accessed entries survive
[32m[INFO][0m Streak request completed {"source":"streak","user":"octocat","view":"default","format":"svg","status":200,"durationMs":1,"requestId":"f30ed4cf-0981-46be-9e96-946cc497770a"}

stdout | app/api/streak/route.test.ts > GET /api/streak > validation cache > uses LRU eviction so frequently accessed entries survive
[32m[INFO][0m Incoming streak request {"source":"streak","user":"octocat","view":"default","requestId":"9f227e76-0254-42b7-b5a9-279fa0d70612"}

stdout | app/api/streak/route.test.ts > GET /api/streak > validation cache > uses LRU eviction so frequently accessed entries survive
[32m[INFO][0m Streak request completed {"source":"streak","user":"octocat","view":"default","format":"svg","status":200,"durationMs":2,"requestId":"9f227e76-0254-42b7-b5a9-279fa0d70612"}

stdout | app/api/streak/route.test.ts > GET /api/streak > validation cache > uses LRU eviction so frequently accessed entries survive
[32m[INFO][0m Incoming streak request {"source":"streak","user":"octocat","view":"default","requestId":"18ca3d24-1548-4f1c-af0f-26c6000d5eaa"}

stdout | app/api/streak/route.test.ts > GET /api/streak > validation cache > uses LRU eviction so frequently accessed entries survive
[32m[INFO][0m Streak request completed {"source":"streak","user":"octocat","view":"default","format":"svg","status":200,"durationMs":2,"requestId":"18ca3d24-1548-4f1c-af0f-26c6000d5eaa"}

stdout | app/api/streak/route.test.ts > GET /api/streak > validation cache > uses LRU eviction so frequently accessed entries survive
[32m[INFO][0m Incoming streak request {"source":"streak","user":"octocat","view":"default","requestId":"67c79d1e-a5fd-4e23-8957-cc5e1622d6c7"}

stdout | app/api/streak/route.test.ts > GET /api/streak > validation cache > uses LRU eviction so frequently accessed entries survive
[32m[INFO][0m Streak request completed {"source":"streak","user":"octocat","view":"default","format":"svg","status":200,"durationMs":2,"requestId":"67c79d1e-a5fd-4e23-8957-cc5e1622d6c7"}

stdout | app/api/streak/route.test.ts > GET /api/streak > validation cache > uses LRU eviction so frequently accessed entries survive
[32m[INFO][0m Incoming streak request {"source":"streak","user":"octocat","view":"default","requestId":"cce7fc9c-c9c6-4c9d-a0ab-1a05f9d3904a"}

stdout | app/api/streak/route.test.ts > GET /api/streak > validation cache > uses LRU eviction so frequently accessed entries survive
[32m[INFO][0m Streak request completed {"source":"streak","user":"octocat","view":"default","format":"svg","status":200,"durationMs":1,"requestId":"cce7fc9c-c9c6-4c9d-a0ab-1a05f9d3904a"}

stdout | app/api/streak/route.test.ts > GET /api/streak > validation cache > uses LRU eviction so frequently accessed entries survive
[32m[INFO][0m Incoming streak request {"source":"streak","user":"octocat","view":"default","requestId":"4d04aa04-1436-4466-b1c0-729fe1009d53"}

stdout | app/api/streak/route.test.ts > GET /api/streak > validation cache > uses LRU eviction so frequently accessed entries survive
[32m[INFO][0m Streak request completed {"source":"streak","user":"octocat","view":"default","format":"svg","status":200,"durationMs":2,"requestId":"4d04aa04-1436-4466-b1c0-729fe1009d53"}

stdout | app/api/streak/route.test.ts > GET /api/streak > validation cache > uses LRU eviction so frequently accessed entries survive
[32m[INFO][0m Incoming streak request {"source":"streak","user":"octocat","view":"default","requestId":"b83ae7d4-005d-4f82-9b13-57459a4f4f15"}

stdout | app/api/streak/route.test.ts > GET /api/streak > validation cache > uses LRU eviction so frequently accessed entries survive
[32m[INFO][0m Streak request completed {"source":"streak","user":"octocat","view":"default","format":"svg","status":200,"durationMs":2,"requestId":"b83ae7d4-005d-4f82-9b13-57459a4f4f15"}

stdout | app/api/streak/route.test.ts > GET /api/streak > validation cache > uses LRU eviction so frequently accessed entries survive
[32m[INFO][0m Incoming streak request {"source":"streak","user":"octocat","view":"default","requestId":"e2093985-ba7a-4ad4-9bff-e98ac4b064ee"}

stdout | app/api/streak/route.test.ts > GET /api/streak > validation cache > uses LRU eviction so frequently accessed entries survive
[32m[INFO][0m Streak request completed {"source":"streak","user":"octocat","view":"default","format":"svg","status":200,"durationMs":1,"requestId":"e2093985-ba7a-4ad4-9bff-e98ac4b064ee"}

stdout | app/api/streak/route.test.ts > GET /api/streak > validation cache > uses LRU eviction so frequently accessed entries survive
[32m[INFO][0m Incoming streak request {"source":"streak","user":"octocat","view":"default","requestId":"08ff5931-1f77-4335-a6a3-d5ebfa151f02"}

stdout | app/api/streak/route.test.ts > GET /api/streak > validation cache > uses LRU eviction so frequently accessed entries survive
[32m[INFO][0m Streak request completed {"source":"streak","user":"octocat","view":"default","format":"svg","status":200,"durationMs":2,"requestId":"08ff5931-1f77-4335-a6a3-d5ebfa151f02"}

stdout | app/api/streak/route.test.ts > GET /api/streak > validation cache > uses LRU eviction so frequently accessed entries survive
[32m[INFO][0m Incoming streak request {"source":"streak","user":"octocat","view":"default","requestId":"f3025f5e-4450-4846-9038-02fa9afe2db5"}

stdout | app/api/streak/route.test.ts > GET /api/streak > validation cache > uses LRU eviction so frequently accessed entries survive
[32m[INFO][0m Streak request completed {"source":"streak","user":"octocat","view":"default","format":"svg","status":200,"durationMs":1,"requestId":"f3025f5e-4450-4846-9038-02fa9afe2db5"}

stdout | app/api/streak/route.test.ts > GET /api/streak > validation cache > uses LRU eviction so frequently accessed entries survive
[32m[INFO][0m Incoming streak request {"source":"streak","user":"octocat","view":"default","requestId":"13eaeac0-d4f5-4a54-baff-eb7123e3aa0d"}

stdout | app/api/streak/route.test.ts > GET /api/streak > validation cache > uses LRU eviction so frequently accessed entries survive
[32m[INFO][0m Streak request completed {"source":"streak","user":"octocat","view":"default","format":"svg","status":200,"durationMs":1,"requestId":"13eaeac0-d4f5-4a54-baff-eb7123e3aa0d"}

stdout | app/api/streak/route.test.ts > GET /api/streak > validation cache > uses LRU eviction so frequently accessed entries survive
[32m[INFO][0m Incoming streak request {"source":"streak","user":"octocat","view":"default","requestId":"ad0d6fec-9a2e-4304-9897-e8a54f364e83"}

stdout | app/api/streak/route.test.ts > GET /api/streak > validation cache > uses LRU eviction so frequently accessed entries survive
[32m[INFO][0m Streak request completed {"source":"streak","user":"octocat","view":"default","format":"svg","status":200,"durationMs":2,"requestId":"ad0d6fec-9a2e-4304-9897-e8a54f364e83"}

stdout | app/api/streak/route.test.ts > GET /api/streak > validation cache > uses LRU eviction so frequently accessed entries survive
[32m[INFO][0m Incoming streak request {"source":"streak","user":"octocat","view":"default","requestId":"4eb8de23-2680-416c-9d9a-744a5cf7c917"}

stdout | app/api/streak/route.test.ts > GET /api/streak > validation cache > uses LRU eviction so frequently accessed entries survive
[32m[INFO][0m Streak request completed {"source":"streak","user":"octocat","view":"default","format":"svg","status":200,"durationMs":1,"requestId":"4eb8de23-2680-416c-9d9a-744a5cf7c917"}

stdout | app/api/streak/route.test.ts > GET /api/streak > validation cache > uses LRU eviction so frequently accessed entries survive
[32m[INFO][0m Incoming streak request {"source":"streak","user":"octocat","view":"default","requestId":"0df2d25e-a239-4f1b-b08a-9ead40a2c40f"}

stdout | app/api/streak/route.test.ts > GET /api/streak > validation cache > uses LRU eviction so frequently accessed entries survive
[32m[INFO][0m Streak request completed {"source":"streak","user":"octocat","view":"default","format":"svg","status":200,"durationMs":2,"requestId":"0df2d25e-a239-4f1b-b08a-9ead40a2c40f"}

stdout | app/api/streak/route.test.ts > GET /api/streak > validation cache > uses LRU eviction so frequently accessed entries survive
[32m[INFO][0m Incoming streak request {"source":"streak","user":"octocat","view":"default","requestId":"b3c2b541-bfee-4370-b81d-82ee765e9ef9"}

stdout | app/api/streak/route.test.ts > GET /api/streak > validation cache > uses LRU eviction so frequently accessed entries survive
[32m[INFO][0m Streak request completed {"source":"streak","user":"octocat","view":"default","format":"svg","status":200,"durationMs":1,"requestId":"b3c2b541-bfee-4370-b81d-82ee765e9ef9"}

stdout | app/api/streak/route.test.ts > GET /api/streak > validation cache > uses LRU eviction so frequently accessed entries survive
[32m[INFO][0m Incoming streak request {"source":"streak","user":"octocat","view":"default","requestId":"c45360e3-b7d0-4d90-941a-b9677ce4feed"}

stdout | app/api/streak/route.test.ts > GET /api/streak > validation cache > uses LRU eviction so frequently accessed entries survive
[32m[INFO][0m Streak request completed {"source":"streak","user":"octocat","view":"default","format":"svg","status":200,"durationMs":1,"requestId":"c45360e3-b7d0-4d90-941a-b9677ce4feed"}

stdout | app/api/streak/route.test.ts > GET /api/streak > validation cache > evicts least recently used entries when cache is full
[32m[INFO][0m Incoming streak request {"source":"streak","user":"octocat","view":"default","requestId":"7feb3f5a-1c42-48a3-90cf-7b20ac384dcc"}

stdout | app/api/streak/route.test.ts > GET /api/streak > validation cache > evicts least recently used entries when cache is full
[32m[INFO][0m Streak request completed {"source":"streak","user":"octocat","view":"default","format":"svg","status":200,"durationMs":0,"requestId":"7feb3f5a-1c42-48a3-90cf-7b20ac384dcc"}

stdout | app/api/streak/route.test.ts > GET /api/streak > validation cache > evicts least recently used entries when cache is full
[32m[INFO][0m Incoming streak request {"source":"streak","user":"octocat","view":"default","requestId":"351c9ea6-8a37-4941-8352-1d763c1e56cc"}

stdout | app/api/streak/route.test.ts > GET /api/streak > validation cache > evicts least recently used entries when cache is full
[32m[INFO][0m Streak request completed {"source":"streak","user":"octocat","view":"default","format":"svg","status":200,"durationMs":1,"requestId":"351c9ea6-8a37-4941-8352-1d763c1e56cc"}

stdout | app/api/streak/route.test.ts > GET /api/streak > validation cache > evicts least recently used entries when cache is full
[32m[INFO][0m Incoming streak request {"source":"streak","user":"octocat","view":"default","requestId":"c95b5853-4905-4ea7-b006-c99291edfa20"}

stdout | app/api/streak/route.test.ts > GET /api/streak > validation cache > evicts least recently used entries when cache is full
[32m[INFO][0m Streak request completed {"source":"streak","user":"octocat","view":"default","format":"svg","status":200,"durationMs":0,"requestId":"c95b5853-4905-4ea7-b006-c99291edfa20"}

stdout | app/api/streak/route.test.ts > GET /api/streak > validation cache > evicts least recently used entries when cache is full
[32m[INFO][0m Incoming streak request {"source":"streak","user":"octocat","view":"default","requestId":"fddb88e7-da79-4e15-ac8a-25d20f7ffea1"}

stdout | app/api/streak/route.test.ts > GET /api/streak > validation cache > evicts least recently used entries when cache is full
[32m[INFO][0m Streak request completed {"source":"streak","user":"octocat","view":"default","format":"svg","status":200,"durationMs":5,"requestId":"fddb88e7-da79-4e15-ac8a-25d20f7ffea1"}

stdout | app/api/streak/route.test.ts > GET /api/streak > validation cache > evicts least recently used entries when cache is full
[32m[INFO][0m Incoming streak request {"source":"streak","user":"octocat","view":"default","requestId":"a807d191-7202-444b-b3ac-14560a5369ec"}

stdout | app/api/streak/route.test.ts > GET /api/streak > validation cache > evicts least recently used entries when cache is full
[32m[INFO][0m Streak request completed {"source":"streak","user":"octocat","view":"default","format":"svg","status":200,"durationMs":1,"requestId":"a807d191-7202-444b-b3ac-14560a5369ec"}

stdout | app/api/streak/route.test.ts > GET /api/streak > validation cache > evicts least recently used entries when cache is full
[32m[INFO][0m Incoming streak request {"source":"streak","user":"octocat","view":"default","requestId":"c7148456-1511-47e2-8984-809c8bf29d7e"}

stdout | app/api/streak/route.test.ts > GET /api/streak > validation cache > evicts least recently used entries when cache is full
[32m[INFO][0m Streak request completed {"source":"streak","user":"octocat","view":"default","format":"svg","status":200,"durationMs":1,"requestId":"c7148456-1511-47e2-8984-809c8bf29d7e"}

stdout | app/api/streak/route.test.ts > GET /api/streak > validation cache > evicts least recently used entries when cache is full
[32m[INFO][0m Incoming streak request {"source":"streak","user":"octocat","view":"default","requestId":"74e5fcab-f873-4716-9841-2f9ea42701b1"}

stdout | app/api/streak/route.test.ts > GET /api/streak > validation cache > evicts least recently used entries when cache is full
[32m[INFO][0m Streak request completed {"source":"streak","user":"octocat","view":"default","format":"svg","status":200,"durationMs":1,"requestId":"74e5fcab-f873-4716-9841-2f9ea42701b1"}

stdout | app/api/streak/route.test.ts > GET /api/streak > validation cache > evicts least recently used entries when cache is full
[32m[INFO][0m Incoming streak request {"source":"streak","user":"octocat","view":"default","requestId":"7bb7b9d5-f0e4-489e-9fb5-fbdc14d19abe"}

stdout | app/api/streak/route.test.ts > GET /api/streak > validation cache > evicts least recently used entries when cache is full
[32m[INFO][0m Streak request completed {"source":"streak","user":"octocat","view":"default","format":"svg","status":200,"durationMs":1,"requestId":"7bb7b9d5-f0e4-489e-9fb5-fbdc14d19abe"}

stdout | app/api/streak/route.test.ts > GET /api/streak > validation cache > evicts least recently used entries when cache is full
[32m[INFO][0m Incoming streak request {"source":"streak","user":"octocat","view":"default","requestId":"bdfa555c-70e3-4080-a2dd-e4701e26749c"}

stdout | app/api/streak/route.test.ts > GET /api/streak > validation cache > evicts least recently used entries when cache is full
[32m[INFO][0m Streak request completed {"source":"streak","user":"octocat","view":"default","format":"svg","status":200,"durationMs":1,"requestId":"bdfa555c-70e3-4080-a2dd-e4701e26749c"}

stdout | app/api/streak/route.test.ts > GET /api/streak > validation cache > evicts least recently used entries when cache is full
[32m[INFO][0m Incoming streak request {"source":"streak","user":"octocat","view":"default","requestId":"9a770bea-6531-4647-83f1-f01fdb168d5e"}

stdout | app/api/streak/route.test.ts > GET /api/streak > validation cache > evicts least recently used entries when cache is full
[32m[INFO][0m Streak request completed {"source":"streak","user":"octocat","view":"default","format":"svg","status":200,"durationMs":1,"requestId":"9a770bea-6531-4647-83f1-f01fdb168d5e"}

stdout | app/api/streak/route.test.ts > GET /api/streak > validation cache > evicts least recently used entries when cache is full
[32m[INFO][0m Incoming streak request {"source":"streak","user":"octocat","view":"default","requestId":"6f35840b-1ab8-4386-80c9-e5a2f2dd892c"}

stdout | app/api/streak/route.test.ts > GET /api/streak > validation cache > evicts least recently used entries when cache is full
[32m[INFO][0m Streak request completed {"source":"streak","user":"octocat","view":"default","format":"svg","status":200,"durationMs":1,"requestId":"6f35840b-1ab8-4386-80c9-e5a2f2dd892c"}

stdout | app/api/streak/route.test.ts > GET /api/streak > validation cache > evicts least recently used entries when cache is full
[32m[INFO][0m Incoming streak request {"source":"streak","user":"octocat","view":"default","requestId":"98238731-f613-4334-ac4c-742c747bd474"}

stdout | app/api/streak/route.test.ts > GET /api/streak > validation cache > evicts least recently used entries when cache is full
[32m[INFO][0m Streak request completed {"source":"streak","user":"octocat","view":"default","format":"svg","status":200,"durationMs":1,"requestId":"98238731-f613-4334-ac4c-742c747bd474"}

stdout | app/api/streak/route.test.ts > GET /api/streak > validation cache > evicts least recently used entries when cache is full
[32m[INFO][0m Incoming streak request {"source":"streak","user":"octocat","view":"default","requestId":"80bec8e7-c80d-42e5-babd-e75c456f4283"}

stdout | app/api/streak/route.test.ts > GET /api/streak > validation cache > evicts least recently used entries when cache is full
[32m[INFO][0m Streak request completed {"source":"streak","user":"octocat","view":"default","format":"svg","status":200,"durationMs":1,"requestId":"80bec8e7-c80d-42e5-babd-e75c456f4283"}

stdout | app/api/streak/route.test.ts > GET /api/streak > validation cache > evicts least recently used entries when cache is full
[32m[INFO][0m Incoming streak request {"source":"streak","user":"octocat","view":"default","requestId":"89e65e4a-1d5a-4997-8a6b-30d30ff7fb76"}

stdout | app/api/streak/route.test.ts > GET /api/streak > validation cache > evicts least recently used entries when cache is full
[32m[INFO][0m Streak request completed {"source":"streak","user":"octocat","view":"default","format":"svg","status":200,"durationMs":1,"requestId":"89e65e4a-1d5a-4997-8a6b-30d30ff7fb76"}

stdout | app/api/streak/route.test.ts > GET /api/streak > validation cache > evicts least recently used entries when cache is full
[32m[INFO][0m Incoming streak request {"source":"streak","user":"octocat","view":"default","requestId":"aa523861-bf67-4206-bea1-a8c00c0716c9"}

stdout | app/api/streak/route.test.ts > GET /api/streak > validation cache > evicts least recently used entries when cache is full
[32m[INFO][0m Streak request completed {"source":"streak","user":"octocat","view":"default","format":"svg","status":200,"durationMs":1,"requestId":"aa523861-bf67-4206-bea1-a8c00c0716c9"}

stdout | app/api/streak/route.test.ts > GET /api/streak > validation cache > evicts least recently used entries when cache is full
[32m[INFO][0m Incoming streak request {"source":"streak","user":"octocat","view":"default","requestId":"1395fb96-df57-4c9c-a787-f4405323294f"}

stdout | app/api/streak/route.test.ts > GET /api/streak > validation cache > evicts least recently used entries when cache is full
[32m[INFO][0m Streak request completed {"source":"streak","user":"octocat","view":"default","format":"svg","status":200,"durationMs":1,"requestId":"1395fb96-df57-4c9c-a787-f4405323294f"}

stdout | app/api/streak/route.test.ts > GET /api/streak > validation cache > evicts least recently used entries when cache is full
[32m[INFO][0m Incoming streak request {"source":"streak","user":"octocat","view":"default","requestId":"810d47a2-9c3e-4e20-ad36-ebaae762816f"}

stdout | app/api/streak/route.test.ts > GET /api/streak > validation cache > evicts least recently used entries when cache is full
[32m[INFO][0m Streak request completed {"source":"streak","user":"octocat","view":"default","format":"svg","status":200,"durationMs":8,"requestId":"810d47a2-9c3e-4e20-ad36-ebaae762816f"}

stdout | app/api/streak/route.test.ts > GET /api/streak > validation cache > evicts least recently used entries when cache is full
[32m[INFO][0m Incoming streak request {"source":"streak","user":"octocat","view":"default","requestId":"9e10297d-9520-4015-8ec0-55d9f7992324"}

stdout | app/api/streak/route.test.ts > GET /api/streak > validation cache > evicts least recently used entries when cache is full
[32m[INFO][0m Streak request completed {"source":"streak","user":"octocat","view":"default","format":"svg","status":200,"durationMs":2,"requestId":"9e10297d-9520-4015-8ec0-55d9f7992324"}

stdout | app/api/streak/route.test.ts > GET /api/streak > validation cache > evicts least recently used entries when cache is full
[32m[INFO][0m Incoming streak request {"source":"streak","user":"octocat","view":"default","requestId":"2b099924-e0a3-4d0d-9f6a-1568186e6682"}

stdout | app/api/streak/route.test.ts > GET /api/streak > validation cache > evicts least recently used entries when cache is full
[32m[INFO][0m Streak request completed {"source":"streak","user":"octocat","view":"default","format":"svg","status":200,"durationMs":2,"requestId":"2b099924-e0a3-4d0d-9f6a-1568186e6682"}

stdout | app/api/streak/route.test.ts > GET /api/streak > validation cache > evicts least recently used entries when cache is full
[32m[INFO][0m Incoming streak request {"source":"streak","user":"octocat","view":"default","requestId":"e30c5cde-4fe5-4edf-8a2f-527867833cc2"}

stdout | app/api/streak/route.test.ts > GET /api/streak > validation cache > evicts least recently used entries when cache is full
[32m[INFO][0m Streak request completed {"source":"streak","user":"octocat","view":"default","format":"svg","status":200,"durationMs":1,"requestId":"e30c5cde-4fe5-4edf-8a2f-527867833cc2"}

stdout | app/api/streak/route.test.ts > GET /api/streak > validation cache > evicts least recently used entries when cache is full
[32m[INFO][0m Incoming streak request {"source":"streak","user":"octocat","view":"default","requestId":"82a0047f-6981-4350-8cb8-1272766830fe"}

stdout | app/api/streak/route.test.ts > GET /api/streak > validation cache > evicts least recently used entries when cache is full
[32m[INFO][0m Streak request completed {"source":"streak","user":"octocat","view":"default","format":"svg","status":200,"durationMs":2,"requestId":"82a0047f-6981-4350-8cb8-1272766830fe"}

stdout | app/api/streak/route.test.ts > GET /api/streak > validation cache > evicts least recently used entries when cache is full
[32m[INFO][0m Incoming streak request {"source":"streak","user":"octocat","view":"default","requestId":"e27e39d3-57bf-4022-b550-9c4ddd359943"}

stdout | app/api/streak/route.test.ts > GET /api/streak > validation cache > evicts least recently used entries when cache is full
[32m[INFO][0m Streak request completed {"source":"streak","user":"octocat","view":"default","format":"svg","status":200,"durationMs":1,"requestId":"e27e39d3-57bf-4022-b550-9c4ddd359943"}

stdout | app/api/streak/route.test.ts > GET /api/streak > validation cache > evicts least recently used entries when cache is full
[32m[INFO][0m Incoming streak request {"source":"streak","user":"octocat","view":"default","requestId":"92531276-e64d-4308-8888-b430c138379a"}

stdout | app/api/streak/route.test.ts > GET /api/streak > validation cache > evicts least recently used entries when cache is full
[32m[INFO][0m Streak request completed {"source":"streak","user":"octocat","view":"default","format":"svg","status":200,"durationMs":1,"requestId":"92531276-e64d-4308-8888-b430c138379a"}

stdout | app/api/streak/route.test.ts > GET /api/streak > validation cache > evicts least recently used entries when cache is full
[32m[INFO][0m Incoming streak request {"source":"streak","user":"octocat","view":"default","requestId":"ba0fd463-2bb9-4541-99e8-1c4f22bdc66d"}

stdout | app/api/streak/route.test.ts > GET /api/streak > validation cache > evicts least recently used entries when cache is full
[32m[INFO][0m Streak request completed {"source":"streak","user":"octocat","view":"default","format":"svg","status":200,"durationMs":3,"requestId":"ba0fd463-2bb9-4541-99e8-1c4f22bdc66d"}

stdout | app/api/streak/route.test.ts > GET /api/streak > validation cache > evicts least recently used entries when cache is full
[32m[INFO][0m Incoming streak request {"source":"streak","user":"octocat","view":"default","requestId":"9528c0c5-770c-4f82-a673-7732c9825658"}

stdout | app/api/streak/route.test.ts > GET /api/streak > validation cache > evicts least recently used entries when cache is full
[32m[INFO][0m Streak request completed {"source":"streak","user":"octocat","view":"default","format":"svg","status":200,"durationMs":3,"requestId":"9528c0c5-770c-4f82-a673-7732c9825658"}

stdout | app/api/streak/route.test.ts > GET /api/streak > validation cache > evicts least recently used entries when cache is full
[32m[INFO][0m Incoming streak request {"source":"streak","user":"octocat","view":"default","requestId":"594a6e40-db52-48b7-9f16-15439fdd8322"}

stdout | app/api/streak/route.test.ts > GET /api/streak > validation cache > evicts least recently used entries when cache is full
[32m[INFO][0m Streak request completed {"source":"streak","user":"octocat","view":"default","format":"svg","status":200,"durationMs":1,"requestId":"594a6e40-db52-48b7-9f16-15439fdd8322"}

stdout | app/api/streak/route.test.ts > GET /api/streak > validation cache > evicts least recently used entries when cache is full
[32m[INFO][0m Incoming streak request {"source":"streak","user":"octocat","view":"default","requestId":"362a215f-c700-4f28-b97f-d274fd3989b4"}

stdout | app/api/streak/route.test.ts > GET /api/streak > validation cache > evicts least recently used entries when cache is full
[32m[INFO][0m Streak request completed {"source":"streak","user":"octocat","view":"default","format":"svg","status":200,"durationMs":3,"requestId":"362a215f-c700-4f28-b97f-d274fd3989b4"}

stdout | app/api/streak/route.test.ts > GET /api/streak > validation cache > evicts least recently used entries when cache is full
[32m[INFO][0m Incoming streak request {"source":"streak","user":"octocat","view":"default","requestId":"1862d473-73e5-4e05-9a02-52f412186fca"}

stdout | app/api/streak/route.test.ts > GET /api/streak > validation cache > evicts least recently used entries when cache is full
[32m[INFO][0m Streak request completed {"source":"streak","user":"octocat","view":"default","format":"svg","status":200,"durationMs":2,"requestId":"1862d473-73e5-4e05-9a02-52f412186fca"}

stdout | app/api/streak/route.test.ts > GET /api/streak > validation cache > evicts least recently used entries when cache is full
[32m[INFO][0m Incoming streak request {"source":"streak","user":"octocat","view":"default","requestId":"03f15ade-97f8-44b7-93f7-cf84e8a2fc06"}

stdout | app/api/streak/route.test.ts > GET /api/streak > validation cache > evicts least recently used entries when cache is full
[32m[INFO][0m Streak request completed {"source":"streak","user":"octocat","view":"default","format":"svg","status":200,"durationMs":4,"requestId":"03f15ade-97f8-44b7-93f7-cf84e8a2fc06"}

stdout | app/api/streak/route.test.ts > GET /api/streak > validation cache > evicts least recently used entries when cache is full
[32m[INFO][0m Incoming streak request {"source":"streak","user":"octocat","view":"default","requestId":"52df842b-3643-400b-93f7-ffeef7f37695"}

stdout | app/api/streak/route.test.ts > GET /api/streak > validation cache > evicts least recently used entries when cache is full
[32m[INFO][0m Streak request completed {"source":"streak","user":"octocat","view":"default","format":"svg","status":200,"durationMs":2,"requestId":"52df842b-3643-400b-93f7-ffeef7f37695"}

stdout | app/api/streak/route.test.ts > GET /api/streak > validation cache > evicts least recently used entries when cache is full
[32m[INFO][0m Incoming streak request {"source":"streak","user":"octocat","view":"default","requestId":"480bce0a-2287-4168-8669-e5ca23be4c98"}

stdout | app/api/streak/route.test.ts > GET /api/streak > validation cache > evicts least recently used entries when cache is full
[32m[INFO][0m Streak request completed {"source":"streak","user":"octocat","view":"default","format":"svg","status":200,"durationMs":3,"requestId":"480bce0a-2287-4168-8669-e5ca23be4c98"}

stdout | app/api/streak/route.test.ts > GET /api/streak > validation cache > evicts least recently used entries when cache is full
[32m[INFO][0m Incoming streak request {"source":"streak","user":"octocat","view":"default","requestId":"a8c58e16-e64d-4d50-91d4-77d99a5a787e"}

stdout | app/api/streak/route.test.ts > GET /api/streak > validation cache > evicts least recently used entries when cache is full
[32m[INFO][0m Streak request completed {"source":"streak","user":"octocat","view":"default","format":"svg","status":200,"durationMs":8,"requestId":"a8c58e16-e64d-4d50-91d4-77d99a5a787e"}

stdout | app/api/streak/route.test.ts > GET /api/streak > validation cache > evicts least recently used entries when cache is full
[32m[INFO][0m Incoming streak request {"source":"streak","user":"octocat","view":"default","requestId":"2530178d-4459-44c6-b685-f384a73dec2a"}

stdout | app/api/streak/route.test.ts > GET /api/streak > validation cache > evicts least recently used entries when cache is full
[32m[INFO][0m Streak request completed {"source":"streak","user":"octocat","view":"default","format":"svg","status":200,"durationMs":2,"requestId":"2530178d-4459-44c6-b685-f384a73dec2a"}

stdout | app/api/streak/route.test.ts > GET /api/streak > validation cache > evicts least recently used entries when cache is full
[32m[INFO][0m Incoming streak request {"source":"streak","user":"octocat","view":"default","requestId":"f8f41dde-3f98-4d56-8a2a-e8b5046141cb"}

stdout | app/api/streak/route.test.ts > GET /api/streak > validation cache > evicts least recently used entries when cache is full
[32m[INFO][0m Streak request completed {"source":"streak","user":"octocat","view":"default","format":"svg","status":200,"durationMs":5,"requestId":"f8f41dde-3f98-4d56-8a2a-e8b5046141cb"}

stdout | app/api/streak/route.test.ts > GET /api/streak > validation cache > evicts least recently used entries when cache is full
[32m[INFO][0m Incoming streak request {"source":"streak","user":"octocat","view":"default","requestId":"39d79a6c-583c-4969-9091-3cbdd7749c2a"}

stdout | app/api/streak/route.test.ts > GET /api/streak > validation cache > evicts least recently used entries when cache is full
[32m[INFO][0m Streak request completed {"source":"streak","user":"octocat","view":"default","format":"svg","status":200,"durationMs":2,"requestId":"39d79a6c-583c-4969-9091-3cbdd7749c2a"}

stdout | app/api/streak/route.test.ts > GET /api/streak > validation cache > evicts least recently used entries when cache is full
[32m[INFO][0m Incoming streak request {"source":"streak","user":"octocat","view":"default","requestId":"83ff0d7e-01b5-4113-88b4-b83cc50a368a"}

stdout | app/api/streak/route.test.ts > GET /api/streak > validation cache > evicts least recently used entries when cache is full
[32m[INFO][0m Streak request completed {"source":"streak","user":"octocat","view":"default","format":"svg","status":200,"durationMs":1,"requestId":"83ff0d7e-01b5-4113-88b4-b83cc50a368a"}

stdout | app/api/streak/route.test.ts > GET /api/streak > validation cache > evicts least recently used entries when cache is full
[32m[INFO][0m Incoming streak request {"source":"streak","user":"octocat","view":"default","requestId":"9cd021d3-00a5-4b94-ad70-b210ef90eb6c"}

stdout | app/api/streak/route.test.ts > GET /api/streak > validation cache > evicts least recently used entries when cache is full
[32m[INFO][0m Streak request completed {"source":"streak","user":"octocat","view":"default","format":"svg","status":200,"durationMs":4,"requestId":"9cd021d3-00a5-4b94-ad70-b210ef90eb6c"}

stdout | app/api/streak/route.test.ts > GET /api/streak > validation cache > evicts least recently used entries when cache is full
[32m[INFO][0m Incoming streak request {"source":"streak","user":"octocat","view":"default","requestId":"8c2d2c0e-9840-407d-926d-c83748a65ae8"}

stdout | app/api/streak/route.test.ts > GET /api/streak > validation cache > evicts least recently used entries when cache is full
[32m[INFO][0m Streak request completed {"source":"streak","user":"octocat","view":"default","format":"svg","status":200,"durationMs":0,"requestId":"8c2d2c0e-9840-407d-926d-c83748a65ae8"}

stdout | app/api/streak/route.test.ts > GET /api/streak > validation cache > evicts least recently used entries when cache is full
[32m[INFO][0m Incoming streak request {"source":"streak","user":"octocat","view":"default","requestId":"13cd18a4-5b31-429e-b2b8-fcabb363b1df"}

stdout | app/api/streak/route.test.ts > GET /api/streak > validation cache > evicts least recently used entries when cache is full
[32m[INFO][0m Streak request completed {"source":"streak","user":"octocat","view":"default","format":"svg","status":200,"durationMs":1,"requestId":"13cd18a4-5b31-429e-b2b8-fcabb363b1df"}

stdout | app/api/streak/route.test.ts > GET /api/streak > validation cache > evicts least recently used entries when cache is full
[32m[INFO][0m Incoming streak request {"source":"streak","user":"octocat","view":"default","requestId":"727313e7-441c-4e5f-9914-8730ba8d3f8f"}

stdout | app/api/streak/route.test.ts > GET /api/streak > validation cache > evicts least recently used entries when cache is full
[32m[INFO][0m Streak request completed {"source":"streak","user":"octocat","view":"default","format":"svg","status":200,"durationMs":1,"requestId":"727313e7-441c-4e5f-9914-8730ba8d3f8f"}

stdout | app/api/streak/route.test.ts > GET /api/streak > validation cache > evicts least recently used entries when cache is full
[32m[INFO][0m Incoming streak request {"source":"streak","user":"octocat","view":"default","requestId":"159e93cc-6aba-4b59-a3f6-86c4fcd993aa"}

stdout | app/api/streak/route.test.ts > GET /api/streak > validation cache > evicts least recently used entries when cache is full
[32m[INFO][0m Streak request completed {"source":"streak","user":"octocat","view":"default","format":"svg","status":200,"durationMs":2,"requestId":"159e93cc-6aba-4b59-a3f6-86c4fcd993aa"}

stdout | app/api/streak/route.test.ts > GET /api/streak > validation cache > evicts least recently used entries when cache is full
[32m[INFO][0m Incoming streak request {"source":"streak","user":"octocat","view":"default","requestId":"bb9243c4-da90-4899-8a50-e8acfb27c041"}

stdout | app/api/streak/route.test.ts > GET /api/streak > validation cache > evicts least recently used entries when cache is full
[32m[INFO][0m Streak request completed {"source":"streak","user":"octocat","view":"default","format":"svg","status":200,"durationMs":2,"requestId":"bb9243c4-da90-4899-8a50-e8acfb27c041"}

stdout | app/api/streak/route.test.ts > GET /api/streak > validation cache > evicts least recently used entries when cache is full
[32m[INFO][0m Incoming streak request {"source":"streak","user":"octocat","view":"default","requestId":"bd0e095d-848a-453c-8aaa-9ce8b16161b8"}

stdout | app/api/streak/route.test.ts > GET /api/streak > validation cache > evicts least recently used entries when cache is full
[32m[INFO][0m Streak request completed {"source":"streak","user":"octocat","view":"default","format":"svg","status":200,"durationMs":3,"requestId":"bd0e095d-848a-453c-8aaa-9ce8b16161b8"}

stdout | app/api/streak/route.test.ts > GET /api/streak > validation cache > evicts least recently used entries when cache is full
[32m[INFO][0m Incoming streak request {"source":"streak","user":"octocat","view":"default","requestId":"863f445d-3a67-4204-a849-ea1a2b114230"}

stdout | app/api/streak/route.test.ts > GET /api/streak > validation cache > evicts least recently used entries when cache is full
[32m[INFO][0m Streak request completed {"source":"streak","user":"octocat","view":"default","format":"svg","status":200,"durationMs":2,"requestId":"863f445d-3a67-4204-a849-ea1a2b114230"}

stdout | app/api/streak/route.test.ts > GET /api/streak > validation cache > evicts least recently used entries when cache is full
[32m[INFO][0m Incoming streak request {"source":"streak","user":"octocat","view":"default","requestId":"194a8f42-4531-4d7f-b6db-c4d459affd36"}

stdout | app/api/streak/route.test.ts > GET /api/streak > validation cache > evicts least recently used entries when cache is full
[32m[INFO][0m Streak request completed {"source":"streak","user":"octocat","view":"default","format":"svg","status":200,"durationMs":1,"requestId":"194a8f42-4531-4d7f-b6db-c4d459affd36"}

stdout | app/api/streak/route.test.ts > GET /api/streak > validation cache > evicts least recently used entries when cache is full
[32m[INFO][0m Incoming streak request {"source":"streak","user":"octocat","view":"default","requestId":"115c399e-54fa-4f3a-a1ec-874f38e56df9"}

stdout | app/api/streak/route.test.ts > GET /api/streak > validation cache > evicts least recently used entries when cache is full
[32m[INFO][0m Streak request completed {"source":"streak","user":"octocat","view":"default","format":"svg","status":200,"durationMs":2,"requestId":"115c399e-54fa-4f3a-a1ec-874f38e56df9"}

stdout | app/api/streak/route.test.ts > GET /api/streak > validation cache > evicts least recently used entries when cache is full
[32m[INFO][0m Incoming streak request {"source":"streak","user":"octocat","view":"default","requestId":"0de927da-6408-41ae-b924-a94c3686e6da"}

stdout | app/api/streak/route.test.ts > GET /api/streak > validation cache > evicts least recently used entries when cache is full
[32m[INFO][0m Streak request completed {"source":"streak","user":"octocat","view":"default","format":"svg","status":200,"durationMs":0,"requestId":"0de927da-6408-41ae-b924-a94c3686e6da"}

 ✓ lib/github.msw.test.ts (9 tests) 5783ms
     ✓ handles 500 server errors gracefully  2478ms
     ✓ handles network errors gracefully by falling back to mock profile  3202ms
stdout | app/api/streak/route.test.ts > GET /api/streak > validation cache > evicts least recently used entries when cache is full
[32m[INFO][0m Incoming streak request {"source":"streak","user":"octocat","view":"default","requestId":"e7139b9f-5c74-4515-857e-209043193061"}

stdout | app/api/streak/route.test.ts > GET /api/streak > validation cache > evicts least recently used entries when cache is full
[32m[INFO][0m Streak request completed {"source":"streak","user":"octocat","view":"default","format":"svg","status":200,"durationMs":1,"requestId":"e7139b9f-5c74-4515-857e-209043193061"}

stdout | app/api/streak/route.test.ts > GET /api/streak > validation cache > evicts least recently used entries when cache is full
[32m[INFO][0m Incoming streak request {"source":"streak","user":"octocat","view":"default","requestId":"e66fc2d1-9267-4d69-a321-277f57714d45"}

stdout | app/api/streak/route.test.ts > GET /api/streak > validation cache > evicts least recently used entries when cache is full
[32m[INFO][0m Streak request completed {"source":"streak","user":"octocat","view":"default","format":"svg","status":200,"durationMs":1,"requestId":"e66fc2d1-9267-4d69-a321-277f57714d45"}

stdout | app/api/streak/route.test.ts > GET /api/streak > validation cache > evicts least recently used entries when cache is full
[32m[INFO][0m Incoming streak request {"source":"streak","user":"octocat","view":"default","requestId":"7db3b27f-a4d7-467a-a3cf-d39654adde4f"}

stdout | app/api/streak/route.test.ts > GET /api/streak > validation cache > evicts least recently used entries when cache is full
[32m[INFO][0m Streak request completed {"source":"streak","user":"octocat","view":"default","format":"svg","status":200,"durationMs":1,"requestId":"7db3b27f-a4d7-467a-a3cf-d39654adde4f"}

stdout | app/api/streak/route.test.ts > GET /api/streak > validation cache > evicts least recently used entries when cache is full
[32m[INFO][0m Incoming streak request {"source":"streak","user":"octocat","view":"default","requestId":"4cafc26c-356a-4648-aef7-edcc1c63ec86"}

stdout | app/api/streak/route.test.ts > GET /api/streak > validation cache > evicts least recently used entries when cache is full
[32m[INFO][0m Streak request completed {"source":"streak","user":"octocat","view":"default","format":"svg","status":200,"durationMs":2,"requestId":"4cafc26c-356a-4648-aef7-edcc1c63ec86"}

stdout | app/api/streak/route.test.ts > GET /api/streak > validation cache > evicts least recently used entries when cache is full
[32m[INFO][0m Incoming streak request {"source":"streak","user":"octocat","view":"default","requestId":"0e896d0b-8109-40a9-b9d8-eb4abd902ac6"}

stdout | app/api/streak/route.test.ts > GET /api/streak > validation cache > evicts least recently used entries when cache is full
[32m[INFO][0m Streak request completed {"source":"streak","user":"octocat","view":"default","format":"svg","status":200,"durationMs":6,"requestId":"0e896d0b-8109-40a9-b9d8-eb4abd902ac6"}

stdout | app/api/streak/route.test.ts > GET /api/streak > validation cache > evicts least recently used entries when cache is full
[32m[INFO][0m Incoming streak request {"source":"streak","user":"octocat","view":"default","requestId":"9d4ba269-3166-490d-abb8-ec6fe56b8eb0"}

stdout | app/api/streak/route.test.ts > GET /api/streak > validation cache > evicts least recently used entries when cache is full
[32m[INFO][0m Streak request completed {"source":"streak","user":"octocat","view":"default","format":"svg","status":200,"durationMs":1,"requestId":"9d4ba269-3166-490d-abb8-ec6fe56b8eb0"}

stdout | app/api/streak/route.test.ts > GET /api/streak > validation cache > evicts least recently used entries when cache is full
[32m[INFO][0m Incoming streak request {"source":"streak","user":"octocat","view":"default","requestId":"f3de16e8-8458-4c57-aaa2-81158362f6f8"}

stdout | app/api/streak/route.test.ts > GET /api/streak > validation cache > evicts least recently used entries when cache is full
[32m[INFO][0m Streak request completed {"source":"streak","user":"octocat","view":"default","format":"svg","status":200,"durationMs":6,"requestId":"f3de16e8-8458-4c57-aaa2-81158362f6f8"}

stdout | app/api/streak/route.test.ts > GET /api/streak > validation cache > evicts least recently used entries when cache is full
[32m[INFO][0m Incoming streak request {"source":"streak","user":"octocat","view":"default","requestId":"bad1c941-79cb-41cb-9544-a96eb2a4741c"}

stdout | app/api/streak/route.test.ts > GET /api/streak > validation cache > evicts least recently used entries when cache is full
[32m[INFO][0m Streak request completed {"source":"streak","user":"octocat","view":"default","format":"svg","status":200,"durationMs":1,"requestId":"bad1c941-79cb-41cb-9544-a96eb2a4741c"}

stdout | app/api/streak/route.test.ts > GET /api/streak > validation cache > evicts least recently used entries when cache is full
[32m[INFO][0m Incoming streak request {"source":"streak","user":"octocat","view":"default","requestId":"875c2394-1c52-4012-88b9-21996a0cf8cf"}

stdout | app/api/streak/route.test.ts > GET /api/streak > validation cache > evicts least recently used entries when cache is full
[32m[INFO][0m Streak request completed {"source":"streak","user":"octocat","view":"default","format":"svg","status":200,"durationMs":5,"requestId":"875c2394-1c52-4012-88b9-21996a0cf8cf"}

stdout | app/api/streak/route.test.ts > GET /api/streak > validation cache > evicts least recently used entries when cache is full
[32m[INFO][0m Incoming streak request {"source":"streak","user":"octocat","view":"default","requestId":"864bd1c9-aa5f-4a07-98fb-3bbba480c5d2"}

stdout | app/api/streak/route.test.ts > GET /api/streak > validation cache > evicts least recently used entries when cache is full
[32m[INFO][0m Streak request completed {"source":"streak","user":"octocat","view":"default","format":"svg","status":200,"durationMs":1,"requestId":"864bd1c9-aa5f-4a07-98fb-3bbba480c5d2"}

stdout | app/api/streak/route.test.ts > GET /api/streak > validation cache > evicts least recently used entries when cache is full
[32m[INFO][0m Incoming streak request {"source":"streak","user":"octocat","view":"default","requestId":"7c33c5c8-ba79-41f3-8e4c-634e452d8f14"}

stdout | app/api/streak/route.test.ts > GET /api/streak > validation cache > evicts least recently used entries when cache is full
[32m[INFO][0m Streak request completed {"source":"streak","user":"octocat","view":"default","format":"svg","status":200,"durationMs":2,"requestId":"7c33c5c8-ba79-41f3-8e4c-634e452d8f14"}

stdout | app/api/streak/route.test.ts > GET /api/streak > validation cache > evicts least recently used entries when cache is full
[32m[INFO][0m Incoming streak request {"source":"streak","user":"octocat","view":"default","requestId":"ec54dd0e-f375-4547-afc7-ac2db1826cdd"}

stdout | app/api/streak/route.test.ts > GET /api/streak > validation cache > evicts least recently used entries when cache is full
[32m[INFO][0m Streak request completed {"source":"streak","user":"octocat","view":"default","format":"svg","status":200,"durationMs":1,"requestId":"ec54dd0e-f375-4547-afc7-ac2db1826cdd"}

stdout | app/api/streak/route.test.ts > GET /api/streak > validation cache > evicts least recently used entries when cache is full
[32m[INFO][0m Incoming streak request {"source":"streak","user":"octocat","view":"default","requestId":"91b2ec1b-4060-4e86-a651-4d947cdc0c78"}

stdout | app/api/streak/route.test.ts > GET /api/streak > validation cache > evicts least recently used entries when cache is full
[32m[INFO][0m Streak request completed {"source":"streak","user":"octocat","view":"default","format":"svg","status":200,"durationMs":2,"requestId":"91b2ec1b-4060-4e86-a651-4d947cdc0c78"}

stdout | app/api/streak/route.test.ts > GET /api/streak > validation cache > evicts least recently used entries when cache is full
[32m[INFO][0m Incoming streak request {"source":"streak","user":"octocat","view":"default","requestId":"d3625cf1-32bb-4997-83d1-d3a2e12d1c16"}

stdout | app/api/streak/route.test.ts > GET /api/streak > validation cache > evicts least recently used entries when cache is full
[32m[INFO][0m Streak request completed {"source":"streak","user":"octocat","view":"default","format":"svg","status":200,"durationMs":1,"requestId":"d3625cf1-32bb-4997-83d1-d3a2e12d1c16"}

stdout | app/api/streak/route.test.ts > GET /api/streak > validation cache > evicts least recently used entries when cache is full
[32m[INFO][0m Incoming streak request {"source":"streak","user":"octocat","view":"default","requestId":"58ef52df-7e71-42e7-840e-9d486146d6f7"}

stdout | app/api/streak/route.test.ts > GET /api/streak > validation cache > evicts least recently used entries when cache is full
[32m[INFO][0m Streak request completed {"source":"streak","user":"octocat","view":"default","format":"svg","status":200,"durationMs":1,"requestId":"58ef52df-7e71-42e7-840e-9d486146d6f7"}

stdout | app/api/streak/route.test.ts > GET /api/streak > validation cache > evicts least recently used entries when cache is full
[32m[INFO][0m Incoming streak request {"source":"streak","user":"octocat","view":"default","requestId":"91d6125a-ef31-4e12-a33d-6f72ae679b3c"}

stdout | app/api/streak/route.test.ts > GET /api/streak > validation cache > evicts least recently used entries when cache is full
[32m[INFO][0m Streak request completed {"source":"streak","user":"octocat","view":"default","format":"svg","status":200,"durationMs":1,"requestId":"91d6125a-ef31-4e12-a33d-6f72ae679b3c"}

stdout | app/api/streak/route.test.ts > GET /api/streak > validation cache > evicts least recently used entries when cache is full
[32m[INFO][0m Incoming streak request {"source":"streak","user":"octocat","view":"default","requestId":"f084b7d7-1670-48ea-b891-7a9882b27084"}

stdout | app/api/streak/route.test.ts > GET /api/streak > validation cache > evicts least recently used entries when cache is full
[32m[INFO][0m Streak request completed {"source":"streak","user":"octocat","view":"default","format":"svg","status":200,"durationMs":2,"requestId":"f084b7d7-1670-48ea-b891-7a9882b27084"}

stdout | app/api/streak/route.test.ts > GET /api/streak > validation cache > evicts least recently used entries when cache is full
[32m[INFO][0m Incoming streak request {"source":"streak","user":"octocat","view":"default","requestId":"ca6b1acd-0d19-4acb-9712-155098acc08f"}

stdout | app/api/streak/route.test.ts > GET /api/streak > validation cache > evicts least recently used entries when cache is full
[32m[INFO][0m Streak request completed {"source":"streak","user":"octocat","view":"default","format":"svg","status":200,"durationMs":4,"requestId":"ca6b1acd-0d19-4acb-9712-155098acc08f"}

stdout | app/api/streak/route.test.ts > GET /api/streak > validation cache > evicts least recently used entries when cache is full
[32m[INFO][0m Incoming streak request {"source":"streak","user":"octocat","view":"default","requestId":"52a0527b-4d83-4a26-b7fa-9ad8325a2cfe"}

stdout | app/api/streak/route.test.ts > GET /api/streak > validation cache > evicts least recently used entries when cache is full
[32m[INFO][0m Streak request completed {"source":"streak","user":"octocat","view":"default","format":"svg","status":200,"durationMs":2,"requestId":"52a0527b-4d83-4a26-b7fa-9ad8325a2cfe"}

stdout | app/api/streak/route.test.ts > GET /api/streak > validation cache > evicts least recently used entries when cache is full
[32m[INFO][0m Incoming streak request {"source":"streak","user":"octocat","view":"default","requestId":"7c864ae3-18a6-42fd-89ab-f30954b985bd"}

stdout | app/api/streak/route.test.ts > GET /api/streak > validation cache > evicts least recently used entries when cache is full
[32m[INFO][0m Streak request completed {"source":"streak","user":"octocat","view":"default","format":"svg","status":200,"durationMs":4,"requestId":"7c864ae3-18a6-42fd-89ab-f30954b985bd"}

stdout | app/api/streak/route.test.ts > GET /api/streak > validation cache > evicts least recently used entries when cache is full
[32m[INFO][0m Incoming streak request {"source":"streak","user":"octocat","view":"default","requestId":"df9512d1-7bc7-4ab2-b806-12c771f5ef73"}

stdout | app/api/streak/route.test.ts > GET /api/streak > validation cache > evicts least recently used entries when cache is full
[32m[INFO][0m Streak request completed {"source":"streak","user":"octocat","view":"default","format":"svg","status":200,"durationMs":1,"requestId":"df9512d1-7bc7-4ab2-b806-12c771f5ef73"}

stdout | app/api/streak/route.test.ts > GET /api/streak > validation cache > evicts least recently used entries when cache is full
[32m[INFO][0m Incoming streak request {"source":"streak","user":"octocat","view":"default","requestId":"fb3f0bb0-7587-4001-94f0-7e74e56e97f1"}

stdout | app/api/streak/route.test.ts > GET /api/streak > validation cache > evicts least recently used entries when cache is full
[32m[INFO][0m Streak request completed {"source":"streak","user":"octocat","view":"default","format":"svg","status":200,"durationMs":1,"requestId":"fb3f0bb0-7587-4001-94f0-7e74e56e97f1"}

stdout | app/api/streak/route.test.ts > GET /api/streak > validation cache > evicts least recently used entries when cache is full
[32m[INFO][0m Incoming streak request {"source":"streak","user":"octocat","view":"default","requestId":"0c932083-d61e-44d6-af70-3affc163141a"}

stdout | app/api/streak/route.test.ts > GET /api/streak > validation cache > evicts least recently used entries when cache is full
[32m[INFO][0m Streak request completed {"source":"streak","user":"octocat","view":"default","format":"svg","status":200,"durationMs":1,"requestId":"0c932083-d61e-44d6-af70-3affc163141a"}

stdout | app/api/streak/route.test.ts > GET /api/streak > validation cache > evicts least recently used entries when cache is full
[32m[INFO][0m Incoming streak request {"source":"streak","user":"octocat","view":"default","requestId":"12350460-d31c-4eb2-b840-809f8a4483fa"}

stdout | app/api/streak/route.test.ts > GET /api/streak > validation cache > evicts least recently used entries when cache is full
[32m[INFO][0m Streak request completed {"source":"streak","user":"octocat","view":"default","format":"svg","status":200,"durationMs":2,"requestId":"12350460-d31c-4eb2-b840-809f8a4483fa"}

stdout | app/api/streak/route.test.ts > GET /api/streak > validation cache > evicts least recently used entries when cache is full
[32m[INFO][0m Incoming streak request {"source":"streak","user":"octocat","view":"default","requestId":"4e523c47-80da-4fb7-b681-a1d7108f2b75"}

stdout | app/api/streak/route.test.ts > GET /api/streak > validation cache > evicts least recently used entries when cache is full
[32m[INFO][0m Streak request completed {"source":"streak","user":"octocat","view":"default","format":"svg","status":200,"durationMs":1,"requestId":"4e523c47-80da-4fb7-b681-a1d7108f2b75"}

stdout | app/api/streak/route.test.ts > GET /api/streak > validation cache > evicts least recently used entries when cache is full
[32m[INFO][0m Incoming streak request {"source":"streak","user":"octocat","view":"default","requestId":"09e3acb0-d6b9-4de6-8433-3d7c9c3bd718"}

stdout | app/api/streak/route.test.ts > GET /api/streak > validation cache > evicts least recently used entries when cache is full
[32m[INFO][0m Streak request completed {"source":"streak","user":"octocat","view":"default","format":"svg","status":200,"durationMs":1,"requestId":"09e3acb0-d6b9-4de6-8433-3d7c9c3bd718"}

stdout | app/api/streak/route.test.ts > GET /api/streak > validation cache > evicts least recently used entries when cache is full
[32m[INFO][0m Incoming streak request {"source":"streak","user":"octocat","view":"default","requestId":"232f1053-57e0-4d59-b2db-189fc6a5385b"}

stdout | app/api/streak/route.test.ts > GET /api/streak > validation cache > evicts least recently used entries when cache is full
[32m[INFO][0m Streak request completed {"source":"streak","user":"octocat","view":"default","format":"svg","status":200,"durationMs":2,"requestId":"232f1053-57e0-4d59-b2db-189fc6a5385b"}

stdout | app/api/streak/route.test.ts > GET /api/streak > validation cache > evicts least recently used entries when cache is full
[32m[INFO][0m Incoming streak request {"source":"streak","user":"octocat","view":"default","requestId":"494dd0e8-7688-4570-b57c-4c4145bad536"}

stdout | app/api/streak/route.test.ts > GET /api/streak > validation cache > evicts least recently used entries when cache is full
[32m[INFO][0m Streak request completed {"source":"streak","user":"octocat","view":"default","format":"svg","status":200,"durationMs":3,"requestId":"494dd0e8-7688-4570-b57c-4c4145bad536"}

stdout | app/api/streak/route.test.ts > GET /api/streak > validation cache > evicts least recently used entries when cache is full
[32m[INFO][0m Incoming streak request {"source":"streak","user":"octocat","view":"default","requestId":"850a8ed5-39a1-4b93-8900-3d9ec1b06a99"}

stdout | app/api/streak/route.test.ts > GET /api/streak > validation cache > evicts least recently used entries when cache is full
[32m[INFO][0m Streak request completed {"source":"streak","user":"octocat","view":"default","format":"svg","status":200,"durationMs":3,"requestId":"850a8ed5-39a1-4b93-8900-3d9ec1b06a99"}

stdout | app/api/streak/route.test.ts > GET /api/streak > validation cache > evicts least recently used entries when cache is full
[32m[INFO][0m Incoming streak request {"source":"streak","user":"octocat","view":"default","requestId":"4b65943c-a2d3-4a04-b1ea-e00d48461221"}

stdout | app/api/streak/route.test.ts > GET /api/streak > validation cache > evicts least recently used entries when cache is full
[32m[INFO][0m Streak request completed {"source":"streak","user":"octocat","view":"default","format":"svg","status":200,"durationMs":1,"requestId":"4b65943c-a2d3-4a04-b1ea-e00d48461221"}

stdout | app/api/streak/route.test.ts > GET /api/streak > validation cache > evicts least recently used entries when cache is full
[32m[INFO][0m Incoming streak request {"source":"streak","user":"octocat","view":"default","requestId":"4e741a51-1ae0-4bf9-be24-b6dec50eeb01"}

stdout | app/api/streak/route.test.ts > GET /api/streak > validation cache > evicts least recently used entries when cache is full
[32m[INFO][0m Streak request completed {"source":"streak","user":"octocat","view":"default","format":"svg","status":200,"durationMs":1,"requestId":"4e741a51-1ae0-4bf9-be24-b6dec50eeb01"}

stdout | app/api/streak/route.test.ts > GET /api/streak > validation cache > evicts least recently used entries when cache is full
[32m[INFO][0m Incoming streak request {"source":"streak","user":"octocat","view":"default","requestId":"e41d08ff-492a-4480-bb9a-25c57339cac6"}

stdout | app/api/streak/route.test.ts > GET /api/streak > validation cache > evicts least recently used entries when cache is full
[32m[INFO][0m Streak request completed {"source":"streak","user":"octocat","view":"default","format":"svg","status":200,"durationMs":5,"requestId":"e41d08ff-492a-4480-bb9a-25c57339cac6"}

stdout | app/api/streak/route.test.ts > GET /api/streak > validation cache > evicts least recently used entries when cache is full
[32m[INFO][0m Incoming streak request {"source":"streak","user":"octocat","view":"default","requestId":"93c1d638-586f-4cff-a846-ed8c3399ef85"}

stdout | app/api/streak/route.test.ts > GET /api/streak > validation cache > evicts least recently used entries when cache is full
[32m[INFO][0m Streak request completed {"source":"streak","user":"octocat","view":"default","format":"svg","status":200,"durationMs":1,"requestId":"93c1d638-586f-4cff-a846-ed8c3399ef85"}

stdout | app/api/streak/route.test.ts > GET /api/streak > validation cache > evicts least recently used entries when cache is full
[32m[INFO][0m Incoming streak request {"source":"streak","user":"octocat","view":"default","requestId":"241f85e4-a333-44fe-8929-16a62c5b17b2"}

stdout | app/api/streak/route.test.ts > GET /api/streak > validation cache > evicts least recently used entries when cache is full
[32m[INFO][0m Streak request completed {"source":"streak","user":"octocat","view":"default","format":"svg","status":200,"durationMs":1,"requestId":"241f85e4-a333-44fe-8929-16a62c5b17b2"}

stdout | app/api/streak/route.test.ts > GET /api/streak > validation cache > evicts least recently used entries when cache is full
[32m[INFO][0m Incoming streak request {"source":"streak","user":"octocat","view":"default","requestId":"ebd80781-4914-40d5-a197-138a64401af5"}

stdout | app/api/streak/route.test.ts > GET /api/streak > validation cache > evicts least recently used entries when cache is full
[32m[INFO][0m Streak request completed {"source":"streak","user":"octocat","view":"default","format":"svg","status":200,"durationMs":1,"requestId":"ebd80781-4914-40d5-a197-138a64401af5"}

stdout | app/api/streak/route.test.ts > GET /api/streak > validation cache > evicts least recently used entries when cache is full
[32m[INFO][0m Incoming streak request {"source":"streak","user":"octocat","view":"default","requestId":"c053c7d9-6d32-4b72-b435-fe5f3b05c4c2"}

stdout | app/api/streak/route.test.ts > GET /api/streak > validation cache > evicts least recently used entries when cache is full
[32m[INFO][0m Streak request completed {"source":"streak","user":"octocat","view":"default","format":"svg","status":200,"durationMs":5,"requestId":"c053c7d9-6d32-4b72-b435-fe5f3b05c4c2"}

stdout | app/api/streak/route.test.ts > GET /api/streak > validation cache > evicts least recently used entries when cache is full
[32m[INFO][0m Incoming streak request {"source":"streak","user":"octocat","view":"default","requestId":"1963b41c-3808-491a-a108-4a5d8a2cb976"}

stdout | app/api/streak/route.test.ts > GET /api/streak > validation cache > evicts least recently used entries when cache is full
[32m[INFO][0m Streak request completed {"source":"streak","user":"octocat","view":"default","format":"svg","status":200,"durationMs":1,"requestId":"1963b41c-3808-491a-a108-4a5d8a2cb976"}

stdout | app/api/streak/route.test.ts > GET /api/streak > validation cache > evicts least recently used entries when cache is full
[32m[INFO][0m Incoming streak request {"source":"streak","user":"octocat","view":"default","requestId":"7bfad612-b796-47c6-a5e8-07ead133775f"}

stdout | app/api/streak/route.test.ts > GET /api/streak > validation cache > evicts least recently used entries when cache is full
[32m[INFO][0m Streak request completed {"source":"streak","user":"octocat","view":"default","format":"svg","status":200,"durationMs":1,"requestId":"7bfad612-b796-47c6-a5e8-07ead133775f"}

stdout | app/api/streak/route.test.ts > GET /api/streak > validation cache > evicts least recently used entries when cache is full
[32m[INFO][0m Incoming streak request {"source":"streak","user":"octocat","view":"default","requestId":"483b1d31-bde2-4aac-81d4-3e529dd6b4e9"}

stdout | app/api/streak/route.test.ts > GET /api/streak > validation cache > evicts least recently used entries when cache is full
[32m[INFO][0m Streak request completed {"source":"streak","user":"octocat","view":"default","format":"svg","status":200,"durationMs":1,"requestId":"483b1d31-bde2-4aac-81d4-3e529dd6b4e9"}

stdout | app/api/streak/route.test.ts > GET /api/streak > validation cache > evicts least recently used entries when cache is full
[32m[INFO][0m Incoming streak request {"source":"streak","user":"octocat","view":"default","requestId":"24953c92-4617-4acd-9305-ec3223addb8d"}

stdout | app/api/streak/route.test.ts > GET /api/streak > validation cache > evicts least recently used entries when cache is full
[32m[INFO][0m Streak request completed {"source":"streak","user":"octocat","view":"default","format":"svg","status":200,"durationMs":1,"requestId":"24953c92-4617-4acd-9305-ec3223addb8d"}

stdout | app/api/streak/route.test.ts > GET /api/streak > validation cache > evicts least recently used entries when cache is full
[32m[INFO][0m Incoming streak request {"source":"streak","user":"octocat","view":"default","requestId":"3e3b6ad9-43ad-4e4c-892a-f0e612066058"}

stdout | app/api/streak/route.test.ts > GET /api/streak > validation cache > evicts least recently used entries when cache is full
[32m[INFO][0m Streak request completed {"source":"streak","user":"octocat","view":"default","format":"svg","status":200,"durationMs":1,"requestId":"3e3b6ad9-43ad-4e4c-892a-f0e612066058"}

stdout | app/api/streak/route.test.ts > GET /api/streak > validation cache > evicts least recently used entries when cache is full
[32m[INFO][0m Incoming streak request {"source":"streak","user":"octocat","view":"default","requestId":"a28af81f-126b-4a2e-b438-95db5243bd43"}

stdout | app/api/streak/route.test.ts > GET /api/streak > validation cache > evicts least recently used entries when cache is full
[32m[INFO][0m Streak request completed {"source":"streak","user":"octocat","view":"default","format":"svg","status":200,"durationMs":1,"requestId":"a28af81f-126b-4a2e-b438-95db5243bd43"}

stdout | app/api/streak/route.test.ts > GET /api/streak > validation cache > evicts least recently used entries when cache is full
[32m[INFO][0m Incoming streak request {"source":"streak","user":"octocat","view":"default","requestId":"10cc0675-e40b-4ff6-b4e3-c3651fce3c37"}

stdout | app/api/streak/route.test.ts > GET /api/streak > validation cache > evicts least recently used entries when cache is full
[32m[INFO][0m Streak request completed {"source":"streak","user":"octocat","view":"default","format":"svg","status":200,"durationMs":1,"requestId":"10cc0675-e40b-4ff6-b4e3-c3651fce3c37"}

stdout | app/api/streak/route.test.ts > GET /api/streak > validation cache > evicts least recently used entries when cache is full
[32m[INFO][0m Incoming streak request {"source":"streak","user":"octocat","view":"default","requestId":"60ea093c-7500-42db-b068-af2a7b3192a9"}

stdout | app/api/streak/route.test.ts > GET /api/streak > validation cache > evicts least recently used entries when cache is full
[32m[INFO][0m Streak request completed {"source":"streak","user":"octocat","view":"default","format":"svg","status":200,"durationMs":1,"requestId":"60ea093c-7500-42db-b068-af2a7b3192a9"}

stdout | app/api/streak/route.test.ts > GET /api/streak > validation cache > evicts least recently used entries when cache is full
[32m[INFO][0m Incoming streak request {"source":"streak","user":"octocat","view":"default","requestId":"75acefaf-30b3-4112-b175-f9f40a3b05bf"}

stdout | app/api/streak/route.test.ts > GET /api/streak > validation cache > evicts least recently used entries when cache is full
[32m[INFO][0m Streak request completed {"source":"streak","user":"octocat","view":"default","format":"svg","status":200,"durationMs":2,"requestId":"75acefaf-30b3-4112-b175-f9f40a3b05bf"}

stdout | app/api/streak/route.test.ts > GET /api/streak > validation cache > evicts least recently used entries when cache is full
[32m[INFO][0m Incoming streak request {"source":"streak","user":"octocat","view":"default","requestId":"83bb7ecb-8e58-4bac-916b-61111e16c64a"}

stdout | app/api/streak/route.test.ts > GET /api/streak > validation cache > evicts least recently used entries when cache is full
[32m[INFO][0m Streak request completed {"source":"streak","user":"octocat","view":"default","format":"svg","status":200,"durationMs":5,"requestId":"83bb7ecb-8e58-4bac-916b-61111e16c64a"}

stdout | app/api/streak/route.test.ts > GET /api/streak > validation cache > evicts least recently used entries when cache is full
[32m[INFO][0m Incoming streak request {"source":"streak","user":"octocat","view":"default","requestId":"5a1df904-9b61-4ce9-abb0-460baa8cd3df"}

stdout | app/api/streak/route.test.ts > GET /api/streak > validation cache > evicts least recently used entries when cache is full
[32m[INFO][0m Streak request completed {"source":"streak","user":"octocat","view":"default","format":"svg","status":200,"durationMs":1,"requestId":"5a1df904-9b61-4ce9-abb0-460baa8cd3df"}

stdout | app/api/streak/route.test.ts > GET /api/streak > validation cache > evicts least recently used entries when cache is full
[32m[INFO][0m Incoming streak request {"source":"streak","user":"octocat","view":"default","requestId":"84fa74a8-ecfb-4d8a-80f4-a27c6a8ff218"}

stdout | app/api/streak/route.test.ts > GET /api/streak > validation cache > evicts least recently used entries when cache is full
[32m[INFO][0m Streak request completed {"source":"streak","user":"octocat","view":"default","format":"svg","status":200,"durationMs":1,"requestId":"84fa74a8-ecfb-4d8a-80f4-a27c6a8ff218"}

stdout | app/api/streak/route.test.ts > GET /api/streak > validation cache > evicts least recently used entries when cache is full
[32m[INFO][0m Incoming streak request {"source":"streak","user":"octocat","view":"default","requestId":"fce8b89b-d9a1-4303-ae2e-10609baed0c5"}

stdout | app/api/streak/route.test.ts > GET /api/streak > validation cache > evicts least recently used entries when cache is full
[32m[INFO][0m Streak request completed {"source":"streak","user":"octocat","view":"default","format":"svg","status":200,"durationMs":1,"requestId":"fce8b89b-d9a1-4303-ae2e-10609baed0c5"}

stdout | app/api/streak/route.test.ts > GET /api/streak > validation cache > evicts least recently used entries when cache is full
[32m[INFO][0m Incoming streak request {"source":"streak","user":"octocat","view":"default","requestId":"fb2f7e48-36b1-4e3f-9e0c-39eae8ddb8b7"}

stdout | app/api/streak/route.test.ts > GET /api/streak > validation cache > evicts least recently used entries when cache is full
[32m[INFO][0m Streak request completed {"source":"streak","user":"octocat","view":"default","format":"svg","status":200,"durationMs":1,"requestId":"fb2f7e48-36b1-4e3f-9e0c-39eae8ddb8b7"}

stdout | app/api/streak/route.test.ts > GET /api/streak > validation cache > evicts least recently used entries when cache is full
[32m[INFO][0m Incoming streak request {"source":"streak","user":"octocat","view":"default","requestId":"cc61a11c-b97b-4ea2-b0e7-1d77d706e876"}

stdout | app/api/streak/route.test.ts > GET /api/streak > validation cache > evicts least recently used entries when cache is full
[32m[INFO][0m Streak request completed {"source":"streak","user":"octocat","view":"default","format":"svg","status":200,"durationMs":0,"requestId":"cc61a11c-b97b-4ea2-b0e7-1d77d706e876"}

stdout | app/api/streak/route.test.ts > GET /api/streak > validation cache > evicts least recently used entries when cache is full
[32m[INFO][0m Incoming streak request {"source":"streak","user":"octocat","view":"default","requestId":"ca273e62-215c-4e68-95fc-0dec9172dcf3"}

stdout | app/api/streak/route.test.ts > GET /api/streak > validation cache > evicts least recently used entries when cache is full
[32m[INFO][0m Streak request completed {"source":"streak","user":"octocat","view":"default","format":"svg","status":200,"durationMs":1,"requestId":"ca273e62-215c-4e68-95fc-0dec9172dcf3"}

stdout | app/api/streak/route.test.ts > GET /api/streak > validation cache > evicts least recently used entries when cache is full
[32m[INFO][0m Incoming streak request {"source":"streak","user":"octocat","view":"default","requestId":"f0051eee-6fd4-48a7-bd0b-367a35ba3ed7"}

stdout | app/api/streak/route.test.ts > GET /api/streak > validation cache > evicts least recently used entries when cache is full
[32m[INFO][0m Streak request completed {"source":"streak","user":"octocat","view":"default","format":"svg","status":200,"durationMs":1,"requestId":"f0051eee-6fd4-48a7-bd0b-367a35ba3ed7"}

stdout | app/api/streak/route.test.ts > GET /api/streak > validation cache > evicts least recently used entries when cache is full
[32m[INFO][0m Incoming streak request {"source":"streak","user":"octocat","view":"default","requestId":"5f7fe13b-c55c-4181-b469-1a356556ceb3"}

stdout | app/api/streak/route.test.ts > GET /api/streak > validation cache > evicts least recently used entries when cache is full
[32m[INFO][0m Streak request completed {"source":"streak","user":"octocat","view":"default","format":"svg","status":200,"durationMs":1,"requestId":"5f7fe13b-c55c-4181-b469-1a356556ceb3"}

stdout | app/api/streak/route.test.ts > GET /api/streak > validation cache > evicts least recently used entries when cache is full
[32m[INFO][0m Incoming streak request {"source":"streak","user":"octocat","view":"default","requestId":"bec7f3b1-2505-4653-96f9-f14341dc80b9"}

stdout | app/api/streak/route.test.ts > GET /api/streak > validation cache > evicts least recently used entries when cache is full
[32m[INFO][0m Streak request completed {"source":"streak","user":"octocat","view":"default","format":"svg","status":200,"durationMs":1,"requestId":"bec7f3b1-2505-4653-96f9-f14341dc80b9"}

stdout | app/api/streak/route.test.ts > GET /api/streak > validation cache > evicts least recently used entries when cache is full
[32m[INFO][0m Incoming streak request {"source":"streak","user":"octocat","view":"default","requestId":"e88a4ed3-6088-42c1-aba6-6a8c04409e70"}

stdout | app/api/streak/route.test.ts > GET /api/streak > validation cache > evicts least recently used entries when cache is full
[32m[INFO][0m Streak request completed {"source":"streak","user":"octocat","view":"default","format":"svg","status":200,"durationMs":1,"requestId":"e88a4ed3-6088-42c1-aba6-6a8c04409e70"}

stdout | app/api/streak/route.test.ts > GET /api/streak > validation cache > evicts least recently used entries when cache is full
[32m[INFO][0m Incoming streak request {"source":"streak","user":"octocat","view":"default","requestId":"f73eb5fe-1f2e-4edc-a4fd-49ae8002226c"}

stdout | app/api/streak/route.test.ts > GET /api/streak > validation cache > evicts least recently used entries when cache is full
[32m[INFO][0m Streak request completed {"source":"streak","user":"octocat","view":"default","format":"svg","status":200,"durationMs":1,"requestId":"f73eb5fe-1f2e-4edc-a4fd-49ae8002226c"}

stdout | app/api/streak/route.test.ts > GET /api/streak > validation cache > evicts least recently used entries when cache is full
[32m[INFO][0m Incoming streak request {"source":"streak","user":"octocat","view":"default","requestId":"190005a9-5d97-4185-bf9d-053921447437"}

stdout | app/api/streak/route.test.ts > GET /api/streak > validation cache > evicts least recently used entries when cache is full
[32m[INFO][0m Streak request completed {"source":"streak","user":"octocat","view":"default","format":"svg","status":200,"durationMs":1,"requestId":"190005a9-5d97-4185-bf9d-053921447437"}

stdout | app/api/streak/route.test.ts > GET /api/streak > validation cache > evicts least recently used entries when cache is full
[32m[INFO][0m Incoming streak request {"source":"streak","user":"octocat","view":"default","requestId":"cae4e7b1-fe44-473e-995c-4391b806b935"}

stdout | app/api/streak/route.test.ts > GET /api/streak > validation cache > evicts least recently used entries when cache is full
[32m[INFO][0m Streak request completed {"source":"streak","user":"octocat","view":"default","format":"svg","status":200,"durationMs":1,"requestId":"cae4e7b1-fe44-473e-995c-4391b806b935"}

stdout | app/api/streak/route.test.ts > GET /api/streak > validation cache > evicts least recently used entries when cache is full
[32m[INFO][0m Incoming streak request {"source":"streak","user":"octocat","view":"default","requestId":"41a12dbb-5824-4ce5-9d0b-9c70e2dcc6d1"}

stdout | app/api/streak/route.test.ts > GET /api/streak > validation cache > evicts least recently used entries when cache is full
[32m[INFO][0m Streak request completed {"source":"streak","user":"octocat","view":"default","format":"svg","status":200,"durationMs":1,"requestId":"41a12dbb-5824-4ce5-9d0b-9c70e2dcc6d1"}

stdout | app/api/streak/route.test.ts > GET /api/streak > validation cache > evicts least recently used entries when cache is full
[32m[INFO][0m Incoming streak request {"source":"streak","user":"octocat","view":"default","requestId":"7dc64564-255d-4847-b42e-72680dd96020"}

stdout | app/api/streak/route.test.ts > GET /api/streak > validation cache > evicts least recently used entries when cache is full
[32m[INFO][0m Streak request completed {"source":"streak","user":"octocat","view":"default","format":"svg","status":200,"durationMs":1,"requestId":"7dc64564-255d-4847-b42e-72680dd96020"}

stdout | app/api/streak/route.test.ts > GET /api/streak > validation cache > evicts least recently used entries when cache is full
[32m[INFO][0m Incoming streak request {"source":"streak","user":"octocat","view":"default","requestId":"8fa19673-4dcb-4a86-b670-6b30059dda07"}

stdout | app/api/streak/route.test.ts > GET /api/streak > validation cache > evicts least recently used entries when cache is full
[32m[INFO][0m Streak request completed {"source":"streak","user":"octocat","view":"default","format":"svg","status":200,"durationMs":1,"requestId":"8fa19673-4dcb-4a86-b670-6b30059dda07"}

stdout | app/api/streak/route.test.ts > GET /api/streak > validation cache > evicts least recently used entries when cache is full
[32m[INFO][0m Incoming streak request {"source":"streak","user":"octocat","view":"default","requestId":"328e880d-b6a1-44e7-a688-4d4d69883d24"}

stdout | app/api/streak/route.test.ts > GET /api/streak > validation cache > evicts least recently used entries when cache is full
[32m[INFO][0m Streak request completed {"source":"streak","user":"octocat","view":"default","format":"svg","status":200,"durationMs":0,"requestId":"328e880d-b6a1-44e7-a688-4d4d69883d24"}

stdout | app/api/streak/route.test.ts > GET /api/streak > validation cache > evicts least recently used entries when cache is full
[32m[INFO][0m Incoming streak request {"source":"streak","user":"octocat","view":"default","requestId":"d1cc3e63-b897-4934-a462-e53ba90a8e46"}

stdout | app/api/streak/route.test.ts > GET /api/streak > validation cache > evicts least recently used entries when cache is full
[32m[INFO][0m Streak request completed {"source":"streak","user":"octocat","view":"default","format":"svg","status":200,"durationMs":1,"requestId":"d1cc3e63-b897-4934-a462-e53ba90a8e46"}

stdout | app/api/streak/route.test.ts > GET /api/streak > validation cache > evicts least recently used entries when cache is full
[32m[INFO][0m Incoming streak request {"source":"streak","user":"octocat","view":"default","requestId":"15125e78-f47c-428b-afd1-a1a4b52a818d"}

stdout | app/api/streak/route.test.ts > GET /api/streak > validation cache > evicts least recently used entries when cache is full
[32m[INFO][0m Streak request completed {"source":"streak","user":"octocat","view":"default","format":"svg","status":200,"durationMs":4,"requestId":"15125e78-f47c-428b-afd1-a1a4b52a818d"}

stdout | app/api/streak/route.test.ts > GET /api/streak > validation cache > evicts least recently used entries when cache is full
[32m[INFO][0m Incoming streak request {"source":"streak","user":"octocat","view":"default","requestId":"0fff9c09-5586-409f-ad92-b291ecdfcdc9"}

stdout | app/api/streak/route.test.ts > GET /api/streak > validation cache > evicts least recently used entries when cache is full
[32m[INFO][0m Streak request completed {"source":"streak","user":"octocat","view":"default","format":"svg","status":200,"durationMs":1,"requestId":"0fff9c09-5586-409f-ad92-b291ecdfcdc9"}

stdout | app/api/streak/route.test.ts > GET /api/streak > validation cache > evicts least recently used entries when cache is full
[32m[INFO][0m Incoming streak request {"source":"streak","user":"octocat","view":"default","requestId":"ec5676c6-00b0-4c2c-b141-64a8eb9e165e"}

stdout | app/api/streak/route.test.ts > GET /api/streak > validation cache > evicts least recently used entries when cache is full
[32m[INFO][0m Streak request completed {"source":"streak","user":"octocat","view":"default","format":"svg","status":200,"durationMs":1,"requestId":"ec5676c6-00b0-4c2c-b141-64a8eb9e165e"}

stdout | app/api/streak/route.test.ts > GET /api/streak > validation cache > evicts least recently used entries when cache is full
[32m[INFO][0m Incoming streak request {"source":"streak","user":"octocat","view":"default","requestId":"41148439-435d-4f6e-9de0-3353c58ed723"}

stdout | app/api/streak/route.test.ts > GET /api/streak > validation cache > evicts least recently used entries when cache is full
[32m[INFO][0m Streak request completed {"source":"streak","user":"octocat","view":"default","format":"svg","status":200,"durationMs":1,"requestId":"41148439-435d-4f6e-9de0-3353c58ed723"}

stdout | app/api/streak/route.test.ts > GET /api/streak > validation cache > evicts least recently used entries when cache is full
[32m[INFO][0m Incoming streak request {"source":"streak","user":"octocat","view":"default","requestId":"14876e46-67ff-41e3-8f07-d442087d4557"}

stdout | app/api/streak/route.test.ts > GET /api/streak > validation cache > evicts least recently used entries when cache is full
[32m[INFO][0m Streak request completed {"source":"streak","user":"octocat","view":"default","format":"svg","status":200,"durationMs":1,"requestId":"14876e46-67ff-41e3-8f07-d442087d4557"}

stdout | app/api/streak/route.test.ts > GET /api/streak > validation cache > evicts least recently used entries when cache is full
[32m[INFO][0m Incoming streak request {"source":"streak","user":"octocat","view":"default","requestId":"2da556e8-815e-4d20-ab11-0984b2e72718"}

stdout | app/api/streak/route.test.ts > GET /api/streak > validation cache > evicts least recently used entries when cache is full
[32m[INFO][0m Streak request completed {"source":"streak","user":"octocat","view":"default","format":"svg","status":200,"durationMs":1,"requestId":"2da556e8-815e-4d20-ab11-0984b2e72718"}

stdout | app/api/streak/route.test.ts > GET /api/streak > validation cache > evicts least recently used entries when cache is full
[32m[INFO][0m Incoming streak request {"source":"streak","user":"octocat","view":"default","requestId":"6001cfe3-9c3f-40e1-a088-9a8eef5285a3"}

stdout | app/api/streak/route.test.ts > GET /api/streak > validation cache > evicts least recently used entries when cache is full
[32m[INFO][0m Streak request completed {"source":"streak","user":"octocat","view":"default","format":"svg","status":200,"durationMs":1,"requestId":"6001cfe3-9c3f-40e1-a088-9a8eef5285a3"}

stdout | app/api/streak/route.test.ts > GET /api/streak > validation cache > evicts least recently used entries when cache is full
[32m[INFO][0m Incoming streak request {"source":"streak","user":"octocat","view":"default","requestId":"a0a72498-d01f-46ef-a6b5-39ce706f0178"}

stdout | app/api/streak/route.test.ts > GET /api/streak > validation cache > evicts least recently used entries when cache is full
[32m[INFO][0m Streak request completed {"source":"streak","user":"octocat","view":"default","format":"svg","status":200,"durationMs":2,"requestId":"a0a72498-d01f-46ef-a6b5-39ce706f0178"}

stdout | app/api/streak/route.test.ts > GET /api/streak > validation cache > evicts least recently used entries when cache is full
[32m[INFO][0m Incoming streak request {"source":"streak","user":"octocat","view":"default","requestId":"afde35c4-e81a-425f-9c59-0b95775dba1d"}

stdout | app/api/streak/route.test.ts > GET /api/streak > validation cache > evicts least recently used entries when cache is full
[32m[INFO][0m Streak request completed {"source":"streak","user":"octocat","view":"default","format":"svg","status":200,"durationMs":1,"requestId":"afde35c4-e81a-425f-9c59-0b95775dba1d"}

stdout | app/api/streak/route.test.ts > GET /api/streak > validation cache > evicts least recently used entries when cache is full
[32m[INFO][0m Incoming streak request {"source":"streak","user":"octocat","view":"default","requestId":"20136404-2ebb-4092-b00d-e65988dec13d"}

stdout | app/api/streak/route.test.ts > GET /api/streak > validation cache > evicts least recently used entries when cache is full
[32m[INFO][0m Streak request completed {"source":"streak","user":"octocat","view":"default","format":"svg","status":200,"durationMs":2,"requestId":"20136404-2ebb-4092-b00d-e65988dec13d"}

stdout | app/api/streak/route.test.ts > GET /api/streak > validation cache > evicts least recently used entries when cache is full
[32m[INFO][0m Incoming streak request {"source":"streak","user":"octocat","view":"default","requestId":"30c8ff16-1e38-4732-9b09-8c6fb8f10f0b"}

stdout | app/api/streak/route.test.ts > GET /api/streak > validation cache > evicts least recently used entries when cache is full
[32m[INFO][0m Streak request completed {"source":"streak","user":"octocat","view":"default","format":"svg","status":200,"durationMs":2,"requestId":"30c8ff16-1e38-4732-9b09-8c6fb8f10f0b"}

stdout | app/api/streak/route.test.ts > GET /api/streak > validation cache > evicts least recently used entries when cache is full
[32m[INFO][0m Incoming streak request {"source":"streak","user":"octocat","view":"default","requestId":"05f7316a-fba6-48fa-9864-921ba262610e"}

stdout | app/api/streak/route.test.ts > GET /api/streak > validation cache > evicts least recently used entries when cache is full
[32m[INFO][0m Streak request completed {"source":"streak","user":"octocat","view":"default","format":"svg","status":200,"durationMs":1,"requestId":"05f7316a-fba6-48fa-9864-921ba262610e"}

stdout | app/api/streak/route.test.ts > GET /api/streak > validation cache > evicts least recently used entries when cache is full
[32m[INFO][0m Incoming streak request {"source":"streak","user":"octocat","view":"default","requestId":"71ebadb6-8243-48d5-8967-d3d3f4b2c8eb"}

stdout | app/api/streak/route.test.ts > GET /api/streak > validation cache > evicts least recently used entries when cache is full
[32m[INFO][0m Streak request completed {"source":"streak","user":"octocat","view":"default","format":"svg","status":200,"durationMs":1,"requestId":"71ebadb6-8243-48d5-8967-d3d3f4b2c8eb"}

stdout | app/api/streak/route.test.ts > GET /api/streak > validation cache > evicts least recently used entries when cache is full
[32m[INFO][0m Incoming streak request {"source":"streak","user":"octocat","view":"default","requestId":"17914d7a-f02f-4065-ace7-00b27e7eb7be"}

stdout | app/api/streak/route.test.ts > GET /api/streak > validation cache > evicts least recently used entries when cache is full
[32m[INFO][0m Streak request completed {"source":"streak","user":"octocat","view":"default","format":"svg","status":200,"durationMs":1,"requestId":"17914d7a-f02f-4065-ace7-00b27e7eb7be"}

stdout | app/api/streak/route.test.ts > GET /api/streak > validation cache > evicts least recently used entries when cache is full
[32m[INFO][0m Incoming streak request {"source":"streak","user":"octocat","view":"default","requestId":"4a858b90-8668-48aa-874a-591dcc9e2808"}

stdout | app/api/streak/route.test.ts > GET /api/streak > validation cache > evicts least recently used entries when cache is full
[32m[INFO][0m Streak request completed {"source":"streak","user":"octocat","view":"default","format":"svg","status":200,"durationMs":1,"requestId":"4a858b90-8668-48aa-874a-591dcc9e2808"}

stdout | app/api/streak/route.test.ts > GET /api/streak > validation cache > evicts least recently used entries when cache is full
[32m[INFO][0m Incoming streak request {"source":"streak","user":"octocat","view":"default","requestId":"37aa0a6d-ed77-47c3-a04f-3bf48248ae42"}

stdout | app/api/streak/route.test.ts > GET /api/streak > validation cache > evicts least recently used entries when cache is full
[32m[INFO][0m Streak request completed {"source":"streak","user":"octocat","view":"default","format":"svg","status":200,"durationMs":1,"requestId":"37aa0a6d-ed77-47c3-a04f-3bf48248ae42"}

stdout | app/api/streak/route.test.ts > GET /api/streak > validation cache > evicts least recently used entries when cache is full
[32m[INFO][0m Incoming streak request {"source":"streak","user":"octocat","view":"default","requestId":"7ee22369-a92f-4893-9989-1fdb3d38f7ca"}

stdout | app/api/streak/route.test.ts > GET /api/streak > validation cache > evicts least recently used entries when cache is full
[32m[INFO][0m Streak request completed {"source":"streak","user":"octocat","view":"default","format":"svg","status":200,"durationMs":1,"requestId":"7ee22369-a92f-4893-9989-1fdb3d38f7ca"}

stdout | app/api/streak/route.test.ts > GET /api/streak > validation cache > evicts least recently used entries when cache is full
[32m[INFO][0m Incoming streak request {"source":"streak","user":"octocat","view":"default","requestId":"52600bb7-571a-4a17-b842-ea3236941d42"}

stdout | app/api/streak/route.test.ts > GET /api/streak > validation cache > evicts least recently used entries when cache is full
[32m[INFO][0m Streak request completed {"source":"streak","user":"octocat","view":"default","format":"svg","status":200,"durationMs":1,"requestId":"52600bb7-571a-4a17-b842-ea3236941d42"}

stdout | app/api/streak/route.test.ts > GET /api/streak > validation cache > evicts least recently used entries when cache is full
[32m[INFO][0m Incoming streak request {"source":"streak","user":"octocat","view":"default","requestId":"dde22978-7a8e-48ef-ba1f-b89589b4e411"}

stdout | app/api/streak/route.test.ts > GET /api/streak > validation cache > evicts least recently used entries when cache is full
[32m[INFO][0m Streak request completed {"source":"streak","user":"octocat","view":"default","format":"svg","status":200,"durationMs":1,"requestId":"dde22978-7a8e-48ef-ba1f-b89589b4e411"}

stdout | app/api/streak/route.test.ts > GET /api/streak > validation cache > evicts least recently used entries when cache is full
[32m[INFO][0m Incoming streak request {"source":"streak","user":"octocat","view":"default","requestId":"21e16ebc-9b48-49cb-9bab-a7dec2a85801"}

stdout | app/api/streak/route.test.ts > GET /api/streak > validation cache > evicts least recently used entries when cache is full
[32m[INFO][0m Streak request completed {"source":"streak","user":"octocat","view":"default","format":"svg","status":200,"durationMs":1,"requestId":"21e16ebc-9b48-49cb-9bab-a7dec2a85801"}

stdout | app/api/streak/route.test.ts > GET /api/streak > validation cache > evicts least recently used entries when cache is full
[32m[INFO][0m Incoming streak request {"source":"streak","user":"octocat","view":"default","requestId":"1fd1b423-72b4-4651-b7ec-5117d3a2f808"}

stdout | app/api/streak/route.test.ts > GET /api/streak > validation cache > evicts least recently used entries when cache is full
[32m[INFO][0m Streak request completed {"source":"streak","user":"octocat","view":"default","format":"svg","status":200,"durationMs":1,"requestId":"1fd1b423-72b4-4651-b7ec-5117d3a2f808"}

stdout | app/api/streak/route.test.ts > GET /api/streak > validation cache > evicts least recently used entries when cache is full
[32m[INFO][0m Incoming streak request {"source":"streak","user":"octocat","view":"default","requestId":"44369603-6747-422c-8ec1-e372ae9e61d5"}

stdout | app/api/streak/route.test.ts > GET /api/streak > validation cache > evicts least recently used entries when cache is full
[32m[INFO][0m Streak request completed {"source":"streak","user":"octocat","view":"default","format":"svg","status":200,"durationMs":1,"requestId":"44369603-6747-422c-8ec1-e372ae9e61d5"}

stdout | app/api/streak/route.test.ts > GET /api/streak > validation cache > evicts least recently used entries when cache is full
[32m[INFO][0m Incoming streak request {"source":"streak","user":"octocat","view":"default","requestId":"937aa567-be32-43a1-89ad-bc2dcf50b293"}

stdout | app/api/streak/route.test.ts > GET /api/streak > validation cache > evicts least recently used entries when cache is full
[32m[INFO][0m Streak request completed {"source":"streak","user":"octocat","view":"default","format":"svg","status":200,"durationMs":1,"requestId":"937aa567-be32-43a1-89ad-bc2dcf50b293"}

stdout | app/api/streak/route.test.ts > GET /api/streak > validation cache > evicts least recently used entries when cache is full
[32m[INFO][0m Incoming streak request {"source":"streak","user":"octocat","view":"default","requestId":"0ea909de-a08d-4738-ac58-6a13639c60f1"}

stdout | app/api/streak/route.test.ts > GET /api/streak > validation cache > evicts least recently used entries when cache is full
[32m[INFO][0m Streak request completed {"source":"streak","user":"octocat","view":"default","format":"svg","status":200,"durationMs":1,"requestId":"0ea909de-a08d-4738-ac58-6a13639c60f1"}

stdout | app/api/streak/route.test.ts > GET /api/streak > validation cache > evicts least recently used entries when cache is full
[32m[INFO][0m Incoming streak request {"source":"streak","user":"octocat","view":"default","requestId":"97a19064-4301-4bd0-9a0f-940c4e09c856"}

stdout | app/api/streak/route.test.ts > GET /api/streak > validation cache > evicts least recently used entries when cache is full
[32m[INFO][0m Streak request completed {"source":"streak","user":"octocat","view":"default","format":"svg","status":200,"durationMs":1,"requestId":"97a19064-4301-4bd0-9a0f-940c4e09c856"}

stdout | app/api/streak/route.test.ts > GET /api/streak > validation cache > evicts least recently used entries when cache is full
[32m[INFO][0m Incoming streak request {"source":"streak","user":"octocat","view":"default","requestId":"a6288807-1861-4e9f-a204-e90219670f04"}

stdout | app/api/streak/route.test.ts > GET /api/streak > validation cache > evicts least recently used entries when cache is full
[32m[INFO][0m Streak request completed {"source":"streak","user":"octocat","view":"default","format":"svg","status":200,"durationMs":1,"requestId":"a6288807-1861-4e9f-a204-e90219670f04"}

stdout | app/api/streak/route.test.ts > GET /api/streak > validation cache > evicts least recently used entries when cache is full
[32m[INFO][0m Incoming streak request {"source":"streak","user":"octocat","view":"default","requestId":"58806cdf-a0d3-47c7-adfb-c9f5073b594c"}

stdout | app/api/streak/route.test.ts > GET /api/streak > validation cache > evicts least recently used entries when cache is full
[32m[INFO][0m Streak request completed {"source":"streak","user":"octocat","view":"default","format":"svg","status":200,"durationMs":3,"requestId":"58806cdf-a0d3-47c7-adfb-c9f5073b594c"}

stdout | app/api/streak/route.test.ts > GET /api/streak > validation cache > evicts least recently used entries when cache is full
[32m[INFO][0m Incoming streak request {"source":"streak","user":"octocat","view":"default","requestId":"5648f060-9ef6-453d-9dbe-be0cb5ac3943"}

stdout | app/api/streak/route.test.ts > GET /api/streak > validation cache > evicts least recently used entries when cache is full
[32m[INFO][0m Streak request completed {"source":"streak","user":"octocat","view":"default","format":"svg","status":200,"durationMs":5,"requestId":"5648f060-9ef6-453d-9dbe-be0cb5ac3943"}

stdout | app/api/streak/route.test.ts > GET /api/streak > validation cache > evicts least recently used entries when cache is full
[32m[INFO][0m Incoming streak request {"source":"streak","user":"octocat","view":"default","requestId":"75891e05-953d-4931-beca-a8c9c272dbab"}

stdout | app/api/streak/route.test.ts > GET /api/streak > validation cache > evicts least recently used entries when cache is full
[32m[INFO][0m Streak request completed {"source":"streak","user":"octocat","view":"default","format":"svg","status":200,"durationMs":1,"requestId":"75891e05-953d-4931-beca-a8c9c272dbab"}

stdout | app/api/streak/route.test.ts > GET /api/streak > validation cache > evicts least recently used entries when cache is full
[32m[INFO][0m Incoming streak request {"source":"streak","user":"octocat","view":"default","requestId":"0e1795d6-714d-484f-9f4e-81d4955109ed"}

stdout | app/api/streak/route.test.ts > GET /api/streak > validation cache > evicts least recently used entries when cache is full
[32m[INFO][0m Streak request completed {"source":"streak","user":"octocat","view":"default","format":"svg","status":200,"durationMs":1,"requestId":"0e1795d6-714d-484f-9f4e-81d4955109ed"}

stdout | app/api/streak/route.test.ts > GET /api/streak > validation cache > evicts least recently used entries when cache is full
[32m[INFO][0m Incoming streak request {"source":"streak","user":"octocat","view":"default","requestId":"a59729ca-202a-4611-a4e2-bcb92aa57112"}

stdout | app/api/streak/route.test.ts > GET /api/streak > validation cache > evicts least recently used entries when cache is full
[32m[INFO][0m Streak request completed {"source":"streak","user":"octocat","view":"default","format":"svg","status":200,"durationMs":4,"requestId":"a59729ca-202a-4611-a4e2-bcb92aa57112"}

stdout | app/api/streak/route.test.ts > GET /api/streak > validation cache > evicts least recently used entries when cache is full
[32m[INFO][0m Incoming streak request {"source":"streak","user":"octocat","view":"default","requestId":"7118ba6b-11e2-4b50-913d-e3dc257ea247"}

stdout | app/api/streak/route.test.ts > GET /api/streak > validation cache > evicts least recently used entries when cache is full
[32m[INFO][0m Streak request completed {"source":"streak","user":"octocat","view":"default","format":"svg","status":200,"durationMs":1,"requestId":"7118ba6b-11e2-4b50-913d-e3dc257ea247"}

stdout | app/api/streak/route.test.ts > GET /api/streak > validation cache > evicts least recently used entries when cache is full
[32m[INFO][0m Incoming streak request {"source":"streak","user":"octocat","view":"default","requestId":"4b8be485-50e9-4b8f-abfb-24d2b6c41302"}

stdout | app/api/streak/route.test.ts > GET /api/streak > validation cache > evicts least recently used entries when cache is full
[32m[INFO][0m Streak request completed {"source":"streak","user":"octocat","view":"default","format":"svg","status":200,"durationMs":1,"requestId":"4b8be485-50e9-4b8f-abfb-24d2b6c41302"}

stdout | app/api/streak/route.test.ts > GET /api/streak > validation cache > evicts least recently used entries when cache is full
[32m[INFO][0m Incoming streak request {"source":"streak","user":"octocat","view":"default","requestId":"cec33731-c88d-4761-a0b2-e8074f1365be"}

stdout | app/api/streak/route.test.ts > GET /api/streak > validation cache > evicts least recently used entries when cache is full
[32m[INFO][0m Streak request completed {"source":"streak","user":"octocat","view":"default","format":"svg","status":200,"durationMs":1,"requestId":"cec33731-c88d-4761-a0b2-e8074f1365be"}

stdout | app/api/streak/route.test.ts > GET /api/streak > validation cache > evicts least recently used entries when cache is full
[32m[INFO][0m Incoming streak request {"source":"streak","user":"octocat","view":"default","requestId":"06bb8b0b-6199-4bdc-b343-21d713c0feb3"}

stdout | app/api/streak/route.test.ts > GET /api/streak > validation cache > evicts least recently used entries when cache is full
[32m[INFO][0m Streak request completed {"source":"streak","user":"octocat","view":"default","format":"svg","status":200,"durationMs":8,"requestId":"06bb8b0b-6199-4bdc-b343-21d713c0feb3"}

stdout | app/api/streak/route.test.ts > GET /api/streak > validation cache > evicts least recently used entries when cache is full
[32m[INFO][0m Incoming streak request {"source":"streak","user":"octocat","view":"default","requestId":"ba5b9a41-0fbf-46e0-9c12-3339f017ae1f"}

stdout | app/api/streak/route.test.ts > GET /api/streak > validation cache > evicts least recently used entries when cache is full
[32m[INFO][0m Streak request completed {"source":"streak","user":"octocat","view":"default","format":"svg","status":200,"durationMs":1,"requestId":"ba5b9a41-0fbf-46e0-9c12-3339f017ae1f"}

stdout | app/api/streak/route.test.ts > GET /api/streak > validation cache > evicts least recently used entries when cache is full
[32m[INFO][0m Incoming streak request {"source":"streak","user":"octocat","view":"default","requestId":"c7e2f1b9-022e-4ad4-8f85-0915dd62cfa1"}

stdout | app/api/streak/route.test.ts > GET /api/streak > validation cache > evicts least recently used entries when cache is full
[32m[INFO][0m Streak request completed {"source":"streak","user":"octocat","view":"default","format":"svg","status":200,"durationMs":1,"requestId":"c7e2f1b9-022e-4ad4-8f85-0915dd62cfa1"}

stdout | app/api/streak/route.test.ts > GET /api/streak > validation cache > evicts least recently used entries when cache is full
[32m[INFO][0m Incoming streak request {"source":"streak","user":"octocat","view":"default","requestId":"21991de5-7e4c-4d3c-92e9-755774ca9b83"}

stdout | app/api/streak/route.test.ts > GET /api/streak > validation cache > evicts least recently used entries when cache is full
[32m[INFO][0m Streak request completed {"source":"streak","user":"octocat","view":"default","format":"svg","status":200,"durationMs":1,"requestId":"21991de5-7e4c-4d3c-92e9-755774ca9b83"}

stdout | app/api/streak/route.test.ts > GET /api/streak > validation cache > evicts least recently used entries when cache is full
[32m[INFO][0m Incoming streak request {"source":"streak","user":"octocat","view":"default","requestId":"15539728-a498-4952-b3f3-5b3e6c4cae89"}

stdout | app/api/streak/route.test.ts > GET /api/streak > validation cache > evicts least recently used entries when cache is full
[32m[INFO][0m Streak request completed {"source":"streak","user":"octocat","view":"default","format":"svg","status":200,"durationMs":0,"requestId":"15539728-a498-4952-b3f3-5b3e6c4cae89"}

stdout | app/api/streak/route.test.ts > GET /api/streak > validation cache > evicts least recently used entries when cache is full
[32m[INFO][0m Incoming streak request {"source":"streak","user":"octocat","view":"default","requestId":"65b08151-0943-4fd2-8cbe-95830ed3bf76"}

stdout | app/api/streak/route.test.ts > GET /api/streak > validation cache > evicts least recently used entries when cache is full
[32m[INFO][0m Streak request completed {"source":"streak","user":"octocat","view":"default","format":"svg","status":200,"durationMs":1,"requestId":"65b08151-0943-4fd2-8cbe-95830ed3bf76"}

stdout | app/api/streak/route.test.ts > GET /api/streak > validation cache > evicts least recently used entries when cache is full
[32m[INFO][0m Incoming streak request {"source":"streak","user":"octocat","view":"default","requestId":"cfb9c9ea-e283-43a9-8fe4-908ea874a27d"}

stdout | app/api/streak/route.test.ts > GET /api/streak > validation cache > evicts least recently used entries when cache is full
[32m[INFO][0m Streak request completed {"source":"streak","user":"octocat","view":"default","format":"svg","status":200,"durationMs":1,"requestId":"cfb9c9ea-e283-43a9-8fe4-908ea874a27d"}

stdout | app/api/streak/route.test.ts > GET /api/streak > validation cache > evicts least recently used entries when cache is full
[32m[INFO][0m Incoming streak request {"source":"streak","user":"octocat","view":"default","requestId":"3b5e4d3e-f1aa-4659-81b4-76847b5feee9"}

stdout | app/api/streak/route.test.ts > GET /api/streak > validation cache > evicts least recently used entries when cache is full
[32m[INFO][0m Streak request completed {"source":"streak","user":"octocat","view":"default","format":"svg","status":200,"durationMs":2,"requestId":"3b5e4d3e-f1aa-4659-81b4-76847b5feee9"}

stdout | app/api/streak/route.test.ts > GET /api/streak > validation cache > evicts least recently used entries when cache is full
[32m[INFO][0m Incoming streak request {"source":"streak","user":"octocat","view":"default","requestId":"9352cb39-beaf-442a-b30f-4abd8c075cea"}

stdout | app/api/streak/route.test.ts > GET /api/streak > validation cache > evicts least recently used entries when cache is full
[32m[INFO][0m Streak request completed {"source":"streak","user":"octocat","view":"default","format":"svg","status":200,"durationMs":2,"requestId":"9352cb39-beaf-442a-b30f-4abd8c075cea"}

stdout | app/api/streak/route.test.ts > GET /api/streak > validation cache > evicts least recently used entries when cache is full
[32m[INFO][0m Incoming streak request {"source":"streak","user":"octocat","view":"default","requestId":"31b05d8e-3eb2-49dd-9b75-9ca232753263"}

stdout | app/api/streak/route.test.ts > GET /api/streak > validation cache > evicts least recently used entries when cache is full
[32m[INFO][0m Streak request completed {"source":"streak","user":"octocat","view":"default","format":"svg","status":200,"durationMs":1,"requestId":"31b05d8e-3eb2-49dd-9b75-9ca232753263"}

stdout | app/api/streak/route.test.ts > GET /api/streak > validation cache > evicts least recently used entries when cache is full
[32m[INFO][0m Incoming streak request {"source":"streak","user":"octocat","view":"default","requestId":"a48386ef-fa63-4b8c-884d-329a7b126fac"}

stdout | app/api/streak/route.test.ts > GET /api/streak > validation cache > evicts least recently used entries when cache is full
[32m[INFO][0m Streak request completed {"source":"streak","user":"octocat","view":"default","format":"svg","status":200,"durationMs":1,"requestId":"a48386ef-fa63-4b8c-884d-329a7b126fac"}

stdout | app/api/streak/route.test.ts > GET /api/streak > validation cache > evicts least recently used entries when cache is full
[32m[INFO][0m Incoming streak request {"source":"streak","user":"octocat","view":"default","requestId":"fa7a2936-1f69-4e0c-b44e-4a4a7660bb01"}

stdout | app/api/streak/route.test.ts > GET /api/streak > validation cache > evicts least recently used entries when cache is full
[32m[INFO][0m Streak request completed {"source":"streak","user":"octocat","view":"default","format":"svg","status":200,"durationMs":1,"requestId":"fa7a2936-1f69-4e0c-b44e-4a4a7660bb01"}

stdout | app/api/streak/route.test.ts > GET /api/streak > validation cache > evicts least recently used entries when cache is full
[32m[INFO][0m Incoming streak request {"source":"streak","user":"octocat","view":"default","requestId":"96dd1845-7f0a-4f91-8529-8155eefd2cf9"}

stdout | app/api/streak/route.test.ts > GET /api/streak > validation cache > evicts least recently used entries when cache is full
[32m[INFO][0m Streak request completed {"source":"streak","user":"octocat","view":"default","format":"svg","status":200,"durationMs":2,"requestId":"96dd1845-7f0a-4f91-8529-8155eefd2cf9"}

stdout | app/api/streak/route.test.ts > GET /api/streak > validation cache > evicts least recently used entries when cache is full
[32m[INFO][0m Incoming streak request {"source":"streak","user":"octocat","view":"default","requestId":"0bdc77e5-e17a-4616-89ce-80bd2537423b"}

stdout | app/api/streak/route.test.ts > GET /api/streak > validation cache > evicts least recently used entries when cache is full
[32m[INFO][0m Streak request completed {"source":"streak","user":"octocat","view":"default","format":"svg","status":200,"durationMs":1,"requestId":"0bdc77e5-e17a-4616-89ce-80bd2537423b"}

stdout | app/api/streak/route.test.ts > GET /api/streak > validation cache > evicts least recently used entries when cache is full
[32m[INFO][0m Incoming streak request {"source":"streak","user":"octocat","view":"default","requestId":"976bdf0e-dcff-4c8d-9bbe-8323233f0cbc"}

stdout | app/api/streak/route.test.ts > GET /api/streak > validation cache > evicts least recently used entries when cache is full
[32m[INFO][0m Streak request completed {"source":"streak","user":"octocat","view":"default","format":"svg","status":200,"durationMs":0,"requestId":"976bdf0e-dcff-4c8d-9bbe-8323233f0cbc"}

stdout | app/api/streak/route.test.ts > GET /api/streak > validation cache > evicts least recently used entries when cache is full
[32m[INFO][0m Incoming streak request {"source":"streak","user":"octocat","view":"default","requestId":"acf9643e-4a7a-4fb1-aa55-d90769cd340e"}

stdout | app/api/streak/route.test.ts > GET /api/streak > validation cache > evicts least recently used entries when cache is full
[32m[INFO][0m Streak request completed {"source":"streak","user":"octocat","view":"default","format":"svg","status":200,"durationMs":1,"requestId":"acf9643e-4a7a-4fb1-aa55-d90769cd340e"}

stdout | app/api/streak/route.test.ts > GET /api/streak > validation cache > evicts least recently used entries when cache is full
[32m[INFO][0m Incoming streak request {"source":"streak","user":"octocat","view":"default","requestId":"7d6c3505-855b-439a-b165-11abd8b5fa02"}

stdout | app/api/streak/route.test.ts > GET /api/streak > validation cache > evicts least recently used entries when cache is full
[32m[INFO][0m Streak request completed {"source":"streak","user":"octocat","view":"default","format":"svg","status":200,"durationMs":1,"requestId":"7d6c3505-855b-439a-b165-11abd8b5fa02"}

stdout | app/api/streak/route.test.ts > GET /api/streak > validation cache > evicts least recently used entries when cache is full
[32m[INFO][0m Incoming streak request {"source":"streak","user":"octocat","view":"default","requestId":"3d9527ee-ef2f-418a-bd46-9568ebcceda8"}

stdout | app/api/streak/route.test.ts > GET /api/streak > validation cache > evicts least recently used entries when cache is full
[32m[INFO][0m Streak request completed {"source":"streak","user":"octocat","view":"default","format":"svg","status":200,"durationMs":1,"requestId":"3d9527ee-ef2f-418a-bd46-9568ebcceda8"}

stdout | app/api/streak/route.test.ts > GET /api/streak > validation cache > evicts least recently used entries when cache is full
[32m[INFO][0m Incoming streak request {"source":"streak","user":"octocat","view":"default","requestId":"70449338-e264-4b3c-842f-febf3cf38eb2"}

stdout | app/api/streak/route.test.ts > GET /api/streak > validation cache > evicts least recently used entries when cache is full
[32m[INFO][0m Streak request completed {"source":"streak","user":"octocat","view":"default","format":"svg","status":200,"durationMs":1,"requestId":"70449338-e264-4b3c-842f-febf3cf38eb2"}

stdout | app/api/streak/route.test.ts > GET /api/streak > validation cache > evicts least recently used entries when cache is full
[32m[INFO][0m Incoming streak request {"source":"streak","user":"octocat","view":"default","requestId":"3df13bf9-9979-4c65-91cf-53e09072912a"}

stdout | app/api/streak/route.test.ts > GET /api/streak > validation cache > evicts least recently used entries when cache is full
[32m[INFO][0m Streak request completed {"source":"streak","user":"octocat","view":"default","format":"svg","status":200,"durationMs":0,"requestId":"3df13bf9-9979-4c65-91cf-53e09072912a"}

stdout | app/api/streak/route.test.ts > GET /api/streak > validation cache > evicts least recently used entries when cache is full
[32m[INFO][0m Incoming streak request {"source":"streak","user":"octocat","view":"default","requestId":"a7de8512-b904-4766-ab55-7ed533600901"}

stdout | app/api/streak/route.test.ts > GET /api/streak > validation cache > evicts least recently used entries when cache is full
[32m[INFO][0m Streak request completed {"source":"streak","user":"octocat","view":"default","format":"svg","status":200,"durationMs":1,"requestId":"a7de8512-b904-4766-ab55-7ed533600901"}

stdout | app/api/streak/route.test.ts > GET /api/streak > validation cache > evicts least recently used entries when cache is full
[32m[INFO][0m Incoming streak request {"source":"streak","user":"octocat","view":"default","requestId":"d8fc9ee8-d9f7-4111-960c-046cd7b6e7f9"}

stdout | app/api/streak/route.test.ts > GET /api/streak > validation cache > evicts least recently used entries when cache is full
[32m[INFO][0m Streak request completed {"source":"streak","user":"octocat","view":"default","format":"svg","status":200,"durationMs":0,"requestId":"d8fc9ee8-d9f7-4111-960c-046cd7b6e7f9"}

stdout | app/api/streak/route.test.ts > GET /api/streak > validation cache > evicts least recently used entries when cache is full
[32m[INFO][0m Incoming streak request {"source":"streak","user":"octocat","view":"default","requestId":"3db689ab-6e66-499b-9e71-63bc2ffc5fe2"}

stdout | app/api/streak/route.test.ts > GET /api/streak > validation cache > evicts least recently used entries when cache is full
[32m[INFO][0m Streak request completed {"source":"streak","user":"octocat","view":"default","format":"svg","status":200,"durationMs":9,"requestId":"3db689ab-6e66-499b-9e71-63bc2ffc5fe2"}

stdout | app/api/streak/route.test.ts > GET /api/streak > validation cache > evicts least recently used entries when cache is full
[32m[INFO][0m Incoming streak request {"source":"streak","user":"octocat","view":"default","requestId":"99ab1c2d-3e46-4c5d-8caa-bee5d1682c6c"}

stdout | app/api/streak/route.test.ts > GET /api/streak > validation cache > evicts least recently used entries when cache is full
[32m[INFO][0m Streak request completed {"source":"streak","user":"octocat","view":"default","format":"svg","status":200,"durationMs":1,"requestId":"99ab1c2d-3e46-4c5d-8caa-bee5d1682c6c"}

stdout | app/api/streak/route.test.ts > GET /api/streak > validation cache > evicts least recently used entries when cache is full
[32m[INFO][0m Incoming streak request {"source":"streak","user":"octocat","view":"default","requestId":"5cd34ae2-22b0-4cd5-9ea8-a4970a3bf079"}

stdout | app/api/streak/route.test.ts > GET /api/streak > validation cache > evicts least recently used entries when cache is full
[32m[INFO][0m Streak request completed {"source":"streak","user":"octocat","view":"default","format":"svg","status":200,"durationMs":3,"requestId":"5cd34ae2-22b0-4cd5-9ea8-a4970a3bf079"}

stdout | app/api/streak/route.test.ts > GET /api/streak > validation cache > evicts least recently used entries when cache is full
[32m[INFO][0m Incoming streak request {"source":"streak","user":"octocat","view":"default","requestId":"3c772c06-431d-41a0-8a24-3cb4a483a652"}

stdout | app/api/streak/route.test.ts > GET /api/streak > validation cache > evicts least recently used entries when cache is full
[32m[INFO][0m Streak request completed {"source":"streak","user":"octocat","view":"default","format":"svg","status":200,"durationMs":3,"requestId":"3c772c06-431d-41a0-8a24-3cb4a483a652"}

stdout | app/api/streak/route.test.ts > GET /api/streak > validation cache > evicts least recently used entries when cache is full
[32m[INFO][0m Incoming streak request {"source":"streak","user":"octocat","view":"default","requestId":"3473bad1-dcca-4413-8cb5-ae746b381813"}

stdout | app/api/streak/route.test.ts > GET /api/streak > validation cache > evicts least recently used entries when cache is full
[32m[INFO][0m Streak request completed {"source":"streak","user":"octocat","view":"default","format":"svg","status":200,"durationMs":1,"requestId":"3473bad1-dcca-4413-8cb5-ae746b381813"}

stdout | app/api/streak/route.test.ts > GET /api/streak > validation cache > evicts least recently used entries when cache is full
[32m[INFO][0m Incoming streak request {"source":"streak","user":"octocat","view":"default","requestId":"6c649798-19a8-442a-beac-84b8bf591e9f"}

stdout | app/api/streak/route.test.ts > GET /api/streak > validation cache > evicts least recently used entries when cache is full
[32m[INFO][0m Streak request completed {"source":"streak","user":"octocat","view":"default","format":"svg","status":200,"durationMs":2,"requestId":"6c649798-19a8-442a-beac-84b8bf591e9f"}

stdout | app/api/streak/route.test.ts > GET /api/streak > validation cache > evicts least recently used entries when cache is full
[32m[INFO][0m Incoming streak request {"source":"streak","user":"octocat","view":"default","requestId":"b09e3348-89e2-440d-84c8-78c5e54ccaae"}

stdout | app/api/streak/route.test.ts > GET /api/streak > validation cache > evicts least recently used entries when cache is full
[32m[INFO][0m Streak request completed {"source":"streak","user":"octocat","view":"default","format":"svg","status":200,"durationMs":1,"requestId":"b09e3348-89e2-440d-84c8-78c5e54ccaae"}

stdout | app/api/streak/route.test.ts > GET /api/streak > validation cache > evicts least recently used entries when cache is full
[32m[INFO][0m Incoming streak request {"source":"streak","user":"octocat","view":"default","requestId":"619992f2-1f63-467e-a5bd-8945c2899cc9"}

stdout | app/api/streak/route.test.ts > GET /api/streak > validation cache > evicts least recently used entries when cache is full
[32m[INFO][0m Streak request completed {"source":"streak","user":"octocat","view":"default","format":"svg","status":200,"durationMs":1,"requestId":"619992f2-1f63-467e-a5bd-8945c2899cc9"}

stdout | app/api/streak/route.test.ts > GET /api/streak > validation cache > evicts least recently used entries when cache is full
[32m[INFO][0m Incoming streak request {"source":"streak","user":"octocat","view":"default","requestId":"f2de8965-0d06-484f-8863-2a3b85b72c8a"}

stdout | app/api/streak/route.test.ts > GET /api/streak > validation cache > evicts least recently used entries when cache is full
[32m[INFO][0m Streak request completed {"source":"streak","user":"octocat","view":"default","format":"svg","status":200,"durationMs":1,"requestId":"f2de8965-0d06-484f-8863-2a3b85b72c8a"}

stdout | app/api/streak/route.test.ts > GET /api/streak > validation cache > evicts least recently used entries when cache is full
[32m[INFO][0m Incoming streak request {"source":"streak","user":"octocat","view":"default","requestId":"03a47369-9f49-4a0c-97eb-c172f9c7c55d"}

stdout | app/api/streak/route.test.ts > GET /api/streak > validation cache > evicts least recently used entries when cache is full
[32m[INFO][0m Streak request completed {"source":"streak","user":"octocat","view":"default","format":"svg","status":200,"durationMs":1,"requestId":"03a47369-9f49-4a0c-97eb-c172f9c7c55d"}

stdout | app/api/streak/route.test.ts > GET /api/streak > validation cache > evicts least recently used entries when cache is full
[32m[INFO][0m Incoming streak request {"source":"streak","user":"octocat","view":"default","requestId":"5fc94924-2792-4643-b3fd-c1bc116e4bf6"}

stdout | app/api/streak/route.test.ts > GET /api/streak > validation cache > evicts least recently used entries when cache is full
[32m[INFO][0m Streak request completed {"source":"streak","user":"octocat","view":"default","format":"svg","status":200,"durationMs":1,"requestId":"5fc94924-2792-4643-b3fd-c1bc116e4bf6"}

stdout | app/api/streak/route.test.ts > GET /api/streak > validation cache > evicts least recently used entries when cache is full
[32m[INFO][0m Incoming streak request {"source":"streak","user":"octocat","view":"default","requestId":"f6846d25-76b1-4cdc-9795-2c558953ce26"}

stdout | app/api/streak/route.test.ts > GET /api/streak > validation cache > evicts least recently used entries when cache is full
[32m[INFO][0m Streak request completed {"source":"streak","user":"octocat","view":"default","format":"svg","status":200,"durationMs":1,"requestId":"f6846d25-76b1-4cdc-9795-2c558953ce26"}

stdout | app/api/streak/route.test.ts > GET /api/streak > validation cache > evicts least recently used entries when cache is full
[32m[INFO][0m Incoming streak request {"source":"streak","user":"octocat","view":"default","requestId":"020e5680-b105-457b-86a9-bdc06c5abca3"}

stdout | app/api/streak/route.test.ts > GET /api/streak > validation cache > evicts least recently used entries when cache is full
[32m[INFO][0m Streak request completed {"source":"streak","user":"octocat","view":"default","format":"svg","status":200,"durationMs":0,"requestId":"020e5680-b105-457b-86a9-bdc06c5abca3"}

stdout | app/api/streak/route.test.ts > GET /api/streak > validation cache > evicts least recently used entries when cache is full
[32m[INFO][0m Incoming streak request {"source":"streak","user":"octocat","view":"default","requestId":"d6119d08-dfab-4611-9977-2f87f2bafb8c"}

stdout | app/api/streak/route.test.ts > GET /api/streak > validation cache > evicts least recently used entries when cache is full
[32m[INFO][0m Streak request completed {"source":"streak","user":"octocat","view":"default","format":"svg","status":200,"durationMs":6,"requestId":"d6119d08-dfab-4611-9977-2f87f2bafb8c"}

stdout | app/api/streak/route.test.ts > GET /api/streak > validation cache > evicts least recently used entries when cache is full
[32m[INFO][0m Incoming streak request {"source":"streak","user":"octocat","view":"default","requestId":"bc48349e-6c4a-473d-897f-9fecce818b3e"}

stdout | app/api/streak/route.test.ts > GET /api/streak > validation cache > evicts least recently used entries when cache is full
[32m[INFO][0m Streak request completed {"source":"streak","user":"octocat","view":"default","format":"svg","status":200,"durationMs":8,"requestId":"bc48349e-6c4a-473d-897f-9fecce818b3e"}

stdout | app/api/streak/route.test.ts > GET /api/streak > validation cache > evicts least recently used entries when cache is full
[32m[INFO][0m Incoming streak request {"source":"streak","user":"octocat","view":"default","requestId":"6d408485-ae5a-4bcd-b200-c367c6663a63"}

stdout | app/api/streak/route.test.ts > GET /api/streak > validation cache > evicts least recently used entries when cache is full
[32m[INFO][0m Streak request completed {"source":"streak","user":"octocat","view":"default","format":"svg","status":200,"durationMs":9,"requestId":"6d408485-ae5a-4bcd-b200-c367c6663a63"}

stdout | app/api/streak/route.test.ts > GET /api/streak > validation cache > evicts least recently used entries when cache is full
[32m[INFO][0m Incoming streak request {"source":"streak","user":"octocat","view":"default","requestId":"fa419c3c-5514-4fa0-a14b-de38c1c4814e"}

stdout | app/api/streak/route.test.ts > GET /api/streak > validation cache > evicts least recently used entries when cache is full
[32m[INFO][0m Streak request completed {"source":"streak","user":"octocat","view":"default","format":"svg","status":200,"durationMs":5,"requestId":"fa419c3c-5514-4fa0-a14b-de38c1c4814e"}

stdout | app/api/streak/route.test.ts > GET /api/streak > validation cache > evicts least recently used entries when cache is full
[32m[INFO][0m Incoming streak request {"source":"streak","user":"octocat","view":"default","requestId":"45f13240-7854-4bf4-a80c-d369847cf9a6"}

stdout | app/api/streak/route.test.ts > GET /api/streak > validation cache > evicts least recently used entries when cache is full
[32m[INFO][0m Streak request completed {"source":"streak","user":"octocat","view":"default","format":"svg","status":200,"durationMs":5,"requestId":"45f13240-7854-4bf4-a80c-d369847cf9a6"}

stdout | app/api/streak/route.test.ts > GET /api/streak > validation cache > evicts least recently used entries when cache is full
[32m[INFO][0m Incoming streak request {"source":"streak","user":"octocat","view":"default","requestId":"a29a0ca3-aab4-4e9b-bfda-716c9fad8dcd"}

stdout | app/api/streak/route.test.ts > GET /api/streak > validation cache > evicts least recently used entries when cache is full
[32m[INFO][0m Streak request completed {"source":"streak","user":"octocat","view":"default","format":"svg","status":200,"durationMs":0,"requestId":"a29a0ca3-aab4-4e9b-bfda-716c9fad8dcd"}

stdout | app/api/streak/route.test.ts > GET /api/streak > validation cache > evicts least recently used entries when cache is full
[32m[INFO][0m Incoming streak request {"source":"streak","user":"octocat","view":"default","requestId":"656305b2-347e-4290-b5fa-5086db6ce451"}

stdout | app/api/streak/route.test.ts > GET /api/streak > validation cache > evicts least recently used entries when cache is full
[32m[INFO][0m Streak request completed {"source":"streak","user":"octocat","view":"default","format":"svg","status":200,"durationMs":1,"requestId":"656305b2-347e-4290-b5fa-5086db6ce451"}

stdout | app/api/streak/route.test.ts > GET /api/streak > validation cache > evicts least recently used entries when cache is full
[32m[INFO][0m Incoming streak request {"source":"streak","user":"octocat","view":"default","requestId":"a5666a00-30aa-4762-92f5-dff0f90a8a46"}

stdout | app/api/streak/route.test.ts > GET /api/streak > validation cache > evicts least recently used entries when cache is full
[32m[INFO][0m Streak request completed {"source":"streak","user":"octocat","view":"default","format":"svg","status":200,"durationMs":1,"requestId":"a5666a00-30aa-4762-92f5-dff0f90a8a46"}

stdout | app/api/streak/route.test.ts > GET /api/streak > validation cache > evicts least recently used entries when cache is full
[32m[INFO][0m Incoming streak request {"source":"streak","user":"octocat","view":"default","requestId":"fee9bcc4-e6bd-49f9-be5a-d2c9489bdd62"}

stdout | app/api/streak/route.test.ts > GET /api/streak > validation cache > evicts least recently used entries when cache is full
[32m[INFO][0m Streak request completed {"source":"streak","user":"octocat","view":"default","format":"svg","status":200,"durationMs":1,"requestId":"fee9bcc4-e6bd-49f9-be5a-d2c9489bdd62"}

stdout | app/api/streak/route.test.ts > GET /api/streak > validation cache > evicts least recently used entries when cache is full
[32m[INFO][0m Incoming streak request {"source":"streak","user":"octocat","view":"default","requestId":"e32083bd-a26f-4e50-87fd-3997ef0c86ba"}

stdout | app/api/streak/route.test.ts > GET /api/streak > validation cache > evicts least recently used entries when cache is full
[32m[INFO][0m Streak request completed {"source":"streak","user":"octocat","view":"default","format":"svg","status":200,"durationMs":1,"requestId":"e32083bd-a26f-4e50-87fd-3997ef0c86ba"}

stdout | app/api/streak/route.test.ts > GET /api/streak > validation cache > evicts least recently used entries when cache is full
[32m[INFO][0m Incoming streak request {"source":"streak","user":"octocat","view":"default","requestId":"0da10008-d25d-4dac-a356-b469476b391b"}

stdout | app/api/streak/route.test.ts > GET /api/streak > validation cache > evicts least recently used entries when cache is full
[32m[INFO][0m Streak request completed {"source":"streak","user":"octocat","view":"default","format":"svg","status":200,"durationMs":1,"requestId":"0da10008-d25d-4dac-a356-b469476b391b"}

stdout | app/api/streak/route.test.ts > GET /api/streak > validation cache > evicts least recently used entries when cache is full
[32m[INFO][0m Incoming streak request {"source":"streak","user":"octocat","view":"default","requestId":"d42dead4-bc94-4b92-86b4-2a4fc36ab00a"}

stdout | app/api/streak/route.test.ts > GET /api/streak > validation cache > evicts least recently used entries when cache is full
[32m[INFO][0m Streak request completed {"source":"streak","user":"octocat","view":"default","format":"svg","status":200,"durationMs":5,"requestId":"d42dead4-bc94-4b92-86b4-2a4fc36ab00a"}

stdout | app/api/streak/route.test.ts > GET /api/streak > validation cache > evicts least recently used entries when cache is full
[32m[INFO][0m Incoming streak request {"source":"streak","user":"octocat","view":"default","requestId":"dc2ab49a-1c76-4098-905e-bab2da71d56d"}

stdout | app/api/streak/route.test.ts > GET /api/streak > validation cache > evicts least recently used entries when cache is full
[32m[INFO][0m Streak request completed {"source":"streak","user":"octocat","view":"default","format":"svg","status":200,"durationMs":1,"requestId":"dc2ab49a-1c76-4098-905e-bab2da71d56d"}

stdout | app/api/streak/route.test.ts > GET /api/streak > validation cache > evicts least recently used entries when cache is full
[32m[INFO][0m Incoming streak request {"source":"streak","user":"octocat","view":"default","requestId":"afc0d609-b726-4f0e-b44c-4dc4f9bdca00"}

stdout | app/api/streak/route.test.ts > GET /api/streak > validation cache > evicts least recently used entries when cache is full
[32m[INFO][0m Streak request completed {"source":"streak","user":"octocat","view":"default","format":"svg","status":200,"durationMs":5,"requestId":"afc0d609-b726-4f0e-b44c-4dc4f9bdca00"}

stdout | app/api/streak/route.test.ts > GET /api/streak > validation cache > evicts least recently used entries when cache is full
[32m[INFO][0m Incoming streak request {"source":"streak","user":"octocat","view":"default","requestId":"b7755fb6-cca2-4471-9771-7834654083b4"}

stdout | app/api/streak/route.test.ts > GET /api/streak > validation cache > evicts least recently used entries when cache is full
[32m[INFO][0m Streak request completed {"source":"streak","user":"octocat","view":"default","format":"svg","status":200,"durationMs":1,"requestId":"b7755fb6-cca2-4471-9771-7834654083b4"}

stdout | app/api/streak/route.test.ts > GET /api/streak > validation cache > evicts least recently used entries when cache is full
[32m[INFO][0m Incoming streak request {"source":"streak","user":"octocat","view":"default","requestId":"1f802073-f9fb-4a6e-bef7-6310cef18f5d"}

stdout | app/api/streak/route.test.ts > GET /api/streak > validation cache > evicts least recently used entries when cache is full
[32m[INFO][0m Streak request completed {"source":"streak","user":"octocat","view":"default","format":"svg","status":200,"durationMs":3,"requestId":"1f802073-f9fb-4a6e-bef7-6310cef18f5d"}

stdout | app/api/streak/route.test.ts > GET /api/streak > validation cache > evicts least recently used entries when cache is full
[32m[INFO][0m Incoming streak request {"source":"streak","user":"octocat","view":"default","requestId":"f643cc67-45d6-48e6-b6f6-701f4c988df0"}

stdout | app/api/streak/route.test.ts > GET /api/streak > validation cache > evicts least recently used entries when cache is full
[32m[INFO][0m Streak request completed {"source":"streak","user":"octocat","view":"default","format":"svg","status":200,"durationMs":1,"requestId":"f643cc67-45d6-48e6-b6f6-701f4c988df0"}

stdout | app/api/streak/route.test.ts > GET /api/streak > validation cache > evicts least recently used entries when cache is full
[32m[INFO][0m Incoming streak request {"source":"streak","user":"octocat","view":"default","requestId":"b5044402-754b-475e-8086-cff6c5946a97"}

stdout | app/api/streak/route.test.ts > GET /api/streak > validation cache > evicts least recently used entries when cache is full
[32m[INFO][0m Streak request completed {"source":"streak","user":"octocat","view":"default","format":"svg","status":200,"durationMs":6,"requestId":"b5044402-754b-475e-8086-cff6c5946a97"}

stdout | app/api/streak/route.test.ts > GET /api/streak > validation cache > evicts least recently used entries when cache is full
[32m[INFO][0m Incoming streak request {"source":"streak","user":"octocat","view":"default","requestId":"ea91b354-63eb-48f5-af24-2ef5502adbcc"}

stdout | app/api/streak/route.test.ts > GET /api/streak > validation cache > evicts least recently used entries when cache is full
[32m[INFO][0m Streak request completed {"source":"streak","user":"octocat","view":"default","format":"svg","status":200,"durationMs":6,"requestId":"ea91b354-63eb-48f5-af24-2ef5502adbcc"}

stdout | app/api/streak/route.test.ts > GET /api/streak > validation cache > evicts least recently used entries when cache is full
[32m[INFO][0m Incoming streak request {"source":"streak","user":"octocat","view":"default","requestId":"dc3ebf5c-9c7b-45df-9c6b-0126685b70ae"}

stdout | app/api/streak/route.test.ts > GET /api/streak > validation cache > evicts least recently used entries when cache is full
[32m[INFO][0m Streak request completed {"source":"streak","user":"octocat","view":"default","format":"svg","status":200,"durationMs":3,"requestId":"dc3ebf5c-9c7b-45df-9c6b-0126685b70ae"}

stdout | app/api/streak/route.test.ts > GET /api/streak > validation cache > evicts least recently used entries when cache is full
[32m[INFO][0m Incoming streak request {"source":"streak","user":"octocat","view":"default","requestId":"34db9cc9-c5dc-42ad-bfaf-18ba2c78a8db"}

stdout | app/api/streak/route.test.ts > GET /api/streak > validation cache > evicts least recently used entries when cache is full
[32m[INFO][0m Streak request completed {"source":"streak","user":"octocat","view":"default","format":"svg","status":200,"durationMs":10,"requestId":"34db9cc9-c5dc-42ad-bfaf-18ba2c78a8db"}

stdout | app/api/streak/route.test.ts > GET /api/streak > validation cache > evicts least recently used entries when cache is full
[32m[INFO][0m Incoming streak request {"source":"streak","user":"octocat","view":"default","requestId":"b0c7fc82-7476-4b97-98ad-6e20b672d3b5"}

stdout | app/api/streak/route.test.ts > GET /api/streak > validation cache > evicts least recently used entries when cache is full
[32m[INFO][0m Streak request completed {"source":"streak","user":"octocat","view":"default","format":"svg","status":200,"durationMs":1,"requestId":"b0c7fc82-7476-4b97-98ad-6e20b672d3b5"}

stdout | app/api/streak/route.test.ts > GET /api/streak > validation cache > evicts least recently used entries when cache is full
[32m[INFO][0m Incoming streak request {"source":"streak","user":"octocat","view":"default","requestId":"5227de4c-01ff-414a-b668-442768e892e2"}

stdout | app/api/streak/route.test.ts > GET /api/streak > validation cache > evicts least recently used entries when cache is full
[32m[INFO][0m Streak request completed {"source":"streak","user":"octocat","view":"default","format":"svg","status":200,"durationMs":1,"requestId":"5227de4c-01ff-414a-b668-442768e892e2"}

stdout | app/api/streak/route.test.ts > GET /api/streak > validation cache > evicts least recently used entries when cache is full
[32m[INFO][0m Incoming streak request {"source":"streak","user":"octocat","view":"default","requestId":"35bc7754-cdcb-4854-802a-bc01ea745932"}

stdout | app/api/streak/route.test.ts > GET /api/streak > validation cache > evicts least recently used entries when cache is full
[32m[INFO][0m Streak request completed {"source":"streak","user":"octocat","view":"default","format":"svg","status":200,"durationMs":1,"requestId":"35bc7754-cdcb-4854-802a-bc01ea745932"}

stdout | app/api/streak/route.test.ts > GET /api/streak > validation cache > evicts least recently used entries when cache is full
[32m[INFO][0m Incoming streak request {"source":"streak","user":"octocat","view":"default","requestId":"5d9e4812-0832-4939-a967-68caf337786f"}

 ✓ app/generator/data/technologies.responsive-breakpoints.test.ts (5 tests) 7175ms
     ✓ renders the real technology catalog under standard 375px mobile coordinates  1428ms
     ✓ renders technology columns as the real one-column vertical mobile list  366ms
     ✓ uses fluid real row and input classes instead of absolute widths that cause mobile overflow  773ms
     ✓ renders real category navigation as wrapping compact mobile controls  3396ms
     ✓ responds to real mobile technology toggle states with valid catalog IDs  1205ms
stdout | app/api/streak/route.test.ts > GET /api/streak > validation cache > evicts least recently used entries when cache is full
[32m[INFO][0m Streak request completed {"source":"streak","user":"octocat","view":"default","format":"svg","status":200,"durationMs":1,"requestId":"5d9e4812-0832-4939-a967-68caf337786f"}

stdout | app/api/streak/route.test.ts > GET /api/streak > validation cache > evicts least recently used entries when cache is full
[32m[INFO][0m Incoming streak request {"source":"streak","user":"octocat","view":"default","requestId":"4941f84d-bd06-40f5-9784-4835366084bf"}

stdout | app/api/streak/route.test.ts > GET /api/streak > validation cache > evicts least recently used entries when cache is full
[32m[INFO][0m Streak request completed {"source":"streak","user":"octocat","view":"default","format":"svg","status":200,"durationMs":1,"requestId":"4941f84d-bd06-40f5-9784-4835366084bf"}

stdout | app/api/streak/route.test.ts > GET /api/streak > validation cache > evicts least recently used entries when cache is full
[32m[INFO][0m Incoming streak request {"source":"streak","user":"octocat","view":"default","requestId":"6189206a-3074-4e3b-ae83-c7746e02d215"}

stdout | app/api/streak/route.test.ts > GET /api/streak > validation cache > evicts least recently used entries when cache is full
[32m[INFO][0m Streak request completed {"source":"streak","user":"octocat","view":"default","format":"svg","status":200,"durationMs":1,"requestId":"6189206a-3074-4e3b-ae83-c7746e02d215"}

stdout | app/api/streak/route.test.ts > GET /api/streak > validation cache > evicts least recently used entries when cache is full
[32m[INFO][0m Incoming streak request {"source":"streak","user":"octocat","view":"default","requestId":"b7187b52-6f2e-478b-865c-381c15aca5a4"}

stdout | app/api/streak/route.test.ts > GET /api/streak > validation cache > evicts least recently used entries when cache is full
[32m[INFO][0m Streak request completed {"source":"streak","user":"octocat","view":"default","format":"svg","status":200,"durationMs":1,"requestId":"b7187b52-6f2e-478b-865c-381c15aca5a4"}

stdout | app/api/streak/route.test.ts > GET /api/streak > validation cache > evicts least recently used entries when cache is full
[32m[INFO][0m Incoming streak request {"source":"streak","user":"octocat","view":"default","requestId":"3db91e6e-20b8-450d-828e-a55f4033e3ba"}

stdout | app/api/streak/route.test.ts > GET /api/streak > validation cache > evicts least recently used entries when cache is full
[32m[INFO][0m Streak request completed {"source":"streak","user":"octocat","view":"default","format":"svg","status":200,"durationMs":1,"requestId":"3db91e6e-20b8-450d-828e-a55f4033e3ba"}

stdout | app/api/streak/route.test.ts > GET /api/streak > validation cache > evicts least recently used entries when cache is full
[32m[INFO][0m Incoming streak request {"source":"streak","user":"octocat","view":"default","requestId":"937397d9-2406-431b-a2be-eb78926a8048"}

stdout | app/api/streak/route.test.ts > GET /api/streak > validation cache > evicts least recently used entries when cache is full
[32m[INFO][0m Streak request completed {"source":"streak","user":"octocat","view":"default","format":"svg","status":200,"durationMs":1,"requestId":"937397d9-2406-431b-a2be-eb78926a8048"}

stdout | app/api/streak/route.test.ts > GET /api/streak > validation cache > evicts least recently used entries when cache is full
[32m[INFO][0m Incoming streak request {"source":"streak","user":"octocat","view":"default","requestId":"ba7142c4-2a67-4f0f-821e-422e7336ba44"}

stdout | app/api/streak/route.test.ts > GET /api/streak > validation cache > evicts least recently used entries when cache is full
[32m[INFO][0m Streak request completed {"source":"streak","user":"octocat","view":"default","format":"svg","status":200,"durationMs":3,"requestId":"ba7142c4-2a67-4f0f-821e-422e7336ba44"}

stdout | app/api/streak/route.test.ts > GET /api/streak > validation cache > evicts least recently used entries when cache is full
[32m[INFO][0m Incoming streak request {"source":"streak","user":"octocat","view":"default","requestId":"502eb33e-3d7a-42d1-8697-59110548eb7b"}

stdout | app/api/streak/route.test.ts > GET /api/streak > validation cache > evicts least recently used entries when cache is full
[32m[INFO][0m Streak request completed {"source":"streak","user":"octocat","view":"default","format":"svg","status":200,"durationMs":5,"requestId":"502eb33e-3d7a-42d1-8697-59110548eb7b"}

stdout | app/api/streak/route.test.ts > GET /api/streak > validation cache > evicts least recently used entries when cache is full
[32m[INFO][0m Incoming streak request {"source":"streak","user":"octocat","view":"default","requestId":"606f4c74-1977-48a1-bce6-5c389f50169e"}

stdout | app/api/streak/route.test.ts > GET /api/streak > validation cache > evicts least recently used entries when cache is full
[32m[INFO][0m Streak request completed {"source":"streak","user":"octocat","view":"default","format":"svg","status":200,"durationMs":1,"requestId":"606f4c74-1977-48a1-bce6-5c389f50169e"}

stdout | app/api/streak/route.test.ts > GET /api/streak > validation cache > evicts least recently used entries when cache is full
[32m[INFO][0m Incoming streak request {"source":"streak","user":"octocat","view":"default","requestId":"fd39a7ed-5b26-444c-9835-864099a9507f"}

stdout | app/api/streak/route.test.ts > GET /api/streak > validation cache > evicts least recently used entries when cache is full
[32m[INFO][0m Streak request completed {"source":"streak","user":"octocat","view":"default","format":"svg","status":200,"durationMs":0,"requestId":"fd39a7ed-5b26-444c-9835-864099a9507f"}

stdout | app/api/streak/route.test.ts > GET /api/streak > validation cache > evicts least recently used entries when cache is full
[32m[INFO][0m Incoming streak request {"source":"streak","user":"octocat","view":"default","requestId":"eed7d389-3b34-4a34-abdb-89e3b4560422"}

stdout | app/api/streak/route.test.ts > GET /api/streak > validation cache > evicts least recently used entries when cache is full
[32m[INFO][0m Streak request completed {"source":"streak","user":"octocat","view":"default","format":"svg","status":200,"durationMs":1,"requestId":"eed7d389-3b34-4a34-abdb-89e3b4560422"}

stdout | app/api/streak/route.test.ts > GET /api/streak > validation cache > evicts least recently used entries when cache is full
[32m[INFO][0m Incoming streak request {"source":"streak","user":"octocat","view":"default","requestId":"27281589-4720-4430-abfa-da6434d8794c"}

stdout | app/api/streak/route.test.ts > GET /api/streak > validation cache > evicts least recently used entries when cache is full
[32m[INFO][0m Streak request completed {"source":"streak","user":"octocat","view":"default","format":"svg","status":200,"durationMs":0,"requestId":"27281589-4720-4430-abfa-da6434d8794c"}

stdout | app/api/streak/route.test.ts > GET /api/streak > validation cache > evicts least recently used entries when cache is full
[32m[INFO][0m Incoming streak request {"source":"streak","user":"octocat","view":"default","requestId":"0ea731e6-afec-4e36-848d-314f5160ba23"}

stdout | app/api/streak/route.test.ts > GET /api/streak > validation cache > evicts least recently used entries when cache is full
[32m[INFO][0m Streak request completed {"source":"streak","user":"octocat","view":"default","format":"svg","status":200,"durationMs":1,"requestId":"0ea731e6-afec-4e36-848d-314f5160ba23"}

stdout | app/api/streak/route.test.ts > GET /api/streak > validation cache > evicts least recently used entries when cache is full
[32m[INFO][0m Incoming streak request {"source":"streak","user":"octocat","view":"default","requestId":"e4f2462f-ff7b-4f2a-82d5-15fcaf9f1f47"}

stdout | app/api/streak/route.test.ts > GET /api/streak > validation cache > evicts least recently used entries when cache is full
[32m[INFO][0m Streak request completed {"source":"streak","user":"octocat","view":"default","format":"svg","status":200,"durationMs":1,"requestId":"e4f2462f-ff7b-4f2a-82d5-15fcaf9f1f47"}

stdout | app/api/streak/route.test.ts > GET /api/streak > validation cache > evicts least recently used entries when cache is full
[32m[INFO][0m Incoming streak request {"source":"streak","user":"octocat","view":"default","requestId":"b9e7f9fa-af4d-450f-b381-fa30ebf0cfb8"}

stdout | app/api/streak/route.test.ts > GET /api/streak > validation cache > evicts least recently used entries when cache is full
[32m[INFO][0m Streak request completed {"source":"streak","user":"octocat","view":"default","format":"svg","status":200,"durationMs":1,"requestId":"b9e7f9fa-af4d-450f-b381-fa30ebf0cfb8"}

stdout | app/api/streak/route.test.ts > GET /api/streak > validation cache > evicts least recently used entries when cache is full
[32m[INFO][0m Incoming streak request {"source":"streak","user":"octocat","view":"default","requestId":"f416b5c4-9e82-4b63-a1bf-50bc1a38eb21"}

stdout | app/api/streak/route.test.ts > GET /api/streak > validation cache > evicts least recently used entries when cache is full
[32m[INFO][0m Streak request completed {"source":"streak","user":"octocat","view":"default","format":"svg","status":200,"durationMs":2,"requestId":"f416b5c4-9e82-4b63-a1bf-50bc1a38eb21"}

stdout | app/api/streak/route.test.ts > GET /api/streak > validation cache > evicts least recently used entries when cache is full
[32m[INFO][0m Incoming streak request {"source":"streak","user":"octocat","view":"default","requestId":"58edcad1-66fd-4c9a-bc4a-d3d08ff21211"}

stdout | app/api/streak/route.test.ts > GET /api/streak > validation cache > evicts least recently used entries when cache is full
[32m[INFO][0m Streak request completed {"source":"streak","user":"octocat","view":"default","format":"svg","status":200,"durationMs":1,"requestId":"58edcad1-66fd-4c9a-bc4a-d3d08ff21211"}

stdout | app/api/streak/route.test.ts > GET /api/streak > validation cache > evicts least recently used entries when cache is full
[32m[INFO][0m Incoming streak request {"source":"streak","user":"octocat","view":"default","requestId":"b6e51dab-27c4-4131-bd08-128b2d268fc4"}

stdout | app/api/streak/route.test.ts > GET /api/streak > validation cache > evicts least recently used entries when cache is full
[32m[INFO][0m Streak request completed {"source":"streak","user":"octocat","view":"default","format":"svg","status":200,"durationMs":2,"requestId":"b6e51dab-27c4-4131-bd08-128b2d268fc4"}

stdout | app/api/streak/route.test.ts > GET /api/streak > validation cache > evicts least recently used entries when cache is full
[32m[INFO][0m Incoming streak request {"source":"streak","user":"octocat","view":"default","requestId":"330335e3-0abd-4281-be17-063ff5316315"}

stdout | app/api/streak/route.test.ts > GET /api/streak > validation cache > evicts least recently used entries when cache is full
[32m[INFO][0m Streak request completed {"source":"streak","user":"octocat","view":"default","format":"svg","status":200,"durationMs":1,"requestId":"330335e3-0abd-4281-be17-063ff5316315"}

stdout | app/api/streak/route.test.ts > GET /api/streak > validation cache > evicts least recently used entries when cache is full
[32m[INFO][0m Incoming streak request {"source":"streak","user":"octocat","view":"default","requestId":"97af9c6d-652e-46a1-bfc1-b0d1e07a0090"}

stdout | app/api/streak/route.test.ts > GET /api/streak > validation cache > evicts least recently used entries when cache is full
[32m[INFO][0m Streak request completed {"source":"streak","user":"octocat","view":"default","format":"svg","status":200,"durationMs":4,"requestId":"97af9c6d-652e-46a1-bfc1-b0d1e07a0090"}

stdout | app/api/streak/route.test.ts > GET /api/streak > validation cache > evicts least recently used entries when cache is full
[32m[INFO][0m Incoming streak request {"source":"streak","user":"octocat","view":"default","requestId":"ac8a4275-26d6-4bd5-b41c-e1ce44bf255e"}

stdout | app/api/streak/route.test.ts > GET /api/streak > validation cache > evicts least recently used entries when cache is full
[32m[INFO][0m Streak request completed {"source":"streak","user":"octocat","view":"default","format":"svg","status":200,"durationMs":5,"requestId":"ac8a4275-26d6-4bd5-b41c-e1ce44bf255e"}

stdout | app/api/streak/route.test.ts > GET /api/streak > validation cache > evicts least recently used entries when cache is full
[32m[INFO][0m Incoming streak request {"source":"streak","user":"octocat","view":"default","requestId":"a60aedd4-9960-49b5-b29f-fb9a9941be18"}

stdout | app/api/streak/route.test.ts > GET /api/streak > validation cache > evicts least recently used entries when cache is full
[32m[INFO][0m Streak request completed {"source":"streak","user":"octocat","view":"default","format":"svg","status":200,"durationMs":1,"requestId":"a60aedd4-9960-49b5-b29f-fb9a9941be18"}

stdout | app/api/streak/route.test.ts > GET /api/streak > validation cache > evicts least recently used entries when cache is full
[32m[INFO][0m Incoming streak request {"source":"streak","user":"octocat","view":"default","requestId":"604af24b-1d2a-4a50-b0ee-9fe21abf60b4"}

stdout | app/api/streak/route.test.ts > GET /api/streak > validation cache > evicts least recently used entries when cache is full
[32m[INFO][0m Streak request completed {"source":"streak","user":"octocat","view":"default","format":"svg","status":200,"durationMs":1,"requestId":"604af24b-1d2a-4a50-b0ee-9fe21abf60b4"}

stdout | app/api/streak/route.test.ts > GET /api/streak > validation cache > evicts least recently used entries when cache is full
[32m[INFO][0m Incoming streak request {"source":"streak","user":"octocat","view":"default","requestId":"fefb5fa4-a779-4e89-97dd-2c2a9c0a1599"}

stdout | app/api/streak/route.test.ts > GET /api/streak > validation cache > evicts least recently used entries when cache is full
[32m[INFO][0m Streak request completed {"source":"streak","user":"octocat","view":"default","format":"svg","status":200,"durationMs":2,"requestId":"fefb5fa4-a779-4e89-97dd-2c2a9c0a1599"}

stdout | app/api/streak/route.test.ts > GET /api/streak > validation cache > evicts least recently used entries when cache is full
[32m[INFO][0m Incoming streak request {"source":"streak","user":"octocat","view":"default","requestId":"0f6b0415-f619-4696-9b26-974250ddef74"}

stdout | app/api/streak/route.test.ts > GET /api/streak > validation cache > evicts least recently used entries when cache is full
[32m[INFO][0m Streak request completed {"source":"streak","user":"octocat","view":"default","format":"svg","status":200,"durationMs":1,"requestId":"0f6b0415-f619-4696-9b26-974250ddef74"}

stdout | app/api/streak/route.test.ts > GET /api/streak > validation cache > evicts least recently used entries when cache is full
[32m[INFO][0m Incoming streak request {"source":"streak","user":"octocat","view":"default","requestId":"f857480e-8571-4fa6-8f37-3fbcaebeb76b"}

stdout | app/api/streak/route.test.ts > GET /api/streak > validation cache > evicts least recently used entries when cache is full
[32m[INFO][0m Streak request completed {"source":"streak","user":"octocat","view":"default","format":"svg","status":200,"durationMs":4,"requestId":"f857480e-8571-4fa6-8f37-3fbcaebeb76b"}

stdout | app/api/streak/route.test.ts > GET /api/streak > validation cache > evicts least recently used entries when cache is full
[32m[INFO][0m Incoming streak request {"source":"streak","user":"octocat","view":"default","requestId":"6b90c1c6-903b-43f8-a07f-409d52eedc0a"}

stdout | app/api/streak/route.test.ts > GET /api/streak > validation cache > evicts least recently used entries when cache is full
[32m[INFO][0m Streak request completed {"source":"streak","user":"octocat","view":"default","format":"svg","status":200,"durationMs":12,"requestId":"6b90c1c6-903b-43f8-a07f-409d52eedc0a"}

stdout | app/api/streak/route.test.ts > GET /api/streak > validation cache > evicts least recently used entries when cache is full
[32m[INFO][0m Incoming streak request {"source":"streak","user":"octocat","view":"default","requestId":"cf6cddf8-5163-4871-b433-edec25208e22"}

stdout | app/api/streak/route.test.ts > GET /api/streak > validation cache > evicts least recently used entries when cache is full
[32m[INFO][0m Streak request completed {"source":"streak","user":"octocat","view":"default","format":"svg","status":200,"durationMs":1,"requestId":"cf6cddf8-5163-4871-b433-edec25208e22"}

stdout | app/api/streak/route.test.ts > GET /api/streak > validation cache > evicts least recently used entries when cache is full
[32m[INFO][0m Incoming streak request {"source":"streak","user":"octocat","view":"default","requestId":"7382485d-8fe3-419c-961c-7b618a8cd3e6"}

stdout | app/api/streak/route.test.ts > GET /api/streak > validation cache > evicts least recently used entries when cache is full
[32m[INFO][0m Streak request completed {"source":"streak","user":"octocat","view":"default","format":"svg","status":200,"durationMs":2,"requestId":"7382485d-8fe3-419c-961c-7b618a8cd3e6"}

stdout | app/api/streak/route.test.ts > GET /api/streak > validation cache > evicts least recently used entries when cache is full
[32m[INFO][0m Incoming streak request {"source":"streak","user":"octocat","view":"default","requestId":"22d9e957-2945-421d-8b82-ee529a961121"}

stdout | app/api/streak/route.test.ts > GET /api/streak > validation cache > evicts least recently used entries when cache is full
[32m[INFO][0m Streak request completed {"source":"streak","user":"octocat","view":"default","format":"svg","status":200,"durationMs":1,"requestId":"22d9e957-2945-421d-8b82-ee529a961121"}

stdout | app/api/streak/route.test.ts > GET /api/streak > validation cache > evicts least recently used entries when cache is full
[32m[INFO][0m Incoming streak request {"source":"streak","user":"octocat","view":"default","requestId":"ecdb1b17-142f-44f0-b512-f997c19eb04c"}

stdout | app/api/streak/route.test.ts > GET /api/streak > validation cache > evicts least recently used entries when cache is full
[32m[INFO][0m Streak request completed {"source":"streak","user":"octocat","view":"default","format":"svg","status":200,"durationMs":2,"requestId":"ecdb1b17-142f-44f0-b512-f997c19eb04c"}

stdout | app/api/streak/route.test.ts > GET /api/streak > validation cache > evicts least recently used entries when cache is full
[32m[INFO][0m Incoming streak request {"source":"streak","user":"octocat","view":"default","requestId":"d8a2ab17-d04c-4b8f-8eda-1c0cd72475e9"}

stdout | app/api/streak/route.test.ts > GET /api/streak > validation cache > evicts least recently used entries when cache is full
[32m[INFO][0m Streak request completed {"source":"streak","user":"octocat","view":"default","format":"svg","status":200,"durationMs":1,"requestId":"d8a2ab17-d04c-4b8f-8eda-1c0cd72475e9"}

stdout | app/api/streak/route.test.ts > GET /api/streak > validation cache > evicts least recently used entries when cache is full
[32m[INFO][0m Incoming streak request {"source":"streak","user":"octocat","view":"default","requestId":"014c5e8d-0083-45cb-a144-2a19dff267cc"}

stdout | app/api/streak/route.test.ts > GET /api/streak > validation cache > evicts least recently used entries when cache is full
[32m[INFO][0m Streak request completed {"source":"streak","user":"octocat","view":"default","format":"svg","status":200,"durationMs":1,"requestId":"014c5e8d-0083-45cb-a144-2a19dff267cc"}

stdout | app/api/streak/route.test.ts > GET /api/streak > validation cache > evicts least recently used entries when cache is full
[32m[INFO][0m Incoming streak request {"source":"streak","user":"octocat","view":"default","requestId":"ef525254-bb9a-4793-8554-0c24f7155b50"}

stdout | app/api/streak/route.test.ts > GET /api/streak > validation cache > evicts least recently used entries when cache is full
[32m[INFO][0m Streak request completed {"source":"streak","user":"octocat","view":"default","format":"svg","status":200,"durationMs":1,"requestId":"ef525254-bb9a-4793-8554-0c24f7155b50"}

stdout | app/api/streak/route.test.ts > GET /api/streak > validation cache > evicts least recently used entries when cache is full
[32m[INFO][0m Incoming streak request {"source":"streak","user":"octocat","view":"default","requestId":"0f92cac6-eb4d-4f39-b5cd-95a06c179fb7"}

stdout | app/api/streak/route.test.ts > GET /api/streak > validation cache > evicts least recently used entries when cache is full
[32m[INFO][0m Streak request completed {"source":"streak","user":"octocat","view":"default","format":"svg","status":200,"durationMs":0,"requestId":"0f92cac6-eb4d-4f39-b5cd-95a06c179fb7"}

stdout | app/api/streak/route.test.ts > GET /api/streak > validation cache > evicts least recently used entries when cache is full
[32m[INFO][0m Incoming streak request {"source":"streak","user":"octocat","view":"default","requestId":"fc3e4f5a-fcf8-4530-8a2b-a6fb198c7107"}

stdout | app/api/streak/route.test.ts > GET /api/streak > validation cache > evicts least recently used entries when cache is full
[32m[INFO][0m Streak request completed {"source":"streak","user":"octocat","view":"default","format":"svg","status":200,"durationMs":1,"requestId":"fc3e4f5a-fcf8-4530-8a2b-a6fb198c7107"}

stdout | app/api/streak/route.test.ts > GET /api/streak > validation cache > evicts least recently used entries when cache is full
[32m[INFO][0m Incoming streak request {"source":"streak","user":"octocat","view":"default","requestId":"875e0394-e282-4e6b-8761-77c8cb7eee1b"}

stdout | app/api/streak/route.test.ts > GET /api/streak > validation cache > evicts least recently used entries when cache is full
[32m[INFO][0m Streak request completed {"source":"streak","user":"octocat","view":"default","format":"svg","status":200,"durationMs":2,"requestId":"875e0394-e282-4e6b-8761-77c8cb7eee1b"}

stdout | app/api/streak/route.test.ts > GET /api/streak > validation cache > evicts least recently used entries when cache is full
[32m[INFO][0m Incoming streak request {"source":"streak","user":"octocat","view":"default","requestId":"d4abd063-5aec-4201-bd4d-a5cfb8d5cd88"}

stdout | app/api/streak/route.test.ts > GET /api/streak > validation cache > evicts least recently used entries when cache is full
[32m[INFO][0m Streak request completed {"source":"streak","user":"octocat","view":"default","format":"svg","status":200,"durationMs":1,"requestId":"d4abd063-5aec-4201-bd4d-a5cfb8d5cd88"}

stdout | app/api/streak/route.test.ts > GET /api/streak > validation cache > evicts least recently used entries when cache is full
[32m[INFO][0m Incoming streak request {"source":"streak","user":"octocat","view":"default","requestId":"753a9c4c-86e1-46e4-a07e-79e9b6db6666"}

stdout | app/api/streak/route.test.ts > GET /api/streak > validation cache > evicts least recently used entries when cache is full
[32m[INFO][0m Streak request completed {"source":"streak","user":"octocat","view":"default","format":"svg","status":200,"durationMs":1,"requestId":"753a9c4c-86e1-46e4-a07e-79e9b6db6666"}

stdout | app/api/streak/route.test.ts > GET /api/streak > validation cache > evicts least recently used entries when cache is full
[32m[INFO][0m Incoming streak request {"source":"streak","user":"octocat","view":"default","requestId":"915196d0-0d2d-470a-b0c9-090eb7480f84"}

stdout | app/api/streak/route.test.ts > GET /api/streak > validation cache > evicts least recently used entries when cache is full
[32m[INFO][0m Streak request completed {"source":"streak","user":"octocat","view":"default","format":"svg","status":200,"durationMs":2,"requestId":"915196d0-0d2d-470a-b0c9-090eb7480f84"}

stdout | app/api/streak/route.test.ts > GET /api/streak > validation cache > evicts least recently used entries when cache is full
[32m[INFO][0m Incoming streak request {"source":"streak","user":"octocat","view":"default","requestId":"b7f4539a-de43-4c95-855d-4311d429ac22"}

stdout | app/api/streak/route.test.ts > GET /api/streak > validation cache > evicts least recently used entries when cache is full
[32m[INFO][0m Streak request completed {"source":"streak","user":"octocat","view":"default","format":"svg","status":200,"durationMs":2,"requestId":"b7f4539a-de43-4c95-855d-4311d429ac22"}

stdout | app/api/streak/route.test.ts > GET /api/streak > validation cache > evicts least recently used entries when cache is full
[32m[INFO][0m Incoming streak request {"source":"streak","user":"octocat","view":"default","requestId":"764b6ebd-cfc3-448b-a3e0-6c5966c739a1"}

stdout | app/api/streak/route.test.ts > GET /api/streak > validation cache > evicts least recently used entries when cache is full
[32m[INFO][0m Streak request completed {"source":"streak","user":"octocat","view":"default","format":"svg","status":200,"durationMs":1,"requestId":"764b6ebd-cfc3-448b-a3e0-6c5966c739a1"}

stdout | app/api/streak/route.test.ts > GET /api/streak > validation cache > evicts least recently used entries when cache is full
[32m[INFO][0m Incoming streak request {"source":"streak","user":"octocat","view":"default","requestId":"c3aaa532-8016-4fe0-8032-f7ec8b806fe2"}

stdout | app/api/streak/route.test.ts > GET /api/streak > validation cache > evicts least recently used entries when cache is full
[32m[INFO][0m Streak request completed {"source":"streak","user":"octocat","view":"default","format":"svg","status":200,"durationMs":2,"requestId":"c3aaa532-8016-4fe0-8032-f7ec8b806fe2"}

stdout | app/api/streak/route.test.ts > GET /api/streak > validation cache > evicts least recently used entries when cache is full
[32m[INFO][0m Incoming streak request {"source":"streak","user":"octocat","view":"default","requestId":"60bf6da0-8f21-401b-8a32-daea92656f95"}

stdout | app/api/streak/route.test.ts > GET /api/streak > validation cache > evicts least recently used entries when cache is full
[32m[INFO][0m Streak request completed {"source":"streak","user":"octocat","view":"default","format":"svg","status":200,"durationMs":1,"requestId":"60bf6da0-8f21-401b-8a32-daea92656f95"}

stdout | app/api/streak/route.test.ts > GET /api/streak > validation cache > evicts least recently used entries when cache is full
[32m[INFO][0m Incoming streak request {"source":"streak","user":"octocat","view":"default","requestId":"0c48eebb-c2f3-4134-a53d-7cded3b4f125"}

stdout | app/api/streak/route.test.ts > GET /api/streak > validation cache > evicts least recently used entries when cache is full
[32m[INFO][0m Streak request completed {"source":"streak","user":"octocat","view":"default","format":"svg","status":200,"durationMs":3,"requestId":"0c48eebb-c2f3-4134-a53d-7cded3b4f125"}

stdout | app/api/streak/route.test.ts > GET /api/streak > validation cache > evicts least recently used entries when cache is full
[32m[INFO][0m Incoming streak request {"source":"streak","user":"octocat","view":"default","requestId":"8aee5cd2-3346-48e1-9d9b-44b0ca0eafbc"}

stdout | app/api/streak/route.test.ts > GET /api/streak > validation cache > evicts least recently used entries when cache is full
[32m[INFO][0m Streak request completed {"source":"streak","user":"octocat","view":"default","format":"svg","status":200,"durationMs":2,"requestId":"8aee5cd2-3346-48e1-9d9b-44b0ca0eafbc"}

stdout | app/api/streak/route.test.ts > GET /api/streak > validation cache > evicts least recently used entries when cache is full
[32m[INFO][0m Incoming streak request {"source":"streak","user":"octocat","view":"default","requestId":"364289bb-acab-47a6-9301-53e65ef889b9"}

stdout | app/api/streak/route.test.ts > GET /api/streak > validation cache > evicts least recently used entries when cache is full
[32m[INFO][0m Streak request completed {"source":"streak","user":"octocat","view":"default","format":"svg","status":200,"durationMs":3,"requestId":"364289bb-acab-47a6-9301-53e65ef889b9"}

stdout | app/api/streak/route.test.ts > GET /api/streak > validation cache > evicts least recently used entries when cache is full
[32m[INFO][0m Incoming streak request {"source":"streak","user":"octocat","view":"default","requestId":"3615eae2-90ab-4f5c-b065-1ef63d14d5f1"}

stdout | app/api/streak/route.test.ts > GET /api/streak > validation cache > evicts least recently used entries when cache is full
[32m[INFO][0m Streak request completed {"source":"streak","user":"octocat","view":"default","format":"svg","status":200,"durationMs":1,"requestId":"3615eae2-90ab-4f5c-b065-1ef63d14d5f1"}

stdout | app/api/streak/route.test.ts > GET /api/streak > validation cache > evicts least recently used entries when cache is full
[32m[INFO][0m Incoming streak request {"source":"streak","user":"octocat","view":"default","requestId":"8cd4adbe-ccee-479e-9d07-8d8955e46299"}

stdout | app/api/streak/route.test.ts > GET /api/streak > validation cache > evicts least recently used entries when cache is full
[32m[INFO][0m Streak request completed {"source":"streak","user":"octocat","view":"default","format":"svg","status":200,"durationMs":3,"requestId":"8cd4adbe-ccee-479e-9d07-8d8955e46299"}

stdout | app/api/streak/route.test.ts > GET /api/streak > validation cache > evicts least recently used entries when cache is full
[32m[INFO][0m Incoming streak request {"source":"streak","user":"octocat","view":"default","requestId":"ba7e05d4-3240-4b09-b81c-5a716a990853"}

stdout | app/api/streak/route.test.ts > GET /api/streak > validation cache > evicts least recently used entries when cache is full
[32m[INFO][0m Streak request completed {"source":"streak","user":"octocat","view":"default","format":"svg","status":200,"durationMs":1,"requestId":"ba7e05d4-3240-4b09-b81c-5a716a990853"}

stdout | app/api/streak/route.test.ts > GET /api/streak > validation cache > evicts least recently used entries when cache is full
[32m[INFO][0m Incoming streak request {"source":"streak","user":"octocat","view":"default","requestId":"d164ad48-ed52-4b23-add0-e74ae9078bb2"}

stdout | app/api/streak/route.test.ts > GET /api/streak > validation cache > evicts least recently used entries when cache is full
[32m[INFO][0m Streak request completed {"source":"streak","user":"octocat","view":"default","format":"svg","status":200,"durationMs":3,"requestId":"d164ad48-ed52-4b23-add0-e74ae9078bb2"}

stdout | app/api/streak/route.test.ts > GET /api/streak > validation cache > evicts least recently used entries when cache is full
[32m[INFO][0m Incoming streak request {"source":"streak","user":"octocat","view":"default","requestId":"ca23dc4b-abda-4de6-9c9a-8b6ee99ed1aa"}

stdout | app/api/streak/route.test.ts > GET /api/streak > validation cache > evicts least recently used entries when cache is full
[32m[INFO][0m Streak request completed {"source":"streak","user":"octocat","view":"default","format":"svg","status":200,"durationMs":1,"requestId":"ca23dc4b-abda-4de6-9c9a-8b6ee99ed1aa"}

stdout | app/api/streak/route.test.ts > GET /api/streak > validation cache > evicts least recently used entries when cache is full
[32m[INFO][0m Incoming streak request {"source":"streak","user":"octocat","view":"default","requestId":"94ec1972-4ff9-4ee1-86e6-076a00aa2e85"}

stdout | app/api/streak/route.test.ts > GET /api/streak > validation cache > evicts least recently used entries when cache is full
[32m[INFO][0m Streak request completed {"source":"streak","user":"octocat","view":"default","format":"svg","status":200,"durationMs":1,"requestId":"94ec1972-4ff9-4ee1-86e6-076a00aa2e85"}

stdout | app/api/streak/route.test.ts > GET /api/streak > validation cache > evicts least recently used entries when cache is full
[32m[INFO][0m Incoming streak request {"source":"streak","user":"octocat","view":"default","requestId":"b5be55e3-de6e-43b1-b69b-a32a034f0c01"}

stdout | app/api/streak/route.test.ts > GET /api/streak > validation cache > evicts least recently used entries when cache is full
[32m[INFO][0m Streak request completed {"source":"streak","user":"octocat","view":"default","format":"svg","status":200,"durationMs":1,"requestId":"b5be55e3-de6e-43b1-b69b-a32a034f0c01"}

stdout | app/api/streak/route.test.ts > GET /api/streak > validation cache > evicts least recently used entries when cache is full
[32m[INFO][0m Incoming streak request {"source":"streak","user":"octocat","view":"default","requestId":"3f06ee1c-453f-490e-adf1-7b6ffdca2a3a"}

stdout | app/api/streak/route.test.ts > GET /api/streak > validation cache > evicts least recently used entries when cache is full
[32m[INFO][0m Streak request completed {"source":"streak","user":"octocat","view":"default","format":"svg","status":200,"durationMs":1,"requestId":"3f06ee1c-453f-490e-adf1-7b6ffdca2a3a"}

stdout | app/api/streak/route.test.ts > GET /api/streak > validation cache > evicts least recently used entries when cache is full
[32m[INFO][0m Incoming streak request {"source":"streak","user":"octocat","view":"default","requestId":"aadaa306-4a34-4d7f-9de9-81ec8ee3d07c"}

stdout | app/api/streak/route.test.ts > GET /api/streak > validation cache > evicts least recently used entries when cache is full
[32m[INFO][0m Streak request completed {"source":"streak","user":"octocat","view":"default","format":"svg","status":200,"durationMs":1,"requestId":"aadaa306-4a34-4d7f-9de9-81ec8ee3d07c"}

stdout | app/api/streak/route.test.ts > GET /api/streak > validation cache > evicts least recently used entries when cache is full
[32m[INFO][0m Incoming streak request {"source":"streak","user":"octocat","view":"default","requestId":"64ba28e2-f45e-4dc1-8f30-6a37b867df55"}

stdout | app/api/streak/route.test.ts > GET /api/streak > validation cache > evicts least recently used entries when cache is full
[32m[INFO][0m Streak request completed {"source":"streak","user":"octocat","view":"default","format":"svg","status":200,"durationMs":1,"requestId":"64ba28e2-f45e-4dc1-8f30-6a37b867df55"}

 ✓ app/api/streak/route.test.ts (204 tests) 7866ms
       ✓ uses LRU eviction so frequently accessed entries survive  2194ms
       ✓ evicts least recently used entries when cache is full  3134ms
 ✓ app/generator/components/sections/TechnologiesSection.accessibility.test.tsx (5 tests) 6456ms
     ✓ renders accessible search input with placeholder  1044ms
     ✓ renders category filter buttons accessible by role  2464ms
     ✓ supports keyboard navigation to interactive controls  855ms
     ✓ renders technologies section title and description  454ms
     ✓ shows clear all button when technologies are selected  1619ms
 ✓ components/KonamiEasterEgg.mouse-interactivity.test.tsx (5 tests) 6315ms
     ✓ triggers simulated mouseenter/hover gestures on active segments or interactive nodes  1994ms
     ✓ verifies that responsive tooltip layouts display at computed coordinates  1803ms
     ✓ tests custom click/touch gestures and ensure click events propagate correctly  1015ms
     ✓ asserts appropriate cursor style classes (like pointer) are applied on hover  778ms
     ✓ checks that mouseleave events successfully hide temporary overlay visuals  712ms
 ✓ components/dashboard/DashboardClient.mouse-interactivity.test.tsx (5 tests) 5390ms
     ✓ Assert appropriate cursor style classes (like pointer) are applied on hover: verifies interactive class names on buttons  1609ms
     ✓ Trigger simulated mouseenter/hover gestures on active segments or interactive nodes: buttons accept hover safely  1050ms
     ✓ Test custom click/touch gestures and ensure click events propagate correctly: Profile Optimizer button sets modal state  631ms
     ✓ Verify that responsive tooltip layouts display at computed coordinates: delegates stats formatting to StatsCard  398ms
     ✓ Check that mouseleave events successfully hide temporary overlay visuals: handles Escape key overlay exit  1694ms
 ✓ app/generator/GeneratorClient.timezone-boundaries.test.tsx (5 tests) 9925ms
     ✓ renders stably when the host timezone is stubbed to UTC, EST, IST, or JST  4688ms
     ✓ anchors its initial render to a fixed system clock so visible dates stay deterministic  742ms
     ✓ renders on Feb 29 of a leap year without throwing a date-parse error  1461ms
     ✓ produces stable Intl.DateTimeFormat output for en-US, en-IN, ja-JP, and de-DE locales  982ms
     ✓ renders identically on both sides of the US spring-forward DST boundary  2045ms
 ✓ components/dashboard/PopularPinnedRepos.response-breakpoints.test.tsx (47 tests) 3596ms
       ✓ dropdown wrapper uses relative positioning at every breakpoint  624ms
       ✓ dropdown listbox has z-10 to float above card content at all breakpoints  315ms
 ✓ components/dashboard/DashboardClient.test.tsx (18 tests) 10754ms
     ✓ does not paint the worse user green in "Longest Inactive Period" when the other gap is 0  1062ms
     ✓ opens and closes the compare profile modal  490ms
     ✓ transitions to compare mode when a user is successfully fetched  620ms
     ✓ exits compare mode and restores single profile view  783ms
     ✓ generate your own button points to root /  465ms
     ✓ shows a success toast after the dashboard link is copied  654ms
     ✓ shows an error toast when the dashboard link copy fails  481ms
     ✓ copies the comparison link when native sharing is unavailable  831ms
     ✓ shows an error toast when comparison link copy fails  978ms
     ✓ does not show an error toast when native comparison sharing is cancelled  602ms
     ✓ shows an error when comparing with the same username (case-insensitive)  377ms
     ✓ verify compare modal input can be cleared  686ms
     ✓ renders personality tags for both profiles in compare mode  1181ms
     ✓ renders repository count truncation warning banner when repositories count > fetched repos count  354ms
   ✓ shows Most Consistent badge for profile with higher peak streak in compare mode  734ms
 ✓ app/customize/components/ThemeQuickPresets.timezone-boundaries.test.tsx (14 tests) 9550ms
     ✓ renders consistently in timezone UTC  3760ms
     ✓ renders consistently in timezone America/New_York  1268ms
     ✓ renders consistently in timezone Asia/Kolkata  1040ms
     ✓ renders consistently in timezone Asia/Tokyo  1191ms
     ✓ timezone transitions do not alter available presets  610ms
 ✓ components/DeveloperArena.accessibility.test.tsx (10 tests) 6130ms
     ✓ gives every rendered image a non-empty accessible name  764ms
     ✓ exposes the primary action buttons with descriptive accessible names  588ms
     ✓ gives the icon-only "next prediction" button an accessible name via aria-label  306ms
     ✓ reveals an accessible "Challenge Linus!" button after the reveal action  1173ms
     ✓ does not pull the mouse-driven showdown/legend marquee cards into the tab order  780ms
     ✓ keeps a logical, non-skipping heading hierarchy under a page-level h1  445ms
     ✓ does not introduce duplicate element ids when rendered more than once  427ms
     ✓ does not disturb surrounding tab order or focus when embedded in a page  423ms
     ✓ scopes the trivia-game reveal heading to its own panel, not duplicated app-wide  1063ms
 ✓ app/customize/components/ThemeSelector.test.tsx (18 tests) 5225ms
     ✓ renders without crashing  1051ms
     ✓ renders a select element with all theme options  322ms
     ✓ verifies that selecting Dracula preset calls onThemeChange("dracula")  587ms
     ✓ verifies that selecting Neon preset calls onThemeChange("neon")  531ms
     ✓ verifies the select dropdown calls onThemeChange with the selected theme  307ms
     ✓ check if active preset button updates when switching from Dracula to Neon  483ms
stderr | app/compare/CompareClient.mouse-interactivity.test.tsx > CompareClient Interactive Tooltips, Cursor Hovers & Touch Event Propagation > verifies mouse hover styling and hover class application on search and action elements
React does not recognize the `whileHover` prop on a DOM element. If you intentionally want it to appear in the DOM as a custom attribute, spell it as lowercase `whilehover` instead. If you accidentally passed it from a parent component, remove it from the DOM element.
React does not recognize the `whileTap` prop on a DOM element. If you intentionally want it to appear in the DOM as a custom attribute, spell it as lowercase `whiletap` instead. If you accidentally passed it from a parent component, remove it from the DOM element.

 ✓ lib/github.fetch-org-members-rate-limit.test.ts (3 tests) 3248ms
     ✓ throws a rate-limit error when org members request exhausts GitHub quota  341ms
     ✓ preserves the generic org members error for non-rate-limited failures  2837ms
stderr | app/compare/page.mouse-interactivity.test.tsx > CompareClient Mouse Interactivity & Touch Events > verifies mouse hover styling and hover class application on search and action elements
React does not recognize the `whileHover` prop on a DOM element. If you intentionally want it to appear in the DOM as a custom attribute, spell it as lowercase `whilehover` instead. If you accidentally passed it from a parent component, remove it from the DOM element.
React does not recognize the `whileTap` prop on a DOM element. If you intentionally want it to appear in the DOM as a custom attribute, spell it as lowercase `whiletap` instead. If you accidentally passed it from a parent component, remove it from the DOM element.

stderr | app/compare/CompareClient.mouse-interactivity.test.tsx > CompareClient Interactive Tooltips, Cursor Hovers & Touch Event Propagation > verifies touch start propagation on controls and action buttons
An update to CompareClient inside a test was not wrapped in act(...).

When testing, code that causes React state updates should be wrapped into act(...):

act(() => {
  /* fire events that update state */
});
/* assert on the output */

This ensures that you're testing the behavior the user would see in the browser. Learn more at https://react.dev/link/wrap-tests-with-act
An update to CompareClient inside a test was not wrapped in act(...).

When testing, code that causes React state updates should be wrapped into act(...):

act(() => {
  /* fire events that update state */
});
/* assert on the output */

This ensures that you're testing the behavior the user would see in the browser. Learn more at https://react.dev/link/wrap-tests-with-act

stderr | app/compare/CompareClient.mouse-interactivity.test.tsx > CompareClient Interactive Tooltips, Cursor Hovers & Touch Event Propagation > verifies touch start propagation on controls and action buttons
An update to CompareClient inside a test was not wrapped in act(...).

When testing, code that causes React state updates should be wrapped into act(...):

act(() => {
  /* fire events that update state */
});
/* assert on the output */

This ensures that you're testing the behavior the user would see in the browser. Learn more at https://react.dev/link/wrap-tests-with-act
An update to CompareClient inside a test was not wrapped in act(...).

When testing, code that causes React state updates should be wrapped into act(...):

act(() => {
  /* fire events that update state */
});
/* assert on the output */

This ensures that you're testing the behavior the user would see in the browser. Learn more at https://react.dev/link/wrap-tests-with-act

 ✓ app/compare/CompareClient.mouse-interactivity.test.tsx (5 tests) 6153ms
     ✓ verifies mouse hover styling and hover class application on search and action elements  2098ms
     ✓ renders stats showdown cards and verifies hover-related border transitions  1788ms
     ✓ triggers mouse hover interactions on coding habits cards  965ms
     ✓ verifies touch start propagation on controls and action buttons  512ms
     ✓ renders contribution activity heatmap and verifies hover title-tooltips exist  762ms
 ✓ app/generator/components/sections/TechnologiesSection.empty-fallback.test.tsx (5 tests) 5311ms
     ✓ Case 1: Render the component with empty arrays and verify that a clear, non-breaking fallback UI is displayed  1085ms
     ✓ Case 2: Pass null parameters for selected list and verify no crashes occur  644ms
     ✓ Case 3: Verify standard structural CSS styles or container class names are maintained even when in its default empty layout state  578ms
     ✓ Case 4: Assert that no unexpected runtime errors occur when interacting with the component when callback is missing or undefined  2158ms
     ✓ Case 5: Check key DOM structures to make sure empty markers exist  835ms
 ✓ app/customize/components/ThemeQuickPresets.test.tsx (17 tests) 5903ms
     ✓ renders without crashing  1661ms
     ✓ renders a button for each valid theme key  404ms
     ✓ renders at least one button for each concrete theme excluding auto and random  1105ms
     ✓ checks rendering of preset buttons on sm and lg viewports  472ms
     ✓ checks rendering of all preset buttons with accessible labels  310ms
stderr | app/compare/CompareClient.test.tsx > CompareClient > renders comparison page
React does not recognize the `whileHover` prop on a DOM element. If you intentionally want it to appear in the DOM as a custom attribute, spell it as lowercase `whilehover` instead. If you accidentally passed it from a parent component, remove it from the DOM element.
React does not recognize the `whileTap` prop on a DOM element. If you intentionally want it to appear in the DOM as a custom attribute, spell it as lowercase `whiletap` instead. If you accidentally passed it from a parent component, remove it from the DOM element.

stderr | app/compare/CompareClient.test.tsx > CompareClient > renders comparison page
An update to CompareClient inside a test was not wrapped in act(...).

When testing, code that causes React state updates should be wrapped into act(...):

act(() => {
  /* fire events that update state */
});
/* assert on the output */

This ensures that you're testing the behavior the user would see in the browser. Learn more at https://react.dev/link/wrap-tests-with-act
An update to CompareClient inside a test was not wrapped in act(...).

When testing, code that causes React state updates should be wrapped into act(...):

act(() => {
  /* fire events that update state */
});
/* assert on the output */

This ensures that you're testing the behavior the user would see in the browser. Learn more at https://react.dev/link/wrap-tests-with-act

stderr | app/compare/CompareClient.test.tsx > CompareClient > renders comparison page
An update to CompareClient inside a test was not wrapped in act(...).

When testing, code that causes React state updates should be wrapped into act(...):

act(() => {
  /* fire events that update state */
});
/* assert on the output */

This ensures that you're testing the behavior the user would see in the browser. Learn more at https://react.dev/link/wrap-tests-with-act
An update to CompareClient inside a test was not wrapped in act(...).

When testing, code that causes React state updates should be wrapped into act(...):

act(() => {
  /* fire events that update state */
});
/* assert on the output */

This ensures that you're testing the behavior the user would see in the browser. Learn more at https://react.dev/link/wrap-tests-with-act

stderr | app/compare/CompareClient.test.tsx > CompareClient > allows usernames to be modified via controls
An update to CompareClient inside a test was not wrapped in act(...).

When testing, code that causes React state updates should be wrapped into act(...):

act(() => {
  /* fire events that update state */
});
/* assert on the output */

This ensures that you're testing the behavior the user would see in the browser. Learn more at https://react.dev/link/wrap-tests-with-act
An update to CompareClient inside a test was not wrapped in act(...).

When testing, code that causes React state updates should be wrapped into act(...):

act(() => {
  /* fire events that update state */
});
/* assert on the output */

This ensures that you're testing the behavior the user would see in the browser. Learn more at https://react.dev/link/wrap-tests-with-act

stderr | app/compare/CompareClient.test.tsx > CompareClient > allows usernames to be modified via controls
An update to CompareClient inside a test was not wrapped in act(...).

When testing, code that causes React state updates should be wrapped into act(...):

act(() => {
  /* fire events that update state */
});
/* assert on the output */

This ensures that you're testing the behavior the user would see in the browser. Learn more at https://react.dev/link/wrap-tests-with-act
An update to CompareClient inside a test was not wrapped in act(...).

When testing, code that causes React state updates should be wrapped into act(...):

act(() => {
  /* fire events that update state */
});
/* assert on the output */

This ensures that you're testing the behavior the user would see in the browser. Learn more at https://react.dev/link/wrap-tests-with-act

 ✓ app/compare/page.mouse-interactivity.test.tsx (5 tests) 7466ms
     ✓ verifies mouse hover styling and hover class application on search and action elements  2037ms
     ✓ renders stats showdown cards and verifies hover-related border transitions  1822ms
     ✓ triggers mouse hover interactions on coding habits cards  1534ms
     ✓ verifies touch start propagation on controls and action buttons  627ms
     ✓ renders contribution activity heatmap and verifies hover title-tooltips exist  1431ms
stderr | app/compare/CompareClient.responsive-breakpoints.test.tsx > CompareClient responsive breakpoints > renders mobile friendly input controls
React does not recognize the `whileHover` prop on a DOM element. If you intentionally want it to appear in the DOM as a custom attribute, spell it as lowercase `whilehover` instead. If you accidentally passed it from a parent component, remove it from the DOM element.
React does not recognize the `whileTap` prop on a DOM element. If you intentionally want it to appear in the DOM as a custom attribute, spell it as lowercase `whiletap` instead. If you accidentally passed it from a parent component, remove it from the DOM element.

 ✓ app/compare/CompareClient.mock-integrations.test.tsx (5 tests) 5386ms
     ✓ Test 1: should mock standard asynchronous imports and databases using stubs  1877ms
     ✓ Test 2: should test service loading paths to ensure pending state overlays render  942ms
     ✓ Test 3: should assert local cache layers are queried before triggering database retrievals  697ms
     ✓ Test 4: should verify correct fallback procedures during fake endpoint timeout blocks  960ms
     ✓ Test 5: should assert complete cache sync is written on success callbacks  898ms
 ✓ app/generator/components/sections/TechnologiesSection.theme-contrast.test.tsx (5 tests) 5793ms
     ✓ renders correctly in light theme with proper structure  1150ms
     ✓ renders correctly in dark theme with proper structure  871ms
     ✓ ensures text remains visible in light mode (contrast proxy check)  1572ms
     ✓ ensures text remains visible in dark mode (contrast proxy check)  1176ms
     ✓ maintains UI stability when filtering technologies in dark mode  1017ms
 ✓ app/compare/CompareClient.test.tsx (7 tests) 4896ms
     ✓ renders comparison page  917ms
     ✓ allows usernames to be modified via controls  465ms
     ✓ renders comparative scores correctly  1012ms
     ✓ updates route when compare button is clicked  650ms
     ✓ shows error message when api request fails  673ms
     ✓ stops loading and shows an error when the comparison request times out  644ms
     ✓ does not start a duplicate request while the same comparison is already loading  523ms
 ✓ components/KonamiEasterEgg.responsive-breakpoints.test.tsx (5 tests) 5531ms
     ✓ 1. Mock standard mobile-width media coordinates (375px): Simulates mobile viewport size and renders without crashing  1372ms
     ✓ 2. Assert that layout columns reflow: Matrix rain drops and text lines structure flow vertically to prevent squishing  1651ms
     ✓ 3. Verify styling values prevent absolute-width overflow: Overlays and container boxes use relative constraints  1387ms
     ✓ 4. Check that navigation components scale down gracefully: Accent labels and typographic sizes adjust for mobile views  582ms
     ✓ 5. Assert mobile-specific toggle states: Verify typing inside input fields disables the overlay trigger  532ms
 ✓ components/dashboard/ThemeSelector.test.tsx (12 tests) 3045ms
     ✓ renders theme preset buttons with accessibility labels  593ms
     ✓ renders accessible theme controls consistently after rerender  868ms
     ✓ renders all preset buttons as visible elements  348ms
 ✓ app/compare/CompareClient.responsive-breakpoints.test.tsx (5 tests) 4772ms
     ✓ renders mobile friendly input controls  1901ms
     ✓ renders compare button for small viewport interactions  1383ms
     ✓ uses responsive container spacing classes  503ms
     ✓ uses responsive layout grid classes  504ms
     ✓ contains responsive typography classes for mobile scaling  472ms
 ✓ components/WallOfLove.empty-fallback.test.tsx (8 tests) 5053ms
     ✓ renders the Wall of Love heading without external data dependencies  1512ms
     ✓ renders the developer feedback section text  561ms
     ✓ renders the statistics section with hardcoded fallback values  750ms
     ✓ renders testimonial content from internal hardcoded data  847ms
     ✓ renders the developer community badge CTA  354ms
     ✓ renders without GSAP ScrollTrigger registration errors  302ms
     ✓ renders all stat items from the internal data set  365ms
     ✓ renders testimonial cards with platform indicators  354ms
 ✓ components/KonamiEasterEgg.theme-contrast.test.tsx (5 tests) 7004ms
     ✓ renders dark-theme overlay with sufficient contrast styling  2244ms
     ✓ renders correctly in light theme environments  1311ms
     ✓ displays foreground content without clipping through backdrop overlay  1229ms
     ✓ renders contrast-oriented emerald visual styling elements  1285ms
     ✓ renders gradient and accent elements used for visual cohesion  926ms
stderr | app/compare/CompareClient.accessibility.test.tsx > CompareClient Accessibility Standards > ensures inputs and controls have accessible names
React does not recognize the `whileHover` prop on a DOM element. If you intentionally want it to appear in the DOM as a custom attribute, spell it as lowercase `whilehover` instead. If you accidentally passed it from a parent component, remove it from the DOM element.
React does not recognize the `whileTap` prop on a DOM element. If you intentionally want it to appear in the DOM as a custom attribute, spell it as lowercase `whiletap` instead. If you accidentally passed it from a parent component, remove it from the DOM element.

 ✓ components/InteractiveViewer.test.tsx (35 tests) 2932ms
     ✓ renders children correctly  361ms
     ✓ shows a tooltip with the formatted date when hovering a tower and updates it across towers  448ms
 ✓ app/generator/components/sections/TechnologiesSection.timezone-boundaries.test.tsx (5 tests) 5023ms
     ✓ 1. Mock standard timezone settings (e.g., UTC, EST, IST, and JST)  2154ms
     ✓ 2. Assert calculations align commits onto the correct visual dates  495ms
     ✓ 3. Verify leap year boundaries parse without leaving gaps in grids  398ms
     ✓ 4. Assert calendar date format utility outputs match expectations in each locale  577ms
     ✓ 5. Test offsets around transition dates like daylight savings  1383ms
 ✓ components/KonamiEasterEgg.accessibility.test.tsx (5 tests) 6592ms
     ✓ 1. overlay container exposes an accessible role so screen readers can announce its presence  2257ms
     ✓ 2. heading inside the overlay is h2 maintaining correct logical heading hierarchy  1876ms
     ✓ 3. overlay contains descriptive human-readable text that screen readers can announce  1007ms
     ✓ 4. overlay is not present in the accessibility tree before the secret code is typed  829ms
     ✓ 5. overlay heading is removed from accessibility tree after display duration expires  611ms
 ✓ components/KonamiEasterEgg.timezone-boundaries.test.tsx (5 tests) 6347ms
     ✓ renders overlay successfully across multiple timezone settings (UTC, EST, IST, JST)  6281ms
 ✓ app/compare/CompareClient.accessibility.test.tsx (5 tests) 4568ms
     ✓ ensures inputs and controls have accessible names  1335ms
     ✓ keeps primary actions keyboard focusable with visible outline  1185ms
     ✓ associates tooltip content using aria-describedby  844ms
     ✓ maintains logical keyboard tab order for interactive elements  494ms
     ✓ renders proper heading hierarchy without skipping levels  687ms
 ✓ components/WallOfLove.mouse-interactivity.test.tsx (8 tests) 5862ms
     ✓ renders section heading  1656ms
     ✓ renders testimonial author names  669ms
     ✓ renders testimonial handles  877ms
     ✓ renders testimonial avatars  651ms
     ✓ renders stats section values  772ms
     ✓ renders testimonial cards with pointer cursor  544ms
     ✓ handles mouse enter on testimonial card  507ms
 ✓ components/DeveloperArena.test.tsx (5 tests) 4207ms
     ✓ renders correctly with sections and headings  1444ms
     ✓ triggers onSelectBattle when a trending showdown is clicked  434ms
     ✓ reveals the developer in the trivia game when Reveal button is clicked  1027ms
     ✓ triggers correct challenge action when Challenge Linus is clicked after reveal  821ms
     ✓ allows skipping a trivia game challenge  451ms
stderr | app/contributors/ContributorsClient.mouse-interactivity.test.tsx > ContributorsClient - Interactive Tooltips, Cursor Hovers & Touch Event Propagation > triggers mouse hover gestures on magnetic CTA nodes and computes local shift coordinates
React does not recognize the `whileInView` prop on a DOM element. If you intentionally want it to appear in the DOM as a custom attribute, spell it as lowercase `whileinview` instead. If you accidentally passed it from a parent component, remove it from the DOM element.

 ✓ components/DeveloperArena.empty-fallback.test.tsx (6 tests) 3112ms
     ✓ 1. renders without crashing when IntersectionObserver is unavailable in the runtime  860ms
     ✓ 2. immediately shows the final stat counts instead of starting from zero  536ms
     ✓ 3. still renders the core section headings while running in fallback mode  655ms
     ✓ 5. survives repeated mount/unmount cycles under the fallback path without leaking errors  608ms
 ✓ components/WallOfLove.mock-integrations.test.tsx (5 tests) 2888ms
     ✓ registers ScrollTrigger plugin through gsap  938ms
     ✓ creates gsap context during render lifecycle  334ms
     ✓ creates animation timelines through mocked gsap  448ms
     ✓ renders successfully with reduced motion enabled  637ms
     ✓ renders testimonials without requiring external services  500ms
 ✓ app/contributors/ContributorsClient.mouse-interactivity.test.tsx (5 tests) 3633ms
     ✓ triggers mouse hover gestures on magnetic CTA nodes and computes local shift coordinates  1400ms
     ✓ propagates click and touch gestures from CTA links through the client boundary  927ms
     ✓ applies cursor-safe hover classes to interactive links without blocking pointer events  447ms
     ✓ hides temporary magnetic offset visuals when mouseleave resets the CTA transform  732ms
 ✓ components/WallOfLove.test.tsx (6 tests) 3664ms
     ✓ renders section heading  1472ms
     ✓ renders testimonial author names  571ms
     ✓ renders testimonial handles  385ms
     ✓ renders testimonial avatars  404ms
     ✓ renders stats section values  418ms
     ✓ links the testimonial CTA to the review form route  403ms
stderr | app/compare/CompareClient.theme-contrast.test.tsx > CompareClient Theme Contrast > applies theme contrast classes to heading
React does not recognize the `whileHover` prop on a DOM element. If you intentionally want it to appear in the DOM as a custom attribute, spell it as lowercase `whilehover` instead. If you accidentally passed it from a parent component, remove it from the DOM element.
React does not recognize the `whileTap` prop on a DOM element. If you intentionally want it to appear in the DOM as a custom attribute, spell it as lowercase `whiletap` instead. If you accidentally passed it from a parent component, remove it from the DOM element.

 ✓ lib/crypto.empty-fallback.test.ts (11 tests) 2437ms
     ✓ encrypts and decrypts a normal token string  497ms
     ✓ rejects malformed payload with wrong number of parts  323ms
     ✓ throws on decrypt with wrong key  481ms
 ✓ app/compare/CompareClient.theme-contrast.test.tsx (5 tests) 3742ms
     ✓ applies theme contrast classes to heading  1774ms
     ✓ applies light and dark theme classes to first username input  703ms
     ✓ applies light and dark theme classes to second username input  370ms
     ✓ applies contrast classes to compare button  413ms
     ✓ renders developer showdown badge with theme-aware styling  472ms
 ✓ app/generator/components/sections/TechnologiesSection.mock-integrations.test.tsx (5 tests) 4299ms
     ✓ 1. Mock standard asynchronous imports and databases using stubs  1545ms
     ✓ 3. Assert local cache layers are queried before triggering database retrievals  1428ms
     ✓ 5. Assert complete cache sync is written on success callbacks  1111ms
 ✓ app/compare/page.accessibility.test.tsx (5 tests) 4190ms
     ✓ should verify accessible labels and aria attributes are correctly mapped  1077ms
     ✓ should maintain visible focus indicators or appropriate focus styles on interactive elements  662ms
     ✓ should verify tooltip labels provide correct screen reader descriptions  634ms
     ✓ should ensure sequential keyboard navigation follows a logical tab order  945ms
     ✓ should maintain a logically ordered heading hierarchy  862ms
 ✓ app/customize/components/ThemeQuickPresets.responsive-breakpoints.test.tsx (5 tests) 3339ms
     ✓ renders correctly on a mobile viewport (375px)  2140ms
     ✓ renders the same preset buttons across viewport sizes  468ms
     ✓ does not introduce fixed-width layout issues on small screens  347ms
 ✓ components/WallOfLove.accessibility.test.tsx (5 tests) 3407ms
     ✓ renders the main heading  1331ms
     ✓ renders avatars with alt text  766ms
     ✓ renders accessibility badge text  323ms
     ✓ renders statistics labels  738ms
 ✓ app/generator/components/sections/SocialsSection.accessibility.test.tsx (5 tests) 2984ms
     ✓ renders accessible tab buttons  782ms
     ✓ allows keyboard navigation through primary controls  1205ms
     ✓ ensures social icons expose accessible names through alt text  515ms
 ✓ app/compare/CompareClient.timezone-boundaries.test.tsx (5 tests) 3365ms
     ✓ Test 1: should mock standard timezone settings (e.g., UTC, EST, IST, and JST)  1413ms
     ✓ Test 2: should assert calculations align commits onto the correct visual dates  534ms
     ✓ Test 3: should verify leap year boundaries parse without leaving gaps in grids  502ms
     ✓ Test 4: should assert calendar date format utility outputs match expectations in each locale  384ms
     ✓ Test 5: should test offsets around transition dates like daylight savings  492ms
 ✓ app/customize/components/ThemeSelector.empty-fallback.test.tsx (5 tests) 2596ms
     ✓ renders a non-breaking fallback UI when theme prop is an empty string  1493ms
     ✓ renders a clear, non-breaking fallback when theme is an unrecognised key not in THEME_KEYS  445ms
 ✓ components/reviewform.empty-fallback.test.tsx (5 tests) 3043ms
     ✓ renders the empty default form without runtime errors  577ms
     ✓ shows a clear fallback validation message when handle is missing  440ms
     ✓ shows a non-breaking fallback validation message for invalid handle input  1577ms
 ✓ components/KonamiEasterEgg.mock-integrations.test.tsx (5 tests) 3889ms
     ✓ schedules an auto-dismiss timeout stub with the configured displayDuration when triggered  1465ms
     ✓ dismisses the overlay automatically after the displayDuration timeout stub elapses  1432ms
     ✓ does not trigger the overlay on a partial or incorrect secret code — buffer cache must not flush prematurely  930ms
 ✓ app/components/Footer.test.tsx (15 tests) 3621ms
     ✓ renders Documentation link with the correct destination  738ms
     ✓ includes Resources section with documentation and repository links  312ms
     ✓ includes Connect section with social media links  336ms
 ✓ app/generator/components/sections/DescriptionSection.massive_scaling.test.tsx (5 tests) 2471ms
     ✓ Case 1: renders correctly at the exact 280-character limit — counter reads zero and layout stays intact  506ms
     ✓ Case 3: amber warning activates at the near-limit threshold across full range re-renders  665ms
     ✓ Case 5: DOM structure stays intact after 500 rapid re-renders at extreme bounds  1179ms
stderr | lib/github.rotation.test.ts > GitHub Multi-Token Rotation & Fallback > discards an undecryptable token instead of forwarding a malformed credential
[33m[WARN][0m Failed to decrypt GitHub token: Token decryption failed: Encryption key must be at least 32 characters

 ✓ lib/github.rotation.test.ts (10 tests) 1663ms
     ✓ rotates to the next token on HTTP 429 rate limiting  518ms
     ✓ rotates to the next token on HTTP 401 unauthorized and excludes the bad token for 24h  315ms
     ✓ decrypts encrypted tokens if GITHUB_TOKEN_ENCRYPTION_KEY is present  335ms
     ✓ deduplicates concurrent 401 rotations using the pending refresh promise pattern (Issue #7213)  457ms
 ✓ components/WallOfLove.responsive-breakpoints.test.tsx (5 tests) 2556ms
     ✓ Mock standard mobile-width media coordinates (e.g. 375px wide viewports): Mock window viewport to simulate iPhone SE size  1168ms
     ✓ Assert that columns reflow into standard vertical flex lists: Container stacks rows vertically and tracks align horizontally  341ms
     ✓ Verify styling values are not absolute widths that cause horizontal scrollbars on smaller viewports: containers use relative constraints  374ms
     ✓ Check that navigation components scale down gracefully: Click/touch targets and layout bounds are properly configured  381ms
stderr | app/compare/page.theme-contrast.test.tsx > ComparePage Theme Contrast (Variation 3) > renders heading with dark and light text contrast classes
React does not recognize the `whileHover` prop on a DOM element. If you intentionally want it to appear in the DOM as a custom attribute, spell it as lowercase `whilehover` instead. If you accidentally passed it from a parent component, remove it from the DOM element.
React does not recognize the `whileTap` prop on a DOM element. If you intentionally want it to appear in the DOM as a custom attribute, spell it as lowercase `whiletap` instead. If you accidentally passed it from a parent component, remove it from the DOM element.

stderr | components/dashboard/PRInsights/PRInsightsClient.accessibility.test.tsx > PRInsightsClient accessibility compliance > exposes accessible names through real headings, links, and table coordinates
React does not recognize the `whileHover` prop on a DOM element. If you intentionally want it to appear in the DOM as a custom attribute, spell it as lowercase `whilehover` instead. If you accidentally passed it from a parent component, remove it from the DOM element.
Unknown event handler property `onHoverStart`. It will be ignored.
Unknown event handler property `onHoverEnd`. It will be ignored.

 ✓ app/compare/CompareClient.empty-fallback.test.tsx (5 tests) 3109ms
     ✓ renders input fields with empty values by default  1052ms
     ✓ renders compare button in default state  504ms
     ✓ does not render results section when no data is present  684ms
     ✓ does not show error message on initial empty render  354ms
     ✓ renders page heading in empty state  484ms
 ✓ components/dashboard/PRInsights/PRInsightsClient.accessibility.test.tsx (5 tests) 5074ms
     ✓ exposes accessible names through real headings, links, and table coordinates  1411ms
     ✓ keeps focusable controls visible and avoids suppressing outline behavior  450ms
     ✓ provides tooltip-style repository labels for truncated names  682ms
     ✓ supports normal keyboard tab order across chart controls and PR highlight links  1583ms
     ✓ renders headings with a logical structural hierarchy  917ms
 ✓ components/dashboard/PopularPinnedRepos.test.tsx (49 tests) 5459ms
       ✓ renders repo cards as anchor tags with correct href  1188ms
       ✓ shows "Pinned Repositories" after switching to pinned  428ms
 ✓ app/compare/page.theme-contrast.test.tsx (5 tests) 6495ms
     ✓ renders heading with dark and light text contrast classes  1427ms
     ✓ renders username input fields with dark and light theme styling  780ms
     ✓ renders compare button with proper contrast classes for both themes  1506ms
     ✓ applies border contrast styling to form controls  1212ms
     ✓ renders decorative badge with theme-aware background styling  1513ms
 ✓ app/customize/components/ControlsPanel.accessibility.test.tsx (5 tests) 7116ms
     ✓ renders username input control  1058ms
     ✓ renders color pickers with accessible aria labels  1406ms
     ✓ renders scale buttons with accessible names  3629ms
     ✓ renders select controls used by keyboard and screen readers  390ms
     ✓ renders radius slider control  608ms
 ✓ app/generator/GeneratorClient.mock-integrations.test.tsx (5 tests) 8085ms
     ✓ Case 3: asserts local cache layers are queried before triggering database retrievals  4479ms
     ✓ Case 5: asserts complete cache sync is written on success callbacks  3155ms
stderr | app/contributors/ContributorsClient.mock-integrations.test.tsx > ContributorsClient - Interactive Tooltips, Cursor Hovers & Touch Event Propagation > renders successfully with mocked contributor data
React does not recognize the `whileInView` prop on a DOM element. If you intentionally want it to appear in the DOM as a custom attribute, spell it as lowercase `whileinview` instead. If you accidentally passed it from a parent component, remove it from the DOM element.

 ✓ app/customize/components/ControlsPanel.test.tsx (8 tests) 7864ms
     ✓ renders the GitHub Username label  2550ms
     ✓ renders username input with correct id  571ms
     ✓ renders a generic username placeholder  647ms
     ✓ renders Linear and Logarithmic buttons  2923ms
     ✓ calls onScaleChange with log  448ms
stderr | lib/github.token-encryption.test.ts > github-token-encryption > encryptGitHubToken > returns token as-is when encryption key is not configured
GITHUB_TOKEN_ENCRYPTION_KEY not configured. GitHub tokens should be encrypted in production.

 ✓ lib/github.token-encryption.test.ts (19 tests) 2053ms
       ✓ decrypts encrypted token correctly  503ms
       ✓ parses and encrypts comma-separated tokens  340ms
       ✓ decrypts and rotates tokens  367ms
       ✓ wraps around to first token  499ms
stderr | app/contributors/ContributorsClient.mock-integrations.test.tsx > ContributorsClient - Interactive Tooltips, Cursor Hovers & Touch Event Propagation > renders successfully with a large mocked contributor list
React does not recognize the `whileHover` prop on a DOM element. If you intentionally want it to appear in the DOM as a custom attribute, spell it as lowercase `whilehover` instead. If you accidentally passed it from a parent component, remove it from the DOM element.
An empty string ("") was passed to the src attribute. This may cause the browser to download the whole page again over the network. To fix this, either do not render the element at all or pass null to src instead of an empty string.
An empty string ("") was passed to the src attribute. This may cause the browser to download the whole page again over the network. To fix this, either do not render the element at all or pass null to src instead of an empty string.
An empty string ("") was passed to the src attribute. This may cause the browser to download the whole page again over the network. To fix this, either do not render the element at all or pass null to src instead of an empty string.
An empty string ("") was passed to the src attribute. This may cause the browser to download the whole page again over the network. To fix this, either do not render the element at all or pass null to src instead of an empty string.
An empty string ("") was passed to the src attribute. This may cause the browser to download the whole page again over the network. To fix this, either do not render the element at all or pass null to src instead of an empty string.
An empty string ("") was passed to the src attribute. This may cause the browser to download the whole page again over the network. To fix this, either do not render the element at all or pass null to src instead of an empty string.
An empty string ("") was passed to the src attribute. This may cause the browser to download the whole page again over the network. To fix this, either do not render the element at all or pass null to src instead of an empty string.
An empty string ("") was passed to the src attribute. This may cause the browser to download the whole page again over the network. To fix this, either do not render the element at all or pass null to src instead of an empty string.
An empty string ("") was passed to the src attribute. This may cause the browser to download the whole page again over the network. To fix this, either do not render the element at all or pass null to src instead of an empty string.
An empty string ("") was passed to the src attribute. This may cause the browser to download the whole page again over the network. To fix this, either do not render the element at all or pass null to src instead of an empty string.
An empty string ("") was passed to the src attribute. This may cause the browser to download the whole page again over the network. To fix this, either do not render the element at all or pass null to src instead of an empty string.
An empty string ("") was passed to the src attribute. This may cause the browser to download the whole page again over the network. To fix this, either do not render the element at all or pass null to src instead of an empty string.
An empty string ("") was passed to the src attribute. This may cause the browser to download the whole page again over the network. To fix this, either do not render the element at all or pass null to src instead of an empty string.
An empty string ("") was passed to the src attribute. This may cause the browser to download the whole page again over the network. To fix this, either do not render the element at all or pass null to src instead of an empty string.
An empty string ("") was passed to the src attribute. This may cause the browser to download the whole page again over the network. To fix this, either do not render the element at all or pass null to src instead of an empty string.
An empty string ("") was passed to the src attribute. This may cause the browser to download the whole page again over the network. To fix this, either do not render the element at all or pass null to src instead of an empty string.
An empty string ("") was passed to the src attribute. This may cause the browser to download the whole page again over the network. To fix this, either do not render the element at all or pass null to src instead of an empty string.
An empty string ("") was passed to the src attribute. This may cause the browser to download the whole page again over the network. To fix this, either do not render the element at all or pass null to src instead of an empty string.
An empty string ("") was passed to the src attribute. This may cause the browser to download the whole page again over the network. To fix this, either do not render the element at all or pass null to src instead of an empty string.
An empty string ("") was passed to the src attribute. This may cause the browser to download the whole page again over the network. To fix this, either do not render the element at all or pass null to src instead of an empty string.
An empty string ("") was passed to the src attribute. This may cause the browser to download the whole page again over the network. To fix this, either do not render the element at all or pass null to src instead of an empty string.
An empty string ("") was passed to the src attribute. This may cause the browser to download the whole page again over the network. To fix this, either do not render the element at all or pass null to src instead of an empty string.
An empty string ("") was passed to the src attribute. This may cause the browser to download the whole page again over the network. To fix this, either do not render the element at all or pass null to src instead of an empty string.
An empty string ("") was passed to the src attribute. This may cause the browser to download the whole page again over the network. To fix this, either do not render the element at all or pass null to src instead of an empty string.
An empty string ("") was passed to the src attribute. This may cause the browser to download the whole page again over the network. To fix this, either do not render the element at all or pass null to src instead of an empty string.
An empty string ("") was passed to the src attribute. This may cause the browser to download the whole page again over the network. To fix this, either do not render the element at all or pass null to src instead of an empty string.
An empty string ("") was passed to the src attribute. This may cause the browser to download the whole page again over the network. To fix this, either do not render the element at all or pass null to src instead of an empty string.
An empty string ("") was passed to the src attribute. This may cause the browser to download the whole page again over the network. To fix this, either do not render the element at all or pass null to src instead of an empty string.
An empty string ("") was passed to the src attribute. This may cause the browser to download the whole page again over the network. To fix this, either do not render the element at all or pass null to src instead of an empty string.
An empty string ("") was passed to the src attribute. This may cause the browser to download the whole page again over the network. To fix this, either do not render the element at all or pass null to src instead of an empty string.
An empty string ("") was passed to the src attribute. This may cause the browser to download the whole page again over the network. To fix this, either do not render the element at all or pass null to src instead of an empty string.
An empty string ("") was passed to the src attribute. This may cause the browser to download the whole page again over the network. To fix this, either do not render the element at all or pass null to src instead of an empty string.
An empty string ("") was passed to the src attribute. This may cause the browser to download the whole page again over the network. To fix this, either do not render the element at all or pass null to src instead of an empty string.
An empty string ("") was passed to the src attribute. This may cause the browser to download the whole page again over the network. To fix this, either do not render the element at all or pass null to src instead of an empty string.
An empty string ("") was passed to the src attribute. This may cause the browser to download the whole page again over the network. To fix this, either do not render the element at all or pass null to src instead of an empty string.
An empty string ("") was passed to the src attribute. This may cause the browser to download the whole page again over the network. To fix this, either do not render the element at all or pass null to src instead of an empty string.
An empty string ("") was passed to the src attribute. This may cause the browser to download the whole page again over the network. To fix this, either do not render the element at all or pass null to src instead of an empty string.
An empty string ("") was passed to the src attribute. This may cause the browser to download the whole page again over the network. To fix this, either do not render the element at all or pass null to src instead of an empty string.
An empty string ("") was passed to the src attribute. This may cause the browser to download the whole page again over the network. To fix this, either do not render the element at all or pass null to src instead of an empty string.
An empty string ("") was passed to the src attribute. This may cause the browser to download the whole page again over the network. To fix this, either do not render the element at all or pass null to src instead of an empty string.
An empty string ("") was passed to the src attribute. This may cause the browser to download the whole page again over the network. To fix this, either do not render the element at all or pass null to src instead of an empty string.
An empty string ("") was passed to the src attribute. This may cause the browser to download the whole page again over the network. To fix this, either do not render the element at all or pass null to src instead of an empty string.
An empty string ("") was passed to the src attribute. This may cause the browser to download the whole page again over the network. To fix this, either do not render the element at all or pass null to src instead of an empty string.
An empty string ("") was passed to the src attribute. This may cause the browser to download the whole page again over the network. To fix this, either do not render the element at all or pass null to src instead of an empty string.
An empty string ("") was passed to the src attribute. This may cause the browser to download the whole page again over the network. To fix this, either do not render the element at all or pass null to src instead of an empty string.
An empty string ("") was passed to the src attribute. This may cause the browser to download the whole page again over the network. To fix this, either do not render the element at all or pass null to src instead of an empty string.
An empty string ("") was passed to the src attribute. This may cause the browser to download the whole page again over the network. To fix this, either do not render the element at all or pass null to src instead of an empty string.
An empty string ("") was passed to the src attribute. This may cause the browser to download the whole page again over the network. To fix this, either do not render the element at all or pass null to src instead of an empty string.
An empty string ("") was passed to the src attribute. This may cause the browser to download the whole page again over the network. To fix this, either do not render the element at all or pass null to src instead of an empty string.
An empty string ("") was passed to the src attribute. This may cause the browser to download the whole page again over the network. To fix this, either do not render the element at all or pass null to src instead of an empty string.
An empty string ("") was passed to the src attribute. This may cause the browser to download the whole page again over the network. To fix this, either do not render the element at all or pass null to src instead of an empty string.
An empty string ("") was passed to the src attribute. This may cause the browser to download the whole page again over the network. To fix this, either do not render the element at all or pass null to src instead of an empty string.
An empty string ("") was passed to the src attribute. This may cause the browser to download the whole page again over the network. To fix this, either do not render the element at all or pass null to src instead of an empty string.
An empty string ("") was passed to the src attribute. This may cause the browser to download the whole page again over the network. To fix this, either do not render the element at all or pass null to src instead of an empty string.
An empty string ("") was passed to the src attribute. This may cause the browser to download the whole page again over the network. To fix this, either do not render the element at all or pass null to src instead of an empty string.
An empty string ("") was passed to the src attribute. This may cause the browser to download the whole page again over the network. To fix this, either do not render the element at all or pass null to src instead of an empty string.
An empty string ("") was passed to the src attribute. This may cause the browser to download the whole page again over the network. To fix this, either do not render the element at all or pass null to src instead of an empty string.
An empty string ("") was passed to the src attribute. This may cause the browser to download the whole page again over the network. To fix this, either do not render the element at all or pass null to src instead of an empty string.
An empty string ("") was passed to the src attribute. This may cause the browser to download the whole page again over the network. To fix this, either do not render the element at all or pass null to src instead of an empty string.
An empty string ("") was passed to the src attribute. This may cause the browser to download the whole page again over the network. To fix this, either do not render the element at all or pass null to src instead of an empty string.
An empty string ("") was passed to the src attribute. This may cause the browser to download the whole page again over the network. To fix this, either do not render the element at all or pass null to src instead of an empty string.
An empty string ("") was passed to the src attribute. This may cause the browser to download the whole page again over the network. To fix this, either do not render the element at all or pass null to src instead of an empty string.
An empty string ("") was passed to the src attribute. This may cause the browser to download the whole page again over the network. To fix this, either do not render the element at all or pass null to src instead of an empty string.
An empty string ("") was passed to the src attribute. This may cause the browser to download the whole page again over the network. To fix this, either do not render the element at all or pass null to src instead of an empty string.
An empty string ("") was passed to the src attribute. This may cause the browser to download the whole page again over the network. To fix this, either do not render the element at all or pass null to src instead of an empty string.
An empty string ("") was passed to the src attribute. This may cause the browser to download the whole page again over the network. To fix this, either do not render the element at all or pass null to src instead of an empty string.
An empty string ("") was passed to the src attribute. This may cause the browser to download the whole page again over the network. To fix this, either do not render the element at all or pass null to src instead of an empty string.
An empty string ("") was passed to the src attribute. This may cause the browser to download the whole page again over the network. To fix this, either do not render the element at all or pass null to src instead of an empty string.
An empty string ("") was passed to the src attribute. This may cause the browser to download the whole page again over the network. To fix this, either do not render the element at all or pass null to src instead of an empty string.
An empty string ("") was passed to the src attribute. This may cause the browser to download the whole page again over the network. To fix this, either do not render the element at all or pass null to src instead of an empty string.
An empty string ("") was passed to the src attribute. This may cause the browser to download the whole page again over the network. To fix this, either do not render the element at all or pass null to src instead of an empty string.
An empty string ("") was passed to the src attribute. This may cause the browser to download the whole page again over the network. To fix this, either do not render the element at all or pass null to src instead of an empty string.
An empty string ("") was passed to the src attribute. This may cause the browser to download the whole page again over the network. To fix this, either do not render the element at all or pass null to src instead of an empty string.
An empty string ("") was passed to the src attribute. This may cause the browser to download the whole page again over the network. To fix this, either do not render the element at all or pass null to src instead of an empty string.
An empty string ("") was passed to the src attribute. This may cause the browser to download the whole page again over the network. To fix this, either do not render the element at all or pass null to src instead of an empty string.
An empty string ("") was passed to the src attribute. This may cause the browser to download the whole page again over the network. To fix this, either do not render the element at all or pass null to src instead of an empty string.
An empty string ("") was passed to the src attribute. This may cause the browser to download the whole page again over the network. To fix this, either do not render the element at all or pass null to src instead of an empty string.
An empty string ("") was passed to the src attribute. This may cause the browser to download the whole page again over the network. To fix this, either do not render the element at all or pass null to src instead of an empty string.
An empty string ("") was passed to the src attribute. This may cause the browser to download the whole page again over the network. To fix this, either do not render the element at all or pass null to src instead of an empty string.
An empty string ("") was passed to the src attribute. This may cause the browser to download the whole page again over the network. To fix this, either do not render the element at all or pass null to src instead of an empty string.
An empty string ("") was passed to the src attribute. This may cause the browser to download the whole page again over the network. To fix this, either do not render the element at all or pass null to src instead of an empty string.
An empty string ("") was passed to the src attribute. This may cause the browser to download the whole page again over the network. To fix this, either do not render the element at all or pass null to src instead of an empty string.
An empty string ("") was passed to the src attribute. This may cause the browser to download the whole page again over the network. To fix this, either do not render the element at all or pass null to src instead of an empty string.
An empty string ("") was passed to the src attribute. This may cause the browser to download the whole page again over the network. To fix this, either do not render the element at all or pass null to src instead of an empty string.
An empty string ("") was passed to the src attribute. This may cause the browser to download the whole page again over the network. To fix this, either do not render the element at all or pass null to src instead of an empty string.
An empty string ("") was passed to the src attribute. This may cause the browser to download the whole page again over the network. To fix this, either do not render the element at all or pass null to src instead of an empty string.
An empty string ("") was passed to the src attribute. This may cause the browser to download the whole page again over the network. To fix this, either do not render the element at all or pass null to src instead of an empty string.
An empty string ("") was passed to the src attribute. This may cause the browser to download the whole page again over the network. To fix this, either do not render the element at all or pass null to src instead of an empty string.
An empty string ("") was passed to the src attribute. This may cause the browser to download the whole page again over the network. To fix this, either do not render the element at all or pass null to src instead of an empty string.
An empty string ("") was passed to the src attribute. This may cause the browser to download the whole page again over the network. To fix this, either do not render the element at all or pass null to src instead of an empty string.
An empty string ("") was passed to the src attribute. This may cause the browser to download the whole page again over the network. To fix this, either do not render the element at all or pass null to src instead of an empty string.
An empty string ("") was passed to the src attribute. This may cause the browser to download the whole page again over the network. To fix this, either do not render the element at all or pass null to src instead of an empty string.
An empty string ("") was passed to the src attribute. This may cause the browser to download the whole page again over the network. To fix this, either do not render the element at all or pass null to src instead of an empty string.
An empty string ("") was passed to the src attribute. This may cause the browser to download the whole page again over the network. To fix this, either do not render the element at all or pass null to src instead of an empty string.
An empty string ("") was passed to the src attribute. This may cause the browser to download the whole page again over the network. To fix this, either do not render the element at all or pass null to src instead of an empty string.
An empty string ("") was passed to the src attribute. This may cause the browser to download the whole page again over the network. To fix this, either do not render the element at all or pass null to src instead of an empty string.
An empty string ("") was passed to the src attribute. This may cause the browser to download the whole page again over the network. To fix this, either do not render the element at all or pass null to src instead of an empty string.
An empty string ("") was passed to the src attribute. This may cause the browser to download the whole page again over the network. To fix this, either do not render the element at all or pass null to src instead of an empty string.
An empty string ("") was passed to the src attribute. This may cause the browser to download the whole page again over the network. To fix this, either do not render the element at all or pass null to src instead of an empty string.
An empty string ("") was passed to the src attribute. This may cause the browser to download the whole page again over the network. To fix this, either do not render the element at all or pass null to src instead of an empty string.

 ✓ components/dashboard/ShareSheet.test.tsx (23 tests) 3124ms
     ✓ renders correctly when isOpen is true  434ms
     ✓ calls onClose when close button is clicked  580ms
stderr | app/contributors/ContributorsClient.mock-integrations.test.tsx > ContributorsClient - Interactive Tooltips, Cursor Hovers & Touch Event Propagation > updates the rendered contributors when mocked data changes
An empty string ("") was passed to the src attribute. This may cause the browser to download the whole page again over the network. To fix this, either do not render the element at all or pass null to src instead of an empty string.

 ✓ app/contributors/ContributorsClient.mock-integrations.test.tsx (5 tests) 5259ms
     ✓ renders successfully with mocked contributor data  2352ms
     ✓ renders successfully when contributor lists are empty  318ms
     ✓ renders successfully with a large mocked contributor list  2146ms
stderr | components/dashboard/DashboardClient.error-resilience.test.tsx > DashboardClient Exception safety, Hydration Stability & Error Fallbacks > verify initialization stability: handles undefined insights and popularRepos lists gracefully
Received `true` for a non-boolean attribute `layout`.

If you want to write it to the DOM, pass a string instead: layout="true" or layout={value.toString()}.

Not implemented: HTMLCanvasElement's getContext() method: without installing the canvas npm package
Not implemented: HTMLCanvasElement's getContext() method: without installing the canvas npm package
Not implemented: HTMLCanvasElement's getContext() method: without installing the canvas npm package
Not implemented: HTMLCanvasElement's getContext() method: without installing the canvas npm package
Not implemented: HTMLCanvasElement's getContext() method: without installing the canvas npm package
Not implemented: HTMLCanvasElement's getContext() method: without installing the canvas npm package
stderr | components/dashboard/DashboardClient.error-resilience.test.tsx > DashboardClient Exception safety, Hydration Stability & Error Fallbacks > verify comparison fetch failure exception safety: displays the network error message
Unknown event handler property `onAnimationComplete`. It will be ignored.

Not implemented: HTMLCanvasElement's getContext() method: without installing the canvas npm package
Not implemented: HTMLCanvasElement's getContext() method: without installing the canvas npm package
Not implemented: HTMLCanvasElement's getContext() method: without installing the canvas npm package
Not implemented: HTMLCanvasElement's getContext() method: without installing the canvas npm package
 ✓ app/customize/components/ThemeQuickPresets.theme-contrast.test.tsx (5 tests) 3177ms
     ✓ renders dark theme preset button  1838ms
     ✓ renders light theme preset button  305ms
     ✓ marks active theme with aria-pressed=true  312ms
     ✓ renders preset buttons with theme styling  400ms
Not implemented: HTMLCanvasElement's getContext() method: without installing the canvas npm package
Not implemented: HTMLCanvasElement's getContext() method: without installing the canvas npm package
Not implemented: HTMLCanvasElement's getContext() method: without installing the canvas npm package
Not implemented: HTMLCanvasElement's getContext() method: without installing the canvas npm package
Not implemented: HTMLCanvasElement's getContext() method: without installing the canvas npm package
Not implemented: HTMLCanvasElement's getContext() method: without installing the canvas npm package
Not implemented: HTMLCanvasElement's getContext() method: without installing the canvas npm package
Not implemented: HTMLCanvasElement's getContext() method: without installing the canvas npm package
Not implemented: HTMLCanvasElement's getContext() method: without installing the canvas npm package
Not implemented: HTMLCanvasElement's getContext() method: without installing the canvas npm package
Not implemented: HTMLCanvasElement's getContext() method: without installing the canvas npm package
Not implemented: HTMLCanvasElement's getContext() method: without installing the canvas npm package
 ✓ app/customize/components/ControlsPanel.mouse-interactivity.test.tsx (5 tests) 3499ms
     ✓ keeps scale hover passive and changes scale only when a real segmented control is clicked  1915ms
     ✓ routes click and touch events through the actual scale button  486ms
     ✓ exposes pointer affordances on real select, color-picker, and shuffle controls  327ms
     ✓ disables and restores custom color controls based on the real theme prop  453ms
Not implemented: HTMLCanvasElement's getContext() method: without installing the canvas npm package
Not implemented: HTMLCanvasElement's getContext() method: without installing the canvas npm package
Not implemented: HTMLCanvasElement's getContext() method: without installing the canvas npm package
Not implemented: HTMLCanvasElement's getContext() method: without installing the canvas npm package
Not implemented: HTMLCanvasElement's getContext() method: without installing the canvas npm package
Not implemented: HTMLCanvasElement's getContext() method: without installing the canvas npm package
Not implemented: HTMLCanvasElement's getContext() method: without installing the canvas npm package
Not implemented: HTMLCanvasElement's getContext() method: without installing the canvas npm package
Not implemented: HTMLCanvasElement's getContext() method: without installing the canvas npm package
Not implemented: HTMLCanvasElement's getContext() method: without installing the canvas npm package
Not implemented: HTMLCanvasElement's getContext() method: without installing the canvas npm package
Not implemented: HTMLCanvasElement's getContext() method: without installing the canvas npm package
Not implemented: HTMLCanvasElement's getContext() method: without installing the canvas npm package
Not implemented: HTMLCanvasElement's getContext() method: without installing the canvas npm package
Not implemented: HTMLCanvasElement's getContext() method: without installing the canvas npm package
Not implemented: HTMLCanvasElement's getContext() method: without installing the canvas npm package
 ✓ components/AdvancedColorPicker.test.tsx (21 tests) 2869ms
       ✓ renders Presets tab as active by default when presets are provided  631ms
 ✓ components/dashboard/DashboardClient.error-resilience.test.tsx (5 tests) 2705ms
     ✓ verify initialization stability: handles undefined insights and popularRepos lists gracefully  441ms
     ✓ verify comparison fetch failure exception safety: displays the network error message  703ms
     ✓ verify comparison non-ok response handling: displays custom server error message  748ms
     ✓ verify transition state boundary safety: switches between single profile and compare mode safely  503ms
 ✓ app/components/CustomizeCTA.mouse-interactivity.test.tsx (5 tests) 1357ms
     ✓ should display the tooltip when hovering over an interactive node  1271ms
 ✓ app/customize/components/AdvancedSettingsPanel.mouse-interactivity.test.tsx (5 tests) 1560ms
     ✓ should display the interactive tooltip when mouse enters an active segment  1276ms
 ✓ components/dashboard/Heatmap.test.tsx (6 tests) 1620ms
     ✓ renders all provided historical entries as grid cells  690ms
     ✓ renders without crashing with 365 days of data  806ms
 ✓ components/WallOfLove.theme-contrast.test.tsx (5 tests) 2903ms
     ✓ renders Wall Of Love heading  1277ms
     ✓ renders developer feedback text  419ms
     ✓ renders statistics section  439ms
     ✓ renders dark mode classes  404ms
     ✓ renders testimonial cards  340ms
 ✓ lib/crypto.test.ts (8 tests) 1808ms
     ✓ round-trips a plain text token  500ms
     ✓ produces different ciphertexts for the same input (random salt/IV)  314ms
     ✓ handles special characters  356ms
 ✓ components/WallOfLove.timezone-boundaries.test.tsx (5 tests) 3285ms
     ✓ Reduced Motion Boundary (UTC Equivalent): renders content when motion reduction is enabled  1270ms
     ✓ Visual Alignment Boundary (Calendar Date Alignment Equivalent): preserves testimonial visibility across marquee boundaries  500ms
     ✓ Stats Continuity Boundary (Leap Year Equivalent): renders all statistic values without gaps  662ms
     ✓ Avatar Mapping Boundary (Timezone Offset Equivalent): preserves avatar-to-author associations  412ms
     ✓ Content Preservation Boundary (Calendar Grid Integrity Equivalent): preserves testimonial message content across render boundaries  412ms
stderr | components/dashboard/DashboardClient.accessibility.test.tsx > DashboardClient - Accessibility & Aria compliance (Variation 4) > Case 1: Inspect markup to verify correct accessible label coordinates on landmarks and interactive elements
Received `true` for a non-boolean attribute `layout`.

If you want to write it to the DOM, pass a string instead: layout="true" or layout={value.toString()}.

 ✓ app/contributors/ContributorsClient.empty-fallback.test.tsx (5 tests) 2886ms
     ✓ renders safely with empty contributors array  1052ms
     ✓ renders safely with empty top contributors array  781ms
     ✓ renders correctly when total contributions is zero  496ms
     ✓ preserves core navigation actions with all datasets empty  443ms
stderr | app/contributors/page.theme-contrast.test.tsx > ContributorsPage - Theme Contrast & Visual Cohesion > retains theme contrast utility classes in the layout container structure
React does not recognize the `whileInView` prop on a DOM element. If you intentionally want it to appear in the DOM as a custom attribute, spell it as lowercase `whileinview` instead. If you accidentally passed it from a parent component, remove it from the DOM element.

 ✓ components/dashboard/DashboardClient.accessibility.test.tsx (5 tests) 3210ms
     ✓ Case 1: Inspect markup to verify correct accessible label coordinates on landmarks and interactive elements  1439ms
     ✓ Case 2: Assert focusable interactive nodes maintain visible focus capability  542ms
     ✓ Case 3: Verify tooltip labels are announced with correct accessibility descriptions  616ms
     ✓ Case 4: Test keyboard control path selectors to ensure normal tab ordering  316ms
 ✓ components/InteractiveViewer.accessibility.test.tsx (15 tests) 2246ms
     ✓ exposes an accessible name on the interactive container  646ms
 ✓ app/customize/components/SectionLabel.mouse-interactivity.test.tsx (5 tests) 1231ms
     ✓ should display the interactive tooltip when mouse enters the section label node  1096ms
 ✓ app/contributors/page.theme-contrast.test.tsx (5 tests) 2403ms
     ✓ retains theme contrast utility classes in the layout container structure  1218ms
     ✓ applies text colors that adapt to system preferences on primary headings  364ms
     ✓ ensures background glow overlays do not intercept click events on foreground content  312ms
 ✓ components/dashboard/PopularPinnedRepos.mouse-interactivity.test.tsx (18 tests) 2059ms
     ✓ dropdown opens on toggle button click  405ms
     ✓ repo card links are navigable (correct href present)  314ms
 ✓ app/components/Footer.accessibility.test.tsx (5 tests) 1561ms
     ✓ renders footer landmark with correct heading hierarchy  722ms
     ✓ renders social links with descriptive aria-labels for screen readers  526ms
 ✓ lib/graph/dependencyGraph.test.ts (23 tests) 2451ms
     ✓ should have every edge targetId reference an existing graph node or be an external reference  352ms
     ✓ should not have any node self-reference in its own edges  345ms
     ✓ should have all edge scores in the valid range [0, 1]  477ms
 ✓ lib/github.race-condition.test.ts (3 tests) 1084ms
     ✓ never lets concurrent rate-limit handlers corrupt the rotation index  537ms
     ✓ concurrent requests across retries exercise the pool without throwing on a corrupted index  526ms
 ✓ app/generator/components/sections/TechnologyGraph.mouse-interactivity.test.tsx (5 tests) 1906ms
     ✓ triggers onToggle when a technology node is clicked  1129ms
 ✓ app/customize/components/ControlsPanel.empty-fallback.test.tsx (5 tests) 2251ms
     ✓ renders safely with empty default values  992ms
     ✓ shows fallback message and disables custom color controls for auto theme  439ms
     ✓ shows fallback message and random-theme warning for random theme  324ms
 ✓ app/customize/components/ThemeQuickPresets.empty-fallback.test.tsx (5 tests) 2652ms
     ✓ renders successfully with an unknown theme value  1692ms
     ✓ renders preset buttons while no active theme matches  355ms
     ✓ renders buttons with fallback styling and accessible labels  385ms
stderr | components/dashboard/PRInsights/PRInsightsClient.theme-contrast.test.tsx > PRInsightsClient Theme Contrast and Visual Cohesion > 1. should emulate both dark and light presets
React does not recognize the `whileHover` prop on a DOM element. If you intentionally want it to appear in the DOM as a custom attribute, spell it as lowercase `whilehover` instead. If you accidentally passed it from a parent component, remove it from the DOM element.
Unknown event handler property `onHoverStart`. It will be ignored.
Unknown event handler property `onHoverEnd`. It will be ignored.

 ✓ app/customize/components/ThemeQuickPresets.mouse-interactivity.test.tsx (5 tests) 3020ms
     ✓ renders interactive theme buttons with tooltip titles  1612ms
     ✓ triggers theme change when a preset is clicked  354ms
     ✓ keeps hoverable preset buttons styled with pointer cursor class support  323ms
     ✓ preserves active overlay visuals while hovering the selected preset  330ms
     ✓ handles touch interactions and propagates theme selection  375ms
 ✓ components/FeatureCards.test.tsx (6 tests) 1741ms
       ✓ renders card title, description and icon correctly  814ms
     ✓ renders all 3 feature cards matching the defined list length  697ms
 ✓ components/dashboard/PRInsights/PRInsightsClient.theme-contrast.test.tsx (5 tests) 2181ms
     ✓ 1. should emulate both dark and light presets  1118ms
     ✓ 2. should assert that visual elements adapt color styling properly for both settings  395ms
     ✓ 3. should verify contrast ratio standards for textual elements  331ms
     ✓ 5. should ensure background containers do not clip foreground content  303ms
 ✓ components/reviewform.mock-integrations.test.tsx (5 tests) 2376ms
     ✓ tests service loading paths to ensure pending state overlays render  1201ms
     ✓ asserts local cache layers are queried before triggering database retrievals  331ms
     ✓ verifies correct fallback procedures during fake endpoint timeout blocks  493ms
 ✓ app/generator/components/sections/SocialsSection.timezone-boundaries.test.tsx (5 tests) 3058ms
     ✓ 1. mock standard timezone settings (UTC, EST, IST, JST) and verify rendering remains consistent  1752ms
     ✓ 2. verify timezone offsets do not shift rendered data unexpectedly across date boundaries  506ms
     ✓ 3. verify leap year dates are handled correctly without gaps or rendering failures  303ms
     ✓ 4. assert calendar/date formatting behaves consistently across mocked locales and timezones  305ms
 ✓ components/dashboard/ContributionCity3D.test.tsx (11 tests) 2446ms
     ✓ renders a canvas element  583ms
     ✓ accepts different themes without error  397ms
     ✓ 3D City toggle button exists in ActivityLandscape  552ms
     ✓ clicking 3D City hides the flat activity chart  439ms
stderr | components/dashboard/PRInsights/PRInsightsClient.timezone-boundaries.test.tsx > PRInsightsClient Timezone Normalization & Calendar Data Boundary Alignment > 1. mocks standard timezone settings (e.g., UTC, EST, IST, and JST)
React does not recognize the `whileHover` prop on a DOM element. If you intentionally want it to appear in the DOM as a custom attribute, spell it as lowercase `whilehover` instead. If you accidentally passed it from a parent component, remove it from the DOM element.
Unknown event handler property `onHoverStart`. It will be ignored.
Unknown event handler property `onHoverEnd`. It will be ignored.

 ✓ components/dashboard/PopularPinnedRepos.mock-integrations.test.tsx (21 tests) 3175ms
     ✓ renders starred repo names after switching to Starred tab  783ms
     ✓ starred repo cards have correct hrefs  362ms
 ✓ components/dashboard/PRInsights/PRInsightsClient.timezone-boundaries.test.tsx (5 tests) 1880ms
     ✓ 1. mocks standard timezone settings (e.g., UTC, EST, IST, and JST)  1257ms
 ✓ lib/graph/types.theme-contrast.test.ts (5 tests) 939ms
     ✓ all edges use valid recommendation categories  519ms
 ✓ components/dashboard/HistoricalTrendView.accessibility.test.tsx (5 tests) 2300ms
     ✓ Case 1: Inspect markup landmarks to verify the correct usage of accessible coordinate labels on container modules  1171ms
     ✓ Case 2: Assert interactive nodes designed to accept focus maintain visible outline class parameters  535ms
stderr | components/dashboard/ProfileCard.accessibility.test.tsx > ProfileCard Accessibility Standards & Screen Reader Aria Compliance > renders logical heading hierarchy correctly
React does not recognize the `whileHover` prop on a DOM element. If you intentionally want it to appear in the DOM as a custom attribute, spell it as lowercase `whilehover` instead. If you accidentally passed it from a parent component, remove it from the DOM element.
React does not recognize the `whileTap` prop on a DOM element. If you intentionally want it to appear in the DOM as a custom attribute, spell it as lowercase `whiletap` instead. If you accidentally passed it from a parent component, remove it from the DOM element.

 ✓ components/dashboard/ProfileCard.accessibility.test.tsx (9 tests) 1303ms
     ✓ renders logical heading hierarchy correctly  631ms
stderr | components/dashboard/PRInsights/PRTrendChart.accessibility.test.tsx > PRTrendChart accessibility > renders accessible heading for the chart section
The width(-1) and height(-1) of chart should be greater than 0,
       please check the style of container, or the props width(100%) and height(100%),
       or add a minWidth(0) or minHeight(undefined) or use aspect(undefined) to control the
       height and width.
The width(0) and height(0) of chart should be greater than 0,
       please check the style of container, or the props width(100%) and height(100%),
       or add a minWidth(0) or minHeight(undefined) or use aspect(undefined) to control the
       height and width.

stderr | app/contributors/page.empty-fallback.test.tsx > ContributorsPage empty fallback > handles fetch failures gracefully and still renders fallback state
[31m[ERROR][0m Failed to fetch contributors {"error":{}}

stderr | components/dashboard/PRInsights/PRTrendChart.accessibility.test.tsx > PRTrendChart accessibility > renders view toggle buttons with accessible names
The width(-1) and height(-1) of chart should be greater than 0,
       please check the style of container, or the props width(100%) and height(100%),
       or add a minWidth(0) or minHeight(undefined) or use aspect(undefined) to control the
       height and width.
The width(0) and height(0) of chart should be greater than 0,
       please check the style of container, or the props width(100%) and height(100%),
       or add a minWidth(0) or minHeight(undefined) or use aspect(undefined) to control the
       height and width.

stderr | components/dashboard/PRInsights/PRTrendChart.accessibility.test.tsx > PRTrendChart accessibility > allows keyboard focus on weekly and monthly buttons
The width(-1) and height(-1) of chart should be greater than 0,
       please check the style of container, or the props width(100%) and height(100%),
       or add a minWidth(0) or minHeight(undefined) or use aspect(undefined) to control the
       height and width.
The width(0) and height(0) of chart should be greater than 0,
       please check the style of container, or the props width(100%) and height(100%),
       or add a minWidth(0) or minHeight(undefined) or use aspect(undefined) to control the
       height and width.

stderr | components/dashboard/PRInsights/PRTrendChart.accessibility.test.tsx > PRTrendChart accessibility > changes chart view when weekly button is activated
The width(-1) and height(-1) of chart should be greater than 0,
       please check the style of container, or the props width(100%) and height(100%),
       or add a minWidth(0) or minHeight(undefined) or use aspect(undefined) to control the
       height and width.
The width(0) and height(0) of chart should be greater than 0,
       please check the style of container, or the props width(100%) and height(100%),
       or add a minWidth(0) or minHeight(undefined) or use aspect(undefined) to control the
       height and width.

stderr | app/contributors/page.empty-fallback.test.tsx > ContributorsPage empty fallback > handles non-ok API responses without breaking the page
[31m[ERROR][0m Failed to fetch contributors {"error":{}}

stderr | components/dashboard/PRInsights/PRTrendChart.accessibility.test.tsx > PRTrendChart accessibility > changes chart view when weekly button is activated
The width(0) and height(0) of chart should be greater than 0,
       please check the style of container, or the props width(100%) and height(100%),
       or add a minWidth(0) or minHeight(undefined) or use aspect(undefined) to control the
       height and width.

stderr | app/contributors/ContributorsClient.responsive-breakpoints.test.tsx > ContributorsClient - Responsive Multi-device Columns & Mobile Viewport Layouts > reflows the stats grid from three desktop columns into a single mobile column
React does not recognize the `whileInView` prop on a DOM element. If you intentionally want it to appear in the DOM as a custom attribute, spell it as lowercase `whileinview` instead. If you accidentally passed it from a parent component, remove it from the DOM element.

stderr | components/dashboard/PRInsights/PRTrendChart.accessibility.test.tsx > PRTrendChart accessibility > changes chart view when monthly button is activated
The width(-1) and height(-1) of chart should be greater than 0,
       please check the style of container, or the props width(100%) and height(100%),
       or add a minWidth(0) or minHeight(undefined) or use aspect(undefined) to control the
       height and width.
The width(0) and height(0) of chart should be greater than 0,
       please check the style of container, or the props width(100%) and height(100%),
       or add a minWidth(0) or minHeight(undefined) or use aspect(undefined) to control the
       height and width.

stderr | components/dashboard/PRInsights/PRTrendChart.accessibility.test.tsx > PRTrendChart accessibility > changes chart view when monthly button is activated
The width(0) and height(0) of chart should be greater than 0,
       please check the style of container, or the props width(100%) and height(100%),
       or add a minWidth(0) or minHeight(undefined) or use aspect(undefined) to control the
       height and width.

stderr | components/dashboard/PRInsights/PRTrendChart.accessibility.test.tsx > PRTrendChart accessibility > changes chart view when monthly button is activated
The width(0) and height(0) of chart should be greater than 0,
       please check the style of container, or the props width(100%) and height(100%),
       or add a minWidth(0) or minHeight(undefined) or use aspect(undefined) to control the
       height and width.

stderr | components/dashboard/PRInsights/PRTrendChart.accessibility.test.tsx > PRTrendChart accessibility > keeps heading hierarchy logical with h2 as main chart heading
The width(-1) and height(-1) of chart should be greater than 0,
       please check the style of container, or the props width(100%) and height(100%),
       or add a minWidth(0) or minHeight(undefined) or use aspect(undefined) to control the
       height and width.
The width(0) and height(0) of chart should be greater than 0,
       please check the style of container, or the props width(100%) and height(100%),
       or add a minWidth(0) or minHeight(undefined) or use aspect(undefined) to control the
       height and width.

 ✓ components/dashboard/PRInsights/PRTrendChart.accessibility.test.tsx (6 tests) 1708ms
     ✓ renders accessible heading for the chart section  585ms
     ✓ changes chart view when weekly button is activated  405ms
     ✓ changes chart view when monthly button is activated  350ms
 ✓ app/contributors/page.empty-fallback.test.tsx (5 tests) 3165ms
     ✓ renders fallback UI when contributors are empty  1089ms
     ✓ maintains page layout and empty markers for empty contributor input  604ms
     ✓ handles fetch failures gracefully and still renders fallback state  591ms
     ✓ handles non-ok API responses without breaking the page  430ms
     ✓ does not emit console errors when the fallback page renders  422ms
 ✓ app/contributors/ContributorsClient.responsive-breakpoints.test.tsx (5 tests) 4268ms
     ✓ reflows the stats grid from three desktop columns into a single mobile column  441ms
     ✓ stacks the CTA action row vertically on mobile via flex-col before switching to flex-row on sm+  1582ms
     ✓ does not emit absolute pixel widths on primary layout wrappers that would trigger horizontal scrollbars at 375px  340ms
     ✓ keeps mobile-specific toggle states responsive on primary CTAs (active:scale-95 tap feedback)  1772ms
Not implemented: navigation to another Document
 ✓ app/components/navbar.responsive-breakpoints.test.tsx (8 tests) 4610ms
     ✓ 1. Renders the Navbar component without the mobile menu initially open  2742ms
     ✓ 2. Toggles the mobile menu open and closed when hamburger button is clicked  893ms
     ✓ 8. Closes the mobile menu via link navigation, independently of the hamburger toggle button  337ms
 ✓ app/components/Footer.empty-fallback.test.tsx (5 tests) 1995ms
     ✓ renders raw translation keys as fallback when t returns the path keys  1310ms
     ✓ handles custom LinkComponent renders safely with missing optional params  397ms
 ✓ components/dashboard/ProfileCard.test.tsx (12 tests) 2564ms
     ✓ renders user name  462ms
       ✓ renders a copy username button beside the username  544ms
 ✓ components/WallOfLove.error-resilience.test.tsx (5 tests) 2281ms
     ✓ should maintain hydration stability when initial data is missing  1317ms
     ✓ should trigger user reset or reload path on recovery panel click  850ms
 ✓ app/customize/components/ControlsPanel.timezone-boundaries.test.tsx (5 tests) 4123ms
     ✓ labels the "(current)" option using the viewer's local year, not UTC (2026-01-01T00:30:00Z in America/Los_Angeles -> 2025)  2092ms
     ✓ generates the year option range down to 2019 with no gaps or duplicates, anchored to the local year  502ms
     ✓ does not drop or duplicate a year option across a Feb 29 leap-year boundary  1059ms
 ✓ components/NavbarSearch.test.tsx (8 tests) 1579ms
     ✓ clears query when clear button is clicked  326ms
 ✓ app/customize/components/ThemeQuickPresets.error-resilience.test.tsx (5 tests) 2811ms
     ✓ renders normally without crashing  1903ms
     ✓ allows user interaction after rerender  581ms
stderr | components/dashboard/PopularPinnedRepos.error-resilience.test.tsx > PopularRepos — error resilience > handles repos with duplicate names without crashing
Encountered two children with the same key, `same`. Keys should be unique so that components maintain their identity across updates. Non-unique keys may cause children to be duplicated and/or omitted — the behavior is unsupported and could change in a future version.
Encountered two children with the same key, `same`. Keys should be unique so that components maintain their identity across updates. Non-unique keys may cause children to be duplicated and/or omitted — the behavior is unsupported and could change in a future version.

 ✓ app/generator/components/PreviewPanel.mock-integrations.test.tsx (5 tests) 1943ms
     ✓ 1. copies markdown using mocked clipboard service  978ms
     ✓ 4. switches between preview and markdown tabs  315ms
stderr | components/dashboard/PRInsights/PRTrendChart.mouse-interactivity.test.tsx > PRTrendChart mouse interactivity > renders weekly and monthly view buttons
The tag <stop> is unrecognized in this browser. If you meant to render a React component, start its name with an uppercase letter.
<linearGradient /> is using incorrect casing. Use PascalCase for React components, or lowercase for HTML elements.
The tag <linearGradient> is unrecognized in this browser. If you meant to render a React component, start its name with an uppercase letter.
The tag <defs> is unrecognized in this browser. If you meant to render a React component, start its name with an uppercase letter.

stderr | components/dashboard/PRInsights/PRTrendChart.mouse-interactivity.test.tsx > PRTrendChart mouse interactivity > shows monthly as the default active view
<linearGradient /> is using incorrect casing. Use PascalCase for React components, or lowercase for HTML elements.

stderr | components/dashboard/PRInsights/PRTrendChart.mouse-interactivity.test.tsx > PRTrendChart mouse interactivity > switches to the weekly view when the weekly button is clicked
<linearGradient /> is using incorrect casing. Use PascalCase for React components, or lowercase for HTML elements.

stderr | components/dashboard/PRInsights/PRTrendChart.mouse-interactivity.test.tsx > PRTrendChart mouse interactivity > switches back to the monthly view when the monthly button is clicked
<linearGradient /> is using incorrect casing. Use PascalCase for React components, or lowercase for HTML elements.

stderr | components/dashboard/PRInsights/PRTrendChart.mouse-interactivity.test.tsx > PRTrendChart mouse interactivity > supports repeated view toggling without losing the active state
<linearGradient /> is using incorrect casing. Use PascalCase for React components, or lowercase for HTML elements.

stderr | components/dashboard/PRInsights/PRTrendChart.mouse-interactivity.test.tsx > PRTrendChart mouse interactivity > keeps the chart mounted during view toggling
<linearGradient /> is using incorrect casing. Use PascalCase for React components, or lowercase for HTML elements.

 ✓ components/dashboard/PRInsights/PRTrendChart.mouse-interactivity.test.tsx (6 tests) 1842ms
     ✓ renders weekly and monthly view buttons  861ms
     ✓ supports repeated view toggling without losing the active state  302ms
stderr | components/reviewform.theme-contrast.test.tsx > SubmitReviewPage - Dark and Light Prefers-Color-Scheme Visual Cohesion > Dual Theme Setup: component renders without crashing in both dark and light color scheme environments
React does not recognize the `whileHover` prop on a DOM element. If you intentionally want it to appear in the DOM as a custom attribute, spell it as lowercase `whilehover` instead. If you accidentally passed it from a parent component, remove it from the DOM element.
React does not recognize the `whileTap` prop on a DOM element. If you intentionally want it to appear in the DOM as a custom attribute, spell it as lowercase `whiletap` instead. If you accidentally passed it from a parent component, remove it from the DOM element.

 ✓ components/dashboard/PopularPinnedRepos.error-resilience.test.tsx (17 tests) 2919ms
     ✓ outside click after unmount does not throw  712ms
     ✓ does not crash when switching views back and forth many times  838ms
     ✓ renders correctly after receiving new props (starredRepos added after mount)  309ms
 ✓ components/reviewform.theme-contrast.test.tsx (5 tests) 2317ms
     ✓ Dual Theme Setup: component renders without crashing in both dark and light color scheme environments  851ms
     ✓ Background Overlay Safety: error alert uses translucent background that does not clip foreground text color  1151ms
stderr | app/page.test.tsx > LandingPage > can dismiss the SuccessGuide
Received `true` for a non-boolean attribute `unoptimized`.

If you want to write it to the DOM, pass a string instead: unoptimized="true" or unoptimized={value.toString()}.
React does not recognize the `whileInView` prop on a DOM element. If you intentionally want it to appear in the DOM as a custom attribute, spell it as lowercase `whileinview` instead. If you accidentally passed it from a parent component, remove it from the DOM element.

 ✓ app/generator/components/sections/ContributionGraphSection.test.tsx (15 tests) 3078ms
     ✓ shows a sample preview image when the live pacman graph fails to load  356ms
     ✓ mentions the entered username in the sample-preview helper text  402ms
 ✓ components/dashboard/ActivityLandscape.mouse-interactivity.test.tsx (5 tests) 1534ms
     ✓ triggers simulated mouseenter gestures on active segments to show tooltips  1118ms
 ✓ app/page.test.tsx (2 tests | 1 skipped) 2498ms
     ✓ can dismiss the SuccessGuide  2489ms
 ✓ lib/svg/generator.test.ts (205 tests) 2843ms
     ✓ generateSVG with all themes produces valid XML  1205ms
stderr | app/generator/components/sections/TechnologyGraph.accessibility.test.tsx > TechnologyGraph Accessibility > toggles technology selection using Enter key
An update to TechnologyGraph inside a test was not wrapped in act(...).

When testing, code that causes React state updates should be wrapped into act(...):

act(() => {
  /* fire events that update state */
});
/* assert on the output */

This ensures that you're testing the behavior the user would see in the browser. Learn more at https://react.dev/link/wrap-tests-with-act

stderr | app/generator/components/sections/TechnologyGraph.accessibility.test.tsx > TechnologyGraph Accessibility > toggles technology selection using Space key
An update to TechnologyGraph inside a test was not wrapped in act(...).

When testing, code that causes React state updates should be wrapped into act(...):

act(() => {
  /* fire events that update state */
});
/* assert on the output */

This ensures that you're testing the behavior the user would see in the browser. Learn more at https://react.dev/link/wrap-tests-with-act

 ✓ app/generator/components/sections/TechnologyGraph.accessibility.test.tsx (9 tests) 4023ms
     ✓ renders graph heading  336ms
     ✓ supports keyboard focus  1401ms
     ✓ supports keyboard focus on SVG nodes  856ms
     ✓ toggles technology selection using Enter key  477ms
     ✓ toggles technology selection using Space key  307ms
 ✓ app/components/Footer.responsive-breakpoints.test.tsx (10 tests) 4673ms
     ✓ renders all four grid sections on mobile viewport  672ms
     ✓ renders navigation links with correct ARIA labels across viewports  1999ms
     ✓ renders icons with shrink-0 so they scale gracefully instead of distorting on narrow screens  349ms
     ✓ centers section headings/links on narrow viewports before left-aligning at the sm breakpoint  374ms
 ✓ components/dashboard/ResumeProfileSection.accessibility.test.tsx (5 tests) 3517ms
     ✓ ensures all interactive elements have accessible names for screen readers  1476ms
     ✓ allows keyboard users to reach all interactive elements via Tab navigation  418ms
     ✓ maintains a logical heading hierarchy without skipping levels  468ms
     ✓ presents interactive controls in a logical tab order with no hidden focus traps  845ms
 ✓ app/components/Footer.mouse-interactivity.test.tsx (5 tests) 3899ms
     ✓ renders branding correctly  425ms
     ✓ renders navigation links correctly  2423ms
     ✓ renders GitHub repository links correctly  398ms
     ✓ renders social links using aria-labels (no ambiguity)  553ms
 ✓ components/dashboard/ResumeUpload.accessibility.test.tsx (8 tests) 2000ms
     ✓ renders the hidden file input with an accessible label and correct accept types  506ms
     ✓ renders a remove button with an accessible label when a file is selected  641ms
     ✓ clears the file and resets focus/state when the remove button is activated  557ms
 ✓ components/dashboard/ShareSheet.error-resilience.test.tsx (5 tests) 2045ms
     ✓ renders nothing when isOpen is false, preventing hydration mismatch  309ms
     ✓ mounts cleanly when isOpen is true with all key elements present  986ms
     ✓ component remains mounted after window.open is called on the GitHub Wrapped button  472ms
 ✓ app/customize/components/ThemeSelector.mouse-interactivity.test.tsx (5 tests) 3551ms
     ✓ changes theme through the native selector interaction  1527ms
     ✓ selects a concrete non-virtual theme when shuffle is clicked  1067ms
     ✓ renders auto theme runtime helper text and split swatch state  362ms
     ✓ updates rendered swatch state when the selected theme prop changes  338ms
 ✓ app/customize/components/ControlsPanel.error-resilience.test.tsx (5 tests) 2810ms
     ✓ renders successfully without crashing  1512ms
     ✓ continues rendering after simulated runtime exception  521ms
     ✓ renders fallback recovery UI instead of crashing  360ms
     ✓ supports recovery after dependency failure  371ms
 ✓ app/customize/components/ThemeQuickPresets.accessibility.test.tsx (5 tests) 2306ms
     ✓ uses correct accessible label coordinates (aria-label and aria-pressed)  1782ms
 ✓ app/generator/components/sections/CommitPulseSection.responsive-breakpoints.test.tsx (5 tests) 1436ms
     ✓ implements global full-width fluid configurations on core input elements to prevent clipping  447ms
     ✓ enforces maximum boundary scaling restrictions on visual asset elements  572ms
 ✓ components/dashboard/PopularPinnnedRepos.mouse-interactivity.test.tsx (5 tests) 2689ms
     ✓ triggers mouseenter and mouseleave gestures on repository cards and validates transition classes  1480ms
     ✓ verifies that title tooltip attributes are present for truncated repository names  322ms
     ✓ handles click and touch gestures and ensures events propagate correctly through nodes  505ms
 ✓ app/contributors/ContributorsSearch.empty-fallback.test.tsx (4 tests) 2592ms
     ✓ keeps the empty collection stable while searching and clearing  1276ms
     ✓ moves from populated results to the fallback and back  1103ms
 ✓ app/generator/components/sections/SocialsSection.mock-integrations.test.tsx (5 tests) 2497ms
     ✓ 2. verify local cache is checked before triggering simulated service/database requests  533ms
     ✓ 3. simulate service timeout and verify fallback behavior is rendered without runtime errors  984ms
     ✓ 4. verify successful asynchronous callbacks update the mocked cache correctly  433ms
     ✓ 5. verify asynchronous failures are handled gracefully without crashing the component  421ms
 ✓ components/dashboard/ActivityLandscape.accessibility.test.tsx (5 tests) 2100ms
     ✓ renders chart with accessible role and aria-label  1179ms
     ✓ renders all interactive controls as accessible buttons  459ms
 ✓ lib/cache.distributed-lock.test.ts (6 tests) 1180ms
     ✓ accepts custom maxPollTimeMs via LockConfig and stops polling after timeout  956ms
 ✓ components/dashboard/ContributionCity3D.accessibility.test.tsx (9 tests) 2540ms
     ✓ does not give the canvas a tabindex or pull it into the tab order  1412ms
     ✓ remains accessible across all available themes (no role/label regressions)  590ms
 ✓ app/customize/components/AdvancedSettingsPanel.mock-integrations.test.tsx (5 tests) 1961ms
     ✓ 1. renders all controlled components inside the configuration region  1378ms
stderr | components/dashboard/ResumePreviewForm.mock-integrations.test.tsx > ResumePreviewForm - Mock Integrations & Cache Stubs > DistributedCache.get falls back to local cache when Redis fetch fails
[31m[ERROR][0m Cache SET failed {"component":"DistributedCache","key":"[REDACTED]","error":{}}

 ✓ components/Leaderboard.accessibility.test.tsx (5 tests) 1425ms
     ✓ renders contributor names for screen readers  558ms
     ✓ exposes interactive leaderboard entries as buttons  533ms
 ✓ components/dashboard/Achievements.timezone-boundaries.test.tsx (12 tests) 2461ms
     ✓ renders the component title  368ms
     ✓ shows "See All Achievements" button when there are more than four achievements  989ms
 ✓ components/dashboard/ResumePreviewForm.mock-integrations.test.tsx (5 tests) 923ms
     ✓ component shows pending overlay when save request is pending  737ms
 ✓ app/generator/GeneratorClient.mouse-interactivity.test.tsx (5 tests) 1603ms
     ✓ renders interactive editor and preview panels  313ms
     ✓ exposes pointer hover styling on interactive editor controls  608ms
     ✓ propagates touch-style click interactions for CommitPulse options  321ms
 ✓ app/customize/components/ThemeSelector.mock-integrations.test.tsx (5 tests) 3876ms
     ✓ 1. Local Cache Verification: verifies the local cache is checked before any async service/database call  1608ms
     ✓ 2. Pending/Loading State: tests that pending/loading state is rendered while async operations are unresolved  391ms
     ✓ 3. Cache Synchronization: verifies successful responses update/synchronize the local cache  694ms
     ✓ 4. Fallback Behavior: verifies fallback behavior when the mocked service times out or rejects  1004ms
 ✓ app/customize/components/ControlsPanel.responsive-breakpoints.test.tsx (5 tests) 5150ms
     ✓ renders correctly on mobile viewport  1674ms
     ✓ keeps username input at full width  805ms
     ✓ renders scale buttons in a responsive 3-column grid  752ms
     ✓ does not render fixed width controls causing overflow  802ms
     ✓ renders responsive select controls  1083ms
 ✓ app/components/SuccessGuide.mouse-interactivity.test.tsx (5 tests) 4517ms
     ✓ should display responsive tooltip layouts at computed coordinates on mouseenter  2588ms
     ✓ should successfully hide temporary overlay visuals on mouseleave  403ms
     ✓ should apply appropriate cursor style classes (e.g., pointer) on hover  692ms
     ✓ should ensure custom click/touch gestures propagate correctly and fire callbacks  434ms
 ✓ components/dashboard/ProfileComparisonAnalytics.test.tsx (6 tests) 8685ms
     ✓ renders usernames, developer scores, and key stats in side-by-side layout  1316ms
     ✓ correctly ranks repositories and calculates impact scores  1143ms
     ✓ displays language side-by-side percentage comparisons correctly  892ms
     ✓ renders achievements status with unlock/lock badges correctly  2995ms
     ✓ supports keyboard accessibility controls and ARIA compliance  2101ms
 ✓ components/dashboard/DashboardSkeleton.mock-integrations.test.tsx (5 tests) 5521ms
     ✓ 1. Mock standard asynchronous imports and databases using stubs  703ms
     ✓ 5. Assert complete cache sync is written on success callbacks  4574ms
 ✓ components/dashboard/GithubWrapped.accessibility.test.tsx (5 tests) 1685ms
     ✓ renders main heading correctly for screen readers  1358ms
 ✓ components/dashboard/Heatmap.responsive-breakpoints.test.tsx (5 tests) 1214ms
     ✓ renders heatmap grid at mobile viewport width  537ms
 ✓ app/customize/components/ExportPanel.mouse-interactivity.test.tsx (5 tests) 2213ms
     ✓ triggers format change when HTML button is clicked  1195ms
     ✓ applies disabled cursor styling when username is missing  307ms
Not implemented: navigation to another Document
 ✓ app/components/navbar.test.tsx (8 tests) 3668ms
     ✓ renders semantic navigation and mobile menu controls at small widths  1979ms
     ✓ dismisses the open mobile menu when a dropdown link is tapped  427ms
 ✓ app/generator/components/PreviewPanel.accessibility.test.tsx (5 tests) 1650ms
     ✓ 1. verifies correct ARIA roles and dynamic aria-selected states for tabs and tab panels  1143ms
 ✓ app/components/HeroSection.empty-fallback.test.tsx (5 tests) 1514ms
     ✓ Case 1: mounts successfully and renders initial empty states/headings  1390ms
 ✓ app/generator/components/SectionCard.empty-fallback.test.tsx (10 tests) 1922ms
     ✓ toggles content visibility when header button is clicked  1465ms
 ✓ app/generator/components/EditorPanel.theme-contrast.test.tsx (5 tests) 2678ms
     ✓ renders GitHub import button  1754ms
     ✓ applies light theme contrast classes  477ms
 ✓ components/dashboard/PopularPinnnedRepos.theme-contrast.test.tsx (5 tests) 3048ms
     ✓ emulates light and dark color-scheme presets while rendering real repository cards  2238ms
     ✓ keeps layered backgrounds from clipping foreground repository content  303ms
 ✓ app/generator/components/sections/NameSection.mouse-interactivity.test.tsx (5 tests) 1511ms
     ✓ triggers simulated mouseenter/hover gestures on active segments or interactive nodes  1092ms
 ✓ app/generator/GeneratorClient.empty-fallback.test.tsx (5 tests) 2040ms
     ✓ Case 1: mounts successfully and renders initial empty states in Editor and Preview panels  1184ms
     ✓ Case 2: handles empty, undefined, and null input updates defensively without crashing  301ms
 ✓ app/achievements/UnlockCelebration.test.tsx (4 tests) 2244ms
     ✓ renders as a labelled modal dialog  1844ms
 ✓ app/components/navbar.timezone-boundaries.test.tsx (5 tests) 1745ms
     ✓ 1. Renders consistently when the system clock is normalized to UTC midnight  809ms
     ✓ 2. Aligns navigation link rendering across EST, IST, and JST timezone offsets  743ms
 ✓ app/generator/components/sections/CommitPulseSection.accessibility.test.tsx (5 tests) 2831ms
     ✓ Case 1: exposes the CommitPulse toggle as an accessible switch  1322ms
     ✓ Case 3: clear username button exposes an accessible name  926ms
 ✓ components/dashboard/DeveloperJourneyTimeline.test.tsx (5 tests) 2473ms
     ✓ renders correct fallback message when activity is empty  632ms
     ✓ renders title, subtitle, and filters correctly  1273ms
stderr | components/reviewform.mouse-interactivity.test.tsx > reviewform mouse interactivity > triggers simulated mouseenter and hover interactions
React does not recognize the `whileHover` prop on a DOM element. If you intentionally want it to appear in the DOM as a custom attribute, spell it as lowercase `whilehover` instead. If you accidentally passed it from a parent component, remove it from the DOM element.
React does not recognize the `whileTap` prop on a DOM element. If you intentionally want it to appear in the DOM as a custom attribute, spell it as lowercase `whiletap` instead. If you accidentally passed it from a parent component, remove it from the DOM element.

 ✓ components/InteractiveViewer.mock-integrations.test.tsx (5 tests) 2201ms
     ✓ resolves the tooltip through the mocked async presentation layer, not the real module  1468ms
 ✓ app/customize/components/ThemeSelector.accessibility.test.tsx (10 tests) 2054ms
     ✓ renders shuffle button with accessible name  885ms
     ✓ renders all theme options for screen reader access  468ms
 ✓ app/components/HeroSection.massive_scaling.test.tsx (5 tests) 2384ms
     ✓ Case 1: renders successfully with maximum content constraints  1087ms
     ✓ Case 5: remains stable under rapid re-renders with extreme props  885ms
 ✓ components/reviewform.mouse-interactivity.test.tsx (5 tests) 2154ms
     ✓ triggers simulated mouseenter and hover interactions  1396ms
 ✓ app/not-found.accessibility.test.tsx (5 tests) 2710ms
     ✓ exposes accessible names on all interactive elements  2244ms
 ✓ app/generator/data/socials.accessibility.test.tsx (5 tests) 2603ms
     ✓ Case 1: search field remains keyboard accessible  410ms
     ✓ Case 2: exposes navigation tabs as accessible tab controls  840ms
     ✓ Case 3: exposes category filters as keyboard reachable controls  734ms
     ✓ Case 5: selected platforms provide keyboard accessible URL fields  326ms
stderr | components/dashboard/DeploymentTracker.error-resilience.test.tsx > DeploymentTracker — error resilience > does not throw when a required string field is missing from the object
Each child in a list should have a unique "key" prop.

Check the render method of `DeploymentTracker`. See https://react.dev/link/warning-keys for more information.

stderr | components/dashboard/ComparisonStatsCard.test.tsx > ComparisonStatsCard > renders correctly with title, labels and values
React does not recognize the `whileInView` prop on a DOM element. If you intentionally want it to appear in the DOM as a custom attribute, spell it as lowercase `whileinview` instead. If you accidentally passed it from a parent component, remove it from the DOM element.
React does not recognize the `whileHover` prop on a DOM element. If you intentionally want it to appear in the DOM as a custom attribute, spell it as lowercase `whilehover` instead. If you accidentally passed it from a parent component, remove it from the DOM element.

 ✓ app/contributors/ContributorsSearch.test.tsx (7 tests) 2860ms
     ✓ renders without crashing  1253ms
     ✓ filters contributors based on search input  589ms
     ✓ ignores leading and trailing whitespace when filtering  437ms
 ✓ components/dashboard/DeploymentTracker.error-resilience.test.tsx (12 tests) 2951ms
     ✓ does not throw when a required string field is missing from the object  507ms
     ✓ does not throw when repoUrl is not actually a valid URL  1688ms
 ✓ components/dashboard/ComparisonStatsCard.test.tsx (50 tests) 1445ms
     ✓ renders correctly with title, labels and values  340ms
 ✓ app/generator/components/ReadmeHealthBreakdown.test.tsx (5 tests) 1309ms
     ✓ renders the health breakdown header  454ms
     ✓ renders quick fix buttons only for incomplete sections  592ms
 ✓ components/ExportButton.test.tsx (13 tests) 2581ms
     ✓ renders the default "Export" trigger button, closed and not loading  1050ms
 ✓ app/components/navbar.mouse-interactivity.test.tsx (6 tests) 3290ms
     ✓ activates the interactive glow overlay on mouseenter and cursor movement  809ms
     ✓ propagates click and touch gestures through the mobile menu button  1918ms
 ✓ app/(root)/dashboard/[username]/page.test.tsx (6 tests) 1739ms
       ✓ renders the dashboard components with the fetched data  934ms
       ✓ passes the correct activity data to the historical trend view  415ms
 ✓ app/customize/page.accessibility.test.tsx (5 tests) 1327ms
     ✓ 1. verifies that the layout structure contains semantic ARIA role landmarks  739ms
 ✓ app/documentation/code-block.empty-fallback.test.tsx (11 tests) 1180ms
     ✓ renders successfully with an empty string code  506ms
 ✓ components/KonamiEasterEgg.error-resilience.test.tsx (5 tests) 2847ms
     ✓ auto-resets to the idle state after the display duration elapses  2550ms
 ✓ app/generator/components/sections/SocialsSection.responsive-breakpoints.test.tsx (5 tests) 1920ms
     ✓ Case 1: verifies grid and flex reflow structure under 375px mobile viewport  1304ms
 ✓ components/dashboard/ResumeProfileSection.responsive-breakpoints.test.tsx (5 tests) 2017ms
     ✓ renders mobile-first form grid classes for narrow viewports  366ms
     ✓ keeps navigation controls visible and usable on mobile breakpoints  963ms
     ✓ renders quickly under mobile viewport conditions  352ms
 ✓ components/dashboard/GithubWrapped.error-resilience.test.tsx (6 tests) 1261ms
     ✓ shows recovery UI when wrappedData is missing  710ms
 ✓ app/components/SuccessGuide.responsive-breakpoints.test.tsx (5 tests) 1807ms
     ✓ Case 1: Mock a narrow 375px mobile viewport layout configuration and verify that structural grid/column blocks reflow cleanly into single-column or vertical flex setups  316ms
     ✓ Case 2: Inspect rendering boundaries to ensure that visual component containers avoid fixed absolute widths that cause horizontal overflow scrolling on compact display windows  827ms
     ✓ Case 5: Verify that resizing the viewport across responsive boundaries triggers updates correctly without causing structural state drops or component mount unmount hydration failure hooks  302ms
stderr | app/generator/components/sections/TechnologyGraph.responsive-breakpoints.test.tsx > TechnologyGraph Responsive Breakpoints > 5. asserts mobile-specific toggle states respond cleanly
An update to TechnologyGraph inside a test was not wrapped in act(...).

When testing, code that causes React state updates should be wrapped into act(...):

act(() => {
  /* fire events that update state */
});
/* assert on the output */

This ensures that you're testing the behavior the user would see in the browser. Learn more at https://react.dev/link/wrap-tests-with-act

stderr | app/generator/components/sections/TechnologyGraph.responsive-breakpoints.test.tsx > TechnologyGraph Responsive Breakpoints > 5. asserts mobile-specific toggle states respond cleanly
The current testing environment is not configured to support act(...)

 ✓ app/generator/components/sections/TechnologyGraph.responsive-breakpoints.test.tsx (5 tests) 1928ms
     ✓ 5. asserts mobile-specific toggle states respond cleanly  944ms
 ✓ components/dashboard/ShareSheet.responsive-breakpoints.test.tsx (5 tests) 2104ms
     ✓ all export option buttons have w-full class ensuring vertical stacking on mobile  1239ms
     ✓ renders cleanly when matchMedia reports a 375px mobile viewport  311ms
 ✓ components/dashboard/CommitClock.test.tsx (10 tests) 977ms
     ✓ renders 'Commit Clock' heading  627ms
 ✓ components/ScrollToBottom.mouse-interactivity.test.tsx (7 tests) 1006ms
     ✓ is visible when not scrolled to the bottom  712ms
 ✓ components/dashboard/HistoricalTrendView.test.tsx (6 tests) 1374ms
     ✓ renders navigation controls  651ms
 ✓ app/components/HeroSection.test.tsx (15 tests) 1930ms
     ✓ renders the hero heading and content  1405ms
 ✓ app/documentation/code-block.theme-contrast.test.tsx (5 tests) 927ms
     ✓ adapts visual elements for light mode color scheme  647ms
 ✓ app/support/page.test.tsx (3 tests) 2484ms
     ✓ links to the canonical Discord invite (matches DiscordButton/Footer)  1760ms
     ✓ does not link to the stale invite code  544ms
stderr | app/customize/page.test.tsx > CustomizePage timezone query params > falls back when numeric URL params are malformed
An update to CustomizePageInner inside a test was not wrapped in act(...).

When testing, code that causes React state updates should be wrapped into act(...):

act(() => {
  /* fire events that update state */
});
/* assert on the output */

This ensures that you're testing the behavior the user would see in the browser. Learn more at https://react.dev/link/wrap-tests-with-act
An update to CustomizePageInner inside a test was not wrapped in act(...).

When testing, code that causes React state updates should be wrapped into act(...):

act(() => {
  /* fire events that update state */
});
/* assert on the output */

This ensures that you're testing the behavior the user would see in the browser. Learn more at https://react.dev/link/wrap-tests-with-act
An update to CustomizePageInner inside a test was not wrapped in act(...).

When testing, code that causes React state updates should be wrapped into act(...):

act(() => {
  /* fire events that update state */
});
/* assert on the output */

This ensures that you're testing the behavior the user would see in the browser. Learn more at https://react.dev/link/wrap-tests-with-act
An update to CustomizePageInner inside a test was not wrapped in act(...).

When testing, code that causes React state updates should be wrapped into act(...):

act(() => {
  /* fire events that update state */
});
/* assert on the output */

This ensures that you're testing the behavior the user would see in the browser. Learn more at https://react.dev/link/wrap-tests-with-act
An update to CustomizePageInner inside a test was not wrapped in act(...).

When testing, code that causes React state updates should be wrapped into act(...):

act(() => {
  /* fire events that update state */
});
/* assert on the output */

This ensures that you're testing the behavior the user would see in the browser. Learn more at https://react.dev/link/wrap-tests-with-act
An update to CustomizePageInner inside a test was not wrapped in act(...).

When testing, code that causes React state updates should be wrapped into act(...):

act(() => {
  /* fire events that update state */
});
/* assert on the output */

This ensures that you're testing the behavior the user would see in the browser. Learn more at https://react.dev/link/wrap-tests-with-act

 ✓ app/customize/page.test.tsx (3 tests) 1124ms
     ✓ omits the default UTC timezone from export snippets  610ms
 ✓ components/dashboard/ActivityHeatmapPro.test.tsx (3 tests) 1802ms
     ✓ renders heatmap container and title  402ms
     ✓ toggles view modes when tab buttons are clicked  1326ms
 ✓ components/ScrollToBottom.accessibility.test.tsx (6 tests) 855ms
     ✓ button has aria-label="Scroll to bottom"  603ms
 ✓ components/CherryBlossom.error-resilience.test.tsx (5 tests) 843ms
     ✓ renders a clean recovery panel when the nested animation runtime throws  402ms
 ✓ app/generator/components/sections/TechnologyGraph.empty-fallback.test.tsx (5 tests) 953ms
 ✓ components/dashboard/ShareSheet.theme-contrast.test.tsx (5 tests) 1418ms
     ✓ sets up a dual theme environment mock (emulate both dark and light presets)  390ms
     ✓ asserts that the visual elements adapt color styling properly for both settings  513ms
stderr | app/layout.responsive-breakpoints.test.tsx > RootLayout Responsive Multi-device Columns & Mobile Viewport Layouts > 1. mocks standard mobile-width media coordinates (e.g. 375px wide viewports)
In HTML, <html> cannot be a child of <div>.
This will cause a hydration error.

 ✓ app/burnout-analyzer/page.test.tsx (3 tests) 1344ms
     ✓ rejects a path that is not exactly owner/repo and does not call the API  1001ms
 ✓ app/layout.responsive-breakpoints.test.tsx (5 tests) 2306ms
     ✓ 1. mocks standard mobile-width media coordinates (e.g. 375px wide viewports)  902ms
     ✓ 4. checks that navigation components scale down gracefully  312ms
     ✓ 5. asserts mobile-specific toggle states respond cleanly  531ms
 ✓ app/generator/data/technologies.accessibility.test.tsx (5 tests) 1846ms
     ✓ Case 2: exposes category filters as accessible buttons  589ms
     ✓ Case 3: technology selectors expose readable accessible names  615ms
 ✓ app/customize/components/ExportPanel.theme-contrast.test.tsx (5 tests) 1348ms
     ✓ verifies visual cohesion classes on export format selector buttons  1073ms
 ✓ app/components/Footer.theme-contrast.test.tsx (5 tests) 2019ms
     ✓ renders footer with light theme contrast classes  834ms
     ✓ keeps footer links readable and interactive across themes  823ms
 ✓ app/components/SuccessGuide.test.tsx (5 tests) 1404ms
     ✓ renders all 4 step numbers  528ms
     ✓ renders the dismiss guide button with correct aria-label  579ms
 ✓ components/dashboard/PRInsights/Highlights.accessibility.test.tsx (5 tests) 2188ms
     ✓ inspects markup for accessible link roles and descriptive text labels  1069ms
     ✓ asserts focusable PR highlight links can receive keyboard focus  434ms
 ✓ components/ReturnToTop.empty-fallback.test.tsx (5 tests) 1357ms
     ✓ becomes visible when scroll position exceeds the visibility threshold  1004ms
 ✓ components/AnimatedCursor.accessibility.test.tsx (5 tests) 1660ms
     ✓ keeps the rendered cursor layers decorative and unlabeled  668ms
     ✓ does not disturb keyboard tab order or logical heading hierarchy  489ms
 ✓ components/dashboard/RepositoryImpactAnalyzer.test.tsx (6 tests) 2104ms
     ✓ correctly ranks repositories and limits to top 5 based on weighted impact score  477ms
     ✓ complies with accessibility (a11y) standards  1225ms
stderr | components/dashboard/ResumeUpload.theme-contrast.test.tsx > ResumeUpload Theme Contrast > preserves theme‑safe text legibility during the uploading state
An update to ResumeUpload inside a test was not wrapped in act(...).

When testing, code that causes React state updates should be wrapped into act(...):

act(() => {
  /* fire events that update state */
});
/* assert on the output */

This ensures that you're testing the behavior the user would see in the browser. Learn more at https://react.dev/link/wrap-tests-with-act

 ✓ components/dashboard/ResumeUpload.theme-contrast.test.tsx (5 tests) 3980ms
     ✓ renders theme‑aware classes in dark mode  2304ms
     ✓ renders theme‑aware classes in light mode  481ms
     ✓ applies theme‑specific border and hover styling to the dropzone  460ms
     ✓ keeps the drag‑active overlay translucent so foreground content remains visible  390ms
 ✓ app/customize/components/ExportPanel.test.tsx (11 tests) 8873ms
     ✓ renders 'Markdown' button active by default  3584ms
     ✓ renders 'HTML' button  642ms
     ✓ renders 'React TSX' button  1008ms
     ✓ calls onFormatChange with 'html' when HTML button is clicked  884ms
     ✓ calls onFormatChange with 'tsx' when React TSX button is clicked  407ms
     ✓ calls onCopy when the copy button is clicked  347ms
     ✓ displays 'Copied!' on the button when copied prop is true  446ms
     ✓ announces copy success through a polite live region  629ms
 ✓ app/generator/components/SectionCard.accessibility.test.tsx (5 tests) 1165ms
     ✓ 1. ARIA & Accessible Markup Validation: verifies interactive elements expose correct accessibility attributes  470ms
 ✓ app/generator/components/PreviewPanel.empty-fallback.test.tsx (5 tests) 788ms
     ✓ Case 4: Assert that no unexpected runtime errors or execution breaks occur during initial render mounting with empty parameters  470ms
 ✓ components/dashboard/HistoricalTrendView.responsive-breakpoints.test.tsx (5 tests) 953ms
     ✓ should apply relative widths and prevent absolute sizing from causing horizontal scrollbars  329ms
 ✓ components/dashboard/DeploymentTracker.mouse-interactivity.test.tsx (8 tests) 1059ms
     ✓ repo link carries a hover color-transition class  414ms
 ✓ app/generator/components/sections/SocialsSection.empty-fallback.test.tsx (5 tests) 2026ms
     ✓ renders safely with empty selected array and empty social links  905ms
     ✓ shows fallback message when links tab is opened with no selected platforms  956ms
 ✓ components/dashboard/ShareSheet.accessibility.test.tsx (5 tests) 2845ms
     ✓ Close button has descriptive aria-label for screen reader announcement  1436ms
     ✓ All interactive buttons are focusable and have accessible names  517ms
     ✓ Social share buttons have visible descriptive text labels for screen readers  355ms
 ✓ components/dashboard/RepositoryGraph.accessibility.test.tsx (8 tests) 997ms
     ✓ should maintain visible outline behaviors on interactive nodes when focused  412ms
stderr | components/dashboard/ProfileCard.mouse-interactivity.test.tsx > ProfileCard Mouse Interactivity & Event Propagation > Case 1: mouseenter gesture on stat target makes the interactive tooltip visible
React does not recognize the `whileHover` prop on a DOM element. If you intentionally want it to appear in the DOM as a custom attribute, spell it as lowercase `whilehover` instead. If you accidentally passed it from a parent component, remove it from the DOM element.
React does not recognize the `whileTap` prop on a DOM element. If you intentionally want it to appear in the DOM as a custom attribute, spell it as lowercase `whiletap` instead. If you accidentally passed it from a parent component, remove it from the DOM element.

stderr | src/utils/__tests__/graphqlSync.test.ts > GraphQL Syncing Utility Integration Tests > should successfully intercept network calls and return mocked contribution data
[CommitPulse API] Empty profile or null repository nodes discovered for user "attardekhushi78-cpu". Falling back to baseline collection.

 ✓ src/utils/__tests__/graphqlSync.test.ts (2 tests) 683ms
     ✓ should gracefully handle unexpected GitHub API rate limits or network issues  529ms
 ✓ components/dashboard/ProfileCard.mouse-interactivity.test.tsx (7 tests) 2592ms
     ✓ Case 1: mouseenter gesture on stat target makes the interactive tooltip visible  649ms
     ✓ Case 3: touch and click events propagate correctly without encountered runtime prevents  1220ms
     ✓ Case 4: asserts interactive target elements contain the cursor-pointer class  325ms
 ✓ components/dashboard/DeploymentTracker.accessibility.test.tsx (10 tests) 3904ms
     ✓ renders a heading that names the section  1829ms
     ✓ exposes the repo link with accessible, non-empty text  480ms
     ✓ keeps each deployment card's content groupable for screen readers via accessible name on its link  568ms
 ✓ app/components/theme-switch.mock-integrations.test.tsx (5 tests) 1399ms
     ✓ renders the toggle button and resolves hydration state asynchronously  954ms
stderr | components/dashboard/PRInsights/PRTrendChart.responsive-breakpoints.test.tsx > PRTrendChart responsive breakpoints > renders the chart inside a ResponsiveContainer
The tag <stop> is unrecognized in this browser. If you meant to render a React component, start its name with an uppercase letter.
<linearGradient /> is using incorrect casing. Use PascalCase for React components, or lowercase for HTML elements.
The tag <linearGradient> is unrecognized in this browser. If you meant to render a React component, start its name with an uppercase letter.
The tag <defs> is unrecognized in this browser. If you meant to render a React component, start its name with an uppercase letter.

stderr | components/dashboard/PRInsights/PRTrendChart.responsive-breakpoints.test.tsx > PRTrendChart responsive breakpoints > configures ResponsiveContainer to fill its parent
<linearGradient /> is using incorrect casing. Use PascalCase for React components, or lowercase for HTML elements.

stderr | components/dashboard/PRInsights/PRTrendChart.responsive-breakpoints.test.tsx > PRTrendChart responsive breakpoints > preserves the responsive chart wrapper layout
<linearGradient /> is using incorrect casing. Use PascalCase for React components, or lowercase for HTML elements.

stderr | components/dashboard/PRInsights/PRInsightsClient.error-resilience.test.tsx > PRInsightsClient - Error Resilience > 5. recovers via the reset/retry path once the underlying error is resolved
The width(-1) and height(-1) of chart should be greater than 0,
       please check the style of container, or the props width(100%) and height(100%),
       or add a minWidth(0) or minHeight(undefined) or use aspect(undefined) to control the
       height and width.

 ✓ components/dashboard/PRInsights/PRInsightsClient.error-resilience.test.tsx (5 tests) 1090ms
     ✓ 1. catches a nested child component runtime exception without crashing the tree  302ms
     ✓ 3. renders a clean recovery UI instead of a crashed screen when a child throws  483ms
 ✓ components/dashboard/Achievements.mouse-interactivity.test.tsx (5 tests) 1854ms
     ✓ renders unlocked achievements with hover visual feedback and default cursor  497ms
     ✓ applies pointer-events-none to locked achievements so they cannot receive clicks  486ms
     ✓ toggles between See All Achievements and Show Less when the button is clicked  654ms
stderr | components/dashboard/PRInsights/PRTrendChart.responsive-breakpoints.test.tsx > PRTrendChart responsive breakpoints > keeps the responsive container mounted while switching chart views
<linearGradient /> is using incorrect casing. Use PascalCase for React components, or lowercase for HTML elements.

stderr | components/dashboard/PRInsights/PRTrendChart.responsive-breakpoints.test.tsx > PRTrendChart responsive breakpoints > preserves the responsive layout after rerendering with updated data
<linearGradient /> is using incorrect casing. Use PascalCase for React components, or lowercase for HTML elements.

stderr | components/dashboard/PRInsights/PRTrendChart.responsive-breakpoints.test.tsx > PRTrendChart responsive breakpoints > retains its responsive wrapper classes after rerender
<linearGradient /> is using incorrect casing. Use PascalCase for React components, or lowercase for HTML elements.

 ✓ components/dashboard/PRInsights/PRTrendChart.responsive-breakpoints.test.tsx (6 tests) 1111ms
     ✓ keeps the responsive container mounted while switching chart views  686ms
stderr | components/dashboard/DashboardClient.empty-fallback.test.tsx > DashboardClient empty fallback states > renders with an empty languages array without crashing
Received `true` for a non-boolean attribute `layout`.

If you want to write it to the DOM, pass a string instead: layout="true" or layout={value.toString()}.

stderr | app/(root)/dashboard/error.test.tsx > Dashboard Error Page > renders the API limit emoji for API limit reached errors
Error: API limit reached
    at /home/atulupadhyay/Contribution/commitpulse/app/(root)/dashboard/error.test.tsx:17:30
    at file:///home/atulupadhyay/Contribution/commitpulse/node_modules/@vitest/runner/dist/chunk-artifact.js:302:11
    at file:///home/atulupadhyay/Contribution/commitpulse/node_modules/@vitest/runner/dist/chunk-artifact.js:1903:26
    at file:///home/atulupadhyay/Contribution/commitpulse/node_modules/@vitest/runner/dist/chunk-artifact.js:2326:20
    at new Promise (<anonymous>)
    at runWithCancel (file:///home/atulupadhyay/Contribution/commitpulse/node_modules/@vitest/runner/dist/chunk-artifact.js:2323:10)
    at file:///home/atulupadhyay/Contribution/commitpulse/node_modules/@vitest/runner/dist/chunk-artifact.js:2305:20
    at new Promise (<anonymous>)
    at runWithTimeout (file:///home/atulupadhyay/Contribution/commitpulse/node_modules/@vitest/runner/dist/chunk-artifact.js:2272:10)
    at file:///home/atulupadhyay/Contribution/commitpulse/node_modules/@vitest/runner/dist/chunk-artifact.js:2955:64
[31m[ERROR][0m Dashboard error {"error":{}}

stderr | app/(root)/dashboard/error.test.tsx > Dashboard Error Page > renders the not found emoji for User not found errors
Error: User not found
    at /home/atulupadhyay/Contribution/commitpulse/app/(root)/dashboard/error.test.tsx:24:30
    at file:///home/atulupadhyay/Contribution/commitpulse/node_modules/@vitest/runner/dist/chunk-artifact.js:302:11
    at file:///home/atulupadhyay/Contribution/commitpulse/node_modules/@vitest/runner/dist/chunk-artifact.js:1903:26
    at file:///home/atulupadhyay/Contribution/commitpulse/node_modules/@vitest/runner/dist/chunk-artifact.js:2326:20
    at new Promise (<anonymous>)
    at runWithCancel (file:///home/atulupadhyay/Contribution/commitpulse/node_modules/@vitest/runner/dist/chunk-artifact.js:2323:10)
    at file:///home/atulupadhyay/Contribution/commitpulse/node_modules/@vitest/runner/dist/chunk-artifact.js:2305:20
    at new Promise (<anonymous>)
    at runWithTimeout (file:///home/atulupadhyay/Contribution/commitpulse/node_modules/@vitest/runner/dist/chunk-artifact.js:2272:10)
    at file:///home/atulupadhyay/Contribution/commitpulse/node_modules/@vitest/runner/dist/chunk-artifact.js:2955:64
[31m[ERROR][0m Dashboard error {"error":{}}

stderr | app/(root)/dashboard/error.test.tsx > Dashboard Error Page > renders the generic error emoji for other errors
Error: Something went wrong
    at /home/atulupadhyay/Contribution/commitpulse/app/(root)/dashboard/error.test.tsx:31:30
    at file:///home/atulupadhyay/Contribution/commitpulse/node_modules/@vitest/runner/dist/chunk-artifact.js:302:11
    at file:///home/atulupadhyay/Contribution/commitpulse/node_modules/@vitest/runner/dist/chunk-artifact.js:1903:26
    at file:///home/atulupadhyay/Contribution/commitpulse/node_modules/@vitest/runner/dist/chunk-artifact.js:2326:20
    at new Promise (<anonymous>)
    at runWithCancel (file:///home/atulupadhyay/Contribution/commitpulse/node_modules/@vitest/runner/dist/chunk-artifact.js:2323:10)
    at file:///home/atulupadhyay/Contribution/commitpulse/node_modules/@vitest/runner/dist/chunk-artifact.js:2305:20
    at new Promise (<anonymous>)
    at runWithTimeout (file:///home/atulupadhyay/Contribution/commitpulse/node_modules/@vitest/runner/dist/chunk-artifact.js:2272:10)
    at file:///home/atulupadhyay/Contribution/commitpulse/node_modules/@vitest/runner/dist/chunk-artifact.js:2955:64
[31m[ERROR][0m Dashboard error {"error":{}}

stderr | app/(root)/dashboard/error.test.tsx > Dashboard Error Page > shows Try again button
Error: error
    at /home/atulupadhyay/Contribution/commitpulse/app/(root)/dashboard/error.test.tsx:37:30
    at file:///home/atulupadhyay/Contribution/commitpulse/node_modules/@vitest/runner/dist/chunk-artifact.js:302:11
    at file:///home/atulupadhyay/Contribution/commitpulse/node_modules/@vitest/runner/dist/chunk-artifact.js:1903:26
    at file:///home/atulupadhyay/Contribution/commitpulse/node_modules/@vitest/runner/dist/chunk-artifact.js:2326:20
    at new Promise (<anonymous>)
    at runWithCancel (file:///home/atulupadhyay/Contribution/commitpulse/node_modules/@vitest/runner/dist/chunk-artifact.js:2323:10)
    at file:///home/atulupadhyay/Contribution/commitpulse/node_modules/@vitest/runner/dist/chunk-artifact.js:2305:20
    at new Promise (<anonymous>)
    at runWithTimeout (file:///home/atulupadhyay/Contribution/commitpulse/node_modules/@vitest/runner/dist/chunk-artifact.js:2272:10)
    at file:///home/atulupadhyay/Contribution/commitpulse/node_modules/@vitest/runner/dist/chunk-artifact.js:2955:64
[31m[ERROR][0m Dashboard error {"error":{}}

stderr | app/(root)/dashboard/error.test.tsx > Dashboard Error Page > calls reset when Try again is clicked
Error: error
    at /home/atulupadhyay/Contribution/commitpulse/app/(root)/dashboard/error.test.tsx:45:30
    at file:///home/atulupadhyay/Contribution/commitpulse/node_modules/@vitest/runner/dist/chunk-artifact.js:302:11
    at file:///home/atulupadhyay/Contribution/commitpulse/node_modules/@vitest/runner/dist/chunk-artifact.js:1903:26
    at file:///home/atulupadhyay/Contribution/commitpulse/node_modules/@vitest/runner/dist/chunk-artifact.js:2326:20
    at new Promise (<anonymous>)
    at runWithCancel (file:///home/atulupadhyay/Contribution/commitpulse/node_modules/@vitest/runner/dist/chunk-artifact.js:2323:10)
    at file:///home/atulupadhyay/Contribution/commitpulse/node_modules/@vitest/runner/dist/chunk-artifact.js:2305:20
    at new Promise (<anonymous>)
    at runWithTimeout (file:///home/atulupadhyay/Contribution/commitpulse/node_modules/@vitest/runner/dist/chunk-artifact.js:2272:10)
    at file:///home/atulupadhyay/Contribution/commitpulse/node_modules/@vitest/runner/dist/chunk-artifact.js:2955:64
[31m[ERROR][0m Dashboard error {"error":{}}

stderr | app/(root)/dashboard/error.test.tsx > Dashboard Error Page > shows Go back home link
Error: error
    at /home/atulupadhyay/Contribution/commitpulse/app/(root)/dashboard/error.test.tsx:53:30
    at file:///home/atulupadhyay/Contribution/commitpulse/node_modules/@vitest/runner/dist/chunk-artifact.js:302:11
    at file:///home/atulupadhyay/Contribution/commitpulse/node_modules/@vitest/runner/dist/chunk-artifact.js:1903:26
    at file:///home/atulupadhyay/Contribution/commitpulse/node_modules/@vitest/runner/dist/chunk-artifact.js:2326:20
    at new Promise (<anonymous>)
    at runWithCancel (file:///home/atulupadhyay/Contribution/commitpulse/node_modules/@vitest/runner/dist/chunk-artifact.js:2323:10)
    at file:///home/atulupadhyay/Contribution/commitpulse/node_modules/@vitest/runner/dist/chunk-artifact.js:2305:20
    at new Promise (<anonymous>)
    at runWithTimeout (file:///home/atulupadhyay/Contribution/commitpulse/node_modules/@vitest/runner/dist/chunk-artifact.js:2272:10)
    at file:///home/atulupadhyay/Contribution/commitpulse/node_modules/@vitest/runner/dist/chunk-artifact.js:2955:64
[31m[ERROR][0m Dashboard error {"error":{}}

 ✓ app/(root)/dashboard/error.test.tsx (6 tests) 985ms
     ✓ renders the API limit emoji for API limit reached errors  732ms
 ✓ components/dashboard/DashboardClient.empty-fallback.test.tsx (5 tests) 2153ms
     ✓ renders with an empty languages array without crashing  501ms
     ✓ renders with an empty insights array without runtime errors  400ms
     ✓ renders with an empty achievements array and preserves layout  542ms
     ✓ renders all core dashboard sections when multiple collections are empty  568ms
 ✓ components/dashboard/RefreshButton.theme-contrast.test.tsx (5 tests) 537ms
     ✓ applies dark mode border contrast styling  401ms
 ✓ components/FeatureCards.error-resilience.test.tsx (5 tests) 1067ms
     ✓ renders without crashing when all valid props are supplied  615ms
 ✓ components/dashboard/ShareSheet.mouse-interactivity.test.tsx (5 tests) 1345ms
     ✓ clicking the backdrop overlay propagates the click event to onClose  326ms
     ✓ touch events on the Share on X button do not block the click handler from firing  734ms
 ✓ components/dashboard/HistoricalTrendView.mouse-interactivity.test.tsx (5 tests) 2761ms
     ✓ navigates to previous period when Previous button is clicked  1224ms
     ✓ navigates to next period when Next button is clicked  390ms
     ✓ submits month selector form successfully  583ms
     ✓ submits year selector form successfully  435ms
 ✓ app/components/SuccessGuide.timezone-boundaries.test.tsx (5 tests) 1503ms
     ✓ Case 1: Mock standard global timezone configurations (e.g., America/New_York, Asia/Kolkata, Asia/Tokyo) and verify calculations accurately bind localized metadata onto intended layout timelines  549ms
     ✓ Case 3: Test hour shifts around daylight savings time (DST) transition parameters to guarantee calculations handle temporal gaps smoothly without runtime execution crashes  558ms
 ✓ components/FeatureCards.responsive-breakpoints.test.tsx (5 tests) 847ms
     ✓ Mobile Column Reflow (Mobile Viewports Equivalent): defaults to single column and reflows at md breakpoint  641ms
stderr | components/reviewform.responsive-breakpoints.test.tsx > SubmitReviewPage responsive breakpoints > renders the form correctly at a standard mobile viewport
React does not recognize the `whileHover` prop on a DOM element. If you intentionally want it to appear in the DOM as a custom attribute, spell it as lowercase `whilehover` instead. If you accidentally passed it from a parent component, remove it from the DOM element.
React does not recognize the `whileTap` prop on a DOM element. If you intentionally want it to appear in the DOM as a custom attribute, spell it as lowercase `whiletap` instead. If you accidentally passed it from a parent component, remove it from the DOM element.

 ✓ components/reviewform.responsive-breakpoints.test.tsx (5 tests) 1255ms
     ✓ renders the form correctly at a standard mobile viewport  843ms
stderr | app/error.empty-fallback.test.tsx > Root Error Boundary - Empty & Missing Input Fallbacks > renders successfully when error is an empty object
{}

stderr | app/error.empty-fallback.test.tsx > Root Error Boundary - Empty & Missing Input Fallbacks > renders successfully when error has no message property
{ name: 'CustomError' }

stderr | app/error.empty-fallback.test.tsx > Root Error Boundary - Empty & Missing Input Fallbacks > renders successfully when error message is an empty string
Error: 
    at /home/atulupadhyay/Contribution/commitpulse/app/error.empty-fallback.test.tsx:91:47
    at Proxy.assertThrows (file:///home/atulupadhyay/Contribution/commitpulse/node_modules/chai/index.js:2798:5)
    at Proxy.methodWrapper (file:///home/atulupadhyay/Contribution/commitpulse/node_modules/chai/index.js:1700:25)
    at Proxy.<anonymous> (file:///home/atulupadhyay/Contribution/commitpulse/node_modules/@vitest/expect/dist/index.js:1216:12)
    at Proxy.overwritingMethodWrapper (file:///home/atulupadhyay/Contribution/commitpulse/node_modules/chai/index.js:1750:33)
    at Proxy.<anonymous> (file:///home/atulupadhyay/Contribution/commitpulse/node_modules/@vitest/expect/dist/index.js:1552:16)
    at Proxy.<anonymous> (file:///home/atulupadhyay/Contribution/commitpulse/node_modules/@vitest/expect/dist/index.js:1156:15)
    at Proxy.methodWrapper (file:///home/atulupadhyay/Contribution/commitpulse/node_modules/chai/index.js:1700:25)
    at /home/atulupadhyay/Contribution/commitpulse/app/error.empty-fallback.test.tsx:91:87
    at file:///home/atulupadhyay/Contribution/commitpulse/node_modules/@vitest/runner/dist/chunk-artifact.js:302:11

stderr | app/error.empty-fallback.test.tsx > Root Error Boundary - Empty & Missing Input Fallbacks > renders interactive elements and triggers actions correctly in fallback state
{}

 ✓ app/error.empty-fallback.test.tsx (6 tests) 3870ms
     ✓ renders successfully when error is null  2429ms
     ✓ renders successfully when error is an empty object  327ms
     ✓ renders interactive elements and triggers actions correctly in fallback state  450ms
 ✓ app/generator/components/sections/SocialsSection.error-resilience.test.tsx (5 tests) 1795ms
     ✓ renders clear warning elements when entering the link panel without selecting platforms  926ms
     ✓ registers reset triggers safely and fires selection flush functions upon invocation  507ms
 ✓ app/generator/components/sections/TechnologiesSection.error-resilience.test.tsx (5 tests) 4137ms
     ✓ Case 1: Verify Hydration Stability by rendering normally without exceptions  2193ms
     ✓ Case 4: Catches unexpected runtime exceptions inside nested child component (Search Icon) safely  395ms
     ✓ Case 5: Ensure user reset/reload paths are available on the recovery panels and function correctly  1443ms
 ✓ components/dashboard/ShareSheet.mock-integrations.test.tsx (5 tests) 1235ms
     ✓ renders share sheet with mocked service layer data  409ms
     ✓ calls mocked markdown copy handler  317ms
 ✓ components/dashboard/PRInsights/PRStatusDistribution.error-resilience.test.tsx (5 tests) 1210ms
     ✓ 3. provides retry action on recovery panel  647ms
 ✓ components/reviewform.error-resilience.test.tsx (5 tests) 2707ms
     ✓ 1. should render a clean error recovery UI instead of crashing when a nested runtime exception occurs  1176ms
     ✓ 3. should ensure user reset and reload interaction paths are available on recovery panels  718ms
     ✓ 4. should recover successfully and try re-rendering when user triggers the reset/retry path  423ms
     ✓ 5. should maintain localized hydration stability under isolated background service interruptions without unmounting layout shells  320ms
stderr | app/(root)/dashboard/error.mouse-interactivity.test.tsx > DashboardError Mouse Interactivity > triggers reset when Try again button is clicked
Error: Something went wrong
    at renderComponent (/home/atulupadhyay/Contribution/commitpulse/app/(root)/dashboard/error.mouse-interactivity.test.tsx:17:42)
    at /home/atulupadhyay/Contribution/commitpulse/app/(root)/dashboard/error.mouse-interactivity.test.tsx:21:5
    at file:///home/atulupadhyay/Contribution/commitpulse/node_modules/@vitest/runner/dist/chunk-artifact.js:302:11
    at file:///home/atulupadhyay/Contribution/commitpulse/node_modules/@vitest/runner/dist/chunk-artifact.js:1903:26
    at file:///home/atulupadhyay/Contribution/commitpulse/node_modules/@vitest/runner/dist/chunk-artifact.js:2326:20
    at new Promise (<anonymous>)
    at runWithCancel (file:///home/atulupadhyay/Contribution/commitpulse/node_modules/@vitest/runner/dist/chunk-artifact.js:2323:10)
    at file:///home/atulupadhyay/Contribution/commitpulse/node_modules/@vitest/runner/dist/chunk-artifact.js:2305:20
    at new Promise (<anonymous>)
    at runWithTimeout (file:///home/atulupadhyay/Contribution/commitpulse/node_modules/@vitest/runner/dist/chunk-artifact.js:2272:10)
[31m[ERROR][0m Dashboard error {"error":{}}

stderr | app/(root)/dashboard/error.mouse-interactivity.test.tsx > DashboardError Mouse Interactivity > handles mouse enter and mouse leave on Try again button
Error: Something went wrong
    at renderComponent (/home/atulupadhyay/Contribution/commitpulse/app/(root)/dashboard/error.mouse-interactivity.test.tsx:17:42)
    at /home/atulupadhyay/Contribution/commitpulse/app/(root)/dashboard/error.mouse-interactivity.test.tsx:33:5
    at file:///home/atulupadhyay/Contribution/commitpulse/node_modules/@vitest/runner/dist/chunk-artifact.js:302:11
    at file:///home/atulupadhyay/Contribution/commitpulse/node_modules/@vitest/runner/dist/chunk-artifact.js:1903:26
    at file:///home/atulupadhyay/Contribution/commitpulse/node_modules/@vitest/runner/dist/chunk-artifact.js:2326:20
    at new Promise (<anonymous>)
    at runWithCancel (file:///home/atulupadhyay/Contribution/commitpulse/node_modules/@vitest/runner/dist/chunk-artifact.js:2323:10)
    at file:///home/atulupadhyay/Contribution/commitpulse/node_modules/@vitest/runner/dist/chunk-artifact.js:2305:20
    at new Promise (<anonymous>)
    at runWithTimeout (file:///home/atulupadhyay/Contribution/commitpulse/node_modules/@vitest/runner/dist/chunk-artifact.js:2272:10)
[31m[ERROR][0m Dashboard error {"error":{}}

stderr | app/(root)/dashboard/error.mouse-interactivity.test.tsx > DashboardError Mouse Interactivity > handles mouse enter and mouse leave on Go back home button
Error: Something went wrong
    at renderComponent (/home/atulupadhyay/Contribution/commitpulse/app/(root)/dashboard/error.mouse-interactivity.test.tsx:17:42)
    at /home/atulupadhyay/Contribution/commitpulse/app/(root)/dashboard/error.mouse-interactivity.test.tsx:46:5
    at file:///home/atulupadhyay/Contribution/commitpulse/node_modules/@vitest/runner/dist/chunk-artifact.js:302:11
    at file:///home/atulupadhyay/Contribution/commitpulse/node_modules/@vitest/runner/dist/chunk-artifact.js:1903:26
    at file:///home/atulupadhyay/Contribution/commitpulse/node_modules/@vitest/runner/dist/chunk-artifact.js:2326:20
    at new Promise (<anonymous>)
    at runWithCancel (file:///home/atulupadhyay/Contribution/commitpulse/node_modules/@vitest/runner/dist/chunk-artifact.js:2323:10)
    at file:///home/atulupadhyay/Contribution/commitpulse/node_modules/@vitest/runner/dist/chunk-artifact.js:2305:20
    at new Promise (<anonymous>)
    at runWithTimeout (file:///home/atulupadhyay/Contribution/commitpulse/node_modules/@vitest/runner/dist/chunk-artifact.js:2272:10)
[31m[ERROR][0m Dashboard error {"error":{}}

stderr | app/(root)/dashboard/error.mouse-interactivity.test.tsx > DashboardError Mouse Interactivity > renders navigation link correctly
Error: Something went wrong
    at renderComponent (/home/atulupadhyay/Contribution/commitpulse/app/(root)/dashboard/error.mouse-interactivity.test.tsx:17:42)
    at /home/atulupadhyay/Contribution/commitpulse/app/(root)/dashboard/error.mouse-interactivity.test.tsx:59:5
    at file:///home/atulupadhyay/Contribution/commitpulse/node_modules/@vitest/runner/dist/chunk-artifact.js:302:11
    at file:///home/atulupadhyay/Contribution/commitpulse/node_modules/@vitest/runner/dist/chunk-artifact.js:1903:26
    at file:///home/atulupadhyay/Contribution/commitpulse/node_modules/@vitest/runner/dist/chunk-artifact.js:2326:20
    at new Promise (<anonymous>)
    at runWithCancel (file:///home/atulupadhyay/Contribution/commitpulse/node_modules/@vitest/runner/dist/chunk-artifact.js:2323:10)
    at file:///home/atulupadhyay/Contribution/commitpulse/node_modules/@vitest/runner/dist/chunk-artifact.js:2305:20
    at new Promise (<anonymous>)
    at runWithTimeout (file:///home/atulupadhyay/Contribution/commitpulse/node_modules/@vitest/runner/dist/chunk-artifact.js:2272:10)
[31m[ERROR][0m Dashboard error {"error":{}}

stderr | app/(root)/dashboard/error.mouse-interactivity.test.tsx > DashboardError Mouse Interactivity > keeps interactive controls visible after mouse interactions
Error: Something went wrong
    at renderComponent (/home/atulupadhyay/Contribution/commitpulse/app/(root)/dashboard/error.mouse-interactivity.test.tsx:17:42)
    at /home/atulupadhyay/Contribution/commitpulse/app/(root)/dashboard/error.mouse-interactivity.test.tsx:67:5
    at file:///home/atulupadhyay/Contribution/commitpulse/node_modules/@vitest/runner/dist/chunk-artifact.js:302:11
    at file:///home/atulupadhyay/Contribution/commitpulse/node_modules/@vitest/runner/dist/chunk-artifact.js:1903:26
    at file:///home/atulupadhyay/Contribution/commitpulse/node_modules/@vitest/runner/dist/chunk-artifact.js:2326:20
    at new Promise (<anonymous>)
    at runWithCancel (file:///home/atulupadhyay/Contribution/commitpulse/node_modules/@vitest/runner/dist/chunk-artifact.js:2323:10)
    at file:///home/atulupadhyay/Contribution/commitpulse/node_modules/@vitest/runner/dist/chunk-artifact.js:2305:20
    at new Promise (<anonymous>)
    at runWithTimeout (file:///home/atulupadhyay/Contribution/commitpulse/node_modules/@vitest/runner/dist/chunk-artifact.js:2272:10)
[31m[ERROR][0m Dashboard error {"error":{}}

 ✓ app/(root)/dashboard/error.mouse-interactivity.test.tsx (5 tests) 723ms
     ✓ triggers reset when Try again button is clicked  493ms
 ✓ app/(root)/dashboard/layout.mouse-interactivity.test.tsx (5 tests) 2069ms
     ✓ displays a tooltip when hovering an active dashboard node  1438ms
     ✓ hides temporary tooltip overlays on mouse leave  327ms
 ✓ components/InteractiveViewer.responsive-breakpoints.test.tsx (5 tests) 1721ms
     ✓ 1. renders correctly on mobile viewport  315ms
     ✓ 3. uses flex layout without clipping content  876ms
     ✓ 4. preserves navigation/content after resize  306ms
 ✓ app/components/CopyRepoButton.mock-integrations.test.tsx (5 tests) 2335ms
     ✓ calls the clipboard service when the button is clicked  1325ms
     ✓ handles delayed async clipboard resolution  361ms
 ✓ app/generator/components/EditorPanel.responsive-breakpoints.test.tsx (5 tests) 2979ms
     ✓ 1. Mock standard mobile-width media coordinates (e.g. 375px wide viewports)  1624ms
     ✓ 3. Verify styling values are not absolute widths that cause horizontal scrollbars on smaller viewports  368ms
     ✓ 4. Check that navigation components scale down gracefully  417ms
     ✓ 5. Assert mobile-specific toggle states respond cleanly  350ms
 ✓ app/components/theme-switch.accessibility.test.tsx (5 tests) 1539ms
     ✓ 1. correctly uses accessible label coordinates (aria-label/role)  715ms
     ✓ 2. maintains visible outline and key focus behaviors  356ms
 ✓ app/customize/components/ThemeSelector.theme-contrast.test.tsx (5 tests) 996ms
     ✓ renders theme selector controls  710ms
Not implemented: navigation to another Document
 ✓ app/components/CustomizeCTA.test.tsx (26 tests) 2393ms
       ✓ renders the CTA button label  481ms
       ✓ renders the section heading as exactly one <h2>  628ms
stderr | components/dashboard/ResumeProfileSection.error-resilience.test.tsx > ResumeProfileSection Error Resilience > renders a clean recovery panel when ResumeUpload throws during render
Error: ResumeUpload render failure
    at StubResumeUpload (/home/atulupadhyay/Contribution/commitpulse/components/dashboard/ResumeProfileSection.error-resilience.test.tsx:39:13)
    at Object.react_stack_bottom_frame (/home/atulupadhyay/Contribution/commitpulse/node_modules/react-dom/cjs/react-dom-client.development.js:25904:20)
    at renderWithHooks (/home/atulupadhyay/Contribution/commitpulse/node_modules/react-dom/cjs/react-dom-client.development.js:7662:22)
    at updateFunctionComponent (/home/atulupadhyay/Contribution/commitpulse/node_modules/react-dom/cjs/react-dom-client.development.js:10166:19)
    at beginWork (/home/atulupadhyay/Contribution/commitpulse/node_modules/react-dom/cjs/react-dom-client.development.js:11778:18)
    at runWithFiberInDEV (/home/atulupadhyay/Contribution/commitpulse/node_modules/react-dom/cjs/react-dom-client.development.js:874:13)
    at performUnitOfWork (/home/atulupadhyay/Contribution/commitpulse/node_modules/react-dom/cjs/react-dom-client.development.js:17641:22)
    at workLoopSync (/home/atulupadhyay/Contribution/commitpulse/node_modules/react-dom/cjs/react-dom-client.development.js:17469:41)
    at renderRootSync (/home/atulupadhyay/Contribution/commitpulse/node_modules/react-dom/cjs/react-dom-client.development.js:17450:11)
    at performWorkOnRoot (/home/atulupadhyay/Contribution/commitpulse/node_modules/react-dom/cjs/react-dom-client.development.js:16583:35) {
  [stack]: [Getter/Setter],
  [message]: 'ResumeUpload render failure'
}

The above error occurred in the <StubResumeUpload> component.

React will try to recreate this component tree from scratch using the error boundary you provided, TestErrorBoundary.


stderr | app/generator/components/PreviewPanel.mouse-interactivity.test.tsx > PreviewPanel Component Interactivity Tests > Case 3: click events propagate cleanly to parental DOM wrappers
An update to PreviewPanel inside a test was not wrapped in act(...).

When testing, code that causes React state updates should be wrapped into act(...):

act(() => {
  /* fire events that update state */
});
/* assert on the output */

This ensures that you're testing the behavior the user would see in the browser. Learn more at https://react.dev/link/wrap-tests-with-act

 ✓ app/generator/components/PreviewPanel.mouse-interactivity.test.tsx (5 tests) 1177ms
     ✓ Case 1: applies transition and hover styles structurally on all interactive controls  821ms
stderr | components/dashboard/ResumeProfileSection.error-resilience.test.tsx > ResumeProfileSection Error Resilience > renders a clean recovery panel when ResumeUpload throws during render
Error: ResumeUpload render failure
    at StubResumeUpload (/home/atulupadhyay/Contribution/commitpulse/components/dashboard/ResumeProfileSection.error-resilience.test.tsx:39:13)
    at Object.react_stack_bottom_frame (/home/atulupadhyay/Contribution/commitpulse/node_modules/react-dom/cjs/react-dom-client.development.js:25904:20)
    at renderWithHooks (/home/atulupadhyay/Contribution/commitpulse/node_modules/react-dom/cjs/react-dom-client.development.js:7662:22)
    at updateFunctionComponent (/home/atulupadhyay/Contribution/commitpulse/node_modules/react-dom/cjs/react-dom-client.development.js:10166:19)
    at beginWork (/home/atulupadhyay/Contribution/commitpulse/node_modules/react-dom/cjs/react-dom-client.development.js:11778:18)
    at runWithFiberInDEV (/home/atulupadhyay/Contribution/commitpulse/node_modules/react-dom/cjs/react-dom-client.development.js:874:13)
    at performUnitOfWork (/home/atulupadhyay/Contribution/commitpulse/node_modules/react-dom/cjs/react-dom-client.development.js:17641:22)
    at workLoopSync (/home/atulupadhyay/Contribution/commitpulse/node_modules/react-dom/cjs/react-dom-client.development.js:17469:41)
    at renderRootSync (/home/atulupadhyay/Contribution/commitpulse/node_modules/react-dom/cjs/react-dom-client.development.js:17450:11)
    at performWorkOnRoot (/home/atulupadhyay/Contribution/commitpulse/node_modules/react-dom/cjs/react-dom-client.development.js:16583:35) {
  [stack]: [Getter/Setter],
  [message]: 'ResumeUpload render failure'
}

The above error occurred in the <StubResumeUpload> component.

React will try to recreate this component tree from scratch using the error boundary you provided, TestErrorBoundary.


stderr | components/dashboard/ResumeProfileSection.error-resilience.test.tsx > ResumeProfileSection Error Resilience > captures preview rendering failures and surfaces telemetry
Error: ResumePreviewForm render failure
    at StubResumePreviewForm (/home/atulupadhyay/Contribution/commitpulse/components/dashboard/ResumeProfileSection.error-resilience.test.tsx:88:13)
    at Object.react_stack_bottom_frame (/home/atulupadhyay/Contribution/commitpulse/node_modules/react-dom/cjs/react-dom-client.development.js:25904:20)
    at renderWithHooks (/home/atulupadhyay/Contribution/commitpulse/node_modules/react-dom/cjs/react-dom-client.development.js:7662:22)
    at updateFunctionComponent (/home/atulupadhyay/Contribution/commitpulse/node_modules/react-dom/cjs/react-dom-client.development.js:10166:19)
    at beginWork (/home/atulupadhyay/Contribution/commitpulse/node_modules/react-dom/cjs/react-dom-client.development.js:11778:18)
    at runWithFiberInDEV (/home/atulupadhyay/Contribution/commitpulse/node_modules/react-dom/cjs/react-dom-client.development.js:874:13)
    at performUnitOfWork (/home/atulupadhyay/Contribution/commitpulse/node_modules/react-dom/cjs/react-dom-client.development.js:17641:22)
    at workLoopSync (/home/atulupadhyay/Contribution/commitpulse/node_modules/react-dom/cjs/react-dom-client.development.js:17469:41)
    at renderRootSync (/home/atulupadhyay/Contribution/commitpulse/node_modules/react-dom/cjs/react-dom-client.development.js:17450:11)
    at performWorkOnRoot (/home/atulupadhyay/Contribution/commitpulse/node_modules/react-dom/cjs/react-dom-client.development.js:16583:35) {
  [stack]: [Getter/Setter],
  [message]: 'ResumePreviewForm render failure'
}

The above error occurred in the <StubResumePreviewForm> component.

React will try to recreate this component tree from scratch using the error boundary you provided, TestErrorBoundary.


stderr | components/dashboard/ResumeProfileSection.error-resilience.test.tsx > ResumeProfileSection Error Resilience > logs database connectivity style errors and still recovers to a stable UI
Error: Database connectivity error
    at /home/atulupadhyay/Contribution/commitpulse/components/dashboard/ResumeProfileSection.error-resilience.test.tsx:45:15
    at Object.react_stack_bottom_frame (/home/atulupadhyay/Contribution/commitpulse/node_modules/react-dom/cjs/react-dom-client.development.js:25989:20)
    at runWithFiberInDEV (/home/atulupadhyay/Contribution/commitpulse/node_modules/react-dom/cjs/react-dom-client.development.js:874:13)
    at commitHookEffectListMount (/home/atulupadhyay/Contribution/commitpulse/node_modules/react-dom/cjs/react-dom-client.development.js:13249:29)
    at commitHookPassiveMountEffects (/home/atulupadhyay/Contribution/commitpulse/node_modules/react-dom/cjs/react-dom-client.development.js:13336:11)
    at commitPassiveMountOnFiber (/home/atulupadhyay/Contribution/commitpulse/node_modules/react-dom/cjs/react-dom-client.development.js:15484:13)
    at recursivelyTraversePassiveMountEffects (/home/atulupadhyay/Contribution/commitpulse/node_modules/react-dom/cjs/react-dom-client.development.js:15439:11)
    at commitPassiveMountOnFiber (/home/atulupadhyay/Contribution/commitpulse/node_modules/react-dom/cjs/react-dom-client.development.js:15718:11)
    at recursivelyTraversePassiveMountEffects (/home/atulupadhyay/Contribution/commitpulse/node_modules/react-dom/cjs/react-dom-client.development.js:15439:11)
    at commitPassiveMountOnFiber (/home/atulupadhyay/Contribution/commitpulse/node_modules/react-dom/cjs/react-dom-client.development.js:15476:11) {
  [stack]: [Getter/Setter],
  [message]: 'Database connectivity error'
}

The above error occurred in the <StubResumeUpload> component.

React will try to recreate this component tree from scratch using the error boundary you provided, TestErrorBoundary.


stderr | components/dashboard/ResumeProfileSection.error-resilience.test.tsx > ResumeProfileSection Error Resilience > provides a visible reload path on the recovery panel
Error: ResumeUpload render failure
    at StubResumeUpload (/home/atulupadhyay/Contribution/commitpulse/components/dashboard/ResumeProfileSection.error-resilience.test.tsx:39:13)
    at Object.react_stack_bottom_frame (/home/atulupadhyay/Contribution/commitpulse/node_modules/react-dom/cjs/react-dom-client.development.js:25904:20)
    at renderWithHooks (/home/atulupadhyay/Contribution/commitpulse/node_modules/react-dom/cjs/react-dom-client.development.js:7662:22)
    at updateFunctionComponent (/home/atulupadhyay/Contribution/commitpulse/node_modules/react-dom/cjs/react-dom-client.development.js:10166:19)
    at beginWork (/home/atulupadhyay/Contribution/commitpulse/node_modules/react-dom/cjs/react-dom-client.development.js:11778:18)
    at runWithFiberInDEV (/home/atulupadhyay/Contribution/commitpulse/node_modules/react-dom/cjs/react-dom-client.development.js:874:13)
    at performUnitOfWork (/home/atulupadhyay/Contribution/commitpulse/node_modules/react-dom/cjs/react-dom-client.development.js:17641:22)
    at workLoopSync (/home/atulupadhyay/Contribution/commitpulse/node_modules/react-dom/cjs/react-dom-client.development.js:17469:41)
    at renderRootSync (/home/atulupadhyay/Contribution/commitpulse/node_modules/react-dom/cjs/react-dom-client.development.js:17450:11)
    at performWorkOnRoot (/home/atulupadhyay/Contribution/commitpulse/node_modules/react-dom/cjs/react-dom-client.development.js:16583:35) {
  [stack]: [Getter/Setter],
  [message]: 'ResumeUpload render failure'
}

The above error occurred in the <StubResumeUpload> component.

React will try to recreate this component tree from scratch using the error boundary you provided, TestErrorBoundary.


stderr | components/dashboard/ResumeProfileSection.error-resilience.test.tsx > ResumeProfileSection Error Resilience > provides a visible reload path on the recovery panel
Error: ResumeUpload render failure
    at StubResumeUpload (/home/atulupadhyay/Contribution/commitpulse/components/dashboard/ResumeProfileSection.error-resilience.test.tsx:39:13)
    at Object.react_stack_bottom_frame (/home/atulupadhyay/Contribution/commitpulse/node_modules/react-dom/cjs/react-dom-client.development.js:25904:20)
    at renderWithHooks (/home/atulupadhyay/Contribution/commitpulse/node_modules/react-dom/cjs/react-dom-client.development.js:7662:22)
    at updateFunctionComponent (/home/atulupadhyay/Contribution/commitpulse/node_modules/react-dom/cjs/react-dom-client.development.js:10166:19)
    at beginWork (/home/atulupadhyay/Contribution/commitpulse/node_modules/react-dom/cjs/react-dom-client.development.js:11778:18)
    at runWithFiberInDEV (/home/atulupadhyay/Contribution/commitpulse/node_modules/react-dom/cjs/react-dom-client.development.js:874:13)
    at performUnitOfWork (/home/atulupadhyay/Contribution/commitpulse/node_modules/react-dom/cjs/react-dom-client.development.js:17641:22)
    at workLoopSync (/home/atulupadhyay/Contribution/commitpulse/node_modules/react-dom/cjs/react-dom-client.development.js:17469:41)
    at renderRootSync (/home/atulupadhyay/Contribution/commitpulse/node_modules/react-dom/cjs/react-dom-client.development.js:17450:11)
    at performWorkOnRoot (/home/atulupadhyay/Contribution/commitpulse/node_modules/react-dom/cjs/react-dom-client.development.js:16583:35) {
  [stack]: [Getter/Setter],
  [message]: 'ResumeUpload render failure'
}

The above error occurred in the <StubResumeUpload> component.

React will try to recreate this component tree from scratch using the error boundary you provided, TestErrorBoundary.


stderr | components/dashboard/ResumeProfileSection.error-resilience.test.tsx > ResumeProfileSection Error Resilience > recovers on retry after a nested preview error and renders normal content again
Error: ResumePreviewForm render failure
    at StubResumePreviewForm (/home/atulupadhyay/Contribution/commitpulse/components/dashboard/ResumeProfileSection.error-resilience.test.tsx:88:13)
    at Object.react_stack_bottom_frame (/home/atulupadhyay/Contribution/commitpulse/node_modules/react-dom/cjs/react-dom-client.development.js:25904:20)
    at renderWithHooks (/home/atulupadhyay/Contribution/commitpulse/node_modules/react-dom/cjs/react-dom-client.development.js:7662:22)
    at updateFunctionComponent (/home/atulupadhyay/Contribution/commitpulse/node_modules/react-dom/cjs/react-dom-client.development.js:10166:19)
    at beginWork (/home/atulupadhyay/Contribution/commitpulse/node_modules/react-dom/cjs/react-dom-client.development.js:11778:18)
    at runWithFiberInDEV (/home/atulupadhyay/Contribution/commitpulse/node_modules/react-dom/cjs/react-dom-client.development.js:874:13)
    at performUnitOfWork (/home/atulupadhyay/Contribution/commitpulse/node_modules/react-dom/cjs/react-dom-client.development.js:17641:22)
    at workLoopSync (/home/atulupadhyay/Contribution/commitpulse/node_modules/react-dom/cjs/react-dom-client.development.js:17469:41)
    at renderRootSync (/home/atulupadhyay/Contribution/commitpulse/node_modules/react-dom/cjs/react-dom-client.development.js:17450:11)
    at performWorkOnRoot (/home/atulupadhyay/Contribution/commitpulse/node_modules/react-dom/cjs/react-dom-client.development.js:16583:35) {
  [stack]: [Getter/Setter],
  [message]: 'ResumePreviewForm render failure'
}

The above error occurred in the <StubResumePreviewForm> component.

React will try to recreate this component tree from scratch using the error boundary you provided, TestErrorBoundary.


 ✓ components/dashboard/ResumeProfileSection.error-resilience.test.tsx (5 tests) 2485ms
     ✓ renders a clean recovery panel when ResumeUpload throws during render  1875ms
     ✓ captures preview rendering failures and surfaces telemetry  444ms
stderr | app/components/theme-switch.error-resilience.test.tsx > ThemeSwitch error resilience > recovers gracefully when localStorage throws during initial theme resolution
Error: LocalStorage unavailable
    at Object.<anonymous> (/home/atulupadhyay/Contribution/commitpulse/app/components/theme-switch.error-resilience.test.tsx:105:15)
    at Object.Mock [as getItem] (file:///home/atulupadhyay/Contribution/commitpulse/node_modules/@vitest/spy/dist/index.js:332:34)
    at getInitialIsDark (/home/atulupadhyay/Contribution/commitpulse/app/components/theme-switch.tsx:60:43)
    at mountStateImpl (/home/atulupadhyay/Contribution/commitpulse/node_modules/react-dom/cjs/react-dom-client.development.js:8268:24)
    at mountState (/home/atulupadhyay/Contribution/commitpulse/node_modules/react-dom/cjs/react-dom-client.development.js:8289:22)
    at Object.useState (/home/atulupadhyay/Contribution/commitpulse/node_modules/react-dom/cjs/react-dom-client.development.js:26243:18)
    at process.env.NODE_ENV.exports.useState (/home/atulupadhyay/Contribution/commitpulse/node_modules/react/cjs/react.development.js:1263:34)
    at useThemeToggle (/home/atulupadhyay/Contribution/commitpulse/app/components/theme-switch.tsx:471:31)
    at ThemeToggleButton (/home/atulupadhyay/Contribution/commitpulse/app/components/theme-switch.tsx:556:44)
    at Object.react_stack_bottom_frame (/home/atulupadhyay/Contribution/commitpulse/node_modules/react-dom/cjs/react-dom-client.development.js:25904:20) {
  [stack]: [Getter/Setter],
  [message]: 'LocalStorage unavailable'
}

The above error occurred in the <ThemeToggleButton> component.

React will try to recreate this component tree from scratch using the error boundary you provided, TestErrorBoundary.


stderr | app/components/theme-switch.error-resilience.test.tsx > ThemeSwitch error resilience > allows the error recovery panel reset button to restore the UI
Error: LocalStorage unavailable
    at Object.<anonymous> (/home/atulupadhyay/Contribution/commitpulse/app/components/theme-switch.error-resilience.test.tsx:135:15)
    at Object.Mock [as getItem] (file:///home/atulupadhyay/Contribution/commitpulse/node_modules/@vitest/spy/dist/index.js:332:34)
    at getInitialIsDark (/home/atulupadhyay/Contribution/commitpulse/app/components/theme-switch.tsx:60:43)
    at mountStateImpl (/home/atulupadhyay/Contribution/commitpulse/node_modules/react-dom/cjs/react-dom-client.development.js:8268:24)
    at mountState (/home/atulupadhyay/Contribution/commitpulse/node_modules/react-dom/cjs/react-dom-client.development.js:8289:22)
    at Object.useState (/home/atulupadhyay/Contribution/commitpulse/node_modules/react-dom/cjs/react-dom-client.development.js:26243:18)
    at process.env.NODE_ENV.exports.useState (/home/atulupadhyay/Contribution/commitpulse/node_modules/react/cjs/react.development.js:1263:34)
    at useThemeToggle (/home/atulupadhyay/Contribution/commitpulse/app/components/theme-switch.tsx:471:31)
    at ThemeToggleButton (/home/atulupadhyay/Contribution/commitpulse/app/components/theme-switch.tsx:556:44)
    at Object.react_stack_bottom_frame (/home/atulupadhyay/Contribution/commitpulse/node_modules/react-dom/cjs/react-dom-client.development.js:25904:20) {
  [stack]: [Getter/Setter],
  [message]: 'LocalStorage unavailable'
}

The above error occurred in the <ThemeToggleButton> component.

React will try to recreate this component tree from scratch using the error boundary you provided, TestErrorBoundary.

Error: LocalStorage unavailable
    at Object.<anonymous> (/home/atulupadhyay/Contribution/commitpulse/app/components/theme-switch.error-resilience.test.tsx:135:15)
    at Object.Mock [as getItem] (file:///home/atulupadhyay/Contribution/commitpulse/node_modules/@vitest/spy/dist/index.js:332:34)
    at getInitialIsDark (/home/atulupadhyay/Contribution/commitpulse/app/components/theme-switch.tsx:60:43)
    at mountStateImpl (/home/atulupadhyay/Contribution/commitpulse/node_modules/react-dom/cjs/react-dom-client.development.js:8268:24)
    at mountState (/home/atulupadhyay/Contribution/commitpulse/node_modules/react-dom/cjs/react-dom-client.development.js:8289:22)
    at Object.useState (/home/atulupadhyay/Contribution/commitpulse/node_modules/react-dom/cjs/react-dom-client.development.js:26243:18)
    at process.env.NODE_ENV.exports.useState (/home/atulupadhyay/Contribution/commitpulse/node_modules/react/cjs/react.development.js:1263:34)
    at useThemeToggle (/home/atulupadhyay/Contribution/commitpulse/app/components/theme-switch.tsx:471:31)
    at ThemeToggleButton (/home/atulupadhyay/Contribution/commitpulse/app/components/theme-switch.tsx:556:44)
    at Object.react_stack_bottom_frame (/home/atulupadhyay/Contribution/commitpulse/node_modules/react-dom/cjs/react-dom-client.development.js:25904:20) {
  [stack]: [Getter/Setter],
  [message]: 'LocalStorage unavailable'
}

The above error occurred in the <ThemeToggleButton> component.

React will try to recreate this component tree from scratch using the error boundary you provided, TestErrorBoundary.


 ✓ app/components/theme-switch.error-resilience.test.tsx (4 tests) 728ms
     ✓ renders ThemeToggleButton without crashing and shows placeholder before hydration  548ms
 ✓ components/dashboard/DashboardSkeleton.theme-contrast.test.tsx (5 tests) 784ms
     ✓ 5. should ensure that background overlays do not clip foreground content colors  518ms
 ✓ components/dashboard/PopularPinnnedRepos.accessibility.test.tsx (5 tests) 1776ms
     ✓ renders repository section heading for screen readers  1138ms
 ✓ components/dashboard/ProfileOptimizerModal.theme-contrast.test.tsx (5 tests) 768ms
     ✓ keeps action buttons contrast-aware while disabled  504ms
stderr | components/dashboard/Heatmap.mock-integrations.test.tsx > Heatmap Mock Integrations > renders empty state when no activity exists
React does not recognize the `whileInView` prop on a DOM element. If you intentionally want it to appear in the DOM as a custom attribute, spell it as lowercase `whileinview` instead. If you accidentally passed it from a parent component, remove it from the DOM element.

 ✓ app/generator/components/sections/TechnologyGraph.theme-contrast.test.tsx (5 tests) 2105ms
     ✓ renders correctly in light theme with visible graph content  1440ms
stderr | components/dashboard/ContributionForecast.test.tsx > ContributionForecast > renders forecast headers and elements
React does not recognize the `whileInView` prop on a DOM element. If you intentionally want it to appear in the DOM as a custom attribute, spell it as lowercase `whileinview` instead. If you accidentally passed it from a parent component, remove it from the DOM element.

 ✓ components/dashboard/ContributionForecast.test.tsx (6 tests) 707ms
     ✓ renders forecast headers and elements  532ms
 ✓ components/dashboard/Heatmap.mock-integrations.test.tsx (5 tests) 1742ms
     ✓ renders grid cells when activity data exists  874ms
 ✓ app/contributors/page.responsive-breakpoints.test.tsx (4 tests) 3015ms
     ✓ verifies typography classes scaling across responsive viewports  1746ms
     ✓ verifies responsive column grids for layout containers  543ms
     ✓ verifies flex layout wrapping rules adapt to screen size in CTA block  349ms
     ✓ verifies mobile-only responsive display classes for decorative elements  340ms
 ✓ components/dashboard/RepositoryContributionExplorer.test.tsx (4 tests) 1166ms
     ✓ handles selecting a different repository  669ms
 ✓ components/dashboard/Heatmap.accessibility.test.tsx (6 tests) 990ms
     ✓ renders a semantic heading H3 for the heatmap title  549ms
 ✓ app/achievements/AchievementsClient.a11y.test.tsx (2 tests) 1254ms
     ✓ gives both username search inputs an accessible name (not just a placeholder)  690ms
     ✓ gives the achievement filter input an accessible name in the loaded view  555ms
 ✓ app/customize/components/ControlsPanel.theme-contrast.test.tsx (6 tests) 900ms
     ✓ calls onScaleChange when logarithmic scale button is clicked  451ms
stderr | app/generator/components/sections/CommitPulseSection.timezone-boundaries.test.tsx > CommitPulseSection - Timezone Normalization & Calendar Data Boundary Alignment > identifies malformed color parameters and applies appropriate hex invalid warning styles
An update to CommitPulseSection inside a test was not wrapped in act(...).

When testing, code that causes React state updates should be wrapped into act(...):

act(() => {
  /* fire events that update state */
});
/* assert on the output */

This ensures that you're testing the behavior the user would see in the browser. Learn more at https://react.dev/link/wrap-tests-with-act
An update to CommitPulseSection inside a test was not wrapped in act(...).

When testing, code that causes React state updates should be wrapped into act(...):

act(() => {
  /* fire events that update state */
});
/* assert on the output */

This ensures that you're testing the behavior the user would see in the browser. Learn more at https://react.dev/link/wrap-tests-with-act

 ✓ components/ReturnToTop.theme-contrast.test.tsx (5 tests) 734ms
     ✓ 2. asserts that visual styling for ReturnToTop adapts properly to current theme settings  632ms
 ✓ components/BrandParticles.mouse-interactivity.test.tsx (5 tests) 930ms
     ✓ renders particle layer successfully  355ms
stderr | app/generator/components/sections/CommitPulseSection.timezone-boundaries.test.tsx > CommitPulseSection - Timezone Normalization & Calendar Data Boundary Alignment > triggers accent clearing pathways predictably upon interaction commands
An update to CommitPulseSection inside a test was not wrapped in act(...).

When testing, code that causes React state updates should be wrapped into act(...):

act(() => {
  /* fire events that update state */
});
/* assert on the output */

This ensures that you're testing the behavior the user would see in the browser. Learn more at https://react.dev/link/wrap-tests-with-act
An update to CommitPulseSection inside a test was not wrapped in act(...).

When testing, code that causes React state updates should be wrapped into act(...):

act(() => {
  /* fire events that update state */
});
/* assert on the output */

This ensures that you're testing the behavior the user would see in the browser. Learn more at https://react.dev/link/wrap-tests-with-act

 ✓ app/documentation/code-block.accessibility.test.tsx (5 tests) 1386ms
     ✓ renders copy button with accessible aria-label  990ms
 ✓ app/generator/components/sections/CommitPulseSection.timezone-boundaries.test.tsx (5 tests) 1357ms
     ✓ enforces string length layout thresholds on input components to prevent display overflow bugs  656ms
     ✓ triggers accent clearing pathways predictably upon interaction commands  517ms
 ✓ components/dashboard/PRInsights/PRStatusDistribution.mouse-interactivity.test.tsx (5 tests) 1284ms
     ✓ renders interactive filter buttons for available PR states  953ms
 ✓ components/dashboard/RadarChart.accessibility.test.tsx (5 tests) 1260ms
     ✓ inspects markup for accessible heading and descriptive chart labels  851ms
 ✓ hooks/useRecentSearches.mouse-interactivity.test.ts (5 tests) 2232ms
     ✓ triggers mouseenter and mouseleave gestures on search tags and validates hover behavior  1645ms
stderr | app/api/student/resume/tests/upload.test.ts > POST /api/student/resume/upload > accepts a file whose bytes match the declared PDF type
Failed to parse PDF using pdf-parse, falling back to UTF-8 decoding: InvalidPDFException: Invalid PDF structure.
    at getException (file:///home/atulupadhyay/Contribution/commitpulse/node_modules/pdf-parse/dist/pdf-parse/esm/Exception.js:197:24)
    at PDFParse.load (file:///home/atulupadhyay/Contribution/commitpulse/node_modules/pdf-parse/dist/pdf-parse/esm/PDFParse.js:159:19)
    at processTicksAndRejections (node:internal/process/task_queues:103:5)
    at PDFParse.getText (file:///home/atulupadhyay/Contribution/commitpulse/node_modules/pdf-parse/dist/pdf-parse/esm/PDFParse.js:122:21)
    at extractTextFromBuffer (/home/atulupadhyay/Contribution/commitpulse/lib/resume-parser.ts:144:24)
    at parseResume (/home/atulupadhyay/Contribution/commitpulse/lib/resume-parser.ts:205:19)
    at Module.POST (/home/atulupadhyay/Contribution/commitpulse/app/api/student/resume/upload/route.ts:76:20)
    at /home/atulupadhyay/Contribution/commitpulse/app/api/student/resume/tests/upload.test.ts:79:22
    at file:///home/atulupadhyay/Contribution/commitpulse/node_modules/@vitest/runner/dist/chunk-artifact.js:1903:20 {
  [cause]: Error: 
      at BaseExceptionClosure (file:///home/atulupadhyay/Contribution/commitpulse/node_modules/pdfjs-dist/legacy/build/pdf.mjs:6418:29)
      at file:///home/atulupadhyay/Contribution/commitpulse/node_modules/pdfjs-dist/legacy/build/pdf.mjs:6421:2
      at ModuleJob.run (node:internal/modules/esm/module_job:343:25)
      at processTicksAndRejections (node:internal/process/task_queues:103:5)
      at onImport.tracePromise.__proto__ (node:internal/modules/esm/loader:665:26)
      at VitestModuleEvaluator.runExternalModule (file:///home/atulupadhyay/Contribution/commitpulse/node_modules/vitest/dist/module-evaluator.js:80:21)
      at VitestModuleRunner.directRequest (file:///home/atulupadhyay/Contribution/commitpulse/node_modules/vite/dist/node/module-runner.js:1222:18)
      at VitestModuleRunner.cachedRequest (file:///home/atulupadhyay/Contribution/commitpulse/node_modules/vite/dist/node/module-runner.js:1166:73)
      at extractTextFromBuffer (/home/atulupadhyay/Contribution/commitpulse/lib/resume-parser.ts:141:30)
      at parseResume (/home/atulupadhyay/Contribution/commitpulse/lib/resume-parser.ts:205:19) {
    message: 'Invalid PDF structure.',
    name: 'InvalidPDFException'
  }
}

 ✓ app/api/student/resume/tests/upload.test.ts (5 tests) 1299ms
     ✓ accepts a file whose bytes match the declared PDF type  1210ms
 ✓ app/template.accessibility.test.tsx (5 tests) 1014ms
     ✓ Case 1: exposes structural labeling on the landmark container  833ms
 ✓ app/contributors/loading.timezone-boundaries.test.tsx (5 tests) 1633ms
     ✓ renders loading elements timezone-agnostically across UTC, EST, IST, and JST  1545ms
 ✓ components/dashboard/PRInsights/Highlights.empty-fallback.test.tsx (6 tests) 918ms
     ✓ 6. applies correct link href and opens in new tab when data is available  614ms
 ✓ app/components/HeroSection.timezone-boundaries.test.tsx (5 tests) 2072ms
     ✓ 1. Renders the hero heading consistently when the system clock is normalized to UTC midnight  766ms
     ✓ 2. Renders identical contribution stat badges across EST, IST, and JST timezone offsets  411ms
     ✓ 5. Remains stable when the system clock crosses a daylight-savings transition boundary  426ms
 ✓ app/contributors/ContributorsClient.timezone-boundaries.test.tsx (5 tests) 7583ms
     ✓ mocks standard timezone settings (UTC, EST, IST, and JST) correctly  7413ms
 ✓ components/dashboard/RadarChart.test.tsx (11 tests) 1234ms
     ✓ renders title, labels, and language axis names  528ms
 ✓ components/dashboard/LanguageChart.type-compiler.test.tsx (5 tests) 588ms
stderr | app/generator/components/sections/CommitPulseSection.mock-integrations.test.tsx > CommitPulseSection - Asynchronous Service Layer Mocking & Local Cache Stubs > manages value truncation boundaries on hex accent inputs and triggers clear routines safely
An update to CommitPulseSection inside a test was not wrapped in act(...).

When testing, code that causes React state updates should be wrapped into act(...):

act(() => {
  /* fire events that update state */
});
/* assert on the output */

This ensures that you're testing the behavior the user would see in the browser. Learn more at https://react.dev/link/wrap-tests-with-act
An update to CommitPulseSection inside a test was not wrapped in act(...).

When testing, code that causes React state updates should be wrapped into act(...):

act(() => {
  /* fire events that update state */
});
/* assert on the output */

This ensures that you're testing the behavior the user would see in the browser. Learn more at https://react.dev/link/wrap-tests-with-act

 ✓ app/generator/components/sections/CommitPulseSection.mock-integrations.test.tsx (5 tests) 1761ms
     ✓ handles successful profile verification queries from the api route cleanly  701ms
     ✓ triggers error routing message blocks when endpoint searches return non-existent profile errors  504ms
     ✓ dispatches status synchronization callbacks on click interaction triggers  301ms
 ✓ app/contributors/ContributorsSearch.accessibility.test.tsx (5 tests) 3553ms
     ✓ uses correct accessible label coordinates on search input (aria-label)  1666ms
     ✓ ensures interactive elements maintain visible focus outline behaviors  857ms
     ✓ renders contributor profile links with correct heading hierarchy  759ms
 ✓ app/contributors/ContributorsClient.accessibility.test.tsx (5 tests) 3280ms
     ✓ renders accessible heading content for screen readers  2816ms
 ✓ components/BrandParticles.timezone-boundaries.test.tsx (5 tests) 2893ms
     ✓ renders successfully across multiple timezone offsets (UTC, EST, IST, JST)  2278ms
 ✓ components/dashboard/RepositoryGraph.mouse-interactivity.test.tsx (5 tests) 745ms
     ✓ clicking an active filter button toggles it to inactive and removes its background colour  484ms
 ✓ components/dashboard/DashboardClient.mock-integrations.test.tsx (5 tests) 2234ms
     ✓ renders ProfileCard  875ms
     ✓ renders Achievements  535ms
 ✓ components/dashboard/ProfileOptimizerModal.test.tsx (5 tests) 725ms
     ✓ calls onClose when close button is clicked  433ms
 ✓ components/dashboard/ResumePreviewForm.type-compiler.test.tsx (5 tests) 1119ms
     ✓ renders all parsed fields correctly with valid prop schema  479ms
 ✓ components/dashboard/HistoricalTrendView.empty-fallback.test.tsx (5 tests) 1770ms
     ✓ renders the period label and navigation controls even with no activity data  1097ms
 ✓ app/not-found.theme-contrast.test.tsx (5 tests) 1282ms
     ✓ renders correctly in both light and dark theme environments  1011ms
stderr | components/dashboard/DashboardClient.responsive-breakpoints.test.tsx > DashboardClient Responsive Multi-device Columns & Mobile Viewport Layouts > root container has p-4 md:p-6 lg:p-8 classes for fluid responsive scaling padding
Received `true` for a non-boolean attribute `layout`.

If you want to write it to the DOM, pass a string instead: layout="true" or layout={value.toString()}.

stderr | app/components/FeatureCard.responsive-breakpoint.test.tsx > FeatureCard Responsive Breakpoints & Mobile Viewport Layouts > 1. renders the feature card with article semantics and accessible labels
React does not recognize the `whileHover` prop on a DOM element. If you intentionally want it to appear in the DOM as a custom attribute, spell it as lowercase `whilehover` instead. If you accidentally passed it from a parent component, remove it from the DOM element.

 ✓ app/components/FeatureCard.responsive-breakpoint.test.tsx (5 tests) 2091ms
     ✓ 1. renders the feature card with article semantics and accessible labels  1619ms
stderr | app/customize/components/ThemeSelector.error-resilience.test.tsx > ThemeSelector Resilience > should catch crashes in children via Error Boundary
Error: Crash
    at CrashingChild (/home/atulupadhyay/Contribution/commitpulse/app/customize/components/ThemeSelector.error-resilience.test.tsx:81:13)
    at Object.react_stack_bottom_frame (/home/atulupadhyay/Contribution/commitpulse/node_modules/react-dom/cjs/react-dom-client.development.js:25904:20)
    at renderWithHooks (/home/atulupadhyay/Contribution/commitpulse/node_modules/react-dom/cjs/react-dom-client.development.js:7662:22)
    at updateFunctionComponent (/home/atulupadhyay/Contribution/commitpulse/node_modules/react-dom/cjs/react-dom-client.development.js:10166:19)
    at beginWork (/home/atulupadhyay/Contribution/commitpulse/node_modules/react-dom/cjs/react-dom-client.development.js:11778:18)
    at runWithFiberInDEV (/home/atulupadhyay/Contribution/commitpulse/node_modules/react-dom/cjs/react-dom-client.development.js:874:13)
    at performUnitOfWork (/home/atulupadhyay/Contribution/commitpulse/node_modules/react-dom/cjs/react-dom-client.development.js:17641:22)
    at workLoopSync (/home/atulupadhyay/Contribution/commitpulse/node_modules/react-dom/cjs/react-dom-client.development.js:17469:41)
    at renderRootSync (/home/atulupadhyay/Contribution/commitpulse/node_modules/react-dom/cjs/react-dom-client.development.js:17450:11)
    at performWorkOnRoot (/home/atulupadhyay/Contribution/commitpulse/node_modules/react-dom/cjs/react-dom-client.development.js:16583:35) {
  [stack]: [Getter/Setter],
  [message]: 'Crash'
}

The above error occurred in the <CrashingChild> component.

React will try to recreate this component tree from scratch using the error boundary you provided, TestErrorBoundary.


 ✓ app/customize/components/ThemeSelector.error-resilience.test.tsx (4 tests) 1926ms
     ✓ should render successfully with a valid theme  1814ms
 ✓ components/KeyboardShortcutsModal.accessibility.test.tsx (10 tests) 940ms
     ✓ renders with role="dialog" and aria-modal="true" when open  468ms
 ✓ components/dashboard/DashboardClient.responsive-breakpoints.test.tsx (5 tests) 1111ms
     ✓ root container has p-4 md:p-6 lg:p-8 classes for fluid responsive scaling padding  449ms
 ✓ app/components/HeroSection.mouse-interactivity.test.tsx (5 tests) 1561ms
     ✓ applies hover styling to the Copy Link button  980ms
 ✓ app/documentation/code-block.test.tsx (5 tests) 1467ms
     ✓ renders the code prop inside a code element  406ms
     ✓ renders the copy button with the correct label  484ms
stderr | components/dashboard/GrowthTrendChart.error-resilience.test.tsx > GrowthTrendChart Error Resilience > renders fallback UI on runtime exceptions
Error: Simulated runtime failure
    at CrashComponent (/home/atulupadhyay/Contribution/commitpulse/components/dashboard/GrowthTrendChart.error-resilience.test.tsx:125:13)
    at Object.react_stack_bottom_frame (/home/atulupadhyay/Contribution/commitpulse/node_modules/react-dom/cjs/react-dom-client.development.js:25904:20)
    at renderWithHooks (/home/atulupadhyay/Contribution/commitpulse/node_modules/react-dom/cjs/react-dom-client.development.js:7662:22)
    at updateFunctionComponent (/home/atulupadhyay/Contribution/commitpulse/node_modules/react-dom/cjs/react-dom-client.development.js:10166:19)
    at beginWork (/home/atulupadhyay/Contribution/commitpulse/node_modules/react-dom/cjs/react-dom-client.development.js:11778:18)
    at runWithFiberInDEV (/home/atulupadhyay/Contribution/commitpulse/node_modules/react-dom/cjs/react-dom-client.development.js:874:13)
    at performUnitOfWork (/home/atulupadhyay/Contribution/commitpulse/node_modules/react-dom/cjs/react-dom-client.development.js:17641:22)
    at workLoopSync (/home/atulupadhyay/Contribution/commitpulse/node_modules/react-dom/cjs/react-dom-client.development.js:17469:41)
    at renderRootSync (/home/atulupadhyay/Contribution/commitpulse/node_modules/react-dom/cjs/react-dom-client.development.js:17450:11)
    at performWorkOnRoot (/home/atulupadhyay/Contribution/commitpulse/node_modules/react-dom/cjs/react-dom-client.development.js:16583:35) {
  [stack]: [Getter/Setter],
  [message]: 'Simulated runtime failure'
}

The above error occurred in the <CrashComponent> component.

React will try to recreate this component tree from scratch using the error boundary you provided, TestErrorBoundary.

Error: Simulated runtime failure
    at CrashComponent (/home/atulupadhyay/Contribution/commitpulse/components/dashboard/GrowthTrendChart.error-resilience.test.tsx:125:13)
    at Object.react_stack_bottom_frame (/home/atulupadhyay/Contribution/commitpulse/node_modules/react-dom/cjs/react-dom-client.development.js:25904:20)
    at renderWithHooks (/home/atulupadhyay/Contribution/commitpulse/node_modules/react-dom/cjs/react-dom-client.development.js:7662:22)
    at updateFunctionComponent (/home/atulupadhyay/Contribution/commitpulse/node_modules/react-dom/cjs/react-dom-client.development.js:10166:19)
    at beginWork (/home/atulupadhyay/Contribution/commitpulse/node_modules/react-dom/cjs/react-dom-client.development.js:11778:18)
    at runWithFiberInDEV (/home/atulupadhyay/Contribution/commitpulse/node_modules/react-dom/cjs/react-dom-client.development.js:874:13)
    at performUnitOfWork (/home/atulupadhyay/Contribution/commitpulse/node_modules/react-dom/cjs/react-dom-client.development.js:17641:22)
    at workLoopSync (/home/atulupadhyay/Contribution/commitpulse/node_modules/react-dom/cjs/react-dom-client.development.js:17469:41)
    at renderRootSync (/home/atulupadhyay/Contribution/commitpulse/node_modules/react-dom/cjs/react-dom-client.development.js:17450:11)
    at performWorkOnRoot (/home/atulupadhyay/Contribution/commitpulse/node_modules/react-dom/cjs/react-dom-client.development.js:16583:35)

stderr | app/generator/components/sections/CommitPulseSection.mouse-interactivity.test.tsx > CommitPulseSection - Interactive Tooltips, Cursor Hovers & Touch Event Propagation > handles user context clear button clicks to wipe data entry inputs cleanly
An update to CommitPulseSection inside a test was not wrapped in act(...).

When testing, code that causes React state updates should be wrapped into act(...):

act(() => {
  /* fire events that update state */
});
/* assert on the output */

This ensures that you're testing the behavior the user would see in the browser. Learn more at https://react.dev/link/wrap-tests-with-act
An update to CommitPulseSection inside a test was not wrapped in act(...).

When testing, code that causes React state updates should be wrapped into act(...):

act(() => {
  /* fire events that update state */
});
/* assert on the output */

This ensures that you're testing the behavior the user would see in the browser. Learn more at https://react.dev/link/wrap-tests-with-act

 ✓ app/generator/components/sections/CommitPulseSection.mouse-interactivity.test.tsx (5 tests) 1719ms
     ✓ applies appropriate clickable cursor class modifiers on the main visibility toggle switch  970ms
stderr | components/dashboard/GrowthTrendChart.error-resilience.test.tsx > GrowthTrendChart Error Resilience > provides retry/recovery controls in fallback UI
Error: Unexpected chart rendering failure
    at BrokenComponent (/home/atulupadhyay/Contribution/commitpulse/components/dashboard/GrowthTrendChart.error-resilience.test.tsx:157:13)
    at Object.react_stack_bottom_frame (/home/atulupadhyay/Contribution/commitpulse/node_modules/react-dom/cjs/react-dom-client.development.js:25904:20)
    at renderWithHooks (/home/atulupadhyay/Contribution/commitpulse/node_modules/react-dom/cjs/react-dom-client.development.js:7662:22)
    at updateFunctionComponent (/home/atulupadhyay/Contribution/commitpulse/node_modules/react-dom/cjs/react-dom-client.development.js:10166:19)
    at beginWork (/home/atulupadhyay/Contribution/commitpulse/node_modules/react-dom/cjs/react-dom-client.development.js:11778:18)
    at runWithFiberInDEV (/home/atulupadhyay/Contribution/commitpulse/node_modules/react-dom/cjs/react-dom-client.development.js:874:13)
    at performUnitOfWork (/home/atulupadhyay/Contribution/commitpulse/node_modules/react-dom/cjs/react-dom-client.development.js:17641:22)
    at workLoopSync (/home/atulupadhyay/Contribution/commitpulse/node_modules/react-dom/cjs/react-dom-client.development.js:17469:41)
    at renderRootSync (/home/atulupadhyay/Contribution/commitpulse/node_modules/react-dom/cjs/react-dom-client.development.js:17450:11)
    at performWorkOnRoot (/home/atulupadhyay/Contribution/commitpulse/node_modules/react-dom/cjs/react-dom-client.development.js:16583:35) {
  [stack]: [Getter/Setter],
  [message]: 'Unexpected chart rendering failure'
}

The above error occurred in the <BrokenComponent> component.

React will try to recreate this component tree from scratch using the error boundary you provided, TestErrorBoundary.

Error: Unexpected chart rendering failure
    at BrokenComponent (/home/atulupadhyay/Contribution/commitpulse/components/dashboard/GrowthTrendChart.error-resilience.test.tsx:157:13)
    at Object.react_stack_bottom_frame (/home/atulupadhyay/Contribution/commitpulse/node_modules/react-dom/cjs/react-dom-client.development.js:25904:20)
    at renderWithHooks (/home/atulupadhyay/Contribution/commitpulse/node_modules/react-dom/cjs/react-dom-client.development.js:7662:22)
    at updateFunctionComponent (/home/atulupadhyay/Contribution/commitpulse/node_modules/react-dom/cjs/react-dom-client.development.js:10166:19)
    at beginWork (/home/atulupadhyay/Contribution/commitpulse/node_modules/react-dom/cjs/react-dom-client.development.js:11778:18)
    at runWithFiberInDEV (/home/atulupadhyay/Contribution/commitpulse/node_modules/react-dom/cjs/react-dom-client.development.js:874:13)
    at performUnitOfWork (/home/atulupadhyay/Contribution/commitpulse/node_modules/react-dom/cjs/react-dom-client.development.js:17641:22)
    at workLoopSync (/home/atulupadhyay/Contribution/commitpulse/node_modules/react-dom/cjs/react-dom-client.development.js:17469:41)
    at renderRootSync (/home/atulupadhyay/Contribution/commitpulse/node_modules/react-dom/cjs/react-dom-client.development.js:17450:11)
    at performWorkOnRoot (/home/atulupadhyay/Contribution/commitpulse/node_modules/react-dom/cjs/react-dom-client.development.js:16583:35)

 ✓ components/dashboard/GrowthTrendChart.error-resilience.test.tsx (5 tests) 730ms
     ✓ provides retry/recovery controls in fallback UI  357ms
 ✓ components/dashboard/DashboardSkeleton.mouse-interactivity.test.tsx (5 tests) 436ms
 ✓ app/documentation/code-block.mouse-interactivity.test.tsx (5 tests) 944ms
     ✓ renders copy button with pointer hover styling  722ms
stderr | components/reviewform.test.tsx > SubmitReviewPage > renders the form correctly
React does not recognize the `whileHover` prop on a DOM element. If you intentionally want it to appear in the DOM as a custom attribute, spell it as lowercase `whilehover` instead. If you accidentally passed it from a parent component, remove it from the DOM element.
React does not recognize the `whileTap` prop on a DOM element. If you intentionally want it to appear in the DOM as a custom attribute, spell it as lowercase `whiletap` instead. If you accidentally passed it from a parent component, remove it from the DOM element.

 ✓ app/customize/components/ThemeSelector.responsive-breakpoints.test.tsx (5 tests) 1173ms
     ✓ renders correctly on a mobile viewport (375px)  794ms
 ✓ components/reviewform.test.tsx (6 tests) 2272ms
     ✓ renders the form correctly  988ms
     ✓ shows validation error for empty name  414ms
     ✓ shows validation error for invalid handle  316ms
 ✓ app/components/theme-switch.timezone-boundaries.test.tsx (5 tests) 2088ms
     ✓ renders theme toggle button successfully in UTC timezone  1408ms
 ✓ app/generator/components/sections/NameSection.accessibility.test.tsx (5 tests) 2098ms
     ✓ renders the section toggle button with accessible name  1556ms
     ✓ supports keyboard tab navigation to interactive elements  340ms
stderr | components/dashboard/PRInsights/PRTrendChart.theme-contrast.test.tsx > PRTrendChart Theme Contrast and Visual Cohesion > 1. should emulate both dark and light presets
The tag <stop> is unrecognized in this browser. If you meant to render a React component, start its name with an uppercase letter.
<linearGradient /> is using incorrect casing. Use PascalCase for React components, or lowercase for HTML elements.
The tag <linearGradient> is unrecognized in this browser. If you meant to render a React component, start its name with an uppercase letter.
The tag <defs> is unrecognized in this browser. If you meant to render a React component, start its name with an uppercase letter.
<linearGradient /> is using incorrect casing. Use PascalCase for React components, or lowercase for HTML elements.

stderr | components/dashboard/PRInsights/PRTrendChart.theme-contrast.test.tsx > PRTrendChart Theme Contrast and Visual Cohesion > 2. should assert that the visual elements adapt color styling properly for both settings
<linearGradient /> is using incorrect casing. Use PascalCase for React components, or lowercase for HTML elements.

 ✓ app/not-found.empty-fallback.test.tsx (5 tests) 1854ms
     ✓ renders successfully with default empty layout state and correct header  1610ms
 ✓ components/dashboard/CommitClock.responsive-breakpoints.test.tsx (5 tests) 830ms
     ✓ mounts cleanly without side-effects inside a narrow 375px mobile display canvas  506ms
stderr | components/dashboard/PRInsights/PRTrendChart.theme-contrast.test.tsx > PRTrendChart Theme Contrast and Visual Cohesion > 3. should verify contrast ratio standards are satisfied for all textual elements
<linearGradient /> is using incorrect casing. Use PascalCase for React components, or lowercase for HTML elements.

stderr | components/dashboard/PRInsights/PRTrendChart.theme-contrast.test.tsx > PRTrendChart Theme Contrast and Visual Cohesion > 4. should check that specific custom stylesheet properties or Tailwind classes are active in the markup
<linearGradient /> is using incorrect casing. Use PascalCase for React components, or lowercase for HTML elements.

stderr | components/dashboard/PRInsights/PRTrendChart.theme-contrast.test.tsx > PRTrendChart Theme Contrast and Visual Cohesion > 5. should ensure that background overlays do not clip foreground content colors
<linearGradient /> is using incorrect casing. Use PascalCase for React components, or lowercase for HTML elements.

 ✓ components/dashboard/PRInsights/PRTrendChart.theme-contrast.test.tsx (5 tests) 1318ms
     ✓ 1. should emulate both dark and light presets  472ms
     ✓ 3. should verify contrast ratio standards are satisfied for all textual elements  756ms
 ✓ components/InteractiveViewer.theme-contrast.test.tsx (5 tests) 1625ms
     ✓ renders correctly in dark prefers-color-scheme environments  1125ms
 ✓ app/generator/components/SectionCard.mouse-interactivity.test.tsx (5 tests) 2529ms
     ✓ 1. toggles content when header is clicked  1282ms
     ✓ 4. supports repeated click interactions  418ms
     ✓ 5. preserves content after hover and click events  360ms
 ✓ components/dashboard/RefreshButton.error-resilience.test.tsx (5 tests) 580ms
     ✓ mounts cleanly without hydration errors when all hooks return baseline values  444ms
 ✓ app/generator/components/PreviewPanel.theme-contrast.test.tsx (5 tests) 338ms
 ✓ components/dashboard/AIInsights.mouse-interactivity.test.tsx (8 tests) 1980ms
     ✓ renders all insights with interactive group class for hover state management  775ms
     ✓ handles click events on insight cards and propagates without stopping propagation  551ms
     ✓ preserves accessibility and DOM structure during mouseenter/mouseleave interactions  358ms
 ✓ app/components/navbar.accessibility.test.tsx (6 tests) 1337ms
     ✓ renders header and navigation landmarks for screen reader navigation  795ms
 ✓ app/not-found.test.tsx (5 tests) 1047ms
     ✓ renders without crashing  356ms
     ✓ renders go back home link with root href  454ms
 ✓ hooks/useRecentSearches.responsive-breakpoints.test.ts (5 tests) 1213ms
     ✓ scales navigation and preserves max searches  948ms
 ✓ app/template.error-resilience.test.tsx (5 tests) 1333ms
     ✓ Test 1: Hydration Stability - renders valid children without crashing  378ms
     ✓ Test 5: Reset/Reload Paths - ensures user reset/reload paths are available on recovery panels and functioning  592ms
 ✓ app/generator/components/sections/SocialSection.mouse-interactivity.test.tsx (5 tests) 1636ms
     ✓ allows hovering interactive platform buttons without errors  708ms
     ✓ mouse leave does not remove the interactive element  354ms
 ✓ components/dashboard/LanguageChart.theme-contrast.test.tsx (5 tests) 411ms
 ✓ components/FeatureCards.empty-fallback.test.tsx (5 tests) 532ms
     ✓ renders FeatureCard with default props  451ms
 ✓ app/components/navbar.theme-contrast.test.tsx (5 tests) 2674ms
     ✓ renders navbar in light mode  1484ms
     ✓ keeps theme toggle accessible in both themes  533ms
 ✓ app/components/CustomizeCTA.responsive-breakpoints.test.tsx (5 tests) 935ms
     ✓ renders successfully  639ms
 ✓ app/components/CopyRepoButton.accessibility.test.tsx (5 tests) 1468ms
     ✓ renders as an accessible button with visible label  988ms
 ✓ app/customize/components/ExportPanel.empty-fallback.test.tsx (5 tests) 1983ms
     ✓ renders safely when username is empty and username-dependent features are unavailable  501ms
     ✓ keeps copy action disabled when username is missing  1019ms
 ✓ app/components/navbar.empty-fallback.test.tsx (5 tests) 1486ms
     ✓ Case 1: renders target component with default empty/unconfigured parameters  1139ms
 ✓ components/dashboard/PRInsights/RepoPerformanceTable.timezone-boundaries.test.tsx (5 tests) 1551ms
     ✓ 1. mocks UTC, EST, IST, and JST timezone buckets in rendered repo rows  506ms
     ✓ 3. parses leap-year boundaries without leaving gaps in rendered grid rows  806ms
stderr | components/dashboard/ComparisonStatsCard.accessibility.test.tsx > ComparisonStatsCard — Accessibility & Screen Reader Compliance > renders card as a named region landmark with correct aria-label
React does not recognize the `whileInView` prop on a DOM element. If you intentionally want it to appear in the DOM as a custom attribute, spell it as lowercase `whileinview` instead. If you accidentally passed it from a parent component, remove it from the DOM element.
React does not recognize the `whileHover` prop on a DOM element. If you intentionally want it to appear in the DOM as a custom attribute, spell it as lowercase `whilehover` instead. If you accidentally passed it from a parent component, remove it from the DOM element.

 ✓ components/dashboard/ComparisonStatsCard.accessibility.test.tsx (5 tests) 1695ms
     ✓ renders card as a named region landmark with correct aria-label  1366ms
 ✓ app/generator/components/PreviewPanel.timezone-boundaries.test.tsx (5 tests) 1235ms
     ✓ 1. preserves UTC timestamps in preview mode  555ms
 ✓ components/dashboard/GoalTracker.test.tsx (4 tests) 1308ms
     ✓ switches to editing state and saves new goals to localStorage  810ms
 ✓ components/dashboard/DeploymentTracker.empty-fallback.test.tsx (11 tests) 814ms
     ✓ handles an empty repoName gracefully (renders an empty but present link)  589ms
stderr | components/dashboard/PRInsights/TopMetricsRow.responsive-breakpoints.test.tsx > TopMetricsRow responsive multi-device columns & mobile viewport layouts (Variation 7) > reflows into a single-column vertical layout on mobile-width viewports
React does not recognize the `whileHover` prop on a DOM element. If you intentionally want it to appear in the DOM as a custom attribute, spell it as lowercase `whilehover` instead. If you accidentally passed it from a parent component, remove it from the DOM element.
Unknown event handler property `onHoverStart`. It will be ignored.
Unknown event handler property `onHoverEnd`. It will be ignored.

 ✓ components/dashboard/PRInsights/TopMetricsRow.responsive-breakpoints.test.tsx (5 tests) 641ms
 ✓ components/dashboard/DashboardClient.theme-contrast.test.tsx (5 tests) 1142ms
     ✓ root element exists and is visible  550ms
stderr | app/customize/components/AdvancedSettingsPanel.error-resilience.test.tsx > AdvancedSettingsPanel Error Resilience > should isolate crashes when a child component throws an unexpected runtime exception
Error: Unexpected runtime exception or database connectivity error
    at /home/atulupadhyay/Contribution/commitpulse/app/customize/components/AdvancedSettingsPanel.error-resilience.test.tsx:104:13
    at StyledSelect (file:///home/atulupadhyay/Contribution/commitpulse/node_modules/@vitest/spy/dist/index.js:332:34)
    at Object.react_stack_bottom_frame (/home/atulupadhyay/Contribution/commitpulse/node_modules/react-dom/cjs/react-dom-client.development.js:25904:20)
    at renderWithHooks (/home/atulupadhyay/Contribution/commitpulse/node_modules/react-dom/cjs/react-dom-client.development.js:7662:22)
    at updateFunctionComponent (/home/atulupadhyay/Contribution/commitpulse/node_modules/react-dom/cjs/react-dom-client.development.js:10166:19)
    at beginWork (/home/atulupadhyay/Contribution/commitpulse/node_modules/react-dom/cjs/react-dom-client.development.js:11778:18)
    at runWithFiberInDEV (/home/atulupadhyay/Contribution/commitpulse/node_modules/react-dom/cjs/react-dom-client.development.js:874:13)
    at performUnitOfWork (/home/atulupadhyay/Contribution/commitpulse/node_modules/react-dom/cjs/react-dom-client.development.js:17641:22)
    at workLoopSync (/home/atulupadhyay/Contribution/commitpulse/node_modules/react-dom/cjs/react-dom-client.development.js:17469:41)
    at renderRootSync (/home/atulupadhyay/Contribution/commitpulse/node_modules/react-dom/cjs/react-dom-client.development.js:17450:11) {
  [stack]: [Getter/Setter],
  [message]: 'Unexpected runtime exception or database connectivity error'
}

The above error occurred in the <StyledSelect> component.

React will try to recreate this component tree from scratch using the error boundary you provided, TestingErrorBoundary.


stderr | app/customize/components/AdvancedSettingsPanel.error-resilience.test.tsx > AdvancedSettingsPanel Error Resilience > should render a clean error recovery UI instead of hard-crashing the application
Error: Database connection failed
    at /home/atulupadhyay/Contribution/commitpulse/app/customize/components/AdvancedSettingsPanel.error-resilience.test.tsx:119:13
    at StyledSelect (file:///home/atulupadhyay/Contribution/commitpulse/node_modules/@vitest/spy/dist/index.js:332:34)
    at Object.react_stack_bottom_frame (/home/atulupadhyay/Contribution/commitpulse/node_modules/react-dom/cjs/react-dom-client.development.js:25904:20)
    at renderWithHooks (/home/atulupadhyay/Contribution/commitpulse/node_modules/react-dom/cjs/react-dom-client.development.js:7662:22)
    at updateFunctionComponent (/home/atulupadhyay/Contribution/commitpulse/node_modules/react-dom/cjs/react-dom-client.development.js:10166:19)
    at beginWork (/home/atulupadhyay/Contribution/commitpulse/node_modules/react-dom/cjs/react-dom-client.development.js:11778:18)
    at runWithFiberInDEV (/home/atulupadhyay/Contribution/commitpulse/node_modules/react-dom/cjs/react-dom-client.development.js:874:13)
    at performUnitOfWork (/home/atulupadhyay/Contribution/commitpulse/node_modules/react-dom/cjs/react-dom-client.development.js:17641:22)
    at workLoopSync (/home/atulupadhyay/Contribution/commitpulse/node_modules/react-dom/cjs/react-dom-client.development.js:17469:41)
    at renderRootSync (/home/atulupadhyay/Contribution/commitpulse/node_modules/react-dom/cjs/react-dom-client.development.js:17450:11) {
  [stack]: [Getter/Setter],
  [message]: 'Database connection failed'
}

The above error occurred in the <StyledSelect> component.

React will try to recreate this component tree from scratch using the error boundary you provided, TestingErrorBoundary.


stderr | app/customize/components/AdvancedSettingsPanel.error-resilience.test.tsx > AdvancedSettingsPanel Error Resilience > should log the caught runtime exception to the dev-telemetry trackers
Error: Telemetry tracked crash condition
    at /home/atulupadhyay/Contribution/commitpulse/app/customize/components/AdvancedSettingsPanel.error-resilience.test.tsx:148:20
    at file:///home/atulupadhyay/Contribution/commitpulse/node_modules/@vitest/runner/dist/chunk-artifact.js:302:11
    at file:///home/atulupadhyay/Contribution/commitpulse/node_modules/@vitest/runner/dist/chunk-artifact.js:1903:26
    at file:///home/atulupadhyay/Contribution/commitpulse/node_modules/@vitest/runner/dist/chunk-artifact.js:2326:20
    at new Promise (<anonymous>)
    at runWithCancel (file:///home/atulupadhyay/Contribution/commitpulse/node_modules/@vitest/runner/dist/chunk-artifact.js:2323:10)
    at file:///home/atulupadhyay/Contribution/commitpulse/node_modules/@vitest/runner/dist/chunk-artifact.js:2305:20
    at new Promise (<anonymous>)
    at runWithTimeout (file:///home/atulupadhyay/Contribution/commitpulse/node_modules/@vitest/runner/dist/chunk-artifact.js:2272:10)
    at file:///home/atulupadhyay/Contribution/commitpulse/node_modules/@vitest/runner/dist/chunk-artifact.js:2955:64 {
  [stack]: [Getter/Setter],
  [message]: 'Telemetry tracked crash condition'
}

The above error occurred in the <StyledSelect> component.

React will try to recreate this component tree from scratch using the error boundary you provided, TestingErrorBoundary.


stderr | app/customize/components/AdvancedSettingsPanel.error-resilience.test.tsx > AdvancedSettingsPanel Error Resilience > should provide an interactive recovery path or reload button to reset the UI state
Error: Crash for recovery path check
    at /home/atulupadhyay/Contribution/commitpulse/app/customize/components/AdvancedSettingsPanel.error-resilience.test.tsx:153:13
    at StyledSelect (file:///home/atulupadhyay/Contribution/commitpulse/node_modules/@vitest/spy/dist/index.js:332:34)
    at Object.react_stack_bottom_frame (/home/atulupadhyay/Contribution/commitpulse/node_modules/react-dom/cjs/react-dom-client.development.js:25904:20)
    at renderWithHooks (/home/atulupadhyay/Contribution/commitpulse/node_modules/react-dom/cjs/react-dom-client.development.js:7662:22)
    at updateFunctionComponent (/home/atulupadhyay/Contribution/commitpulse/node_modules/react-dom/cjs/react-dom-client.development.js:10166:19)
    at beginWork (/home/atulupadhyay/Contribution/commitpulse/node_modules/react-dom/cjs/react-dom-client.development.js:11778:18)
    at runWithFiberInDEV (/home/atulupadhyay/Contribution/commitpulse/node_modules/react-dom/cjs/react-dom-client.development.js:874:13)
    at performUnitOfWork (/home/atulupadhyay/Contribution/commitpulse/node_modules/react-dom/cjs/react-dom-client.development.js:17641:22)
    at workLoopSync (/home/atulupadhyay/Contribution/commitpulse/node_modules/react-dom/cjs/react-dom-client.development.js:17469:41)
    at renderRootSync (/home/atulupadhyay/Contribution/commitpulse/node_modules/react-dom/cjs/react-dom-client.development.js:17450:11) {
  [stack]: [Getter/Setter],
  [message]: 'Crash for recovery path check'
}

The above error occurred in the <StyledSelect> component.

React will try to recreate this component tree from scratch using the error boundary you provided, TestingErrorBoundary.


 ✓ app/customize/components/AdvancedSettingsPanel.error-resilience.test.tsx (5 tests) 1317ms
     ✓ should maintain stability and render safely during initial server/client mismatch states  844ms
     ✓ should provide an interactive recovery path or reload button to reset the UI state  304ms
 ✓ app/components/CustomizeCTA.theme-contrast.test.tsx (5 tests) 1623ms
     ✓ applies light and dark text classes to the heading  1317ms
 ✓ app/generator/components/CompletionScorePanel.test.tsx (7 tests) 2450ms
     ✓ renders with 0% score and Beginner level when state is completely empty  941ms
     ✓ renders with correct score when name is added (+15%)  388ms
     ✓ renders with correct score and Growing level when description is also added (+15 + 20 = 35%)  388ms
 ✓ app/components/HeroSection.accessibility.test.tsx (5 tests) 2197ms
     ✓ renders primary h1 heading with correct text for screen reader hierarchy  907ms
     ✓ renders username input with aria-label for screen reader announcement  420ms
     ✓ renders both buttons with meaningful visible text for screen readers  519ms
 ✓ app/components/SuccessGuide.accessibility.test.tsx (5 tests) 2655ms
     ✓ renders as a named region landmark linked to h2 via aria-labelledby  2143ms
 ✓ app/api/wrapped/route.mouse-interactivity.test.tsx (5 tests) 3381ms
     ✓ 1. triggers simulated mouseenter/hover gestures on active segments  1753ms
     ✓ 2. verifies that responsive tooltip layouts display at computed coordinates  439ms
     ✓ 4. asserts appropriate cursor style classes (like pointer) are applied on hover  344ms
     ✓ 5. checks that mouseleave events successfully hide temporary overlay visuals  527ms
stderr | app/(root)/dashboard/error.theme-contrast.test.tsx > DashboardError Theme Contrast > renders correctly in light mode
Error: test error
    at /home/atulupadhyay/Contribution/commitpulse/app/(root)/dashboard/error.theme-contrast.test.tsx:26:35
    at file:///home/atulupadhyay/Contribution/commitpulse/node_modules/@vitest/runner/dist/chunk-artifact.js:302:11
    at file:///home/atulupadhyay/Contribution/commitpulse/node_modules/@vitest/runner/dist/chunk-artifact.js:1903:26
    at file:///home/atulupadhyay/Contribution/commitpulse/node_modules/@vitest/runner/dist/chunk-artifact.js:2326:20
    at new Promise (<anonymous>)
    at runWithCancel (file:///home/atulupadhyay/Contribution/commitpulse/node_modules/@vitest/runner/dist/chunk-artifact.js:2323:10)
    at file:///home/atulupadhyay/Contribution/commitpulse/node_modules/@vitest/runner/dist/chunk-artifact.js:2305:20
    at new Promise (<anonymous>)
    at runWithTimeout (file:///home/atulupadhyay/Contribution/commitpulse/node_modules/@vitest/runner/dist/chunk-artifact.js:2272:10)
    at file:///home/atulupadhyay/Contribution/commitpulse/node_modules/@vitest/runner/dist/chunk-artifact.js:2955:64
[31m[ERROR][0m Dashboard error {"error":{}}

stderr | app/(root)/dashboard/error.theme-contrast.test.tsx > DashboardError Theme Contrast > renders correctly in dark mode
Error: test error
    at /home/atulupadhyay/Contribution/commitpulse/app/(root)/dashboard/error.theme-contrast.test.tsx:34:35
    at file:///home/atulupadhyay/Contribution/commitpulse/node_modules/@vitest/runner/dist/chunk-artifact.js:302:11
    at file:///home/atulupadhyay/Contribution/commitpulse/node_modules/@vitest/runner/dist/chunk-artifact.js:1903:26
    at file:///home/atulupadhyay/Contribution/commitpulse/node_modules/@vitest/runner/dist/chunk-artifact.js:2326:20
    at new Promise (<anonymous>)
    at runWithCancel (file:///home/atulupadhyay/Contribution/commitpulse/node_modules/@vitest/runner/dist/chunk-artifact.js:2323:10)
    at file:///home/atulupadhyay/Contribution/commitpulse/node_modules/@vitest/runner/dist/chunk-artifact.js:2305:20
    at new Promise (<anonymous>)
    at runWithTimeout (file:///home/atulupadhyay/Contribution/commitpulse/node_modules/@vitest/runner/dist/chunk-artifact.js:2272:10)
    at file:///home/atulupadhyay/Contribution/commitpulse/node_modules/@vitest/runner/dist/chunk-artifact.js:2955:64
[31m[ERROR][0m Dashboard error {"error":{}}

stderr | app/(root)/dashboard/error.theme-contrast.test.tsx > DashboardError Theme Contrast > contains light and dark theme container classes
Error: test error
    at /home/atulupadhyay/Contribution/commitpulse/app/(root)/dashboard/error.theme-contrast.test.tsx:41:30
    at file:///home/atulupadhyay/Contribution/commitpulse/node_modules/@vitest/runner/dist/chunk-artifact.js:302:11
    at file:///home/atulupadhyay/Contribution/commitpulse/node_modules/@vitest/runner/dist/chunk-artifact.js:1903:26
    at file:///home/atulupadhyay/Contribution/commitpulse/node_modules/@vitest/runner/dist/chunk-artifact.js:2326:20
    at new Promise (<anonymous>)
    at runWithCancel (file:///home/atulupadhyay/Contribution/commitpulse/node_modules/@vitest/runner/dist/chunk-artifact.js:2323:10)
    at file:///home/atulupadhyay/Contribution/commitpulse/node_modules/@vitest/runner/dist/chunk-artifact.js:2305:20
    at new Promise (<anonymous>)
    at runWithTimeout (file:///home/atulupadhyay/Contribution/commitpulse/node_modules/@vitest/runner/dist/chunk-artifact.js:2272:10)
    at file:///home/atulupadhyay/Contribution/commitpulse/node_modules/@vitest/runner/dist/chunk-artifact.js:2955:64
[31m[ERROR][0m Dashboard error {"error":{}}

stderr | app/(root)/dashboard/error.theme-contrast.test.tsx > DashboardError Theme Contrast > contains contrast-aware heading and description text classes
Error: test error
    at /home/atulupadhyay/Contribution/commitpulse/app/(root)/dashboard/error.theme-contrast.test.tsx:54:30
    at file:///home/atulupadhyay/Contribution/commitpulse/node_modules/@vitest/runner/dist/chunk-artifact.js:302:11
    at file:///home/atulupadhyay/Contribution/commitpulse/node_modules/@vitest/runner/dist/chunk-artifact.js:1903:26
    at file:///home/atulupadhyay/Contribution/commitpulse/node_modules/@vitest/runner/dist/chunk-artifact.js:2326:20
    at new Promise (<anonymous>)
    at runWithCancel (file:///home/atulupadhyay/Contribution/commitpulse/node_modules/@vitest/runner/dist/chunk-artifact.js:2323:10)
    at file:///home/atulupadhyay/Contribution/commitpulse/node_modules/@vitest/runner/dist/chunk-artifact.js:2305:20
    at new Promise (<anonymous>)
    at runWithTimeout (file:///home/atulupadhyay/Contribution/commitpulse/node_modules/@vitest/runner/dist/chunk-artifact.js:2272:10)
    at file:///home/atulupadhyay/Contribution/commitpulse/node_modules/@vitest/runner/dist/chunk-artifact.js:2955:64
[31m[ERROR][0m Dashboard error {"error":{}}

stderr | components/dashboard/CommitClock.timezone-boundaries.test.tsx > CommitClock - Timezone Normalization & Calendar Data Boundary Alignment > aligns commit data to correct calendar dates in UTC timezone
React does not recognize the `whileInView` prop on a DOM element. If you intentionally want it to appear in the DOM as a custom attribute, spell it as lowercase `whileinview` instead. If you accidentally passed it from a parent component, remove it from the DOM element.

stderr | app/(root)/dashboard/error.theme-contrast.test.tsx > DashboardError Theme Contrast > preserves button contrast classes across themes
Error: test error
    at /home/atulupadhyay/Contribution/commitpulse/app/(root)/dashboard/error.theme-contrast.test.tsx:70:35
    at file:///home/atulupadhyay/Contribution/commitpulse/node_modules/@vitest/runner/dist/chunk-artifact.js:302:11
    at file:///home/atulupadhyay/Contribution/commitpulse/node_modules/@vitest/runner/dist/chunk-artifact.js:1903:26
    at file:///home/atulupadhyay/Contribution/commitpulse/node_modules/@vitest/runner/dist/chunk-artifact.js:2326:20
    at new Promise (<anonymous>)
    at runWithCancel (file:///home/atulupadhyay/Contribution/commitpulse/node_modules/@vitest/runner/dist/chunk-artifact.js:2323:10)
    at file:///home/atulupadhyay/Contribution/commitpulse/node_modules/@vitest/runner/dist/chunk-artifact.js:2305:20
    at new Promise (<anonymous>)
    at runWithTimeout (file:///home/atulupadhyay/Contribution/commitpulse/node_modules/@vitest/runner/dist/chunk-artifact.js:2272:10)
    at file:///home/atulupadhyay/Contribution/commitpulse/node_modules/@vitest/runner/dist/chunk-artifact.js:2955:64
[31m[ERROR][0m Dashboard error {"error":{}}

 ✓ app/(root)/dashboard/error.theme-contrast.test.tsx (5 tests) 1538ms
     ✓ renders correctly in light mode  763ms
     ✓ preserves button contrast classes across themes  446ms
 ✓ components/dashboard/CommitClock.timezone-boundaries.test.tsx (10 tests) 1080ms
 ✓ components/dashboard/RepositoryGraph.timezone-boundaries.test.tsx (5 tests) 959ms
     ✓ renders consistently under UTC timezone assumptions  819ms
 ✓ components/dashboard/ResumePreviewForm.responsive-breakpoints.test.tsx (5 tests) 2352ms
     ✓ renders correctly on mobile viewport  851ms
     ✓ allows adding skills on mobile viewport  1338ms
 ✓ components/dashboard/DashboardSkeleton.error-resilience.test.tsx (5 tests) 639ms
     ✓ error boundary catches a thrown exception from AIInsightsSkeleton and exposes the reload path  432ms
 ✓ app/customize/components/ExportPanel.error-resilience.test.tsx (5 tests) 1350ms
     ✓ handleDownloadBadge: recovers cleanly and surfaces a toast when fetch is rejected (network failure)  713ms
stderr | components/dashboard/Heatmap.timezone-boundaries.test.tsx > renders leap day contribution correctly
React does not recognize the `whileInView` prop on a DOM element. If you intentionally want it to appear in the DOM as a custom attribute, spell it as lowercase `whileinview` instead. If you accidentally passed it from a parent component, remove it from the DOM element.

 ✓ components/dashboard/PRInsights/ReviewAnalytics.error-resilience.test.tsx (5 tests) 1161ms
     ✓ Test 3: renders clean error recovery UI with role="alert" when analytics throws  466ms
     ✓ Test 5: reload button restores widget content after a simulated runtime failure  407ms
 ✓ components/dashboard/Heatmap.timezone-boundaries.test.tsx (6 tests) 1596ms
   ✓ shows active streak across calendar boundaries  1225ms
 ✓ app/components/Footer.error-resilience.test.tsx (5 tests) 1166ms
     ✓ maintains hydration stability and renders without crashing under normal conditions  362ms
     ✓ does not crash when the translation service returns undefined for all keys — t() is called for every label in Footer.tsx  552ms
 ✓ components/BrandParticles.error-resilience.test.tsx (5 tests) 742ms
     ✓ renders without crashing after hydration  383ms
 ✓ app/components/theme-switch.responsive-breakpoints.test.tsx (5 tests) 620ms
     ✓ renders correctly on a standard 375px mobile viewport  383ms
 ✓ components/KonamiEasterEgg.empty-fallback.test.tsx (5 tests) 827ms
     ✓ 1. renders safely with empty arrays when matrix and confetti counts are set to 0  662ms
stderr | app/(root)/dashboard/error.empty-fallback.test.tsx > Dashboard Error Page - Empty & Missing Input Fallbacks > renders successfully when error is null
[31m[ERROR][0m Dashboard error {"error":null}

stderr | app/(root)/dashboard/error.empty-fallback.test.tsx > Dashboard Error Page - Empty & Missing Input Fallbacks > renders successfully when error is undefined
[31m[ERROR][0m Dashboard error {}

stderr | app/(root)/dashboard/error.empty-fallback.test.tsx > Dashboard Error Page - Empty & Missing Input Fallbacks > renders successfully when error is an empty object
{}
[31m[ERROR][0m Dashboard error {"error":{}}

stderr | app/(root)/dashboard/error.empty-fallback.test.tsx > Dashboard Error Page - Empty & Missing Input Fallbacks > renders successfully when error has no message property
{ name: 'CustomError' }
[31m[ERROR][0m Dashboard error {"error":{"name":"CustomError"}}

stderr | app/(root)/dashboard/error.empty-fallback.test.tsx > Dashboard Error Page - Empty & Missing Input Fallbacks > renders successfully when error message is an empty string
Error: 
    at /home/atulupadhyay/Contribution/commitpulse/app/(root)/dashboard/error.empty-fallback.test.tsx:64:48
    at Proxy.assertThrows (file:///home/atulupadhyay/Contribution/commitpulse/node_modules/chai/index.js:2798:5)
    at Proxy.methodWrapper (file:///home/atulupadhyay/Contribution/commitpulse/node_modules/chai/index.js:1700:25)
    at Proxy.<anonymous> (file:///home/atulupadhyay/Contribution/commitpulse/node_modules/@vitest/expect/dist/index.js:1216:12)
    at Proxy.overwritingMethodWrapper (file:///home/atulupadhyay/Contribution/commitpulse/node_modules/chai/index.js:1750:33)
    at Proxy.<anonymous> (file:///home/atulupadhyay/Contribution/commitpulse/node_modules/@vitest/expect/dist/index.js:1552:16)
    at Proxy.<anonymous> (file:///home/atulupadhyay/Contribution/commitpulse/node_modules/@vitest/expect/dist/index.js:1156:15)
    at Proxy.methodWrapper (file:///home/atulupadhyay/Contribution/commitpulse/node_modules/chai/index.js:1700:25)
    at /home/atulupadhyay/Contribution/commitpulse/app/(root)/dashboard/error.empty-fallback.test.tsx:64:88
    at file:///home/atulupadhyay/Contribution/commitpulse/node_modules/@vitest/runner/dist/chunk-artifact.js:302:11
[31m[ERROR][0m Dashboard error {"error":{}}

stderr | app/(root)/dashboard/error.empty-fallback.test.tsx > Dashboard Error Page - Empty & Missing Input Fallbacks > renders without errors when the optional digest field is absent
Error: Unexpected failure
    at /home/atulupadhyay/Contribution/commitpulse/app/(root)/dashboard/error.empty-fallback.test.tsx:73:19
    at file:///home/atulupadhyay/Contribution/commitpulse/node_modules/@vitest/runner/dist/chunk-artifact.js:302:11
    at file:///home/atulupadhyay/Contribution/commitpulse/node_modules/@vitest/runner/dist/chunk-artifact.js:1903:26
    at file:///home/atulupadhyay/Contribution/commitpulse/node_modules/@vitest/runner/dist/chunk-artifact.js:2326:20
    at new Promise (<anonymous>)
    at runWithCancel (file:///home/atulupadhyay/Contribution/commitpulse/node_modules/@vitest/runner/dist/chunk-artifact.js:2323:10)
    at file:///home/atulupadhyay/Contribution/commitpulse/node_modules/@vitest/runner/dist/chunk-artifact.js:2305:20
    at new Promise (<anonymous>)
    at runWithTimeout (file:///home/atulupadhyay/Contribution/commitpulse/node_modules/@vitest/runner/dist/chunk-artifact.js:2272:10)
    at file:///home/atulupadhyay/Contribution/commitpulse/node_modules/@vitest/runner/dist/chunk-artifact.js:2955:64
[31m[ERROR][0m Dashboard error {"error":{}}

stderr | app/(root)/dashboard/error.empty-fallback.test.tsx > Dashboard Error Page - Empty & Missing Input Fallbacks > renders interactive elements correctly in fallback state
{}
[31m[ERROR][0m Dashboard error {"error":{}}

 ✓ app/(root)/dashboard/error.empty-fallback.test.tsx (7 tests) 743ms
     ✓ renders successfully when error is null  465ms
stderr | components/dashboard/ProfileCard.responsive-breakpoints.test.tsx > ProfileCard — content presence under a mocked 375 px matchMedia environment > renders name, username and bio when matchMedia reports a 375 px viewport
React does not recognize the `whileHover` prop on a DOM element. If you intentionally want it to appear in the DOM as a custom attribute, spell it as lowercase `whilehover` instead. If you accidentally passed it from a parent component, remove it from the DOM element.
React does not recognize the `whileTap` prop on a DOM element. If you intentionally want it to appear in the DOM as a custom attribute, spell it as lowercase `whiletap` instead. If you accidentally passed it from a parent component, remove it from the DOM element.

 ✓ components/dashboard/ShareSheet.empty-fallback.test.tsx (5 tests) 2369ms
     ✓ renders without crashing when exportData contains empty arrays  536ms
     ✓ checks key DOM structures to make sure core markers exist even without populated data  1172ms
 ✓ components/dashboard/ProfileCard.responsive-breakpoints.test.tsx (5 tests) 1611ms
     ✓ renders name, username and bio when matchMedia reports a 375 px viewport  456ms
     ✓ share button opens the ShareSheet when clicked  742ms
 ✓ app/contributors/loading.mouse-interactivity.test.tsx (15 tests) 1194ms
     ✓ renders exactly one status landmark  586ms
 ✓ app/reviewform/page.test.tsx (2 tests) 1218ms
     ✓ renders the testimonial submission form  1049ms
 ✓ components/dashboard/VisualizationTooltip.accessibility.test.tsx (5 tests) 933ms
     ✓ 1. checks for correct use of accessible role and semantic coordinates  729ms
 ✓ app/generator/components/sections/SocialsSection.theme-contrast.test.tsx (5 tests) 1609ms
     ✓ renders correctly in light theme with proper structure  305ms
     ✓ ensures text remains visible in light mode (contrast proxy check)  974ms
 ✓ components/InteractiveViewer.mouse-interactivity.test.tsx (5 tests) 1653ms
     ✓ 1. shows tooltip while hovering interactive tower  1005ms
 ✓ components/dashboard/PRInsights/ReviewAnalytics.mock-integrations.test.tsx (5 tests) 750ms
     ✓ 2. tests service loading paths to ensure pending state overlays render  701ms
 ✓ components/dashboard/PRInsights/Highlights.timezone-boundaries.test.tsx (5 tests) 861ms
     ✓ renders PR links with correct href across different timezone contexts  501ms
 ✓ components/dashboard/DeploymentTracker.response-breakpoints.test.tsx (8 tests) 2039ms
     ✓ repo name has truncate + min-w-0 on its wrapper so long names clip instead of breaking layout  1519ms
 ✓ components/dashboard/GrowthTrendChart.test.tsx (14 tests) 909ms
 ✓ app/contributors/ContributorsClient.theme-contrast.test.tsx (5 tests) 1069ms
     ✓ renders CTA buttons with readable foreground and background contrast  611ms
 ✓ app/components/navbar.error-resilience.test.tsx (4 tests) 1874ms
     ✓ renders a static, non-interactive language placeholder before mount, to avoid a hydration mismatch  1057ms
     ✓ renders the real interactive language selector after the mount timer resolves  365ms
stderr | app/layout.accessibility.test.tsx > Layout Accessibility Standards & Screen Reader Compliance > Case 1: renders children content inside the layout structure
In HTML, <html> cannot be a child of <div>.
This will cause a hydration error.

 ✓ app/layout.accessibility.test.tsx (5 tests) 966ms
     ✓ Case 1: renders children content inside the layout structure  417ms
     ✓ Case 2: exposes a semantic navigation landmark  375ms
 ✓ components/KeyboardShortcutsModal.mouse-interactivity.test.tsx (7 tests) 1560ms
     ✓ calls onClose when the ✕ close button is clicked  980ms
 ✓ components/dashboard/ContributionReplay.test.tsx (7 tests) 1660ms
     ✓ renders the header title and description  669ms
     ✓ toggles play/pause state and correctly accumulates commits on tick  400ms
 ✓ components/dashboard/RefreshButton.mouse-interactivity.test.tsx (5 tests) 2397ms
     ✓ renders tooltip title attribute for hover tooltip display  2001ms
stderr | components/dashboard/PRInsights/PRStatusDistribution.accessibility.test.tsx > PRStatusDistribution Accessibility Standards & Screen Reader Aria Compliance > inspects markup for correct use of accessible label coordinates and roles
React does not recognize the `innerRadius` prop on a DOM element. If you intentionally want it to appear in the DOM as a custom attribute, spell it as lowercase `innerradius` instead. If you accidentally passed it from a parent component, remove it from the DOM element.
React does not recognize the `outerRadius` prop on a DOM element. If you intentionally want it to appear in the DOM as a custom attribute, spell it as lowercase `outerradius` instead. If you accidentally passed it from a parent component, remove it from the DOM element.
React does not recognize the `paddingAngle` prop on a DOM element. If you intentionally want it to appear in the DOM as a custom attribute, spell it as lowercase `paddingangle` instead. If you accidentally passed it from a parent component, remove it from the DOM element.
React does not recognize the `dataKey` prop on a DOM element. If you intentionally want it to appear in the DOM as a custom attribute, spell it as lowercase `datakey` instead. If you accidentally passed it from a parent component, remove it from the DOM element.
React does not recognize the `contentStyle` prop on a DOM element. If you intentionally want it to appear in the DOM as a custom attribute, spell it as lowercase `contentstyle` instead. If you accidentally passed it from a parent component, remove it from the DOM element.
React does not recognize the `itemStyle` prop on a DOM element. If you intentionally want it to appear in the DOM as a custom attribute, spell it as lowercase `itemstyle` instead. If you accidentally passed it from a parent component, remove it from the DOM element.

 ✓ components/dashboard/PRInsights/PRStatusDistribution.accessibility.test.tsx (5 tests) 1229ms
     ✓ inspects markup for correct use of accessible label coordinates and roles  744ms
 ✓ app/contributors/ContributorsSearch.mock-integrations.test.tsx (5 tests) 1929ms
     ✓ mocks standard asynchronous imports and databases using stubs  1200ms
     ✓ tests service loading paths to ensure pending state overlays render  346ms
 ✓ components/dashboard/ResumeUpload.mock-integrations.test.tsx (5 tests) 1747ms
     ✓ verifies that successful async upload transitions states correctly  894ms
 ✓ components/dashboard/ActivityLandscape.theme-contrast.test.tsx (5 tests) 1239ms
     ✓ renders successfully in light theme  955ms
 ✓ components/dashboard/VisualizationTooltip.theme-contrast.test.tsx (5 tests) 1294ms
     ✓ applies paired light/dark background and border contrast classes on the tooltip root  1036ms
 ✓ app/not-found.responsive-breakpoints.test.tsx (5 tests) 953ms
     ✓ Check that navigation components scale down gracefully  535ms
 ✓ components/Leaderboard.timezone-boundaries.test.tsx (5 tests) 1047ms
     ✓ 1. mocks standard timezone settings (e.g., UTC, EST, IST, and JST)  706ms
 ✓ components/dashboard/PopularPinnedRepos.empty-fallback.test.tsx (10 tests) 1208ms
     ✓ shows pinned empty-state after switching to pinned when pinnedRepos is empty  801ms
 ✓ app/components/CopyRepoButton.error-resilience.test.tsx (5 tests) 1054ms
     ✓ renders successfully during initial mount  711ms
 ✓ app/(root)/dashboard/error.responsive-breakpoints.test.tsx (5 tests) 1089ms
     ✓ Case 1: mocks standard mobile-width media coordinates correctly  778ms
 ✓ components/dashboard/DeploymentTracker.theme-contrast.test.tsx (16 tests) 1112ms
     ✓ heading text is dark-on-light and light-on-dark  663ms
 ✓ components/dashboard/ShareSheet.timezone-boundaries.test.tsx (5 tests) 682ms
 ✓ app/components/CustomizeCTA.mock-integrations.test.tsx (5 tests) 1411ms
     ✓ renders successfully with mocked services  1275ms
stderr | components/ReturnToTop.accessibility.test.tsx > ReturnToTop Accessibility Standards & Screen Reader Aria Compliance > inspects markup for correct use of accessible label coordinates (role, aria-label, aria-labelledby)
React does not recognize the `whileHover` prop on a DOM element. If you intentionally want it to appear in the DOM as a custom attribute, spell it as lowercase `whilehover` instead. If you accidentally passed it from a parent component, remove it from the DOM element.
React does not recognize the `whileTap` prop on a DOM element. If you intentionally want it to appear in the DOM as a custom attribute, spell it as lowercase `whiletap` instead. If you accidentally passed it from a parent component, remove it from the DOM element.

 ✓ components/dashboard/ResumePreviewForm.test.tsx (5 tests) 1622ms
     ✓ renders initial parsed values  312ms
     ✓ adds a new skill  955ms
 ✓ app/customize/components/ThemeQuickPresets.mock-integration.test.tsx (5 tests) 940ms
     ✓ renders only selectable themes  423ms
     ✓ renders one button for every selectable theme  392ms
 ✓ components/ReturnToTop.accessibility.test.tsx (5 tests) 1898ms
     ✓ inspects markup for correct use of accessible label coordinates (role, aria-label, aria-labelledby)  1210ms
 ✓ app/components/SuccessGuide.theme-contrast.test.tsx (5 tests) 1584ms
     ✓ renders the same fixed dark-themed markup regardless of the active color-scheme preference  319ms
     ✓ confirms the decorative background glow overlay is non-interactive and does not clip foreground text  917ms
 ✓ app/generator/components/ReadmeInsightsPanel.test.tsx (10 tests) 790ms
     ✓ shows up to 4 tips when state is empty  362ms
 ✓ components/ScrollToBottom.error-resilience.test.tsx (6 tests) 1255ms
     ✓ renders without crashing  476ms
     ✓ calls window.scrollTo safely when the button is clicked  674ms
 ✓ app/generator/components/sections/DescriptionSection.responsive-breakpoints.test.tsx (5 tests) 1307ms
     ✓ asserts that columns reflow into standard vertical flex lists  921ms
 ✓ app/api/student/resume/upload/route.mouse-interactivity.test.tsx (5 tests) 879ms
     ✓ 1. triggers simulated mouseenter/hover gestures on active segments  528ms
stderr | components/dashboard/CommitClock.accessibility.test.tsx > CommitClock - Accessibility & Screen Reader Aria Compliance > exposes each weekday group as an img role with a descriptive aria-label
React does not recognize the `whileInView` prop on a DOM element. If you intentionally want it to appear in the DOM as a custom attribute, spell it as lowercase `whileinview` instead. If you accidentally passed it from a parent component, remove it from the DOM element.

 ✓ components/InteractiveViewer.timezone-boundaries.test.tsx (5 tests) 1029ms
     ✓ renders tooltip dates correctly for leap-year activity blocks  950ms
 ✓ components/dashboard/CommitClock.accessibility.test.tsx (5 tests) 1251ms
     ✓ exposes each weekday group as an img role with a descriptive aria-label  333ms
     ✓ announces the tooltip with role="tooltip" and the day title on focus  539ms
 ✓ components/dashboard/HistoricalTrendView.theme-contrast.test.tsx (5 tests) 1703ms
     ✓ renders light mode background classes  879ms
     ✓ renders text content with contrast-aware classes  353ms
 ✓ app/components/FeatureCard.test.tsx (15 tests) 1337ms
       ✓ renders the title inside an <h3>  627ms
 ✓ components/dashboard/PRInsights/RepoPerformanceTable.responsive-breakpoints.test.tsx (5 tests) 1518ms
     ✓ renders inside an overflow-hidden responsive container  439ms
     ✓ uses an overflow-auto table wrapper for smaller viewports  794ms
 ✓ app/customize/components/AdvancedSettingsPanel.accessibility.test.tsx (5 tests) 2001ms
     ✓ 1. verifies that the root container has a region role with a descriptive accessibility label  1384ms
stderr | components/dashboard/PRInsights/TopMetricsRow.accessibility.test.tsx > TopMetricsRow Accessibility Standards & Screen Reader Aria Compliance > renders all metric headings in logical order
React does not recognize the `whileHover` prop on a DOM element. If you intentionally want it to appear in the DOM as a custom attribute, spell it as lowercase `whilehover` instead. If you accidentally passed it from a parent component, remove it from the DOM element.
Unknown event handler property `onHoverStart`. It will be ignored.
Unknown event handler property `onHoverEnd`. It will be ignored.

 ✓ components/dashboard/PRInsights/TopMetricsRow.accessibility.test.tsx (5 tests) 1754ms
     ✓ renders all metric headings in logical order  531ms
     ✓ renders all metric cards without accessibility violations  637ms
 ✓ components/InteractiveViewer.empty-fallback.test.tsx (5 tests) 1577ms
     ✓ renders successfully with null children  997ms
 ✓ app/customize/components/ExportPanel.accessibility.test.tsx (5 tests) 1179ms
     ✓ uses correct accessible label coordinates (aria-label and aria-describedby)  739ms
 ✓ lib/githubtoken.test.ts (3 tests) 509ms
     ✓ decrypts the GitHub token from the JWT cookie  354ms
 ✓ lib/aggregate.large-org.test.ts (5 tests) 1128ms
     ✓ performs aggregation efficiently on large datasets  783ms
 ✓ app/customize/components/AdvancedSettingsPanel.empty-fallback.test.tsx (5 tests) 1106ms
     ✓ handles zero grace days correctly  740ms
 ✓ components/dashboard/StatsCard.error-resilience.test.tsx (5 tests) 1519ms
     ✓ should handle very large chartData arrays without crashing and render chart bars correctly  1079ms
stderr | app/(root)/dashboard/error.mock-integrations.test.tsx > DashboardError - mock integrations > renders pending state overlays/fallback when service layer fails
Error: Service timeout
    at /home/atulupadhyay/Contribution/commitpulse/app/(root)/dashboard/error.mock-integrations.test.tsx:29:35
    at file:///home/atulupadhyay/Contribution/commitpulse/node_modules/@vitest/runner/dist/chunk-artifact.js:302:11
    at file:///home/atulupadhyay/Contribution/commitpulse/node_modules/@vitest/runner/dist/chunk-artifact.js:1903:26
    at file:///home/atulupadhyay/Contribution/commitpulse/node_modules/@vitest/runner/dist/chunk-artifact.js:2326:20
    at new Promise (<anonymous>)
    at runWithCancel (file:///home/atulupadhyay/Contribution/commitpulse/node_modules/@vitest/runner/dist/chunk-artifact.js:2323:10)
    at file:///home/atulupadhyay/Contribution/commitpulse/node_modules/@vitest/runner/dist/chunk-artifact.js:2305:20
    at new Promise (<anonymous>)
    at runWithTimeout (file:///home/atulupadhyay/Contribution/commitpulse/node_modules/@vitest/runner/dist/chunk-artifact.js:2272:10)
    at file:///home/atulupadhyay/Contribution/commitpulse/node_modules/@vitest/runner/dist/chunk-artifact.js:2955:64

stderr | app/(root)/dashboard/error.mock-integrations.test.tsx > DashboardError - mock integrations > triggers specific rate limit fallback when database hits API limit
Error: API limit exceeded
    at /home/atulupadhyay/Contribution/commitpulse/app/(root)/dashboard/error.mock-integrations.test.tsx:37:35
    at file:///home/atulupadhyay/Contribution/commitpulse/node_modules/@vitest/runner/dist/chunk-artifact.js:302:11
    at file:///home/atulupadhyay/Contribution/commitpulse/node_modules/@vitest/runner/dist/chunk-artifact.js:1903:26
    at file:///home/atulupadhyay/Contribution/commitpulse/node_modules/@vitest/runner/dist/chunk-artifact.js:2326:20
    at new Promise (<anonymous>)
    at runWithCancel (file:///home/atulupadhyay/Contribution/commitpulse/node_modules/@vitest/runner/dist/chunk-artifact.js:2323:10)
    at file:///home/atulupadhyay/Contribution/commitpulse/node_modules/@vitest/runner/dist/chunk-artifact.js:2305:20
    at new Promise (<anonymous>)
    at runWithTimeout (file:///home/atulupadhyay/Contribution/commitpulse/node_modules/@vitest/runner/dist/chunk-artifact.js:2272:10)
    at file:///home/atulupadhyay/Contribution/commitpulse/node_modules/@vitest/runner/dist/chunk-artifact.js:2955:64

stderr | app/(root)/dashboard/error.mock-integrations.test.tsx > DashboardError - mock integrations > triggers specific not found fallback when cache returns no user
Error: User not found in cache
    at /home/atulupadhyay/Contribution/commitpulse/app/(root)/dashboard/error.mock-integrations.test.tsx:45:35
    at file:///home/atulupadhyay/Contribution/commitpulse/node_modules/@vitest/runner/dist/chunk-artifact.js:302:11
    at file:///home/atulupadhyay/Contribution/commitpulse/node_modules/@vitest/runner/dist/chunk-artifact.js:1903:26
    at file:///home/atulupadhyay/Contribution/commitpulse/node_modules/@vitest/runner/dist/chunk-artifact.js:2326:20
    at new Promise (<anonymous>)
    at runWithCancel (file:///home/atulupadhyay/Contribution/commitpulse/node_modules/@vitest/runner/dist/chunk-artifact.js:2323:10)
    at file:///home/atulupadhyay/Contribution/commitpulse/node_modules/@vitest/runner/dist/chunk-artifact.js:2305:20
    at new Promise (<anonymous>)
    at runWithTimeout (file:///home/atulupadhyay/Contribution/commitpulse/node_modules/@vitest/runner/dist/chunk-artifact.js:2272:10)
    at file:///home/atulupadhyay/Contribution/commitpulse/node_modules/@vitest/runner/dist/chunk-artifact.js:2955:64

stderr | app/(root)/dashboard/error.mock-integrations.test.tsx > DashboardError - mock integrations > calls reset mechanism for complete cache sync on retry
Error: Service timeout
    at /home/atulupadhyay/Contribution/commitpulse/app/(root)/dashboard/error.mock-integrations.test.tsx:53:35
    at file:///home/atulupadhyay/Contribution/commitpulse/node_modules/@vitest/runner/dist/chunk-artifact.js:302:11
    at file:///home/atulupadhyay/Contribution/commitpulse/node_modules/@vitest/runner/dist/chunk-artifact.js:1903:26
    at file:///home/atulupadhyay/Contribution/commitpulse/node_modules/@vitest/runner/dist/chunk-artifact.js:2326:20
    at new Promise (<anonymous>)
    at runWithCancel (file:///home/atulupadhyay/Contribution/commitpulse/node_modules/@vitest/runner/dist/chunk-artifact.js:2323:10)
    at file:///home/atulupadhyay/Contribution/commitpulse/node_modules/@vitest/runner/dist/chunk-artifact.js:2305:20
    at new Promise (<anonymous>)
    at runWithTimeout (file:///home/atulupadhyay/Contribution/commitpulse/node_modules/@vitest/runner/dist/chunk-artifact.js:2272:10)
    at file:///home/atulupadhyay/Contribution/commitpulse/node_modules/@vitest/runner/dist/chunk-artifact.js:2955:64

stderr | app/(root)/dashboard/error.mock-integrations.test.tsx > DashboardError - mock integrations > writes complete telemetry sync to the mocked logger service
Error: Database retrieval timeout
    at /home/atulupadhyay/Contribution/commitpulse/app/(root)/dashboard/error.mock-integrations.test.tsx:63:22
    at file:///home/atulupadhyay/Contribution/commitpulse/node_modules/@vitest/runner/dist/chunk-artifact.js:302:11
    at file:///home/atulupadhyay/Contribution/commitpulse/node_modules/@vitest/runner/dist/chunk-artifact.js:1903:26
    at file:///home/atulupadhyay/Contribution/commitpulse/node_modules/@vitest/runner/dist/chunk-artifact.js:2326:20
    at new Promise (<anonymous>)
    at runWithCancel (file:///home/atulupadhyay/Contribution/commitpulse/node_modules/@vitest/runner/dist/chunk-artifact.js:2323:10)
    at file:///home/atulupadhyay/Contribution/commitpulse/node_modules/@vitest/runner/dist/chunk-artifact.js:2305:20
    at new Promise (<anonymous>)
    at runWithTimeout (file:///home/atulupadhyay/Contribution/commitpulse/node_modules/@vitest/runner/dist/chunk-artifact.js:2272:10)
    at file:///home/atulupadhyay/Contribution/commitpulse/node_modules/@vitest/runner/dist/chunk-artifact.js:2955:64

 ✓ app/(root)/dashboard/error.mock-integrations.test.tsx (5 tests) 1844ms
     ✓ renders pending state overlays/fallback when service layer fails  1354ms
 ✓ components/ShareButtons.empty-fallback.test.tsx (5 tests) 3601ms
     ✓ renders without crashing when url is an empty string  1959ms
     ✓ handles omitted optional title via default parameter without errors  427ms
     ✓ retains standard layout classes when rendered with empty string url  315ms
     ✓ survives rerender transitions between valid and empty url values  566ms
 ✓ components/dashboard/PRInsights/RepoPerformanceTable.accessibility.test.tsx (5 tests) 5061ms
     ✓ inspects markup for correct table roles and accessible column labels  4760ms
stderr | components/DiscordButton.accessibility.test.tsx > DiscordButton accessibility behavior > renders as an accessible link with visible text
React does not recognize the `whileTap` prop on a DOM element. If you intentionally want it to appear in the DOM as a custom attribute, spell it as lowercase `whiletap` instead. If you accidentally passed it from a parent component, remove it from the DOM element.

 ✓ components/DiscordButton.accessibility.test.tsx (5 tests) 4478ms
     ✓ renders as an accessible link with visible text  4005ms
 ✓ app/generator/components/sections/CommitPulseSection.empty-fallback.test.tsx (5 tests) 5210ms
     ✓ renders successfully with empty parameters and handles missing properties defensively  2170ms
     ✓ handles invalid github username structures and displays format warnings without calling fetch  483ms
     ✓ displays fallback user error notice when fetch resolves with a 404 not found status  657ms
     ✓ handles network API exception rejections gracefully and sets fetchError message without crashing  332ms
     ✓ falls back to transparent preview background when accent color hex is invalid or empty  1517ms
 ✓ components/dashboard/VisualizationTooltip.error-resilience.test.tsx (5 tests) 2427ms
     ✓ maintains hydration stability and renders without crashing under default properties  2180ms
 ✓ app/components/CopyRepoButton.theme-contrast.test.tsx (5 tests) 3472ms
     ✓ includes light mode background and border contrast classes  3275ms
 ✓ app/generator/components/sections/CommitPulseSection.theme-contrast.test.tsx (5 tests) 3462ms
     ✓ renders correctly in light theme with visible primary content  2784ms
 ✓ app/documentation/code-block.mock-integrations.test.tsx (5 tests) 4898ms
     ✓ calls the clipboard service with the provided code  4006ms
     ✓ shows Copied after a successful clipboard write  363ms
 ✓ components/FeatureCards.theme-contrast.test.tsx (5 tests) 681ms
     ✓ maintains heading visibility across themes  473ms
stderr | components/ReturnToTop.mouse-interactivity.test.tsx > ReturnToTop - Interactive Tooltips, Cursor Hovers & Touch Event Propagation > triggers simulated mouseenter/hover gestures on active segments or interactive nodes
React does not recognize the `whileHover` prop on a DOM element. If you intentionally want it to appear in the DOM as a custom attribute, spell it as lowercase `whilehover` instead. If you accidentally passed it from a parent component, remove it from the DOM element.
React does not recognize the `whileTap` prop on a DOM element. If you intentionally want it to appear in the DOM as a custom attribute, spell it as lowercase `whiletap` instead. If you accidentally passed it from a parent component, remove it from the DOM element.

 ✓ components/ReturnToTop.mouse-interactivity.test.tsx (5 tests) 1043ms
     ✓ triggers simulated mouseenter/hover gestures on active segments or interactive nodes  916ms
 ✓ components/dashboard/AIInsights.mock-integrations.test.tsx (5 tests) 795ms
     ✓ renders pending overlay while async service loads insights  762ms
 ✓ app/components/theme-switch.mouse-interactivity.test.tsx (5 tests) 947ms
     ✓ should respond to mouseenter events on the active button layout structure  690ms
stderr | components/dashboard/LanguageChart.mock-integrations.test.tsx > LanguageChart — mock integrations > renders all language names when given typical API-shaped data
React does not recognize the `whileInView` prop on a DOM element. If you intentionally want it to appear in the DOM as a custom attribute, spell it as lowercase `whileinview` instead. If you accidentally passed it from a parent component, remove it from the DOM element.

 ✓ components/dashboard/LanguageChart.mock-integrations.test.tsx (5 tests) 448ms
 ✓ app/components/CustomizeCTA.accessibility.test.tsx (5 tests) 1605ms
     ✓ renders the primary heading for screen readers  1086ms
 ✓ components/dashboard/Achievements.accessibility.test.tsx (5 tests) 1182ms
     ✓ inspects markup for correct use of accessible label coordinates and roles  953ms
 ✓ app/generator/GeneratorClient.responsive-breakpoints.test.tsx (5 tests) 2058ms
     ✓ renders correctly for a standard 375px mobile viewport  512ms
     ✓ stacks editor and preview into vertical columns on mobile  301ms
     ✓ keeps editor and preview panels accessible on smaller viewports  911ms
 ✓ app/contributors/loading.theme-contrast.test.tsx (5 tests) 641ms
     ✓ renders an accessible loading status  539ms
 ✓ app/components/ScrollRestoration.accessibility.test.tsx (5 tests) 805ms
     ✓ renders no DOM nodes that would disrupt screen reader document flow  481ms
 ✓ app/generator/components/EditorPanel.timezone-boundaries.test.tsx (5 tests) 1126ms
     ✓ renders the core form wrapper layout cleanly with structural accessibility markers  847ms
 ✓ components/InteractiveViewer.error-resilience.test.tsx (5 tests) 1459ms
     ✓ renders successfully with minimal content without crashing  1029ms
 ✓ components/dashboard/AIInsightsSkeleton.timezon-boundaries.test.tsx (5 tests) 544ms
stderr | components/dashboard/PRInsights/TopMetricsRow.timezone-boundaries.test.tsx > TopMetricsRow Timezone Normalization & Calendar Data Boundary Alignment > 1. mocks standard timezone settings (e.g., UTC, EST, IST, and JST)
React does not recognize the `whileHover` prop on a DOM element. If you intentionally want it to appear in the DOM as a custom attribute, spell it as lowercase `whilehover` instead. If you accidentally passed it from a parent component, remove it from the DOM element.
Unknown event handler property `onHoverStart`. It will be ignored.
Unknown event handler property `onHoverEnd`. It will be ignored.

 ✓ components/dashboard/PRInsights/TopMetricsRow.timezone-boundaries.test.tsx (5 tests) 904ms
     ✓ 1. mocks standard timezone settings (e.g., UTC, EST, IST, and JST)  592ms
stderr | app/(root)/dashboard/error.accessibility.test.tsx > Dashboard Error Component - Accessibility Standards > should utilize correct accessible elements or roles
Error: Test dashboard error
    at /home/atulupadhyay/Contribution/commitpulse/app/(root)/dashboard/error.accessibility.test.tsx:8:21
    at file:///home/atulupadhyay/Contribution/commitpulse/node_modules/@vitest/runner/dist/chunk-artifact.js:1889:40
    at runWithSuite (file:///home/atulupadhyay/Contribution/commitpulse/node_modules/@vitest/runner/dist/chunk-artifact.js:2258:8)
    at Object.collect (file:///home/atulupadhyay/Contribution/commitpulse/node_modules/@vitest/runner/dist/chunk-artifact.js:1889:10)
    at Object.collect (file:///home/atulupadhyay/Contribution/commitpulse/node_modules/@vitest/runner/dist/chunk-artifact.js:1893:54)
    at processTicksAndRejections (node:internal/process/task_queues:103:5)
    at file:///home/atulupadhyay/Contribution/commitpulse/node_modules/@vitest/runner/dist/chunk-artifact.js:2462:26
    at collectTests (file:///home/atulupadhyay/Contribution/commitpulse/node_modules/@vitest/runner/dist/chunk-artifact.js:2433:3)
    at startTests (file:///home/atulupadhyay/Contribution/commitpulse/node_modules/@vitest/runner/dist/chunk-artifact.js:3278:17)
    at file:///home/atulupadhyay/Contribution/commitpulse/node_modules/vitest/dist/chunks/base.B6Opl8PE.js:90:5
[31m[ERROR][0m Dashboard error {"error":{}}

stderr | app/(root)/dashboard/error.accessibility.test.tsx > Dashboard Error Component - Accessibility Standards > interactive elements like buttons should accept programmatic key focus
Error: Test dashboard error
    at /home/atulupadhyay/Contribution/commitpulse/app/(root)/dashboard/error.accessibility.test.tsx:8:21
    at file:///home/atulupadhyay/Contribution/commitpulse/node_modules/@vitest/runner/dist/chunk-artifact.js:1889:40
    at runWithSuite (file:///home/atulupadhyay/Contribution/commitpulse/node_modules/@vitest/runner/dist/chunk-artifact.js:2258:8)
    at Object.collect (file:///home/atulupadhyay/Contribution/commitpulse/node_modules/@vitest/runner/dist/chunk-artifact.js:1889:10)
    at Object.collect (file:///home/atulupadhyay/Contribution/commitpulse/node_modules/@vitest/runner/dist/chunk-artifact.js:1893:54)
    at processTicksAndRejections (node:internal/process/task_queues:103:5)
    at file:///home/atulupadhyay/Contribution/commitpulse/node_modules/@vitest/runner/dist/chunk-artifact.js:2462:26
    at collectTests (file:///home/atulupadhyay/Contribution/commitpulse/node_modules/@vitest/runner/dist/chunk-artifact.js:2433:3)
    at startTests (file:///home/atulupadhyay/Contribution/commitpulse/node_modules/@vitest/runner/dist/chunk-artifact.js:3278:17)
    at file:///home/atulupadhyay/Contribution/commitpulse/node_modules/vitest/dist/chunks/base.B6Opl8PE.js:90:5
[31m[ERROR][0m Dashboard error {"error":{}}

stderr | app/(root)/dashboard/error.accessibility.test.tsx > Dashboard Error Component - Accessibility Standards > tooltip elements should announce correct accessibility descriptions
Error: Test dashboard error
    at /home/atulupadhyay/Contribution/commitpulse/app/(root)/dashboard/error.accessibility.test.tsx:8:21
    at file:///home/atulupadhyay/Contribution/commitpulse/node_modules/@vitest/runner/dist/chunk-artifact.js:1889:40
    at runWithSuite (file:///home/atulupadhyay/Contribution/commitpulse/node_modules/@vitest/runner/dist/chunk-artifact.js:2258:8)
    at Object.collect (file:///home/atulupadhyay/Contribution/commitpulse/node_modules/@vitest/runner/dist/chunk-artifact.js:1889:10)
    at Object.collect (file:///home/atulupadhyay/Contribution/commitpulse/node_modules/@vitest/runner/dist/chunk-artifact.js:1893:54)
    at processTicksAndRejections (node:internal/process/task_queues:103:5)
    at file:///home/atulupadhyay/Contribution/commitpulse/node_modules/@vitest/runner/dist/chunk-artifact.js:2462:26
    at collectTests (file:///home/atulupadhyay/Contribution/commitpulse/node_modules/@vitest/runner/dist/chunk-artifact.js:2433:3)
    at startTests (file:///home/atulupadhyay/Contribution/commitpulse/node_modules/@vitest/runner/dist/chunk-artifact.js:3278:17)
    at file:///home/atulupadhyay/Contribution/commitpulse/node_modules/vitest/dist/chunks/base.B6Opl8PE.js:90:5
[31m[ERROR][0m Dashboard error {"error":{}}

stderr | app/(root)/dashboard/error.accessibility.test.tsx > Dashboard Error Component - Accessibility Standards > keyboard navigation follows a logical tab ordering path
Error: Test dashboard error
    at /home/atulupadhyay/Contribution/commitpulse/app/(root)/dashboard/error.accessibility.test.tsx:8:21
    at file:///home/atulupadhyay/Contribution/commitpulse/node_modules/@vitest/runner/dist/chunk-artifact.js:1889:40
    at runWithSuite (file:///home/atulupadhyay/Contribution/commitpulse/node_modules/@vitest/runner/dist/chunk-artifact.js:2258:8)
    at Object.collect (file:///home/atulupadhyay/Contribution/commitpulse/node_modules/@vitest/runner/dist/chunk-artifact.js:1889:10)
    at Object.collect (file:///home/atulupadhyay/Contribution/commitpulse/node_modules/@vitest/runner/dist/chunk-artifact.js:1893:54)
    at processTicksAndRejections (node:internal/process/task_queues:103:5)
    at file:///home/atulupadhyay/Contribution/commitpulse/node_modules/@vitest/runner/dist/chunk-artifact.js:2462:26
    at collectTests (file:///home/atulupadhyay/Contribution/commitpulse/node_modules/@vitest/runner/dist/chunk-artifact.js:2433:3)
    at startTests (file:///home/atulupadhyay/Contribution/commitpulse/node_modules/@vitest/runner/dist/chunk-artifact.js:3278:17)
    at file:///home/atulupadhyay/Contribution/commitpulse/node_modules/vitest/dist/chunks/base.B6Opl8PE.js:90:5
[31m[ERROR][0m Dashboard error {"error":{}}

stderr | app/(root)/dashboard/error.accessibility.test.tsx > Dashboard Error Component - Accessibility Standards > headings are structured in a logical hierarchical sequence
Error: Test dashboard error
    at /home/atulupadhyay/Contribution/commitpulse/app/(root)/dashboard/error.accessibility.test.tsx:8:21
    at file:///home/atulupadhyay/Contribution/commitpulse/node_modules/@vitest/runner/dist/chunk-artifact.js:1889:40
    at runWithSuite (file:///home/atulupadhyay/Contribution/commitpulse/node_modules/@vitest/runner/dist/chunk-artifact.js:2258:8)
    at Object.collect (file:///home/atulupadhyay/Contribution/commitpulse/node_modules/@vitest/runner/dist/chunk-artifact.js:1889:10)
    at Object.collect (file:///home/atulupadhyay/Contribution/commitpulse/node_modules/@vitest/runner/dist/chunk-artifact.js:1893:54)
    at processTicksAndRejections (node:internal/process/task_queues:103:5)
    at file:///home/atulupadhyay/Contribution/commitpulse/node_modules/@vitest/runner/dist/chunk-artifact.js:2462:26
    at collectTests (file:///home/atulupadhyay/Contribution/commitpulse/node_modules/@vitest/runner/dist/chunk-artifact.js:2433:3)
    at startTests (file:///home/atulupadhyay/Contribution/commitpulse/node_modules/@vitest/runner/dist/chunk-artifact.js:3278:17)
    at file:///home/atulupadhyay/Contribution/commitpulse/node_modules/vitest/dist/chunks/base.B6Opl8PE.js:90:5
[31m[ERROR][0m Dashboard error {"error":{}}

 ✓ app/(root)/dashboard/error.accessibility.test.tsx (5 tests) 1081ms
     ✓ should utilize correct accessible elements or roles  497ms
stderr | components/DiscordButton.test.tsx > DiscordButton > renders discord invite link with correct href
React does not recognize the `whileTap` prop on a DOM element. If you intentionally want it to appear in the DOM as a custom attribute, spell it as lowercase `whiletap` instead. If you accidentally passed it from a parent component, remove it from the DOM element.

 ✓ components/DiscordButton.test.tsx (8 tests) 1422ms
     ✓ renders discord invite link with correct href  712ms
 ✓ app/not-found.mouse-interactivity.test.tsx (5 tests) 1028ms
     ✓ triggers simulated mouseenter/hover gestures on active segments  603ms
 ✓ app/components/theme-switch.test.tsx (12 tests) 1815ms
     ✓ renders correctly  1044ms
 ✓ components/dashboard/StatsCardSkeleton.accessibility.test.tsx (5 tests) 1368ms
     ✓ has no invalid or broken aria-labelledby references  1021ms
 ✓ app/generator/components/sections/DescriptionSection.error-resilience.test.tsx (5 tests) 1195ms
     ✓ renders safely when value is undefined and falls back to an empty string  648ms
 ✓ components/dashboard/Heatmap.theme-contrast.test.tsx (5 tests) 1446ms
     ✓ renders the themed heatmap card container  1162ms
 ✓ components/dashboard/ResumePreviewForm.mouse-interactivity.test.tsx (5 tests) 1375ms
     ✓ adds skill input via add button click  1052ms
 ✓ app/generator/components/PreviewPanel.error-resilience.test.tsx (5 tests) 1430ms
     ✓ Test 1: should maintain Hydration Stability and render without crashing on initial load  730ms
     ✓ Test 5: should ensure user reset/reload paths are available on the recovery panels  516ms
stderr | components/DiscordButton.mouse-interactivity.test.tsx > DiscordButton - Interactive Tooltips, Cursor Hovers & Touch Event Propagation > fires mouseleave on the anchor without throwing and confirms GSAP reset is attempted
An update to DiscordButton inside a test was not wrapped in act(...).

When testing, code that causes React state updates should be wrapped into act(...):

act(() => {
  /* fire events that update state */
});
/* assert on the output */

This ensures that you're testing the behavior the user would see in the browser. Learn more at https://react.dev/link/wrap-tests-with-act

 ✓ components/DiscordButton.mouse-interactivity.test.tsx (5 tests) 1897ms
     ✓ renders the anchor element with the correct Discord href and external link attributes  1380ms
 ✓ app/api/streak/png/route.mouse-interactivity.test.tsx (5 tests) 1112ms
     ✓ 1. triggers simulated mouseenter/hover gestures on active segments  793ms
 ✓ app/components/CustomizeCTA.error-resilience.test.tsx (5 tests) 1559ms
     ✓ renders successfully during initial mount  1075ms
 ✓ app/customize/components/AdvancedSettingsPanel.responsive-breakpoints.test.tsx (5 tests) 1175ms
     ✓ renders correctly on a mobile viewport (375px)  863ms
 ✓ app/api/og/route.accessibility.test.tsx (5 tests) 1664ms
     ✓ should have correct ARIA roles and accessible labels assigned  1111ms
 ✓ components/dashboard/LanguageChart.accessibility.test.tsx (5 tests) 889ms
     ✓ Inspect markup to check for correct use of accessible label coordinates (role, aria-labelledby, or aria-describedby): region role and labelledby  652ms
 ✓ app/components/FeatureCard.timezone-boundaries.test.tsx (5 tests) 676ms
     ✓ Case 2: verifies layout data binds correctly around leap year transitions  451ms
 ✓ app/generator/components/sections/CommitPulseSection.error-resilience.test.tsx (5 tests) 1116ms
     ✓ 1. Hydration Stability: renders component via SSR+hydration gracefully  305ms
     ✓ 5. Recovery UI: attempts recovery properly upon user interaction  412ms
 ✓ app/not-found.error-resilience.test.tsx (5 tests) 2349ms
     ✓ Renders normally with hydration stability when no exceptions occur  1652ms
 ✓ components/FeatureCards.mouse-interactivity.test.tsx (5 tests) 863ms
     ✓ renders content for hover interaction scenarios  682ms
stderr | components/dashboard/PRInsights/PRInsightsClient.mouse-interactivity.test.tsx > PRInsightsClient Mouse Interactivity > renders interactive dashboard sections after successful data load
The width(-1) and height(-1) of chart should be greater than 0,
       please check the style of container, or the props width(100%) and height(100%),
       or add a minWidth(0) or minHeight(undefined) or use aspect(undefined) to control the
       height and width.

stderr | components/dashboard/PRInsights/PRInsightsClient.mouse-interactivity.test.tsx > PRInsightsClient Mouse Interactivity > propagates click interactions on dashboard widgets
The width(-1) and height(-1) of chart should be greater than 0,
       please check the style of container, or the props width(100%) and height(100%),
       or add a minWidth(0) or minHeight(undefined) or use aspect(undefined) to control the
       height and width.

stderr | components/dashboard/PRInsights/PRInsightsClient.mouse-interactivity.test.tsx > PRInsightsClient Mouse Interactivity > handles mouse enter and mouse leave interactions without crashing
The width(-1) and height(-1) of chart should be greater than 0,
       please check the style of container, or the props width(100%) and height(100%),
       or add a minWidth(0) or minHeight(undefined) or use aspect(undefined) to control the
       height and width.

stderr | components/dashboard/PRInsights/PRInsightsClient.mouse-interactivity.test.tsx > PRInsightsClient Mouse Interactivity > supports touch interaction propagation on mobile devices
The width(-1) and height(-1) of chart should be greater than 0,
       please check the style of container, or the props width(100%) and height(100%),
       or add a minWidth(0) or minHeight(undefined) or use aspect(undefined) to control the
       height and width.

stderr | components/dashboard/PRInsights/PRInsightsClient.mouse-interactivity.test.tsx > PRInsightsClient Mouse Interactivity > renders pointer-enabled interactive widgets for hoverable dashboard actions
The width(-1) and height(-1) of chart should be greater than 0,
       please check the style of container, or the props width(100%) and height(100%),
       or add a minWidth(0) or minHeight(undefined) or use aspect(undefined) to control the
       height and width.

 ✓ components/dashboard/PRInsights/PRInsightsClient.mouse-interactivity.test.tsx (5 tests) 1121ms
     ✓ renders interactive dashboard sections after successful data load  682ms
stderr | components/dashboard/ProfileCard.error-resilience.test.tsx > ProfileCard: Hydration Stability, Exception Safety & Error Fallbacks > Test 3: should assert that target modules render a clean error recovery UI instead of crashing the site
TypeError: Cannot read properties of null (reading 'repositories')
    at ProfileCard (/home/atulupadhyay/Contribution/commitpulse/components/dashboard/ProfileCard.tsx:181:35)
    at Object.react_stack_bottom_frame (/home/atulupadhyay/Contribution/commitpulse/node_modules/react-dom/cjs/react-dom-client.development.js:25904:20)
    at renderWithHooks (/home/atulupadhyay/Contribution/commitpulse/node_modules/react-dom/cjs/react-dom-client.development.js:7662:22)
    at updateFunctionComponent (/home/atulupadhyay/Contribution/commitpulse/node_modules/react-dom/cjs/react-dom-client.development.js:10166:19)
    at beginWork (/home/atulupadhyay/Contribution/commitpulse/node_modules/react-dom/cjs/react-dom-client.development.js:11778:18)
    at runWithFiberInDEV (/home/atulupadhyay/Contribution/commitpulse/node_modules/react-dom/cjs/react-dom-client.development.js:874:13)
    at performUnitOfWork (/home/atulupadhyay/Contribution/commitpulse/node_modules/react-dom/cjs/react-dom-client.development.js:17641:22)
    at workLoopSync (/home/atulupadhyay/Contribution/commitpulse/node_modules/react-dom/cjs/react-dom-client.development.js:17469:41)
    at renderRootSync (/home/atulupadhyay/Contribution/commitpulse/node_modules/react-dom/cjs/react-dom-client.development.js:17450:11)
    at performWorkOnRoot (/home/atulupadhyay/Contribution/commitpulse/node_modules/react-dom/cjs/react-dom-client.development.js:16583:35) {
  [stack]: [Getter/Setter],
  [message]: "Cannot read properties of null (reading 'repositories')"
}

The above error occurred in the <ProfileCard> component.

React will try to recreate this component tree from scratch using the error boundary you provided, MockErrorBoundary.

Telemetry Error Logged: Cannot read properties of null (reading 'repositories')

stderr | components/dashboard/ProfileCard.error-resilience.test.tsx > ProfileCard: Hydration Stability, Exception Safety & Error Fallbacks > Test 5: should ensure user reset/reload paths are available on the recovery panels
TypeError: Cannot read properties of undefined (reading 'username')
    at ProfileCard (/home/atulupadhyay/Contribution/commitpulse/components/dashboard/ProfileCard.tsx:67:12)
    at Object.react_stack_bottom_frame (/home/atulupadhyay/Contribution/commitpulse/node_modules/react-dom/cjs/react-dom-client.development.js:25904:20)
    at renderWithHooks (/home/atulupadhyay/Contribution/commitpulse/node_modules/react-dom/cjs/react-dom-client.development.js:7662:22)
    at updateFunctionComponent (/home/atulupadhyay/Contribution/commitpulse/node_modules/react-dom/cjs/react-dom-client.development.js:10166:19)
    at beginWork (/home/atulupadhyay/Contribution/commitpulse/node_modules/react-dom/cjs/react-dom-client.development.js:11778:18)
    at runWithFiberInDEV (/home/atulupadhyay/Contribution/commitpulse/node_modules/react-dom/cjs/react-dom-client.development.js:874:13)
    at performUnitOfWork (/home/atulupadhyay/Contribution/commitpulse/node_modules/react-dom/cjs/react-dom-client.development.js:17641:22)
    at workLoopSync (/home/atulupadhyay/Contribution/commitpulse/node_modules/react-dom/cjs/react-dom-client.development.js:17469:41)
    at renderRootSync (/home/atulupadhyay/Contribution/commitpulse/node_modules/react-dom/cjs/react-dom-client.development.js:17450:11)
    at performWorkOnRoot (/home/atulupadhyay/Contribution/commitpulse/node_modules/react-dom/cjs/react-dom-client.development.js:16583:35) {
  [stack]: [Getter/Setter],
  [message]: "Cannot read properties of undefined (reading 'username')"
}

The above error occurred in the <ProfileCard> component.

React will try to recreate this component tree from scratch using the error boundary you provided, MockErrorBoundary.

Telemetry Error Logged: Cannot read properties of undefined (reading 'username')

 ✓ components/dashboard/ProfileCard.error-resilience.test.tsx (5 tests) 575ms
     ✓ Test 5: should ensure user reset/reload paths are available on the recovery panels  314ms
 ✓ app/components/SuccessGuide.error-resilience.test.tsx (5 tests) 713ms
     ✓ calls onDismiss handler when close button is clicked without crashing  487ms
 ✓ components/BrandParticles.mock-integrations.test.tsx (5 tests) 1144ms
     ✓ renders successfully with mocked motion services  605ms
 ✓ components/dashboard/AIInsightsSkeleton.accessibility.test.tsx (6 tests) 1084ms
     ✓ allows sequential keyboard tab navigation to bypass the skeleton entirely  693ms
 ✓ components/dashboard/tooltipUtils.accessibility.test.tsx (5 tests) 2379ms
     ✓ renders with role="tooltip" so assistive technologies correctly identify the element  1828ms
 ✓ components/dashboard/PopularPinnnedRepos.mock-integrations.test.tsx (5 tests) 395ms
 ✓ components/dashboard/ResumePreviewForm.empty-fallback.test.tsx (5 tests) 2466ms
     ✓ renders safely with empty parsed resume values  765ms
     ✓ shows empty fallback input fields for missing profile values  1333ms
 ✓ components/dashboard/ResumePreviewForm.accessibility.test.tsx (5 tests) 1388ms
     ✓ checks that the save button is disabled when saving to prevent multiple submissions  941ms
 ✓ components/dashboard/ComparisonStatsCard.responsive-breakpoints.test.tsx (5 tests) 625ms
     ✓ verifies styling values use relative widths preventing horizontal scrollbars on mobile  319ms
 ✓ lib/calculate.responsive-breakpoints.test.ts (5 tests) 902ms
     ✓ mocks standard mobile-width media coordinates (e.g. 375px wide viewports)  385ms
stderr | app/global-error.empty-fallback.test.tsx > Global Error Page - Empty & Missing Input Fallbacks > renders successfully when error is null
In HTML, <html> cannot be a child of <div>.
This will cause a hydration error.

 ✓ app/contributors/loading.empty-fallback.test.tsx (5 tests) 1071ms
     ✓ shows a clear fallback loading state without persistent copy  865ms
 ✓ app/global-error.empty-fallback.test.tsx (6 tests) 1109ms
     ✓ renders successfully when error is null  330ms
     ✓ renders interactive elements and triggers reset correctly in fallback state  566ms
 ✓ components/dashboard/PRInsights/RepoPerformanceTable.theme-contrast.test.tsx (5 tests) 1167ms
     ✓ renders light theme styling classes  438ms
     ✓ keeps table content visible and accessible  637ms
 ✓ components/dashboard/ProfileOptimizerModal.accessibility.test.tsx (5 tests) 1355ms
     ✓ renders the modal heading in a logical hierarchy  887ms
 ✓ components/ScrollToBottom.empty-fallback.test.tsx (6 tests) 1742ms
     ✓ renders nothing on initial mount when scroll position is 0 (page not yet scrolled)  1594ms
 ✓ components/AnimatedCursor.mouse-interactivity.test.tsx (6 tests) 1922ms
     ✓ renders dot and ring cursor elements  442ms
     ✓ applies hover styling on ring when hovering over interactive element  927ms
 ✓ components/dashboard/PRInsights/TopMetricsRow.error-resilience.test.tsx (5 tests) 2144ms
     ✓ renders stably with valid data and never engages the error fallback  590ms
     ✓ catches an unexpected runtime exception thrown by a nested child component  1231ms
 ✓ app/components/CopyRepoButton.mouse-interactivity.test.tsx (5 tests) 1200ms
     ✓ renders copy button  962ms
 ✓ app/components/CustomizeCTA.responsive-v2.test.tsx (5 tests) 1297ms
     ✓ applies the correct responsive spacing and layout bounds to the main container  301ms
     ✓ renders the section header using responsive font sizes from mobile text-2xl to desktop md:text-3xl  883ms
 ✓ components/dashboard/GithubWrapped.test.tsx (8 tests) 970ms
     ✓ renders user name  476ms
 ✓ components/KeyboardShortcutsModal.error-resilience.test.tsx (8 tests) 986ms
     ✓ does not throw when onClose is a no-op function  480ms
 ✓ app/generator/components/SectionCard.responsive-breakpoints.test.tsx (5 tests) 2026ms
     ✓ mocks standard mobile-width media coordinates and renders without crashing  323ms
     ✓ asserts mobile-specific toggle states respond cleanly  1454ms
 ✓ app/components/CopyRepoButton.timezone-boundaries.test.tsx (5 tests) 3107ms
     ✓ renders with the default "Copy URL" label on mount  1402ms
     ✓ resets to "Copy URL" exactly after the 2000 ms timeout boundary  357ms
     ✓ shows "Copy failed" and resets after 2000 ms when the clipboard API rejects  699ms
     ✓ writes the exact repo URL exported from the component to the clipboard  384ms
stderr | components/dashboard/PRInsights/TopMetricsRow.mock-integrations.test.tsx > TopMetricsRow & PRInsights Service Mock Integrations > loads and renders metric values correctly using mocked service layer data
React does not recognize the `whileHover` prop on a DOM element. If you intentionally want it to appear in the DOM as a custom attribute, spell it as lowercase `whilehover` instead. If you accidentally passed it from a parent component, remove it from the DOM element.
Unknown event handler property `onHoverStart`. It will be ignored.
Unknown event handler property `onHoverEnd`. It will be ignored.

 ✓ components/dashboard/PRInsights/TopMetricsRow.mock-integrations.test.tsx (5 tests) 1102ms
     ✓ loads and renders metric values correctly using mocked service layer data  897ms
 ✓ app/(root)/dashboard/error.timezone-boundaries.test.tsx (5 tests) 3070ms
     ✓ Case 1: Mock varying system timezone settings (e.g., America/New_York, Asia/Kolkata, Asia/Tokyo) and assert that date calculations or logged metadata cleanly map errors onto the correct localized bounds  484ms
     ✓ Case 2: Validate grid stability over leap year boundaries (e.g., February 29th) ensuring calendar utilities referenced by the error block parse dates cleanly with zero gaps or structural offset slips  1315ms
     ✓ Case 4: Assert that date formatting strings rendered inside the error view correctly reflect expectations across diverse international locales  437ms
     ✓ Case 5: Verify that calling the component's interactive reset handler under timezone-shifted date footprints cleanses local error thresholds cleanly with 0 unexpected runtime execution failures  603ms
stderr | components/dashboard/PRInsights/PRTrendChart.timezone-boundaries.test.tsx > PRTrendChart Timezone Normalization & Calendar Boundary Alignment > 2. aligns chart labels after switching weekly/monthly views
The tag <stop> is unrecognized in this browser. If you meant to render a React component, start its name with an uppercase letter.
<linearGradient /> is using incorrect casing. Use PascalCase for React components, or lowercase for HTML elements.
The tag <linearGradient> is unrecognized in this browser. If you meant to render a React component, start its name with an uppercase letter.
The tag <defs> is unrecognized in this browser. If you meant to render a React component, start its name with an uppercase letter.

stderr | components/dashboard/PRInsights/PRTrendChart.timezone-boundaries.test.tsx > PRTrendChart Timezone Normalization & Calendar Boundary Alignment > 5. handles daylight saving transition without breaking rendering
<linearGradient /> is using incorrect casing. Use PascalCase for React components, or lowercase for HTML elements.

 ✓ components/dashboard/PRInsights/PRTrendChart.timezone-boundaries.test.tsx (5 tests) 5234ms
     ✓ 2. aligns chart labels after switching weekly/monthly views  4947ms
stderr | components/ReturnToTop.test.tsx > ReturnToTop > renders button with aria-label when visible
React does not recognize the `whileHover` prop on a DOM element. If you intentionally want it to appear in the DOM as a custom attribute, spell it as lowercase `whilehover` instead. If you accidentally passed it from a parent component, remove it from the DOM element.
React does not recognize the `whileTap` prop on a DOM element. If you intentionally want it to appear in the DOM as a custom attribute, spell it as lowercase `whiletap` instead. If you accidentally passed it from a parent component, remove it from the DOM element.

 ✓ components/ReturnToTop.test.tsx (6 tests) 594ms
     ✓ renders button with aria-label when visible  365ms
 ✓ components/dashboard/RefreshButton.mock-integrations.test.tsx (5 tests) 2668ms
     ✓ renders the button in idle state without triggering any async service call on mount  2089ms
     ✓ triggers router push and refresh as async service calls when button is clicked  335ms
 ✓ app/not-found.mock-integrations.test.tsx (5 tests) 1509ms
     ✓ renders initial pending state overlay before MiniGame activation  1277ms
 ✓ components/dashboard/RepositoryGraph.error-resilience.test.tsx (5 tests) 703ms
 ✓ app/components/HeroSection.mock-integrations.test.tsx (5 tests) 1569ms
     ✓ renders static content without making real network calls  920ms
 ✓ components/dashboard/AchievementsSkeleton.mouse-interactivity.test.tsx (5 tests) 1105ms
     ✓ simulates mouse enter/hover events on skeleton cells and triggers hover-state activation callbacks  712ms
 ✓ app/customize/page.keyboard.test.tsx (5 tests) 993ms
 ✓ lib/cache.theme-contrast.test.ts (2 tests) 1191ms
     ✓ ensures theme toggle button remains visible in light mode (contrast proxy check)  1114ms
 ✓ components/dashboard/heatmapUtils.mouse-interactivity.test.ts (5 tests) 1349ms
     ✓ 1. should activate tooltip and compute positioning on cell mouseenter  1030ms
stderr | app/components/FeatureCard.error-resilience.test.tsx > FeatureCard Error Resilience > renders successfully with valid props
React does not recognize the `whileHover` prop on a DOM element. If you intentionally want it to appear in the DOM as a custom attribute, spell it as lowercase `whilehover` instead. If you accidentally passed it from a parent component, remove it from the DOM element.

stderr | app/components/FeatureCard.error-resilience.test.tsx > FeatureCard Error Resilience > hydrates without mismatches
React does not recognize the `whileHover` prop on a DOM element. If you intentionally want it to appear in the DOM as a custom attribute, spell it as lowercase `whilehover` instead. If you accidentally passed it from a parent component, remove it from the DOM element.

stderr | app/components/FeatureCard.error-resilience.test.tsx > FeatureCard Error Resilience > renders recovery UI when a child throws inside an Error Boundary
Error: Icon crashed
    at BrokenIcon (/home/atulupadhyay/Contribution/commitpulse/app/components/FeatureCard.error-resilience.test.tsx:82:13)
    at Object.react_stack_bottom_frame (/home/atulupadhyay/Contribution/commitpulse/node_modules/react-dom/cjs/react-dom-client.development.js:25904:20)
    at renderWithHooks (/home/atulupadhyay/Contribution/commitpulse/node_modules/react-dom/cjs/react-dom-client.development.js:7662:22)
    at updateFunctionComponent (/home/atulupadhyay/Contribution/commitpulse/node_modules/react-dom/cjs/react-dom-client.development.js:10166:19)
    at beginWork (/home/atulupadhyay/Contribution/commitpulse/node_modules/react-dom/cjs/react-dom-client.development.js:11778:18)
    at runWithFiberInDEV (/home/atulupadhyay/Contribution/commitpulse/node_modules/react-dom/cjs/react-dom-client.development.js:874:13)
    at performUnitOfWork (/home/atulupadhyay/Contribution/commitpulse/node_modules/react-dom/cjs/react-dom-client.development.js:17641:22)
    at workLoopSync (/home/atulupadhyay/Contribution/commitpulse/node_modules/react-dom/cjs/react-dom-client.development.js:17469:41)
    at renderRootSync (/home/atulupadhyay/Contribution/commitpulse/node_modules/react-dom/cjs/react-dom-client.development.js:17450:11)
    at performWorkOnRoot (/home/atulupadhyay/Contribution/commitpulse/node_modules/react-dom/cjs/react-dom-client.development.js:16583:35) {
  [stack]: [Getter/Setter],
  [message]: 'Icon crashed'
}

The above error occurred in the <BrokenIcon> component.

React will try to recreate this component tree from scratch using the error boundary you provided, ErrorBoundary.


 ✓ app/components/FeatureCard.error-resilience.test.tsx (5 tests) 829ms
     ✓ renders successfully with valid props  620ms
 ✓ components/dashboard/DashboardSkeleton.empty-fallback.test.tsx (5 tests) 431ms
 ✓ components/FeatureCards.mock-integrations.test.tsx (5 tests) 1038ms
     ✓ renders section heading correctly with mocked integrations  719ms
 ✓ app/api/og/route.mouse-interactivity.test.tsx (5 tests) 1350ms
     ✓ 1. triggers simulated mouseenter/hover gestures on active segments  1125ms
 ✓ components/dashboard/ComparisonStatsCard.mock-integrations.test.tsx (5 tests) 1385ms
     ✓ should successfully render the main component container and accessibilities  929ms
 ✓ app/components/CopyRepoButton.test.tsx (5 tests) 712ms
     ✓ renders with default copy text  515ms
 ✓ app/generator/components/SectionCard.mock-integrations.test.tsx (5 tests) 262ms
 ✓ hooks/useShareActions.accessibility.test.ts (5 tests) 750ms
     ✓ inspects markup to check for correct use of accessible label coordinates (role, aria-labelledby, aria-describedby)  527ms
 ✓ app/contributors/ContributorsSearch.mouse-interactivity.test.tsx (5 tests) 561ms
 ✓ app/components/FeatureCard.empty-fallback.test.tsx (5 tests) 1560ms
     ✓ renders successfully with empty parameter fields and handles empty/null icon  1156ms
 ✓ components/dashboard/AIInsights.responsive-breakpoints.test.tsx (5 tests) 319ms
 ✓ components/dashboard/PRInsights/Highlights.theme-contrast.test.tsx (5 tests) 748ms
     ✓ 2. should assert that the visual elements adapt color styling properly for both settings  497ms
 ✓ app/components/HeroSection.responsive-breakpoints.test.tsx (5 tests) 858ms
     ✓ renders the hero heading with responsive text size classes (mobile default, larger at md breakpoint)  374ms
     ✓ stacks the search form vertically by default and switches to a horizontal row at the sm breakpoint  344ms
 ✓ app/not-found.timezone-boundaries.test.tsx (5 tests) 1066ms
     ✓ Mock standard timezone settings (e.g., UTC, EST, IST, and JST)  510ms
     ✓ Assert calendar date format utility outputs match expectations in each locale  465ms
 ✓ components/dashboard/PopularPinnnedRepos.error-resilience.test.tsx (5 tests) 1304ms
     ✓ 1. Hydration stability: produces identical markup across a fresh mount vs. an async data-arrival re-render  648ms
 ✓ components/CherryBlossom.theme-contrast.test.tsx (5 tests) 335ms
 ✓ components/dashboard/HistoricalTrendView.error-resilience.test.tsx (5 tests) 782ms
     ✓ Encase execution calls in localized boundary elements: safely handles completely empty data arrays without dividing by zero or crashing  433ms
 ✓ app/components/SuccessGuide.empty-fallback.test.tsx (5 tests) 1180ms
     ✓ renders successfully with empty markdown  574ms
     ✓ dismiss button works without errors  328ms
 ✓ app/generator/components/sections/DescriptionSection.mouse-interactivity.test.tsx (5 tests) 867ms
     ✓ allows textarea interaction through mouse click events  569ms
 ✓ app/components/CopyRepoButton.empty-fallback.test.tsx (5 tests) 861ms
     ✓ renders safely without props  732ms
 ✓ components/dashboard/tooltipUtils.mouse-interactivity.test.ts (5 tests) 723ms
     ✓ Case 2: verifies that responsive tooltip layouts display at computed coordinates  523ms
 ✓ components/ShareButtons.test.tsx (5 tests) 949ms
     ✓ renders LinkedIn and Twitter share buttons  743ms
stderr | components/dashboard/CommitClock.error-resilience.test.tsx > CommitClock Error Resilience > renders safely with empty data
React does not recognize the `whileInView` prop on a DOM element. If you intentionally want it to appear in the DOM as a custom attribute, spell it as lowercase `whileinview` instead. If you accidentally passed it from a parent component, remove it from the DOM element.

 ✓ components/dashboard/CommitClock.error-resilience.test.tsx (5 tests) 834ms
     ✓ renders all weekday spokes without runtime failures  687ms
 ✓ components/dashboard/RefreshButton.responsive-breakpoints.test.tsx (5 tests) 1772ms
     ✓ renders refresh button text  469ms
     ✓ renders button element correctly  1169ms
 ✓ app/components/CustomizeCTA.timezone-boundaries.test.tsx (4 tests) 797ms
     ✓ renders identical core UI in UTC timezone  614ms
stderr | app/(root)/dashboard/error.error-resilience.test.tsx > DashboardError - error resilience > renders generic error state
Error: Something went wrong
    at /home/atulupadhyay/Contribution/commitpulse/app/(root)/dashboard/error.error-resilience.test.tsx:33:35
    at file:///home/atulupadhyay/Contribution/commitpulse/node_modules/@vitest/runner/dist/chunk-artifact.js:302:11
    at file:///home/atulupadhyay/Contribution/commitpulse/node_modules/@vitest/runner/dist/chunk-artifact.js:1903:26
    at file:///home/atulupadhyay/Contribution/commitpulse/node_modules/@vitest/runner/dist/chunk-artifact.js:2326:20
    at new Promise (<anonymous>)
    at runWithCancel (file:///home/atulupadhyay/Contribution/commitpulse/node_modules/@vitest/runner/dist/chunk-artifact.js:2323:10)
    at file:///home/atulupadhyay/Contribution/commitpulse/node_modules/@vitest/runner/dist/chunk-artifact.js:2305:20
    at new Promise (<anonymous>)
    at runWithTimeout (file:///home/atulupadhyay/Contribution/commitpulse/node_modules/@vitest/runner/dist/chunk-artifact.js:2272:10)
    at file:///home/atulupadhyay/Contribution/commitpulse/node_modules/@vitest/runner/dist/chunk-artifact.js:2955:64

stderr | app/(root)/dashboard/error.error-resilience.test.tsx > DashboardError - error resilience > renders rate limit UI when API limit error occurs
Error: API limit exceeded
    at /home/atulupadhyay/Contribution/commitpulse/app/(root)/dashboard/error.error-resilience.test.tsx:44:35
    at file:///home/atulupadhyay/Contribution/commitpulse/node_modules/@vitest/runner/dist/chunk-artifact.js:302:11
    at file:///home/atulupadhyay/Contribution/commitpulse/node_modules/@vitest/runner/dist/chunk-artifact.js:1903:26
    at file:///home/atulupadhyay/Contribution/commitpulse/node_modules/@vitest/runner/dist/chunk-artifact.js:2326:20
    at new Promise (<anonymous>)
    at runWithCancel (file:///home/atulupadhyay/Contribution/commitpulse/node_modules/@vitest/runner/dist/chunk-artifact.js:2323:10)
    at file:///home/atulupadhyay/Contribution/commitpulse/node_modules/@vitest/runner/dist/chunk-artifact.js:2305:20
    at new Promise (<anonymous>)
    at runWithTimeout (file:///home/atulupadhyay/Contribution/commitpulse/node_modules/@vitest/runner/dist/chunk-artifact.js:2272:10)
    at file:///home/atulupadhyay/Contribution/commitpulse/node_modules/@vitest/runner/dist/chunk-artifact.js:2955:64

stderr | app/(root)/dashboard/error.error-resilience.test.tsx > DashboardError - error resilience > renders not found UI when user is missing
Error: User not found
    at /home/atulupadhyay/Contribution/commitpulse/app/(root)/dashboard/error.error-resilience.test.tsx:52:35
    at file:///home/atulupadhyay/Contribution/commitpulse/node_modules/@vitest/runner/dist/chunk-artifact.js:302:11
    at file:///home/atulupadhyay/Contribution/commitpulse/node_modules/@vitest/runner/dist/chunk-artifact.js:1903:26
    at file:///home/atulupadhyay/Contribution/commitpulse/node_modules/@vitest/runner/dist/chunk-artifact.js:2326:20
    at new Promise (<anonymous>)
    at runWithCancel (file:///home/atulupadhyay/Contribution/commitpulse/node_modules/@vitest/runner/dist/chunk-artifact.js:2323:10)
    at file:///home/atulupadhyay/Contribution/commitpulse/node_modules/@vitest/runner/dist/chunk-artifact.js:2305:20
    at new Promise (<anonymous>)
    at runWithTimeout (file:///home/atulupadhyay/Contribution/commitpulse/node_modules/@vitest/runner/dist/chunk-artifact.js:2272:10)
    at file:///home/atulupadhyay/Contribution/commitpulse/node_modules/@vitest/runner/dist/chunk-artifact.js:2955:64

stderr | app/(root)/dashboard/error.error-resilience.test.tsx > DashboardError - error resilience > calls reset when Try again is clicked
Error: Something went wrong
    at /home/atulupadhyay/Contribution/commitpulse/app/(root)/dashboard/error.error-resilience.test.tsx:60:35
    at file:///home/atulupadhyay/Contribution/commitpulse/node_modules/@vitest/runner/dist/chunk-artifact.js:302:11
    at file:///home/atulupadhyay/Contribution/commitpulse/node_modules/@vitest/runner/dist/chunk-artifact.js:1903:26
    at file:///home/atulupadhyay/Contribution/commitpulse/node_modules/@vitest/runner/dist/chunk-artifact.js:2326:20
    at new Promise (<anonymous>)
    at runWithCancel (file:///home/atulupadhyay/Contribution/commitpulse/node_modules/@vitest/runner/dist/chunk-artifact.js:2323:10)
    at file:///home/atulupadhyay/Contribution/commitpulse/node_modules/@vitest/runner/dist/chunk-artifact.js:2305:20
    at new Promise (<anonymous>)
    at runWithTimeout (file:///home/atulupadhyay/Contribution/commitpulse/node_modules/@vitest/runner/dist/chunk-artifact.js:2272:10)
    at file:///home/atulupadhyay/Contribution/commitpulse/node_modules/@vitest/runner/dist/chunk-artifact.js:2955:64

stderr | app/(root)/dashboard/error.error-resilience.test.tsx > DashboardError - error resilience > logs error to logger on render
Error: Crash test
    at /home/atulupadhyay/Contribution/commitpulse/app/(root)/dashboard/error.error-resilience.test.tsx:69:17
    at file:///home/atulupadhyay/Contribution/commitpulse/node_modules/@vitest/runner/dist/chunk-artifact.js:302:11
    at file:///home/atulupadhyay/Contribution/commitpulse/node_modules/@vitest/runner/dist/chunk-artifact.js:1903:26
    at file:///home/atulupadhyay/Contribution/commitpulse/node_modules/@vitest/runner/dist/chunk-artifact.js:2326:20
    at new Promise (<anonymous>)
    at runWithCancel (file:///home/atulupadhyay/Contribution/commitpulse/node_modules/@vitest/runner/dist/chunk-artifact.js:2323:10)
    at file:///home/atulupadhyay/Contribution/commitpulse/node_modules/@vitest/runner/dist/chunk-artifact.js:2305:20
    at new Promise (<anonymous>)
    at runWithTimeout (file:///home/atulupadhyay/Contribution/commitpulse/node_modules/@vitest/runner/dist/chunk-artifact.js:2272:10)
    at file:///home/atulupadhyay/Contribution/commitpulse/node_modules/@vitest/runner/dist/chunk-artifact.js:2955:64

 ✓ app/(root)/dashboard/error.error-resilience.test.tsx (5 tests) 1150ms
     ✓ renders generic error state  1075ms
 ✓ components/BrandParticles.accessibility.test.tsx (5 tests) 772ms
 ✓ app/components/Footer.mock-integrations.test.tsx (5 tests) 824ms
 ✓ app/layout.error-resilience.test.tsx (5 tests) 1032ms
     ✓ Test 1: Hydration Stability - renders valid children without crashing and mounts all shell components  437ms
     ✓ Test 5: Reset/Reload Paths - ensures user reset/reload paths are available on recovery panels and functioning  429ms
 ✓ components/CherryBlossom.timezone-boundaries.test.tsx (5 tests) 565ms
 ✓ hooks/useDebounce.error-resilience.test.ts (5 tests) 1108ms
     ✓ ensures user reset/reload paths are available on the recovery panels  616ms
 ✓ components/dashboard/RefreshButton.test.tsx (6 tests) 1742ms
     ✓ has correct aria-label for accessibility  1617ms
 ✓ app/contributors/ContributorsSearch.theme-contrast.test.tsx (5 tests) 1095ms
     ✓ renders light mode contrast classes correctly  497ms
     ✓ applies dark and light border styling on contributor cards  484ms
 ✓ components/TopRivalriesTicker.accessibility.test.tsx (5 tests) 606ms
 ✓ app/components/theme-switch.empty-fallback.test.tsx (5 tests) 587ms
     ✓ renders ThemeToggleButton without props  445ms
 ✓ app/generator/components/sections/DescriptionSection.accessibility.test.tsx (5 tests) 1325ms
     ✓ uses correct accessible label coordinates (role, aria-labelledby, or aria-describedby)  744ms
 ✓ components/BrandParticles.theme-contrast.test.tsx (5 tests) 965ms
     ✓ renders successfully in light mode  338ms
 ✓ components/Leaderboard.test.tsx (8 tests) 852ms
     ✓ renders rank 1, 2, and 3 podium items when there are 3 or more contributors  462ms
 ✓ components/dashboard/PRInsights/PRTrendChart.error-resilience.test.tsx (5 tests) 1129ms
     ✓ 3. provides retry action on recovery panel  769ms
 ✓ app/faq/page.test.tsx (1 test) 1162ms
     ✓ renders readable FAQ copy instead of raw translation keys  1149ms
 ✓ components/dashboard/PRInsights/TopMetricsRow.mouse-interactivity.test.tsx (5 tests) 377ms
stderr | components/DiscordButton.error-resilience.test.tsx > DiscordButton error resilience > renders without crashing
React does not recognize the `whileTap` prop on a DOM element. If you intentionally want it to appear in the DOM as a custom attribute, spell it as lowercase `whiletap` instead. If you accidentally passed it from a parent component, remove it from the DOM element.

 ✓ components/DiscordButton.error-resilience.test.tsx (5 tests) 961ms
     ✓ renders the discord link even when animations are mocked  631ms
 ✓ components/ShareButtons.accessibility.test.tsx (5 tests) 1100ms
     ✓ provides an accessible label for the LinkedIn share link  935ms
 ✓ components/dashboard/RefreshButton.accessibility.test.tsx (5 tests) 1566ms
     ✓ has correct aria-label for screen readers  1384ms
 ✓ app/components/HeroSection.theme-contrast.test.tsx (5 tests) 1593ms
     ✓ includes dark mode classes on interactive controls  1266ms
 ✓ app/template.responsive-breakpoints.test.tsx (5 tests) 1473ms
     ✓ Case 4: Asserts mobile-specific toggle states respond cleanly  1232ms
 ✓ components/AnimatedCursor.mock-integrations.test.tsx (5 tests) 871ms
     ✓ registers browser event services and starts animation loop on mount  614ms
 ✓ app/documentation/code-block.responsive-breakpoints.test.tsx (5 tests) 693ms
     ✓ should ensure the code block wrapper utilizes responsive styles without hardcoded absolute clipping dimensions  353ms
 ✓ app/(root)/dashboard/layout.timezone-boundaries.test.tsx (2 tests) 892ms
     ✓ maintains structural integrity across varying timezones  834ms
 ✓ app/generator/components/sections/DescriptionSection.empty-fallback.test.tsx (5 tests) 1634ms
     ✓ renders without runtime errors when value is an empty string  349ms
     ✓ displays placeholder text and empty value in the empty state  743ms
stdout | app/api/streak/tests/dateRange.test.ts > GET /api/streak dateRange parameter > returns 200 OK and SVG headers for a valid standard dateRange (from/to)
[32m[INFO][0m Incoming streak request {"source":"streak","user":"octocat","view":"default","requestId":"62ccda76-386e-404c-acbf-46623fdf4a44"}

stdout | app/api/streak/tests/dateRange.test.ts > GET /api/streak dateRange parameter > returns 200 OK and SVG headers for a valid standard dateRange (from/to)
[32m[INFO][0m Streak request completed {"source":"streak","user":"octocat","view":"default","format":"svg","status":200,"durationMs":231,"requestId":"62ccda76-386e-404c-acbf-46623fdf4a44"}

stdout | app/api/streak/tests/dateRange.test.ts > GET /api/streak dateRange parameter > applies custom dateRange and affects rendered month labels (body content changes)
[32m[INFO][0m Incoming streak request {"source":"streak","user":"octocat","view":"default","requestId":"95b8157d-12d6-4c06-9100-a90464cbc374"}

stdout | app/api/streak/tests/dateRange.test.ts > GET /api/streak dateRange parameter > applies custom dateRange and affects rendered month labels (body content changes)
[32m[INFO][0m Streak request completed {"source":"streak","user":"octocat","view":"default","format":"svg","status":200,"durationMs":6,"requestId":"95b8157d-12d6-4c06-9100-a90464cbc374"}

stdout | app/api/streak/tests/dateRange.test.ts > GET /api/streak dateRange parameter > omitted dateRange falls back to default parsing and still renders safely
[32m[INFO][0m Incoming streak request {"source":"streak","user":"octocat","view":"default","requestId":"ff6bbbbf-0698-4c0c-a858-9ddcc75e0442"}

stdout | app/api/streak/tests/dateRange.test.ts > GET /api/streak dateRange parameter > omitted dateRange falls back to default parsing and still renders safely
[32m[INFO][0m Streak request completed {"source":"streak","user":"octocat","view":"default","format":"svg","status":200,"durationMs":1,"requestId":"ff6bbbbf-0698-4c0c-a858-9ddcc75e0442"}

stdout | app/api/streak/tests/dateRange.test.ts > GET /api/streak dateRange parameter > invalid dateRange formats return a validation error without crashing
[32m[INFO][0m Incoming streak request {"source":"streak","requestId":"6034e494-aa14-4c92-97ea-ee3c5ed6e034"}

stdout | app/api/streak/tests/dateRange.test.ts > GET /api/streak dateRange parameter > sets sensible Cache-Control and Content-Type headers for SVG output
[32m[INFO][0m Incoming streak request {"source":"streak","user":"octocat","view":"default","requestId":"44bf0bbe-a5dc-496c-be44-abab8b6a6849"}

stdout | app/api/streak/tests/dateRange.test.ts > GET /api/streak dateRange parameter > sets sensible Cache-Control and Content-Type headers for SVG output
[32m[INFO][0m Streak request completed {"source":"streak","user":"octocat","view":"default","format":"svg","status":200,"durationMs":9,"requestId":"44bf0bbe-a5dc-496c-be44-abab8b6a6849"}

 ✓ components/BrandParticles.responsive-breakpoints.test.tsx (5 tests) 1271ms
     ✓ handles isolated mounting clean inside a 375px mobile viewport configuration  519ms
 ✓ app/api/streak/tests/dateRange.test.ts (5 tests) 1252ms
     ✓ returns 200 OK and SVG headers for a valid standard dateRange (from/to)  1028ms
 ✓ components/dashboard/RefreshButton.empty-fallback.test.tsx (5 tests) 1172ms
     ✓ renders button when username is empty  825ms
 ✓ app/api/compare/tests/comparisonStats.test.ts (5 tests) 1937ms
     ✓ returns 200 and JSON structure for valid dual-profile comparison  1820ms
stderr | components/dashboard/AIInsights.accessibility.test.tsx > AIInsights Accessibility > renders a semantic heading for screen readers
React does not recognize the `whileInView` prop on a DOM element. If you intentionally want it to appear in the DOM as a custom attribute, spell it as lowercase `whileinview` instead. If you accidentally passed it from a parent component, remove it from the DOM element.

 ✓ components/dashboard/AIInsights.accessibility.test.tsx (5 tests) 1520ms
     ✓ renders a semantic heading for screen readers  1213ms
 ✓ components/dashboard/DeploymentTracker.mock-integrations.test.tsx (6 tests) 2241ms
     ✓ renders correctly when fed a GitHub-Actions-shaped payload via a fetch-based parent  1416ms
stderr | app/components/FeatureCard.accessibility.test.tsx > FeatureCard — Accessibility & Screen Reader Compliance > renders card as an article landmark labeled by its heading
React does not recognize the `whileHover` prop on a DOM element. If you intentionally want it to appear in the DOM as a custom attribute, spell it as lowercase `whilehover` instead. If you accidentally passed it from a parent component, remove it from the DOM element.

 ✓ app/components/FeatureCard.accessibility.test.tsx (5 tests) 2355ms
     ✓ renders card as an article landmark labeled by its heading  2013ms
 ✓ components/dashboard/VisualizationTooltip.mouse-interactivity.test.tsx (5 tests) 2608ms
     ✓ 1. triggers simulated mouseenter/hover gestures and maps to state  1770ms
     ✓ 2. verifies that responsive tooltip layouts display at computed coordinates on hover  326ms
     ✓ 3. tests custom click/touch gestures and ensures click events propagate correctly  411ms
 ✓ components/KeyboardShortcutsModal.empty-fallback.test.tsx (8 tests) 3933ms
     ✓ renders nothing (returns null) when isOpen is false  478ms
     ✓ does not render the dialog heading when closed  585ms
     ✓ transitions from hidden to visible when isOpen changes from false to true  2245ms
 ✓ components/dashboard/ResumeUpload.mouse-interactivity.test.tsx (5 tests) 8985ms
     ✓ applies cursor-pointer styling to the upload dropzone  3683ms
     ✓ opens file picker when upload dropzone is clicked  4291ms
     ✓ applies active drag styling on drag enter and drag over  809ms
 ✓ components/dashboard/AIInsightsSkeleton.error-resilience.test.tsx (5 tests) 3862ms
     ✓ should render clean accessible containers matching standard accessibility trees  2891ms
     ✓ should survive map iterations gracefully even if global array prototypes are altered  461ms
stderr | components/dashboard/Achievements.empty-fallback.test.tsx > Achievements - Empty/Missing Inputs > renders successfully with an empty achievements array
React does not recognize the `whileInView` prop on a DOM element. If you intentionally want it to appear in the DOM as a custom attribute, spell it as lowercase `whileinview` instead. If you accidentally passed it from a parent component, remove it from the DOM element.

 ✓ components/dashboard/Achievements.empty-fallback.test.tsx (5 tests) 889ms
     ✓ renders toggle button when achievements exceed four items  587ms
 ✓ components/dashboard/CommitClock.mouse-interactivity.test.tsx (5 tests) 1004ms
     ✓ shows tooltip on mouse enter  345ms
 ✓ components/dashboard/ActivityLandscape.empty-fallback.test.tsx (5 tests) 694ms
     ✓ renders successfully with an empty data array  573ms
 ✓ components/DiscordButton.type-compiler.test.tsx (5 tests) 1143ms
     ✓ compiles and renders without error  930ms
stderr | components/ReturnToTop.timezone-boundaries.test.tsx > ReturnToTop Timezone Normalization & Calendar Data Boundary Alignment > 1. mocks standard timezone settings (UTC, EST, IST, JST) while the button mounts correctly
React does not recognize the `whileHover` prop on a DOM element. If you intentionally want it to appear in the DOM as a custom attribute, spell it as lowercase `whilehover` instead. If you accidentally passed it from a parent component, remove it from the DOM element.
React does not recognize the `whileTap` prop on a DOM element. If you intentionally want it to appear in the DOM as a custom attribute, spell it as lowercase `whiletap` instead. If you accidentally passed it from a parent component, remove it from the DOM element.

 ✓ components/ReturnToTop.timezone-boundaries.test.tsx (5 tests) 545ms
     ✓ 1. mocks standard timezone settings (UTC, EST, IST, JST) while the button mounts correctly  467ms
 ✓ components/dashboard/StatsCardSkeleton.mouse-interactivity.test.tsx (5 tests) 1577ms
     ✓ triggers mouseenter and mouseleave on the skeleton container without errors  1006ms
 ✓ lib/i18n/badgeLabels.empty-fallback.test.ts (5 tests) 711ms
     ✓ Case 3: Assert standard CSS/style classes or properties remain intact on the default empty container element layout state  445ms
 ✓ components/dashboard/GrowthTrendChart.timezone-boundaries.test.tsx (5 tests) 867ms
     ✓ 1. Timezone Normalization Across Regions: ensures system instants resolve to appropriate timezone-specific month ranges  351ms
 ✓ app/customize/components/ExportPanel.responsive-breakpoints.test.tsx (4 tests) 305ms
 ✓ components/TopRivalriesTicker.responsive-breakpoints.test.tsx (5 tests) 942ms
 ✓ components/dashboard/RefreshButton.timezone-boundaries.test.tsx (5 tests) 1220ms
     ✓ 1. mocks standard timezone settings (e.g., UTC, EST, IST, and JST)  1049ms
 ✓ app/(root)/dashboard/layout.accessibility.test.tsx (5 tests) 666ms
     ✓ renders the main landmark element  457ms
 ✓ components/dashboard/AIInsightsSkeleton.responsive-breakpoints.test.tsx (5 tests) 403ms
 ✓ app/compare/CompareClient.error-resilience.test.tsx (5 tests) 768ms
     ✓ Test 5: should ensure user reset/reload paths are available on the recovery panels  463ms
 ✓ app/components/theme-switch.theme-contrast.test.tsx (5 tests) 1198ms
     ✓ renders toggle button in light theme environment  796ms
 ✓ components/dashboard/PRInsights/ReviewAnalytics.accessibility.test.tsx (5 tests) 940ms
     ✓ renders the analytics heading  670ms
 ✓ app/generator/GeneratorClient.error-resilience.test.tsx (5 tests) 270ms
 ✓ app/generator/components/SectionCard.theme-contrast.test.tsx (6 tests) 672ms
     ✓ toggles content visibility when the header button is clicked  460ms
stderr | components/dashboard/AIInsights.theme-contrast.test.tsx > AIInsights - Theme Contrast & Visual Cohesion > renders correctly in light theme with proper structure
React does not recognize the `whileInView` prop on a DOM element. If you intentionally want it to appear in the DOM as a custom attribute, spell it as lowercase `whileinview` instead. If you accidentally passed it from a parent component, remove it from the DOM element.

 ✓ components/GithubAuthButton.test.tsx (5 tests) 980ms
     ✓ renders "Sign in with GitHub" when there is no session  773ms
 ✓ components/dashboard/AIInsights.theme-contrast.test.tsx (5 tests) 1040ms
     ✓ ensures text remains visible in light mode (contrast proxy check)  690ms
 ✓ components/dashboard/PRInsights/Highlights.mouse-interactivity.test.tsx (5 tests) 570ms
     ✓ 1. triggers simulated mouseenter/hover gestures on active segments or interactive nodes  378ms
 ✓ components/ReturnToTop.responsive-breakpoints.test.tsx (5 tests) 1545ms
     ✓ uses standard mobile media coordinates and edge-safe positioning  1240ms
 ✓ hooks/useGitHubUserExists.test.ts (6 tests) 357ms
 ✓ app/generator/data/technologies.theme-contrast.test.tsx (5 tests) 1760ms
     ✓ 1. should emulate both dark and light presets  641ms
     ✓ 3. should verify contrast ratio standards are satisfied for all textual elements  418ms
 ✓ components/TopRivalriesTicker.timezone-boundaries.test.tsx (5 tests) 466ms
 ✓ app/generator/components/sections/TechnologyGraph.timezone-boundaries.test.tsx (5 tests) 1801ms
     ✓ 1. renders successfully with mocked timezone offset configurations  949ms
 ✓ components/AnimatedCursor.theme-contrast.test.tsx (5 tests) 455ms
 ✓ components/dashboard/ActivityLandscape.test.tsx (7 tests) 1671ms
   ✓ renders Activity Landscape heading  421ms
   ✓ shows pointer cursor styling on timeframe tabs  359ms
   ✓ activates 1W tab when clicked  309ms
 ✓ components/dashboard/ContributionCity3D.mock-integration.test.tsx (10 tests) 761ms
 ✓ components/dashboard/ResumeUpload.timezone-boundaries.test.tsx (5 tests) 1089ms
     ✓ should preserve resume dates consistently when parsed from different timezone contexts  770ms
 ✓ app/documentation/code-block.error-resilience.test.tsx (5 tests) 934ms
     ✓ Test 1: should catch runtime exceptions in nested child components using an Error Boundary  318ms
     ✓ Test 5: should gracefully handle clipboard API rejection errors without crashing  487ms
 ✓ components/dashboard/AchievementsSkeleton.error-resilience.test.tsx (5 tests) 867ms
     ✓ renders a clean error recovery UI representation instead of crashing the page  354ms
 ✓ app/components/CopyRepoButton.responsive-breakpoints.test.tsx (5 tests) 1528ms
     ✓ mocks standard mobile-width media coordinates correctly  1237ms
 ✓ components/ReturnToTop.mock-integrations.test.tsx (5 tests) 1741ms
     ✓ Case 1: Mock standard asynchronous imports and databases using stubs and verify scrolling state loading  1414ms
 ✓ app/generator/components/sections/DescriptionSection.theme-contrast.test.tsx (5 tests) 1364ms
     ✓ renders correctly in light theme with proper structure  423ms
     ✓ ensures text remains visible in light mode (contrast proxy check)  771ms
 ✓ components/commitpulse-logo.error-resilience.test.tsx (5 tests) 1125ms
     ✓ provides a retry path and invokes reset handling  463ms
 ✓ hooks/useDebounce.mouse-interactivity.test.tsx (5 tests) 885ms
     ✓ shows tooltip after mouseenter debounce delay  747ms
stderr | components/dashboard/PRInsights/TopMetricsRow.empty-fallback.test.tsx > TopMetricsRow Empty/Missing Inputs Verification > renders successfully with zero-value metrics without crashing
React does not recognize the `whileHover` prop on a DOM element. If you intentionally want it to appear in the DOM as a custom attribute, spell it as lowercase `whilehover` instead. If you accidentally passed it from a parent component, remove it from the DOM element.
Unknown event handler property `onHoverStart`. It will be ignored.
Unknown event handler property `onHoverEnd`. It will be ignored.

 ✓ components/dashboard/PRInsights/TopMetricsRow.empty-fallback.test.tsx (5 tests) 528ms
 ✓ app/components/Footer.timezone-boundaries.test.tsx (5 tests) 817ms
 ✓ components/DiscordButton.timezone-boundaries.test.tsx (5 tests) 2207ms
     ✓ renders correctly  1827ms
 ✓ components/FeatureCards.accessibility.test.tsx (5 tests) 1275ms
     ✓ renders the primary section heading  992ms
 ✓ components/DiscordButton.mock-integrations.test.tsx (5 tests) 777ms
     ✓ renders integration link correctly  646ms
 ✓ app/components/CustomizeCTA.empty-fallback.test.tsx (5 tests) 544ms
     ✓ renders CTA button even when translations are null-like  434ms
 ✓ components/ReturnToTop.error-resilience.test.tsx (5 tests) 583ms
 ✓ components/AnimatedCursor.responsive-breakpoints.test.tsx (5 tests) 636ms
     ✓ 1. renders correctly on mobile viewport  359ms
 ✓ app/api/og/route.theme-contrast.test.tsx (5 tests) 343ms
 ✓ app/components/SuccessGuide.mock-integrations.test.tsx (5 tests) 544ms
     ✓ renders a pending state overlay while the async service is loading  347ms
 ✓ lib/svg/themes.empty-fallback.test.ts (5 tests) 629ms
     ✓ Case 1: Render with null/undefined theme parameters and verify fallback to default "dark" theme constants  428ms
 ✓ components/dashboard/VisualizationTooltip.responsive-breakpoints.test.tsx (5 tests) 1081ms
     ✓ renders correctly on a mobile-width viewport  972ms
 ✓ components/BrandParticles.empty-fallback.test.tsx (5 tests) 1383ms
     ✓ renders stably when parameters or option configs are completely empty  630ms
     ✓ displays a fallback structure consisting of standard particle layers even with zero initial inputs  365ms
 ✓ components/dashboard/GithubWrapped.timezone-boundaries.test.tsx (5 tests) 701ms
     ✓ renders correctly in UTC timezone  335ms
 ✓ components/commitpulse-logo.mock-integrations.test.tsx (5 tests) 395ms
 ✓ components/CherryBlossom.accessibility.test.tsx (5 tests) 805ms
 ✓ components/dashboard/GithubWrapped.responsive-breakpoints.test.tsx (5 tests) 1164ms
     ✓ renders safely on mobile viewport width  605ms
 ✓ components/GithubAuthButton.accessibility.test.tsx (6 tests) 2668ms
     ✓ renders a native <button> element — keyboard and screen reader accessible by default  2336ms
 ✓ components/dashboard/VisualizationTooltip.empty-fallback.test.tsx (5 tests) 3871ms
     ✓ renders without runtime errors when children is null  2956ms
 ✓ app/contributors/loading.accessibility.test.tsx (5 tests) 1703ms
     ✓ exposes the loading state through a screen-reader status region  1433ms
 ✓ components/dashboard/RepositoryGraph.test.tsx (7 tests) 1696ms
     ✓ renders the empty state if data has 1 or fewer nodes  426ms
     ✓ displays a tooltip on node hover  441ms
 ✓ components/dashboard/ResumeUpload.responsive-breakpoints.test.tsx (5 tests) 1848ms
     ✓ renders correctly on mobile viewport  637ms
     ✓ supports narrow mobile widths without crashing  882ms
 ✓ components/TopRivalriesTicker.test.tsx (2 tests) 696ms
     ✓ renders the component and mock rivalries  435ms
 ✓ components/dashboard/StatsCard.mouse-interactivity.test.tsx (5 tests) 561ms
 ✓ components/CherryBlossom.responsive-breakpoints.test.tsx (5 tests) 2940ms
     ✓ verifies overlay viewport coverage and non-blocking layout across screen sizes  425ms
     ✓ asserts background branches are absolutely positioned to anchor at viewport corners  600ms
     ✓ verifies fluid responsive units (vw/vh) are used for petal coordinates and motion paths  1089ms
     ✓ verifies render count stability of petals under simulated mobile, tablet, and desktop viewports  601ms
 ✓ components/dashboard/LanguageChart.responsive-breakpoints.test.tsx (5 tests) 449ms
 ✓ app/customize/components/ExportPanel.mock-integration.test.tsx (5 tests) 313ms
stdout | app/api/streak/tests/grace.test.ts > Grace Parameter Integration Tests > Test 1: Valid grace parameter parsing and rendering (grace=0) > should return 200 with valid SVG when grace=0 is provided
[32m[INFO][0m Incoming streak request {"source":"streak","user":"octocat","view":"default","requestId":"87b9abe1-d4cf-419e-8ab4-60f7d54c5837"}

stdout | app/api/streak/tests/grace.test.ts > Grace Parameter Integration Tests > Test 1: Valid grace parameter parsing and rendering (grace=0) > should return 200 with valid SVG when grace=0 is provided
[32m[INFO][0m Streak request completed {"source":"streak","user":"octocat","view":"default","format":"svg","status":200,"durationMs":49,"requestId":"87b9abe1-d4cf-419e-8ab4-60f7d54c5837"}

stdout | app/api/streak/tests/grace.test.ts > Grace Parameter Integration Tests > Test 1: Valid grace parameter parsing and rendering (grace=0) > should include proper Cache-Control header for grace=0 response
[32m[INFO][0m Incoming streak request {"source":"streak","user":"octocat","view":"default","requestId":"1309d253-a7a3-4b24-a6c6-c73d71bf1079"}

stdout | app/api/streak/tests/grace.test.ts > Grace Parameter Integration Tests > Test 1: Valid grace parameter parsing and rendering (grace=0) > should include proper Cache-Control header for grace=0 response
[32m[INFO][0m Streak request completed {"source":"streak","user":"octocat","view":"default","format":"svg","status":200,"durationMs":6,"requestId":"1309d253-a7a3-4b24-a6c6-c73d71bf1079"}

stdout | app/api/streak/tests/grace.test.ts > Grace Parameter Integration Tests > Test 1: Valid grace parameter parsing and rendering (grace=0) > should include Content-Security-Policy header for SVG safety
[32m[INFO][0m Incoming streak request {"source":"streak","user":"octocat","view":"default","requestId":"af271486-34e0-4fbf-86be-da1be2217af0"}

stdout | app/api/streak/tests/grace.test.ts > Grace Parameter Integration Tests > Test 1: Valid grace parameter parsing and rendering (grace=0) > should include Content-Security-Policy header for SVG safety
[32m[INFO][0m Streak request completed {"source":"streak","user":"octocat","view":"default","format":"svg","status":200,"durationMs":1,"requestId":"af271486-34e0-4fbf-86be-da1be2217af0"}

stdout | app/api/streak/tests/grace.test.ts > Grace Parameter Integration Tests > Test 2: Maximum valid grace parameter (grace=7) > should return 200 with valid SVG when grace=7 is provided
[32m[INFO][0m Incoming streak request {"source":"streak","user":"octocat","view":"default","requestId":"7ee066cd-88fd-4948-8c7b-23da5b3e5ee5"}

stdout | app/api/streak/tests/grace.test.ts > Grace Parameter Integration Tests > Test 2: Maximum valid grace parameter (grace=7) > should return 200 with valid SVG when grace=7 is provided
[32m[INFO][0m Streak request completed {"source":"streak","user":"octocat","view":"default","format":"svg","status":200,"durationMs":5,"requestId":"7ee066cd-88fd-4948-8c7b-23da5b3e5ee5"}

stdout | app/api/streak/tests/grace.test.ts > Grace Parameter Integration Tests > Test 2: Maximum valid grace parameter (grace=7) > should allow streak to persist through grace period with grace=7
[32m[INFO][0m Incoming streak request {"source":"streak","user":"octocat","view":"default","requestId":"8fc95bfa-0431-4c04-b09c-e81b7bba7870"}

stdout | app/api/streak/tests/grace.test.ts > Grace Parameter Integration Tests > Test 2: Maximum valid grace parameter (grace=7) > should allow streak to persist through grace period with grace=7
[32m[INFO][0m Streak request completed {"source":"streak","user":"octocat","view":"default","format":"svg","status":200,"durationMs":5,"requestId":"8fc95bfa-0431-4c04-b09c-e81b7bba7870"}

stdout | app/api/streak/tests/grace.test.ts > Grace Parameter Integration Tests > Test 3: Invalid grace parameter values (out of range and non-integer) > should clamp grace=-1 to 0 and return 200
[32m[INFO][0m Incoming streak request {"source":"streak","user":"octocat","view":"default","requestId":"68348f0d-f45f-4fb4-a285-62555de3e6c2"}

stdout | app/api/streak/tests/grace.test.ts > Grace Parameter Integration Tests > Test 3: Invalid grace parameter values (out of range and non-integer) > should clamp grace=-1 to 0 and return 200
[32m[INFO][0m Streak request completed {"source":"streak","user":"octocat","view":"default","format":"svg","status":200,"durationMs":5,"requestId":"68348f0d-f45f-4fb4-a285-62555de3e6c2"}

stdout | app/api/streak/tests/grace.test.ts > Grace Parameter Integration Tests > Test 3: Invalid grace parameter values (out of range and non-integer) > should clamp grace=8 to 7 and return 200
[32m[INFO][0m Incoming streak request {"source":"streak","user":"octocat","view":"default","requestId":"07272a22-ad5b-4953-893e-4877232c45bd"}

stdout | app/api/streak/tests/grace.test.ts > Grace Parameter Integration Tests > Test 3: Invalid grace parameter values (out of range and non-integer) > should clamp grace=8 to 7 and return 200
[32m[INFO][0m Streak request completed {"source":"streak","user":"octocat","view":"default","format":"svg","status":200,"durationMs":5,"requestId":"07272a22-ad5b-4953-893e-4877232c45bd"}

stdout | app/api/streak/tests/grace.test.ts > Grace Parameter Integration Tests > Test 3: Invalid grace parameter values (out of range and non-integer) > should call GitHub API even when grace is out of range (clamped)
[32m[INFO][0m Incoming streak request {"source":"streak","user":"octocat","view":"default","requestId":"9732fc89-72af-4897-a1b3-620b12f791e1"}

stdout | app/api/streak/tests/grace.test.ts > Grace Parameter Integration Tests > Test 3: Invalid grace parameter values (out of range and non-integer) > should call GitHub API even when grace is out of range (clamped)
[32m[INFO][0m Streak request completed {"source":"streak","user":"octocat","view":"default","format":"svg","status":200,"durationMs":2,"requestId":"9732fc89-72af-4897-a1b3-620b12f791e1"}

stdout | app/api/streak/tests/grace.test.ts > Grace Parameter Integration Tests > Test 4: Default grace value and fallback behavior > should default to grace=1 when grace parameter is missing
[32m[INFO][0m Incoming streak request {"source":"streak","user":"octocat","view":"default","requestId":"183a4768-683c-4e97-8749-e9db3fe141d6"}

stdout | app/api/streak/tests/grace.test.ts > Grace Parameter Integration Tests > Test 4: Default grace value and fallback behavior > should default to grace=1 when grace parameter is missing
[32m[INFO][0m Streak request completed {"source":"streak","user":"octocat","view":"default","format":"svg","status":200,"durationMs":2,"requestId":"183a4768-683c-4e97-8749-e9db3fe141d6"}

stdout | app/api/streak/tests/grace.test.ts > Grace Parameter Integration Tests > Test 4: Default grace value and fallback behavior > should handle empty grace parameter gracefully (default to 1)
[32m[INFO][0m Incoming streak request {"source":"streak","user":"octocat","view":"default","requestId":"f2fd20ad-51ff-47e6-8a83-f05a776daf98"}

stdout | app/api/streak/tests/grace.test.ts > Grace Parameter Integration Tests > Test 4: Default grace value and fallback behavior > should handle empty grace parameter gracefully (default to 1)
[32m[INFO][0m Streak request completed {"source":"streak","user":"octocat","view":"default","format":"svg","status":200,"durationMs":2,"requestId":"f2fd20ad-51ff-47e6-8a83-f05a776daf98"}

stdout | app/api/streak/tests/grace.test.ts > Grace Parameter Integration Tests > Test 5: SVG rendering variations with different grace values and HTTP headers > should render valid SVG with grace=0
[32m[INFO][0m Incoming streak request {"source":"streak","user":"octocat","view":"default","requestId":"554375b5-a067-47cd-8d9a-d5503199d17c"}

stdout | app/api/streak/tests/grace.test.ts > Grace Parameter Integration Tests > Test 5: SVG rendering variations with different grace values and HTTP headers > should render valid SVG with grace=0
[32m[INFO][0m Streak request completed {"source":"streak","user":"octocat","view":"default","format":"svg","status":200,"durationMs":1,"requestId":"554375b5-a067-47cd-8d9a-d5503199d17c"}

stdout | app/api/streak/tests/grace.test.ts > Grace Parameter Integration Tests > Test 5: SVG rendering variations with different grace values and HTTP headers > should render valid SVG with grace=3 (middle value)
[32m[INFO][0m Incoming streak request {"source":"streak","user":"octocat","view":"default","requestId":"ff99f4ea-845d-4d9d-bf96-56297fdd79e8"}

stdout | app/api/streak/tests/grace.test.ts > Grace Parameter Integration Tests > Test 5: SVG rendering variations with different grace values and HTTP headers > should render valid SVG with grace=3 (middle value)
[32m[INFO][0m Streak request completed {"source":"streak","user":"octocat","view":"default","format":"svg","status":200,"durationMs":1,"requestId":"ff99f4ea-845d-4d9d-bf96-56297fdd79e8"}

stdout | app/api/streak/tests/grace.test.ts > Grace Parameter Integration Tests > Test 5: SVG rendering variations with different grace values and HTTP headers > should render valid SVG with grace=7
[32m[INFO][0m Incoming streak request {"source":"streak","user":"octocat","view":"default","requestId":"497f4918-b4e3-4489-97c5-2f17483f21bc"}

stdout | app/api/streak/tests/grace.test.ts > Grace Parameter Integration Tests > Test 5: SVG rendering variations with different grace values and HTTP headers > should render valid SVG with grace=7
[32m[INFO][0m Streak request completed {"source":"streak","user":"octocat","view":"default","format":"svg","status":200,"durationMs":0,"requestId":"497f4918-b4e3-4489-97c5-2f17483f21bc"}

stdout | app/api/streak/tests/grace.test.ts > Grace Parameter Integration Tests > Test 5: SVG rendering variations with different grace values and HTTP headers > should include X-Cache-Status header in response
[32m[INFO][0m Incoming streak request {"source":"streak","user":"octocat","view":"default","requestId":"0f91cd50-f6c6-47d1-8183-66ea4d621a0c"}

stdout | app/api/streak/tests/grace.test.ts > Grace Parameter Integration Tests > Test 5: SVG rendering variations with different grace values and HTTP headers > should include X-Cache-Status header in response
[32m[INFO][0m Streak request completed {"source":"streak","user":"octocat","view":"default","format":"svg","status":200,"durationMs":1,"requestId":"0f91cd50-f6c6-47d1-8183-66ea4d621a0c"}

stdout | app/api/streak/tests/grace.test.ts > Grace Parameter Integration Tests > Test 5: SVG rendering variations with different grace values and HTTP headers > should maintain HTTP 200 status for all valid grace values (0-7)
[32m[INFO][0m Incoming streak request {"source":"streak","user":"octocat","view":"default","requestId":"433c478a-9369-46a4-ad30-4b8d152ad33e"}

stderr | components/dashboard/PRInsights/PRInsightsClient.mock-integrations.test.tsx > PRInsightsClient - Asynchronous Service Layer Mocking & Local Cache Stubs > 1. mocks standard asynchronous imports and databases using stubs
The width(-1) and height(-1) of chart should be greater than 0,
       please check the style of container, or the props width(100%) and height(100%),
       or add a minWidth(0) or minHeight(undefined) or use aspect(undefined) to control the
       height and width.

stdout | app/api/streak/tests/grace.test.ts > Grace Parameter Integration Tests > Test 5: SVG rendering variations with different grace values and HTTP headers > should maintain HTTP 200 status for all valid grace values (0-7)
[32m[INFO][0m Streak request completed {"source":"streak","user":"octocat","view":"default","format":"svg","status":200,"durationMs":0,"requestId":"433c478a-9369-46a4-ad30-4b8d152ad33e"}

stdout | app/api/streak/tests/grace.test.ts > Grace Parameter Integration Tests > Test 5: SVG rendering variations with different grace values and HTTP headers > should maintain HTTP 200 status for all valid grace values (0-7)
[32m[INFO][0m Incoming streak request {"source":"streak","user":"octocat","view":"default","requestId":"faa9d923-b08b-42ce-be7a-cccbabbeeb4e"}

stdout | app/api/streak/tests/grace.test.ts > Grace Parameter Integration Tests > Test 5: SVG rendering variations with different grace values and HTTP headers > should maintain HTTP 200 status for all valid grace values (0-7)
[32m[INFO][0m Streak request completed {"source":"streak","user":"octocat","view":"default","format":"svg","status":200,"durationMs":3,"requestId":"faa9d923-b08b-42ce-be7a-cccbabbeeb4e"}

stdout | app/api/streak/tests/grace.test.ts > Grace Parameter Integration Tests > Test 5: SVG rendering variations with different grace values and HTTP headers > should maintain HTTP 200 status for all valid grace values (0-7)
[32m[INFO][0m Incoming streak request {"source":"streak","user":"octocat","view":"default","requestId":"4f7b27bc-b676-4049-b91f-dd2eea561e49"}

stdout | app/api/streak/tests/grace.test.ts > Grace Parameter Integration Tests > Test 5: SVG rendering variations with different grace values and HTTP headers > should maintain HTTP 200 status for all valid grace values (0-7)
[32m[INFO][0m Streak request completed {"source":"streak","user":"octocat","view":"default","format":"svg","status":200,"durationMs":2,"requestId":"4f7b27bc-b676-4049-b91f-dd2eea561e49"}

stdout | app/api/streak/tests/grace.test.ts > Grace Parameter Integration Tests > Test 5: SVG rendering variations with different grace values and HTTP headers > should maintain HTTP 200 status for all valid grace values (0-7)
[32m[INFO][0m Incoming streak request {"source":"streak","user":"octocat","view":"default","requestId":"42be79d5-4bfb-4075-b32a-d6112fd29b23"}

stdout | app/api/streak/tests/grace.test.ts > Grace Parameter Integration Tests > Test 5: SVG rendering variations with different grace values and HTTP headers > should maintain HTTP 200 status for all valid grace values (0-7)
[32m[INFO][0m Streak request completed {"source":"streak","user":"octocat","view":"default","format":"svg","status":200,"durationMs":1,"requestId":"42be79d5-4bfb-4075-b32a-d6112fd29b23"}

stdout | app/api/streak/tests/grace.test.ts > Grace Parameter Integration Tests > Test 5: SVG rendering variations with different grace values and HTTP headers > should maintain HTTP 200 status for all valid grace values (0-7)
[32m[INFO][0m Incoming streak request {"source":"streak","user":"octocat","view":"default","requestId":"abb3b2fa-496c-4dee-9ea0-bac4880c3e51"}

stdout | app/api/streak/tests/grace.test.ts > Grace Parameter Integration Tests > Test 5: SVG rendering variations with different grace values and HTTP headers > should maintain HTTP 200 status for all valid grace values (0-7)
[32m[INFO][0m Streak request completed {"source":"streak","user":"octocat","view":"default","format":"svg","status":200,"durationMs":2,"requestId":"abb3b2fa-496c-4dee-9ea0-bac4880c3e51"}

stdout | app/api/streak/tests/grace.test.ts > Grace Parameter Integration Tests > Test 5: SVG rendering variations with different grace values and HTTP headers > should maintain HTTP 200 status for all valid grace values (0-7)
[32m[INFO][0m Incoming streak request {"source":"streak","user":"octocat","view":"default","requestId":"4e10768d-6262-43bb-99c6-2815dd76031f"}

stdout | app/api/streak/tests/grace.test.ts > Grace Parameter Integration Tests > Test 5: SVG rendering variations with different grace values and HTTP headers > should maintain HTTP 200 status for all valid grace values (0-7)
[32m[INFO][0m Streak request completed {"source":"streak","user":"octocat","view":"default","format":"svg","status":200,"durationMs":1,"requestId":"4e10768d-6262-43bb-99c6-2815dd76031f"}

stdout | app/api/streak/tests/grace.test.ts > Grace Parameter Integration Tests > Test 5: SVG rendering variations with different grace values and HTTP headers > should maintain HTTP 200 status for all valid grace values (0-7)
[32m[INFO][0m Incoming streak request {"source":"streak","user":"octocat","view":"default","requestId":"b7098c97-1bdf-4ffb-874d-1815d817eead"}

stdout | app/api/streak/tests/grace.test.ts > Grace Parameter Integration Tests > Test 5: SVG rendering variations with different grace values and HTTP headers > should maintain HTTP 200 status for all valid grace values (0-7)
[32m[INFO][0m Streak request completed {"source":"streak","user":"octocat","view":"default","format":"svg","status":200,"durationMs":1,"requestId":"b7098c97-1bdf-4ffb-874d-1815d817eead"}

stderr | components/dashboard/PRInsights/PRInsightsClient.mock-integrations.test.tsx > PRInsightsClient - Asynchronous Service Layer Mocking & Local Cache Stubs > 3. asserts local cache layers are queried before triggering database retrievals
The width(-1) and height(-1) of chart should be greater than 0,
       please check the style of container, or the props width(100%) and height(100%),
       or add a minWidth(0) or minHeight(undefined) or use aspect(undefined) to control the
       height and width.

stdout | app/api/streak/tests/grace.test.ts > Grace Parameter Integration Tests > Test 5: SVG rendering variations with different grace values and HTTP headers > should maintain HTTP 200 status for all valid grace values (0-7)
[32m[INFO][0m Incoming streak request {"source":"streak","user":"octocat","view":"default","requestId":"81737350-1427-42c5-8d44-4f8e5025cd71"}

stdout | app/api/streak/tests/grace.test.ts > Grace Parameter Integration Tests > Test 5: SVG rendering variations with different grace values and HTTP headers > should maintain HTTP 200 status for all valid grace values (0-7)
[32m[INFO][0m Streak request completed {"source":"streak","user":"octocat","view":"default","format":"svg","status":200,"durationMs":1,"requestId":"81737350-1427-42c5-8d44-4f8e5025cd71"}

stdout | app/api/streak/tests/grace.test.ts > Grace Parameter Integration Tests > Test 5: SVG rendering variations with different grace values and HTTP headers > should preserve Cache-Control header format across grace values
[32m[INFO][0m Incoming streak request {"source":"streak","user":"octocat","view":"default","requestId":"ad5d51a4-16b2-49d1-8e87-9c15e1d351e4"}

stdout | app/api/streak/tests/grace.test.ts > Grace Parameter Integration Tests > Test 5: SVG rendering variations with different grace values and HTTP headers > should preserve Cache-Control header format across grace values
[32m[INFO][0m Streak request completed {"source":"streak","user":"octocat","view":"default","format":"svg","status":200,"durationMs":1,"requestId":"ad5d51a4-16b2-49d1-8e87-9c15e1d351e4"}

stdout | app/api/streak/tests/grace.test.ts > Grace Parameter Integration Tests > Test 5: SVG rendering variations with different grace values and HTTP headers > should preserve Cache-Control header format across grace values
[32m[INFO][0m Incoming streak request {"source":"streak","user":"octocat","view":"default","requestId":"de95ee75-3ef4-4661-bd28-86da8efb8de3"}

stdout | app/api/streak/tests/grace.test.ts > Grace Parameter Integration Tests > Test 5: SVG rendering variations with different grace values and HTTP headers > should preserve Cache-Control header format across grace values
[32m[INFO][0m Streak request completed {"source":"streak","user":"octocat","view":"default","format":"svg","status":200,"durationMs":1,"requestId":"de95ee75-3ef4-4661-bd28-86da8efb8de3"}

stdout | app/api/streak/tests/grace.test.ts > Grace Parameter Integration Tests > Test 5: SVG rendering variations with different grace values and HTTP headers > should preserve Cache-Control header format across grace values
[32m[INFO][0m Incoming streak request {"source":"streak","user":"octocat","view":"default","requestId":"60f8f2dd-54eb-495c-a264-666dbf58620e"}

stdout | app/api/streak/tests/grace.test.ts > Grace Parameter Integration Tests > Test 5: SVG rendering variations with different grace values and HTTP headers > should preserve Cache-Control header format across grace values
[32m[INFO][0m Streak request completed {"source":"streak","user":"octocat","view":"default","format":"svg","status":200,"durationMs":0,"requestId":"60f8f2dd-54eb-495c-a264-666dbf58620e"}

stdout | app/api/streak/tests/grace.test.ts > Grace Parameter Integration Tests > Test 5: SVG rendering variations with different grace values and HTTP headers > should preserve Cache-Control header format across grace values
[32m[INFO][0m Incoming streak request {"source":"streak","user":"octocat","view":"default","requestId":"1414d061-c1e8-441e-ae91-b44e53ee4bea"}

stdout | app/api/streak/tests/grace.test.ts > Grace Parameter Integration Tests > Test 5: SVG rendering variations with different grace values and HTTP headers > should preserve Cache-Control header format across grace values
[32m[INFO][0m Streak request completed {"source":"streak","user":"octocat","view":"default","format":"svg","status":200,"durationMs":1,"requestId":"1414d061-c1e8-441e-ae91-b44e53ee4bea"}

 ✓ app/api/streak/tests/grace.test.ts (16 tests) 530ms
stderr | components/dashboard/PRInsights/PRInsightsClient.mock-integrations.test.tsx > PRInsightsClient - Asynchronous Service Layer Mocking & Local Cache Stubs > 5. asserts complete cache sync is written on success callbacks
The width(-1) and height(-1) of chart should be greater than 0,
       please check the style of container, or the props width(100%) and height(100%),
       or add a minWidth(0) or minHeight(undefined) or use aspect(undefined) to control the
       height and width.

 ✓ components/dashboard/PRInsights/PRInsightsClient.mock-integrations.test.tsx (5 tests) 582ms
 ✓ components/dashboard/StatsCard.theme-contrast.test.tsx (5 tests) 658ms
     ✓ 5. ensures that background overlays do not clip foreground content colors  412ms
stderr | components/dashboard/StatsCard.test.tsx > StatsCard > should render the title prop text
React does not recognize the `whileInView` prop on a DOM element. If you intentionally want it to appear in the DOM as a custom attribute, spell it as lowercase `whileinview` instead. If you accidentally passed it from a parent component, remove it from the DOM element.
React does not recognize the `whileHover` prop on a DOM element. If you intentionally want it to appear in the DOM as a custom attribute, spell it as lowercase `whilehover` instead. If you accidentally passed it from a parent component, remove it from the DOM element.

 ✓ components/dashboard/StatsCard.test.tsx (7 tests) 276ms
 ✓ components/dashboard/GithubWrapped.mouse-interactivity.test.tsx (5 tests) 726ms
     ✓ renders interactive wrapped container safely  385ms
 ✓ components/dashboard/HistoricalTrendView.mock-integrations.test.tsx (5 tests) 905ms
     ✓ 1. Mock standard asynchronous imports and databases using stubs  576ms
 ✓ app/contributors/loading.test.tsx (5 tests) 1695ms
     ✓ renders loading fallback component  1205ms
 ✓ components/AnimatedCursor.error-resilience.test.tsx (5 tests) 507ms
 ✓ app/(root)/dashboard/layout.empty-fallback.test.tsx (5 tests) 519ms
     ✓ renders safely with null children  446ms
stderr | components/dashboard/PRInsights/PRInsightsClient.responsive-breakpoints.test.tsx > PRInsightsClient Responsive Multi-device Columns & Mobile Viewport Layouts > 1. mocks standard mobile-width media coordinates (e.g. 375px wide viewports)
An update to PRInsightsClient inside a test was not wrapped in act(...).

When testing, code that causes React state updates should be wrapped into act(...):

act(() => {
  /* fire events that update state */
});
/* assert on the output */

This ensures that you're testing the behavior the user would see in the browser. Learn more at https://react.dev/link/wrap-tests-with-act
An update to PRInsightsClient inside a test was not wrapped in act(...).

When testing, code that causes React state updates should be wrapped into act(...):

act(() => {
  /* fire events that update state */
});
/* assert on the output */

This ensures that you're testing the behavior the user would see in the browser. Learn more at https://react.dev/link/wrap-tests-with-act

stderr | components/dashboard/PRInsights/PRInsightsClient.responsive-breakpoints.test.tsx > PRInsightsClient Responsive Multi-device Columns & Mobile Viewport Layouts > 2. asserts that columns reflow into standard vertical flex lists
TypeError: Cannot read properties of undefined (reading 'toFixed')
    at TopMetricsRow (/home/atulupadhyay/Contribution/commitpulse/components/dashboard/PRInsights/TopMetricsRow.tsx:89:31)
    at Object.react_stack_bottom_frame (/home/atulupadhyay/Contribution/commitpulse/node_modules/react-dom/cjs/react-dom-client.development.js:25904:20)
    at renderWithHooks (/home/atulupadhyay/Contribution/commitpulse/node_modules/react-dom/cjs/react-dom-client.development.js:7662:22)
    at updateFunctionComponent (/home/atulupadhyay/Contribution/commitpulse/node_modules/react-dom/cjs/react-dom-client.development.js:10166:19)
    at beginWork (/home/atulupadhyay/Contribution/commitpulse/node_modules/react-dom/cjs/react-dom-client.development.js:11778:18)
    at runWithFiberInDEV (/home/atulupadhyay/Contribution/commitpulse/node_modules/react-dom/cjs/react-dom-client.development.js:874:13)
    at performUnitOfWork (/home/atulupadhyay/Contribution/commitpulse/node_modules/react-dom/cjs/react-dom-client.development.js:17641:22)
    at workLoopSync (/home/atulupadhyay/Contribution/commitpulse/node_modules/react-dom/cjs/react-dom-client.development.js:17469:41)
    at renderRootSync (/home/atulupadhyay/Contribution/commitpulse/node_modules/react-dom/cjs/react-dom-client.development.js:17450:11)
    at performWorkOnRoot (/home/atulupadhyay/Contribution/commitpulse/node_modules/react-dom/cjs/react-dom-client.development.js:16583:35) {
  [stack]: [Getter/Setter],
  [message]: "Cannot read properties of undefined (reading 'toFixed')"
}

The above error occurred in the <TopMetricsRow> component.

React will try to recreate this component tree from scratch using the error boundary you provided, y.

[31m[ERROR][0m PRInsightsClient render exception {"message":"Cannot read properties of undefined (reading 'toFixed')","componentStack":"\n    at TopMetricsRow (/home/atulupadhyay/Contribution/commitpulse/components/dashboard/PRInsights/TopMetricsRow.tsx:109:26)\n    at div (<anonymous>)\n    at y (/home/atulupadhyay/Contribution/commitpulse/node_modules/react-error-boundary/dist/react-error-boundary.cjs:1:213)\n    at PRInsightsClient (/home/atulupadhyay/Contribution/commitpulse/components/dashboard/PRInsights/PRInsightsClient.tsx:68:29)"}

stderr | components/dashboard/PRInsights/PRInsightsClient.responsive-breakpoints.test.tsx > PRInsightsClient Responsive Multi-device Columns & Mobile Viewport Layouts > 3. verifies styling values are not absolute widths that cause horizontal scrollbars on smaller viewports
TypeError: Cannot read properties of undefined (reading 'toFixed')
    at TopMetricsRow (/home/atulupadhyay/Contribution/commitpulse/components/dashboard/PRInsights/TopMetricsRow.tsx:89:31)
    at Object.react_stack_bottom_frame (/home/atulupadhyay/Contribution/commitpulse/node_modules/react-dom/cjs/react-dom-client.development.js:25904:20)
    at renderWithHooks (/home/atulupadhyay/Contribution/commitpulse/node_modules/react-dom/cjs/react-dom-client.development.js:7662:22)
    at updateFunctionComponent (/home/atulupadhyay/Contribution/commitpulse/node_modules/react-dom/cjs/react-dom-client.development.js:10166:19)
    at beginWork (/home/atulupadhyay/Contribution/commitpulse/node_modules/react-dom/cjs/react-dom-client.development.js:11778:18)
    at runWithFiberInDEV (/home/atulupadhyay/Contribution/commitpulse/node_modules/react-dom/cjs/react-dom-client.development.js:874:13)
    at performUnitOfWork (/home/atulupadhyay/Contribution/commitpulse/node_modules/react-dom/cjs/react-dom-client.development.js:17641:22)
    at workLoopSync (/home/atulupadhyay/Contribution/commitpulse/node_modules/react-dom/cjs/react-dom-client.development.js:17469:41)
    at renderRootSync (/home/atulupadhyay/Contribution/commitpulse/node_modules/react-dom/cjs/react-dom-client.development.js:17450:11)
    at performWorkOnRoot (/home/atulupadhyay/Contribution/commitpulse/node_modules/react-dom/cjs/react-dom-client.development.js:16583:35) {
  [stack]: [Getter/Setter],
  [message]: "Cannot read properties of undefined (reading 'toFixed')"
}

The above error occurred in the <TopMetricsRow> component.

React will try to recreate this component tree from scratch using the error boundary you provided, y.

[31m[ERROR][0m PRInsightsClient render exception {"message":"Cannot read properties of undefined (reading 'toFixed')","componentStack":"\n    at TopMetricsRow (/home/atulupadhyay/Contribution/commitpulse/components/dashboard/PRInsights/TopMetricsRow.tsx:109:26)\n    at div (<anonymous>)\n    at y (/home/atulupadhyay/Contribution/commitpulse/node_modules/react-error-boundary/dist/react-error-boundary.cjs:1:213)\n    at PRInsightsClient (/home/atulupadhyay/Contribution/commitpulse/components/dashboard/PRInsights/PRInsightsClient.tsx:68:29)"}

stderr | components/dashboard/PRInsights/PRInsightsClient.responsive-breakpoints.test.tsx > PRInsightsClient Responsive Multi-device Columns & Mobile Viewport Layouts > 4. checks that navigation components scale down gracefully
TypeError: Cannot read properties of undefined (reading 'toFixed')
    at TopMetricsRow (/home/atulupadhyay/Contribution/commitpulse/components/dashboard/PRInsights/TopMetricsRow.tsx:89:31)
    at Object.react_stack_bottom_frame (/home/atulupadhyay/Contribution/commitpulse/node_modules/react-dom/cjs/react-dom-client.development.js:25904:20)
    at renderWithHooks (/home/atulupadhyay/Contribution/commitpulse/node_modules/react-dom/cjs/react-dom-client.development.js:7662:22)
    at updateFunctionComponent (/home/atulupadhyay/Contribution/commitpulse/node_modules/react-dom/cjs/react-dom-client.development.js:10166:19)
    at beginWork (/home/atulupadhyay/Contribution/commitpulse/node_modules/react-dom/cjs/react-dom-client.development.js:11778:18)
    at runWithFiberInDEV (/home/atulupadhyay/Contribution/commitpulse/node_modules/react-dom/cjs/react-dom-client.development.js:874:13)
    at performUnitOfWork (/home/atulupadhyay/Contribution/commitpulse/node_modules/react-dom/cjs/react-dom-client.development.js:17641:22)
    at workLoopSync (/home/atulupadhyay/Contribution/commitpulse/node_modules/react-dom/cjs/react-dom-client.development.js:17469:41)
    at renderRootSync (/home/atulupadhyay/Contribution/commitpulse/node_modules/react-dom/cjs/react-dom-client.development.js:17450:11)
    at performWorkOnRoot (/home/atulupadhyay/Contribution/commitpulse/node_modules/react-dom/cjs/react-dom-client.development.js:16583:35) {
  [stack]: [Getter/Setter],
  [message]: "Cannot read properties of undefined (reading 'toFixed')"
}

The above error occurred in the <TopMetricsRow> component.

React will try to recreate this component tree from scratch using the error boundary you provided, y.

[31m[ERROR][0m PRInsightsClient render exception {"message":"Cannot read properties of undefined (reading 'toFixed')","componentStack":"\n    at TopMetricsRow (/home/atulupadhyay/Contribution/commitpulse/components/dashboard/PRInsights/TopMetricsRow.tsx:109:26)\n    at div (<anonymous>)\n    at y (/home/atulupadhyay/Contribution/commitpulse/node_modules/react-error-boundary/dist/react-error-boundary.cjs:1:213)\n    at PRInsightsClient (/home/atulupadhyay/Contribution/commitpulse/components/dashboard/PRInsights/PRInsightsClient.tsx:68:29)"}

stderr | components/dashboard/PRInsights/PRInsightsClient.responsive-breakpoints.test.tsx > PRInsightsClient Responsive Multi-device Columns & Mobile Viewport Layouts > 5. asserts mobile-specific toggle states respond cleanly
TypeError: Cannot read properties of undefined (reading 'toFixed')
    at TopMetricsRow (/home/atulupadhyay/Contribution/commitpulse/components/dashboard/PRInsights/TopMetricsRow.tsx:89:31)
    at Object.react_stack_bottom_frame (/home/atulupadhyay/Contribution/commitpulse/node_modules/react-dom/cjs/react-dom-client.development.js:25904:20)
    at renderWithHooks (/home/atulupadhyay/Contribution/commitpulse/node_modules/react-dom/cjs/react-dom-client.development.js:7662:22)
    at updateFunctionComponent (/home/atulupadhyay/Contribution/commitpulse/node_modules/react-dom/cjs/react-dom-client.development.js:10166:19)
    at beginWork (/home/atulupadhyay/Contribution/commitpulse/node_modules/react-dom/cjs/react-dom-client.development.js:11778:18)
    at runWithFiberInDEV (/home/atulupadhyay/Contribution/commitpulse/node_modules/react-dom/cjs/react-dom-client.development.js:874:13)
    at performUnitOfWork (/home/atulupadhyay/Contribution/commitpulse/node_modules/react-dom/cjs/react-dom-client.development.js:17641:22)
    at workLoopSync (/home/atulupadhyay/Contribution/commitpulse/node_modules/react-dom/cjs/react-dom-client.development.js:17469:41)
    at renderRootSync (/home/atulupadhyay/Contribution/commitpulse/node_modules/react-dom/cjs/react-dom-client.development.js:17450:11)
    at performWorkOnRoot (/home/atulupadhyay/Contribution/commitpulse/node_modules/react-dom/cjs/react-dom-client.development.js:16583:35) {
  [stack]: [Getter/Setter],
  [message]: "Cannot read properties of undefined (reading 'toFixed')"
}

The above error occurred in the <TopMetricsRow> component.

React will try to recreate this component tree from scratch using the error boundary you provided, y.

[31m[ERROR][0m PRInsightsClient render exception {"message":"Cannot read properties of undefined (reading 'toFixed')","componentStack":"\n    at TopMetricsRow (/home/atulupadhyay/Contribution/commitpulse/components/dashboard/PRInsights/TopMetricsRow.tsx:109:26)\n    at div (<anonymous>)\n    at y (/home/atulupadhyay/Contribution/commitpulse/node_modules/react-error-boundary/dist/react-error-boundary.cjs:1:213)\n    at PRInsightsClient (/home/atulupadhyay/Contribution/commitpulse/components/dashboard/PRInsights/PRInsightsClient.tsx:68:29)"}

 ✓ components/dashboard/PRInsights/PRInsightsClient.responsive-breakpoints.test.tsx (5 tests) 456ms
 ✓ components/FeatureCards.timezone-boundaries.test.tsx (5 tests) 1143ms
     ✓ renders section heading correctly  869ms
stderr | app/layout.timezone-boundaries.test.tsx > RootLayout - Timezone Normalization & Calendar Data Boundary Alignment > 1. mocks standard timezone settings (e.g., UTC, EST, IST, and JST)
In HTML, <html> cannot be a child of <div>.
This will cause a hydration error.

 ✓ app/layout.timezone-boundaries.test.tsx (5 tests) 1015ms
     ✓ 1. mocks standard timezone settings (e.g., UTC, EST, IST, and JST)  507ms
     ✓ 2. asserts calculations align commits onto the correct visual dates  357ms
 ✓ components/AnimatedCursor.empty-fallback.test.tsx (5 tests) 713ms
     ✓ renders the fallback null output (nothing mounted) when prefers-reduced-motion is active  356ms
 ✓ hooks/useDebounce.responsive-breakpoints.test.tsx (5 tests) 1445ms
     ✓ applies mobile layout after 375px viewport debounce delay  305ms
     ✓ does not use fixed widths that cause horizontal overflow  767ms
 ✓ components/dashboard/ResumePreviewForm.error-resilience.test.tsx (5 tests) 918ms
     ✓ handles missing required fields gracefully  409ms
 ✓ app/generator/GeneratorClient.theme-contrast.test.tsx (5 tests) 894ms
 ✓ models/User.test.ts (20 tests) 423ms
 ✓ components/dashboard/PRInsights/TopMetricsRow.theme-contrast.test.tsx (5 tests) 678ms
     ✓ renders correctly in light mode  318ms
 ✓ app/customize/components/AdvancedSettingsPanel.massive_scaling.test.tsx (5 tests) 1050ms
     ✓ renders successfully with maximum supported dimension values  497ms
 ✓ components/dashboard/HistoricalTrendView.timezone-boundaries.test.tsx (5 tests) 441ms
stderr | app/components/FeatureCard.mock-integrations.test.tsx > FeatureCard - mock integrations > renders data from mocked service layer without making real network calls
React does not recognize the `whileHover` prop on a DOM element. If you intentionally want it to appear in the DOM as a custom attribute, spell it as lowercase `whilehover` instead. If you accidentally passed it from a parent component, remove it from the DOM element.

 ✓ components/dashboard/VisualizationTooltip.mock-integrations.test.tsx (5 tests) 668ms
     ✓ asserts the tooltip uses the correct accessible roles for screen readers  333ms
 ✓ app/contributors/ContributorsSearch.error-resilience.test.tsx (5 tests) 400ms
 ✓ components/ShareButtons.error-resilience.test.tsx (5 tests) 342ms
 ✓ app/components/FeatureCard.mock-integrations.test.tsx (5 tests) 1479ms
     ✓ renders empty fallback gracefully when mocked service returns empty cache stub  966ms
 ✓ components/dashboard/RadarChart.empty-fallback.test.tsx (5 tests) 308ms
 ✓ hooks/useShareActions.test.ts (8 tests) 625ms
 ✓ components/dashboard/GithubWrapped.theme-contrast.test.tsx (5 tests) 704ms
     ✓ preserves bg-black and text-white container colors to maintain high native contrast under all modes  481ms
Not implemented: navigation to another Document
Not implemented: navigation to another Document
Not implemented: navigation to another Document
 ✓ hooks/useShareActions.mock-integrations.test.ts (5 tests) 506ms
 ✓ components/dashboard/ActivityLandscape.responsive-breakpoints.test.tsx (5 tests) 963ms
     ✓ reflows the header layout from row to column on mobile viewports  587ms
 ✓ components/dashboard/ResumeProfileSection.mouse-interactivity.test.tsx (5 tests) 496ms
     ✓ triggers simulated mouseenter/hover gestures on active segments or interactive nodes  318ms
 ✓ components/dashboard/VisualizationTooltip.test.tsx (5 tests) 975ms
     ✓ renders tooltip role  657ms
 ✓ components/Leaderboard.responsive-breakpoints.test.tsx (5 tests) 248ms
 ✓ app/contributors/ContributorsSearch.timezone-boundaries.test.tsx (5 tests) 540ms
     ✓ mocks standard timezone settings (UTC, EST, IST, and JST) correctly  408ms
stdout | app/api/streak/route.error-resilience.test.ts > GET /api/streak — error resilience & exception safety > quota / refresh guard rails fail closed without crashing > returns a 429 fallback instead of throwing when GitHub quota is low on a refresh request
[32m[INFO][0m Incoming streak request {"source":"streak","user":"octocat","view":"default","requestId":"c765a6e7-9c69-4651-b82a-78f1a6e2e9c4"}

stdout | app/api/streak/route.error-resilience.test.ts > GET /api/streak — error resilience & exception safety > quota / refresh guard rails fail closed without crashing > returns a 429 fallback instead of throwing when the refresh rate limiter rejects the request
[32m[INFO][0m Incoming streak request {"source":"streak","user":"octocat","view":"default","requestId":"592e1789-e7fd-446b-861e-14d9304257fb"}

stdout | app/api/streak/route.error-resilience.test.ts > GET /api/streak — error resilience & exception safety > quota / refresh guard rails fail closed without crashing > degrades gracefully to cached data (200 OK) instead of erroring when a refresh cooldown is active
[32m[INFO][0m Incoming streak request {"source":"streak","user":"octocat","view":"default","requestId":"ab101ad3-674d-4ad5-8b5f-008e311964b4"}

stdout | app/api/streak/route.error-resilience.test.ts > GET /api/streak — error resilience & exception safety > quota / refresh guard rails fail closed without crashing > degrades gracefully to cached data (200 OK) instead of erroring when a refresh cooldown is active
[32m[INFO][0m Streak request completed {"source":"streak","user":"octocat","view":"default","format":"svg","status":200,"durationMs":13,"requestId":"ab101ad3-674d-4ad5-8b5f-008e311964b4"}

stdout | app/api/streak/route.error-resilience.test.ts > GET /api/streak — error resilience & exception safety > JSON output mode error fallbacks (format=json) > returns a structured 500 JSON error, not a crash, for an unrecognised upstream failure
[32m[INFO][0m Incoming streak request {"source":"streak","user":"octocat","view":"default","requestId":"f1103987-9ecd-4efd-8475-e14edb2b21a0"}

stdout | app/api/streak/route.error-resilience.test.ts > GET /api/streak — error resilience & exception safety > JSON output mode error fallbacks (format=json) > returns a structured 500 JSON error, not a crash, for an unrecognised upstream failure
[32m[INFO][0m Streak request completed {"source":"streak","user":"octocat","view":"default","format":"json","status":200,"durationMs":5,"requestId":"f1103987-9ecd-4efd-8475-e14edb2b21a0"}

stdout | app/api/streak/route.error-resilience.test.ts > GET /api/streak — error resilience & exception safety > JSON output mode error fallbacks (format=json) > returns a structured 404 JSON error for an unknown user
[32m[INFO][0m Incoming streak request {"source":"streak","user":"ghost","view":"default","requestId":"466d5dcb-80d5-4283-95a7-28e573081858"}

stdout | app/api/streak/route.error-resilience.test.ts > GET /api/streak — error resilience & exception safety > JSON output mode error fallbacks (format=json) > returns a structured 404 JSON error for an unknown user
[32m[INFO][0m Streak request completed {"source":"streak","user":"ghost","view":"default","format":"json","status":200,"durationMs":5,"requestId":"466d5dcb-80d5-4283-95a7-28e573081858"}

stdout | app/api/streak/route.error-resilience.test.ts > GET /api/streak — error resilience & exception safety > JSON output mode error fallbacks (format=json) > returns a structured 429 JSON error with Retry-After for a rate limit failure
[32m[INFO][0m Incoming streak request {"source":"streak","user":"octocat","view":"default","requestId":"37b29aaa-5a18-4481-9d7a-1b55a3b961ca"}

stdout | app/api/streak/route.error-resilience.test.ts > GET /api/streak — error resilience & exception safety > JSON output mode error fallbacks (format=json) > returns a structured 429 JSON error with Retry-After for a rate limit failure
[32m[INFO][0m Streak request completed {"source":"streak","user":"octocat","view":"default","format":"json","status":200,"durationMs":2,"requestId":"37b29aaa-5a18-4481-9d7a-1b55a3b961ca"}

stdout | app/api/streak/route.error-resilience.test.ts > GET /api/streak — error resilience & exception safety > JSON output mode error fallbacks (format=json) > returns a structured 400 JSON error with sanitized text for a validation failure
[32m[INFO][0m Incoming streak request {"source":"streak","user":"octocat","view":"default","requestId":"6ade98ec-6e25-4eaf-ad02-999acb29472c"}

stdout | app/api/streak/route.error-resilience.test.ts > GET /api/streak — error resilience & exception safety > JSON output mode error fallbacks (format=json) > returns a structured 400 JSON error with sanitized text for a validation failure
[32m[INFO][0m Streak request completed {"source":"streak","user":"octocat","view":"default","format":"json","status":200,"durationMs":12,"requestId":"6ade98ec-6e25-4eaf-ad02-999acb29472c"}

stdout | app/api/streak/route.error-resilience.test.ts > GET /api/streak — error resilience & exception safety > JSON output mode error fallbacks (format=json) > produces a clean JSON 500 fallback when a non-Error value (plain object) is thrown
[32m[INFO][0m Incoming streak request {"source":"streak","user":"octocat","view":"default","requestId":"3aec05b7-5510-4ab5-8297-00b5ac70227e"}

stdout | app/api/streak/route.error-resilience.test.ts > GET /api/streak — error resilience & exception safety > JSON output mode error fallbacks (format=json) > produces a clean JSON 500 fallback when a non-Error value (plain object) is thrown
[32m[INFO][0m Streak request completed {"source":"streak","user":"octocat","view":"default","format":"json","status":200,"durationMs":1,"requestId":"3aec05b7-5510-4ab5-8297-00b5ac70227e"}

stdout | app/api/streak/route.error-resilience.test.ts > GET /api/streak — error resilience & exception safety > SVG output mode: internal error details are never leaked > replaces a Zod/schema-flavoured validation message with a generic one in the fallback SVG
[32m[INFO][0m Incoming streak request {"source":"streak","user":"octocat","view":"default","requestId":"f6dfa236-dd88-47b9-985a-977883ebd660"}

stdout | app/api/streak/route.error-resilience.test.ts > GET /api/streak — error resilience & exception safety > SVG output mode: internal error details are never leaked > replaces a Zod/schema-flavoured validation message with a generic one in the fallback SVG
[32m[INFO][0m Streak request completed {"source":"streak","user":"octocat","view":"default","format":"svg","status":200,"durationMs":21,"requestId":"f6dfa236-dd88-47b9-985a-977883ebd660"}

stdout | app/api/streak/route.error-resilience.test.ts > GET /api/streak — error resilience & exception safety > SVG output mode: internal error details are never leaked > does not crash when a not-found error message has no quoted username to extract
[32m[INFO][0m Incoming streak request {"source":"streak","user":"octocat","view":"default","requestId":"7f9b5829-234a-4b42-a549-08a104a37207"}

stdout | app/api/streak/route.error-resilience.test.ts > GET /api/streak — error resilience & exception safety > SVG output mode: internal error details are never leaked > does not crash when a not-found error message has no quoted username to extract
[32m[INFO][0m Streak request completed {"source":"streak","user":"octocat","view":"default","format":"svg","status":200,"durationMs":9,"requestId":"7f9b5829-234a-4b42-a549-08a104a37207"}

stdout | app/api/streak/route.error-resilience.test.ts > GET /api/streak — error resilience & exception safety > SVG output mode: internal error details are never leaked > falls back to a 500 error SVG instead of crashing when the org dashboard throws an unexpected error
[32m[INFO][0m Incoming streak request {"source":"streak","user":"octocat","view":"default","requestId":"5e0bf21f-9901-4d77-9da2-d3328c6144d3"}

stderr | app/api/streak/route.error-resilience.test.ts > GET /api/streak — error resilience & exception safety > SVG output mode: internal error details are never leaked > falls back to a 500 error SVG instead of crashing when the org dashboard throws an unexpected error
[31m[ERROR][0m Unhandled error {"source":"streak","message":"Something went wrong. Please try again later.","requestId":"5e0bf21f-9901-4d77-9da2-d3328c6144d3"}

stdout | app/api/streak/route.error-resilience.test.ts > GET /api/streak — error resilience & exception safety > SVG output mode: internal error details are never leaked > falls back to a 500 error SVG instead of crashing when the org dashboard throws an unexpected error
[32m[INFO][0m Streak request completed {"source":"streak","user":"octocat","view":"default","format":"svg","status":200,"durationMs":6,"requestId":"5e0bf21f-9901-4d77-9da2-d3328c6144d3"}

stdout | app/api/streak/route.error-resilience.test.ts > GET /api/streak — error resilience & exception safety > timeout / abort handling (isAbortError) > returns a 504 timeout SVG when the rejection has name "AbortError"
[32m[INFO][0m Incoming streak request {"source":"streak","user":"octocat","view":"default","requestId":"45418296-dfc1-40ef-8f15-68da87ae95f8"}

stdout | app/api/streak/route.error-resilience.test.ts > GET /api/streak — error resilience & exception safety > timeout / abort handling (isAbortError) > returns a 504 timeout SVG when the rejection has name "AbortError"
[32m[INFO][0m Streak request completed {"source":"streak","user":"octocat","view":"default","format":"svg","status":200,"durationMs":1,"requestId":"45418296-dfc1-40ef-8f15-68da87ae95f8"}

stdout | app/api/streak/route.error-resilience.test.ts > GET /api/streak — error resilience & exception safety > timeout / abort handling (isAbortError) > returns a 504 timeout SVG when the rejection has name "TimeoutError"
[32m[INFO][0m Incoming streak request {"source":"streak","user":"octocat","view":"default","requestId":"51605164-6832-40c8-8834-60246db5a6a8"}

stdout | app/api/streak/route.error-resilience.test.ts > GET /api/streak — error resilience & exception safety > timeout / abort handling (isAbortError) > returns a 504 timeout SVG when the rejection has name "TimeoutError"
[32m[INFO][0m Streak request completed {"source":"streak","user":"octocat","view":"default","format":"svg","status":200,"durationMs":0,"requestId":"51605164-6832-40c8-8834-60246db5a6a8"}

stdout | app/api/streak/route.error-resilience.test.ts > GET /api/streak — error resilience & exception safety > timeout / abort handling (isAbortError) > returns a 504 timeout SVG when a plain Error message mentions "timed out" with no name field
[32m[INFO][0m Incoming streak request {"source":"streak","user":"octocat","view":"default","requestId":"1a7fd720-1527-4b2e-b0f3-e3dec81b34d8"}

stdout | app/api/streak/route.error-resilience.test.ts > GET /api/streak — error resilience & exception safety > timeout / abort handling (isAbortError) > returns a 504 timeout SVG when a plain Error message mentions "timed out" with no name field
[32m[INFO][0m Streak request completed {"source":"streak","user":"octocat","view":"default","format":"svg","status":200,"durationMs":1,"requestId":"1a7fd720-1527-4b2e-b0f3-e3dec81b34d8"}

stdout | app/api/streak/route.error-resilience.test.ts > GET /api/streak — error resilience & exception safety > timeout / abort handling (isAbortError) > returns a structured 504 JSON error when the rejection has name "AbortError"
[32m[INFO][0m Incoming streak request {"source":"streak","user":"octocat","view":"default","requestId":"3100301f-1f41-4f30-8df4-4f4f59f0f70c"}

stdout | app/api/streak/route.error-resilience.test.ts > GET /api/streak — error resilience & exception safety > timeout / abort handling (isAbortError) > returns a structured 504 JSON error when the rejection has name "AbortError"
[32m[INFO][0m Streak request completed {"source":"streak","user":"octocat","view":"default","format":"json","status":200,"durationMs":1,"requestId":"3100301f-1f41-4f30-8df4-4f4f59f0f70c"}

stdout | app/api/streak/route.error-resilience.test.ts > GET /api/streak — error resilience & exception safety > asymmetric multi-target resilience > fails the whole request cleanly (not a partial/corrupt SVG) when the ?versus= comparison user fails to load
[32m[INFO][0m Incoming streak request {"source":"streak","user":"octocat","view":"default","requestId":"b5a31722-833b-4d86-9c82-e943d2c4077a"}

stderr | app/api/streak/route.error-resilience.test.ts > GET /api/streak — error resilience & exception safety > asymmetric multi-target resilience > fails the whole request cleanly (not a partial/corrupt SVG) when the ?versus= comparison user fails to load
[31m[ERROR][0m Unhandled error {"source":"streak","message":"Something went wrong. Please try again later.","requestId":"b5a31722-833b-4d86-9c82-e943d2c4077a"}

stdout | app/api/streak/route.error-resilience.test.ts > GET /api/streak — error resilience & exception safety > asymmetric multi-target resilience > fails the whole request cleanly (not a partial/corrupt SVG) when the ?versus= comparison user fails to load
[32m[INFO][0m Streak request completed {"source":"streak","user":"octocat","view":"default","format":"svg","status":200,"durationMs":2,"requestId":"b5a31722-833b-4d86-9c82-e943d2c4077a"}

stdout | app/api/streak/route.error-resilience.test.ts > GET /api/streak — error resilience & exception safety > dev-telemetry logging on unhandled errors > logs unexpected errors with a sanitized message and the "streak" source tag
[32m[INFO][0m Incoming streak request {"source":"streak","user":"octocat","view":"default","requestId":"fec29320-925f-4496-b82f-f9eab4787c57"}

stdout | app/api/streak/route.error-resilience.test.ts > GET /api/streak — error resilience & exception safety > dev-telemetry logging on unhandled errors > logs unexpected errors with a sanitized message and the "streak" source tag
[32m[INFO][0m Streak request completed {"source":"streak","user":"octocat","view":"default","format":"svg","status":200,"durationMs":0,"requestId":"fec29320-925f-4496-b82f-f9eab4787c57"}

stdout | app/api/streak/route.error-resilience.test.ts > GET /api/streak — error resilience & exception safety > dev-telemetry logging on unhandled errors > does not invoke dev-telemetry logging for expected, user-facing validation errors
[32m[INFO][0m Incoming streak request {"source":"streak","requestId":"963c0893-90fd-4dd7-9676-e4e304c5a48e"}

stdout | app/api/streak/route.error-resilience.test.ts > GET /api/streak — error resilience & exception safety > Cache-Control on error paths not covered by route.test.ts > returns a 400 with no-store caching for validation errors so a corrected reload is never served stale data
[32m[INFO][0m Incoming streak request {"source":"streak","requestId":"d6aedce6-b456-4f35-9f26-bfe5b5771dab"}

stdout | app/api/streak/route.error-resilience.test.ts > GET /api/streak — error resilience & exception safety > Cache-Control on error paths not covered by route.test.ts > never lets a client cache a 404 not-found error response
[32m[INFO][0m Incoming streak request {"source":"streak","user":"octocat","view":"default","requestId":"4a347397-6d29-436e-997b-872259a0ad9b"}

stdout | app/api/streak/route.error-resilience.test.ts > GET /api/streak — error resilience & exception safety > Cache-Control on error paths not covered by route.test.ts > never lets a client cache a 404 not-found error response
[32m[INFO][0m Streak request completed {"source":"streak","user":"octocat","view":"default","format":"svg","status":200,"durationMs":1,"requestId":"4a347397-6d29-436e-997b-872259a0ad9b"}

stdout | app/api/streak/route.error-resilience.test.ts > GET /api/streak — error resilience & exception safety > internal fallback catches keep dependent views healthy > still returns a valid 200 commit-clock SVG when the commit-hour distribution fetch fails internally
[32m[INFO][0m Incoming streak request {"source":"streak","user":"octocat","view":"commit_clock","requestId":"130371b0-1e68-41dd-8136-0304398a6638"}

stdout | app/api/streak/route.error-resilience.test.ts > GET /api/streak — error resilience & exception safety > internal fallback catches keep dependent views healthy > still returns a valid 200 commit-clock SVG when the commit-hour distribution fetch fails internally
[32m[INFO][0m Streak request completed {"source":"streak","user":"octocat","view":"commit_clock","format":"svg","status":200,"durationMs":1,"requestId":"130371b0-1e68-41dd-8136-0304398a6638"}

 ✓ app/api/streak/route.error-resilience.test.ts (21 tests) 613ms
 ✓ components/dashboard/DeploymentTracker.timezone-boundaries.test.tsx (12 tests) 1149ms
     ✓ shows "Just now" for a timestamp a few seconds in the past  353ms
stderr | components/dashboard/PRInsights/PRTrendChart.empty-fallback.test.tsx > PRTrendChart Empty/Missing Inputs Verification > renders successfully with empty activity datasets
The tag <stop> is unrecognized in this browser. If you meant to render a React component, start its name with an uppercase letter.
<linearGradient /> is using incorrect casing. Use PascalCase for React components, or lowercase for HTML elements.
The tag <linearGradient> is unrecognized in this browser. If you meant to render a React component, start its name with an uppercase letter.
The tag <defs> is unrecognized in this browser. If you meant to render a React component, start its name with an uppercase letter.

stderr | components/dashboard/PRInsights/PRTrendChart.empty-fallback.test.tsx > PRTrendChart Empty/Missing Inputs Verification > renders chart container when weekly and monthly data are empty
<linearGradient /> is using incorrect casing. Use PascalCase for React components, or lowercase for HTML elements.

stderr | components/dashboard/PRInsights/PRTrendChart.empty-fallback.test.tsx > PRTrendChart Empty/Missing Inputs Verification > allows switching to weekly view with empty datasets
<linearGradient /> is using incorrect casing. Use PascalCase for React components, or lowercase for HTML elements.

stderr | components/dashboard/PRInsights/PRTrendChart.empty-fallback.test.tsx > PRTrendChart Empty/Missing Inputs Verification > allows switching back to monthly view with empty datasets
<linearGradient /> is using incorrect casing. Use PascalCase for React components, or lowercase for HTML elements.

stderr | components/dashboard/PRInsights/PRTrendChart.empty-fallback.test.tsx > PRTrendChart Empty/Missing Inputs Verification > maintains DOM structure with fully zeroed insight data
<linearGradient /> is using incorrect casing. Use PascalCase for React components, or lowercase for HTML elements.

 ✓ components/dashboard/PRInsights/PRTrendChart.empty-fallback.test.tsx (5 tests) 507ms
     ✓ renders successfully with empty activity datasets  313ms
 ✓ app/contributors/loading.mock-integrations.test.tsx (5 tests) 835ms
     ✓ tests service loading paths to ensure pending state overlays render  650ms
 ✓ components/dashboard/GithubWrapped.empty-fallback.test.tsx (5 tests) 725ms
     ✓ Render the target module or component with empty arrays or null parameters: Renders safely  310ms
 ✓ components/Leaderboard.empty-fallback.test.tsx (5 tests) 419ms
 ✓ components/CherryBlossom.mouse-interactivity.test.tsx (5 tests) 505ms
 ✓ components/dashboard/RepositoryGraph.responsive-breakpoints.test.tsx (5 tests) 424ms
 ✓ components/dashboard/ResumeProfileSection.theme-contrast.test.tsx (5 tests) 399ms
 ✓ components/dashboard/Achievements.test.tsx (8 tests) 824ms
 ✓ components/dashboard/PRInsights/Highlights.responsive-breakpoints.test.tsx (5 tests) 695ms
     ✓ 1. mocks standard mobile-width media coordinates (e.g. 375px wide viewports)  322ms
 ✓ app/generator/components/SectionCard.timezone-boundaries.test.tsx (5 tests) 265ms
 ✓ components/dashboard/DashboardSkeleton.accessibility.test.tsx (5 tests) 522ms
 ✓ components/ShareButtons.responsive-breakpoints.test.tsx (5 tests) 246ms
 ✓ components/dashboard/LanguageChart.empty-fallback.test.tsx (5 tests) 209ms
 ✓ app/compare/page.responsive-breakpoints.test.tsx (5 tests) 564ms
 ✓ lib/calculate.test.ts (125 tests) 922ms
 ✓ components/dashboard/PRInsights/PRStatusDistribution.mock-integrations.test.tsx (5 tests) 468ms
 ✓ components/dashboard/ResumeUpload.test.tsx (5 tests) 1022ms
     ✓ shows error for invalid file type  541ms
 ✓ components/dashboard/ProfileCard.timezone-boundaries.test.tsx (5 tests) 576ms
     ✓ Case 1: formats a single UTC timestamp cleanly to the expected regional dates  322ms
 ✓ components/TopRivalriesTicker.mouse-interactivity.test.tsx (5 tests) 806ms
 ✓ components/dashboard/StatsCard.empty-fallback.test.tsx (5 tests) 1309ms
     ✓ uses fallback icon when icon name is unknown  1004ms
 ✓ components/dashboard/ContributionCity3D.empty-fallback.test.tsx (7 tests) 533ms
 ✓ components/dashboard/PRInsights/PRStatusDistribution.timezone-boundaries.test.tsx (5 tests) 925ms
     ✓ should process PR data metrics accurately across distinct timezones (EST vs IST)  503ms
 ✓ components/dashboard/EnterpriseHealth.test.tsx (4 tests) 1219ms
     ✓ renders team name correctly  952ms
 ✓ components/dashboard/PRInsights/PRInsightsClient.empty-fallback.test.tsx (5 tests) 897ms
     ✓ 1. renders safely without crashing when the API returns an empty dataset  533ms
 ✓ app/api/og/route.empty-fallback.test.tsx (5 tests) 576ms
     ✓ falls back to the default user when user parameter is provided as an empty string  533ms
stdout | app/api/streak/tests/scale.test.ts > Integration Test: API Streak Scale Parameter Group > Test 1: should return 200 OK for valid scale=log
[32m[INFO][0m Incoming streak request {"source":"streak","user":"JhaSourav07","view":"default","requestId":"5296a1c6-8846-4275-a9bc-f8d9959227ca"}

stderr | app/api/streak/tests/scale.test.ts > Integration Test: API Streak Scale Parameter Group > Test 1: should return 200 OK for valid scale=log
[CommitPulse API] Empty profile or null repository nodes discovered for user "JhaSourav07". Falling back to baseline collection.

stdout | app/api/streak/tests/scale.test.ts > Integration Test: API Streak Scale Parameter Group > Test 1: should return 200 OK for valid scale=log
[32m[INFO][0m Streak request completed {"source":"streak","user":"JhaSourav07","view":"default","format":"svg","status":200,"durationMs":110,"requestId":"5296a1c6-8846-4275-a9bc-f8d9959227ca"}

stdout | app/api/streak/tests/scale.test.ts > Integration Test: API Streak Scale Parameter Group > Test 2: should return 200 OK for valid scale=linear
[32m[INFO][0m Incoming streak request {"source":"streak","user":"JhaSourav07","view":"default","requestId":"e8239c4d-e75a-44fe-9483-8437a39b7dc7"}

stderr | app/api/streak/tests/scale.test.ts > Integration Test: API Streak Scale Parameter Group > Test 2: should return 200 OK for valid scale=linear
[CommitPulse API] Empty profile or null repository nodes discovered for user "JhaSourav07". Falling back to baseline collection.

stdout | app/api/streak/tests/scale.test.ts > Integration Test: API Streak Scale Parameter Group > Test 2: should return 200 OK for valid scale=linear
[32m[INFO][0m Streak request completed {"source":"streak","user":"JhaSourav07","view":"default","format":"svg","status":200,"durationMs":30,"requestId":"e8239c4d-e75a-44fe-9483-8437a39b7dc7"}

stdout | app/api/streak/tests/scale.test.ts > Integration Test: API Streak Scale Parameter Group > Test 3: should render different SVGs for linear vs log scaling
[32m[INFO][0m Incoming streak request {"source":"streak","user":"JhaSourav07","view":"default","requestId":"fdc8dbf5-adee-4e88-b29b-e3f909a2263b"}

stderr | app/api/streak/tests/scale.test.ts > Integration Test: API Streak Scale Parameter Group > Test 3: should render different SVGs for linear vs log scaling
[CommitPulse API] Empty profile or null repository nodes discovered for user "JhaSourav07". Falling back to baseline collection.

stdout | app/api/streak/tests/scale.test.ts > Integration Test: API Streak Scale Parameter Group > Test 3: should render different SVGs for linear vs log scaling
[32m[INFO][0m Streak request completed {"source":"streak","user":"JhaSourav07","view":"default","format":"svg","status":200,"durationMs":13,"requestId":"fdc8dbf5-adee-4e88-b29b-e3f909a2263b"}

stdout | app/api/streak/tests/scale.test.ts > Integration Test: API Streak Scale Parameter Group > Test 3: should render different SVGs for linear vs log scaling
[32m[INFO][0m Incoming streak request {"source":"streak","user":"JhaSourav07","view":"default","requestId":"d72094d7-7d96-424e-a106-becb04281a68"}

stderr | app/api/streak/tests/scale.test.ts > Integration Test: API Streak Scale Parameter Group > Test 3: should render different SVGs for linear vs log scaling
[CommitPulse API] Empty profile or null repository nodes discovered for user "JhaSourav07". Falling back to baseline collection.

stdout | app/api/streak/tests/scale.test.ts > Integration Test: API Streak Scale Parameter Group > Test 3: should render different SVGs for linear vs log scaling
[32m[INFO][0m Streak request completed {"source":"streak","user":"JhaSourav07","view":"default","format":"svg","status":200,"durationMs":18,"requestId":"d72094d7-7d96-424e-a106-becb04281a68"}

stdout | app/api/streak/tests/scale.test.ts > Integration Test: API Streak Scale Parameter Group > Test 4: should fallback gracefully to linear behavior for invalid scale inputs
[32m[INFO][0m Incoming streak request {"source":"streak","user":"JhaSourav07","view":"default","requestId":"c3ddba14-a770-4788-bfcd-16af6110ba75"}

stderr | app/api/streak/tests/scale.test.ts > Integration Test: API Streak Scale Parameter Group > Test 4: should fallback gracefully to linear behavior for invalid scale inputs
[CommitPulse API] Empty profile or null repository nodes discovered for user "JhaSourav07". Falling back to baseline collection.

stdout | app/api/streak/tests/scale.test.ts > Integration Test: API Streak Scale Parameter Group > Test 4: should fallback gracefully to linear behavior for invalid scale inputs
[32m[INFO][0m Streak request completed {"source":"streak","user":"JhaSourav07","view":"default","format":"svg","status":200,"durationMs":6,"requestId":"c3ddba14-a770-4788-bfcd-16af6110ba75"}

stdout | app/api/streak/tests/scale.test.ts > Integration Test: API Streak Scale Parameter Group > Test 4: should fallback gracefully to linear behavior for invalid scale inputs
[32m[INFO][0m Incoming streak request {"source":"streak","user":"JhaSourav07","view":"default","requestId":"25500595-80db-43f1-81ac-cc6bdd0b2412"}

stderr | app/api/streak/tests/scale.test.ts > Integration Test: API Streak Scale Parameter Group > Test 4: should fallback gracefully to linear behavior for invalid scale inputs
[CommitPulse API] Empty profile or null repository nodes discovered for user "JhaSourav07". Falling back to baseline collection.

stdout | app/api/streak/tests/scale.test.ts > Integration Test: API Streak Scale Parameter Group > Test 4: should fallback gracefully to linear behavior for invalid scale inputs
[32m[INFO][0m Streak request completed {"source":"streak","user":"JhaSourav07","view":"default","format":"svg","status":200,"durationMs":4,"requestId":"25500595-80db-43f1-81ac-cc6bdd0b2412"}

stdout | app/api/streak/tests/scale.test.ts > Integration Test: API Streak Scale Parameter Group > Test 5: should return appropriate HTTP headers for SVG rendering
[32m[INFO][0m Incoming streak request {"source":"streak","user":"JhaSourav07","view":"default","requestId":"e732331f-4bb9-4f69-932f-5a699bf072ef"}

 ✓ components/Leaderboard.mouse-interactivity.test.tsx (5 tests) 548ms
     ✓ Interactive Pointer Detection (Cursor Hovers Equivalent): applies explicit cursor-pointer classes on interactive elements  370ms
stderr | app/api/streak/tests/scale.test.ts > Integration Test: API Streak Scale Parameter Group > Test 5: should return appropriate HTTP headers for SVG rendering
[CommitPulse API] Empty profile or null repository nodes discovered for user "JhaSourav07". Falling back to baseline collection.

stdout | app/api/streak/tests/scale.test.ts > Integration Test: API Streak Scale Parameter Group > Test 5: should return appropriate HTTP headers for SVG rendering
[32m[INFO][0m Streak request completed {"source":"streak","user":"JhaSourav07","view":"default","format":"svg","status":200,"durationMs":1,"requestId":"e732331f-4bb9-4f69-932f-5a699bf072ef"}

 ✓ app/api/streak/tests/scale.test.ts (5 tests) 574ms
     ✓ Test 1: should return 200 OK for valid scale=log  304ms
 ✓ components/dashboard/ProfileCard.theme-contrast.test.tsx (5 tests) 487ms
 ✓ components/dashboard/ActivityLandscape.error-resilience.test.tsx (6 tests) 2275ms
     ✓ renders without crashing on hydration with valid empty data  1308ms
     ✓ renders correctly with valid data  300ms
 ✓ components/AnimatedCursor.test.tsx (6 tests) 2118ms
     ✓ bails out and does not hide native cursor on touch/mobile devices (pointer: fine matches false)  1200ms
stderr | components/dashboard/GrowthTrendChart.theme-contrast.test.tsx > GrowthTrendChart theme contrast > renders heading with dark and light theme text classes
React does not recognize the `whileInView` prop on a DOM element. If you intentionally want it to appear in the DOM as a custom attribute, spell it as lowercase `whileinview` instead. If you accidentally passed it from a parent component, remove it from the DOM element.

 ✓ app/components/FeatureCard.type-compiler.test.tsx (5 tests) 3164ms
     ✓ 5. asserts that runtime parsing fallbacks handle missing attributes safely and complete standard mounting cycles  3086ms
 ✓ components/dashboard/GrowthTrendChart.theme-contrast.test.tsx (5 tests) 2180ms
     ✓ renders heading with dark and light theme text classes  945ms
     ✓ renders legend labels with theme-aware contrast styling  317ms
     ✓ renders container with dark and light background variants  408ms
stdout | app/api/streak/route.theme-contrast.test.ts > GET /api/streak theme contrast > renders successfully with dark theme
[32m[INFO][0m Incoming streak request {"source":"streak","user":"octocat","view":"default","requestId":"2f3dea97-0b64-465f-88d0-92a9ba3c9769"}

stdout | app/api/streak/route.theme-contrast.test.ts > GET /api/streak theme contrast > renders successfully with dark theme
[32m[INFO][0m Streak request completed {"source":"streak","user":"octocat","view":"default","format":"svg","status":200,"durationMs":468,"requestId":"2f3dea97-0b64-465f-88d0-92a9ba3c9769"}

stdout | app/api/streak/route.theme-contrast.test.ts > GET /api/streak theme contrast > renders successfully with light theme
[32m[INFO][0m Incoming streak request {"source":"streak","user":"octocat","view":"default","requestId":"8f8ce29e-6b06-4154-93f6-9c373e8dafda"}

stdout | app/api/streak/route.theme-contrast.test.ts > GET /api/streak theme contrast > renders successfully with light theme
[32m[INFO][0m Streak request completed {"source":"streak","user":"octocat","view":"default","format":"svg","status":200,"durationMs":16,"requestId":"8f8ce29e-6b06-4154-93f6-9c373e8dafda"}

stdout | app/api/streak/route.theme-contrast.test.ts > GET /api/streak theme contrast > produces different SVG output for dark and light themes
[32m[INFO][0m Incoming streak request {"source":"streak","user":"octocat","view":"default","requestId":"0470b3e2-87c8-4af1-a070-b43fc528a493"}

stdout | app/api/streak/route.theme-contrast.test.ts > GET /api/streak theme contrast > produces different SVG output for dark and light themes
[32m[INFO][0m Streak request completed {"source":"streak","user":"octocat","view":"default","format":"svg","status":200,"durationMs":25,"requestId":"0470b3e2-87c8-4af1-a070-b43fc528a493"}

stdout | app/api/streak/route.theme-contrast.test.ts > GET /api/streak theme contrast > produces different SVG output for dark and light themes
[32m[INFO][0m Incoming streak request {"source":"streak","user":"octocat","view":"default","requestId":"d0ef36d6-ffdb-498c-ab82-09decd3269c9"}

stdout | app/api/streak/route.theme-contrast.test.ts > GET /api/streak theme contrast > produces different SVG output for dark and light themes
[32m[INFO][0m Streak request completed {"source":"streak","user":"octocat","view":"default","format":"svg","status":200,"durationMs":3,"requestId":"d0ef36d6-ffdb-498c-ab82-09decd3269c9"}

stdout | app/api/streak/route.theme-contrast.test.ts > GET /api/streak theme contrast > uses prefers-color-scheme CSS when theme=auto
[32m[INFO][0m Incoming streak request {"source":"streak","user":"octocat","view":"default","requestId":"6ca1b1ff-c5a8-4cc4-92d3-c48cce9a492a"}

stdout | app/api/streak/route.theme-contrast.test.ts > GET /api/streak theme contrast > uses prefers-color-scheme CSS when theme=auto
[32m[INFO][0m Streak request completed {"source":"streak","user":"octocat","view":"default","format":"svg","status":200,"durationMs":28,"requestId":"6ca1b1ff-c5a8-4cc4-92d3-c48cce9a492a"}

stdout | app/api/streak/route.theme-contrast.test.ts > GET /api/streak theme contrast > includes CSS variables for automatic theme switching
[32m[INFO][0m Incoming streak request {"source":"streak","user":"octocat","view":"default","requestId":"224626a0-164e-48c6-963b-957fc53638ea"}

stdout | app/api/streak/route.theme-contrast.test.ts > GET /api/streak theme contrast > includes CSS variables for automatic theme switching
[32m[INFO][0m Streak request completed {"source":"streak","user":"octocat","view":"default","format":"svg","status":200,"durationMs":19,"requestId":"224626a0-164e-48c6-963b-957fc53638ea"}

 ✓ app/api/streak/route.theme-contrast.test.ts (5 tests) 1961ms
     ✓ renders successfully with dark theme  1135ms
 ✓ app/api/wrapped/route.theme-contrast.test.tsx (5 tests) 882ms
     ✓ 1. should emulate both dark and light presets  340ms
stderr | components/dashboard/ProfileOptimizerModal.mock-integrations.test.tsx > ProfileOptimizerModal - Async Integration Fixed > 2. updates loading text after interval tick
`ReactDOMTestUtils.act` is deprecated in favor of `React.act`. Import `act` from `react` instead of `react-dom/test-utils`. See https://react.dev/warnings/react-dom-test-utils for more info.

 ✓ components/dashboard/ProfileOptimizerModal.mock-integrations.test.tsx (5 tests) 2521ms
     ✓ 1. renders initial loading state  1037ms
     ✓ 2. updates loading text after interval tick  489ms
     ✓ 3. completes full cycle safely  505ms
     ✓ 4. resets properly on reopen  394ms
 ✓ components/dashboard/AchievementsSkeleton.test.tsx (4 tests) 490ms
     ✓  renders without crashing  303ms
 ✓ components/dashboard/ActivityLandscape.mock-integrations.test.tsx (5 tests) 540ms
 ✓ app/customize/components/AdvancedSettingsPanel.theme-contrast.test.tsx (5 tests) 621ms
     ✓ includes light and dark theme classes on section labels  336ms
 ✓ app/customize/components/AdvancedSettingsPanel.test.tsx (2 tests) 412ms
stdout | app/api/streak/route.mouse-interactivity.test.ts > ApiStreakRoute Tests > returns 400 Bad Request when the required user parameter is missing
[32m[INFO][0m Incoming streak request {"source":"streak","requestId":"a445b351-6c06-4b1a-8dc2-ac945ca5c3e0"}

stdout | app/api/streak/route.mouse-interactivity.test.ts > ApiStreakRoute Tests > returns JSON data when format is set to json
[32m[INFO][0m Incoming streak request {"source":"streak","user":"octocat","view":"default","requestId":"d55e7160-7787-4879-b661-40c872a7c0e5"}

stdout | app/api/streak/route.mouse-interactivity.test.ts > ApiStreakRoute Tests > returns JSON data when format is set to json
[32m[INFO][0m Streak request completed {"source":"streak","user":"octocat","view":"default","format":"json","status":200,"durationMs":78,"requestId":"d55e7160-7787-4879-b661-40c872a7c0e5"}

stdout | app/api/streak/route.mouse-interactivity.test.ts > ApiStreakRoute Tests > handles ETag / If-None-Match and returns 304 Not Modified
[32m[INFO][0m Incoming streak request {"source":"streak","user":"octocat","view":"default","requestId":"64777880-0166-4280-aa1d-f83127293af0"}

stdout | app/api/streak/route.mouse-interactivity.test.ts > ApiStreakRoute Tests > handles ETag / If-None-Match and returns 304 Not Modified
[32m[INFO][0m Streak request completed {"source":"streak","user":"octocat","view":"default","format":"json","status":200,"durationMs":1,"requestId":"64777880-0166-4280-aa1d-f83127293af0"}

stdout | app/api/streak/route.mouse-interactivity.test.ts > ApiStreakRoute Tests > handles ETag / If-None-Match and returns 304 Not Modified
[32m[INFO][0m Incoming streak request {"source":"streak","user":"octocat","view":"default","requestId":"961c08ca-f7fe-44a6-814c-f3be3b0769a2"}

stdout | app/api/streak/route.mouse-interactivity.test.ts > ApiStreakRoute Tests > handles ETag / If-None-Match and returns 304 Not Modified
[32m[INFO][0m Streak request completed {"source":"streak","user":"octocat","view":"default","format":"json","status":200,"durationMs":1,"requestId":"961c08ca-f7fe-44a6-814c-f3be3b0769a2"}

stdout | app/api/streak/route.mouse-interactivity.test.ts > ApiStreakRoute Tests > bypasses the cache and sets Cache-Control: no-store when refresh is true
[32m[INFO][0m Incoming streak request {"source":"streak","user":"octocat","view":"default","requestId":"ab5e7d3c-138e-49ff-9573-f909618b8cac"}

stdout | app/api/streak/route.mouse-interactivity.test.ts > ApiStreakRoute Tests > bypasses the cache and sets Cache-Control: no-store when refresh is true
[32m[INFO][0m Streak request completed {"source":"streak","user":"octocat","view":"default","format":"json","status":200,"durationMs":3,"requestId":"ab5e7d3c-138e-49ff-9573-f909618b8cac"}

stdout | app/api/streak/route.mouse-interactivity.test.ts > ApiStreakRoute Tests > returns SVG image content with Content-Security-Policy header by default
[32m[INFO][0m Incoming streak request {"source":"streak","user":"octocat","view":"default","requestId":"f0a806c9-a350-49cb-8d68-998936b0f65f"}

stdout | app/api/streak/route.mouse-interactivity.test.ts > ApiStreakRoute Tests > returns SVG image content with Content-Security-Policy header by default
[32m[INFO][0m Streak request completed {"source":"streak","user":"octocat","view":"default","format":"svg","status":200,"durationMs":4,"requestId":"f0a806c9-a350-49cb-8d68-998936b0f65f"}

 ✓ app/contributors/ContributorsClient.error-resilience.test.tsx (5 tests) 907ms
     ✓ renders successfully with valid data  541ms
 ✓ app/api/streak/route.mouse-interactivity.test.ts (5 tests) 313ms
 ✓ app/generator/components/GitHubImportModal.test.tsx (5 tests) 1253ms
     ✓ renders correctly when open  560ms
 ✓ components/dashboard/PRInsights/ReviewAnalytics.mouse-interactivity.test.tsx (5 tests) 229ms
 ✓ app/contributors/ContributorsSearch.responsive-breakpoints.test.tsx (5 tests) 408ms
stderr | components/dashboard/CommitClock.theme-contrast.test.tsx > CommitClock - Theme Contrast > renders light and dark mode container classes
React does not recognize the `whileInView` prop on a DOM element. If you intentionally want it to appear in the DOM as a custom attribute, spell it as lowercase `whileinview` instead. If you accidentally passed it from a parent component, remove it from the DOM element.

 ✓ components/dashboard/GrowthTrendChart.empty-fallback.test.tsx (5 tests) 1017ms
     ✓ renders successfully with empty activity arrays  538ms
 ✓ components/dashboard/CommitClock.theme-contrast.test.tsx (5 tests) 843ms
     ✓ renders light and dark mode container classes  418ms
stderr | components/dashboard/RadarChart.mouse-interactivity.test.tsx > RadarChart mouse interactivity contract > renders chart title and subtitle
React does not recognize the `whileInView` prop on a DOM element. If you intentionally want it to appear in the DOM as a custom attribute, spell it as lowercase `whileinview` instead. If you accidentally passed it from a parent component, remove it from the DOM element.

 ✓ app/api/og/route.timezone-boundaries.test.tsx (5 tests) 416ms
     ✓ returns a consistent image for a UTC calendar boundary  328ms
 ✓ components/dashboard/RadarChart.mouse-interactivity.test.tsx (5 tests) 676ms
 ✓ components/AnimatedCursor.timezone-boundaries.test.tsx (5 tests) 877ms
     ✓ renders both cursor elements in test environment regardless of prefers-reduced-motion — NODE_ENV guard acts as UTC baseline override  607ms
 ✓ components/dashboard/ProfileCard.mock-integrations.test.tsx (5 tests) 819ms
     ✓ renders with ShareSheet initially closed  364ms
 ✓ components/dashboard/StatsCard.accessibility.test.tsx (5 tests) 293ms
 ✓ app/customize/components/ControlsPanel.mock-integrations.test.tsx (5 tests) 505ms
     ✓ should simulate pending state loading flags overlay correctly  320ms
 ✓ components/dashboard/ProfileOptimizerModal.error-resilience.test.tsx (5 tests) 533ms
     ✓ maintains hydration stability with null userData and renders the loading state without crashing  389ms
 ✓ app/customize/components/SectionLabel.accessibility.test.tsx (7 tests) 597ms
 ✓ components/TopRivalriesTicker.theme-contrast.test.tsx (5 tests) 704ms
     ✓ 2. asserts that visual styling for TopRivalriesTicker adapts properly to current theme settings  458ms
stderr | components/dashboard/GrowthTrendChart.mouse-interactivity.test.tsx > GrowthTrendChart mouse interactivity > handles mouse enter events without crashing
React does not recognize the `whileInView` prop on a DOM element. If you intentionally want it to appear in the DOM as a custom attribute, spell it as lowercase `whileinview` instead. If you accidentally passed it from a parent component, remove it from the DOM element.

 ✓ components/CherryBlossom.test.tsx (5 tests) 697ms
 ✓ components/dashboard/GrowthTrendChart.mouse-interactivity.test.tsx (5 tests) 1128ms
     ✓ handles mouse enter events without crashing  404ms
 ✓ components/dashboard/Achievements.theme-contrast.test.tsx (5 tests) 825ms
     ✓ adapts visual container elements safely when toggling between light and dark settings  510ms
 ✓ components/dashboard/RepositoryGraph.mock-integrations.test.tsx (5 tests) 782ms
     ✓ renders successfully with mocked dynamic graph integration  508ms
 ✓ components/dashboard/RadarChart.responsive-breakpoints.test.tsx (5 tests) 1094ms
     ✓ Case 1: mock standard mobile-width (375px) layout reflow to single-column  402ms
     ✓ Case 4: assert mobile-specific toggle states respond to view interactions  451ms
stdout | app/api/streak/tests/shading.test.ts > Streak API - shading parameter integration tests > should return 200 OK and apply shading when shading is true
[32m[INFO][0m Incoming streak request {"source":"streak","user":"octocat","view":"default","requestId":"d2790d0c-2b8a-47e3-9ed5-a3e1802b52c3"}

stdout | app/api/streak/tests/shading.test.ts > Streak API - shading parameter integration tests > should return 200 OK and apply shading when shading is true
[32m[INFO][0m Streak request completed {"source":"streak","user":"octocat","view":"default","format":"svg","status":200,"durationMs":163,"requestId":"d2790d0c-2b8a-47e3-9ed5-a3e1802b52c3"}

stdout | app/api/streak/tests/shading.test.ts > Streak API - shading parameter integration tests > should return 200 OK and not apply shading when shading is false
[32m[INFO][0m Incoming streak request {"source":"streak","user":"octocat","view":"default","requestId":"9eaa6857-58b5-4804-920c-1cc0193de982"}

stdout | app/api/streak/tests/shading.test.ts > Streak API - shading parameter integration tests > should return 200 OK and not apply shading when shading is false
[32m[INFO][0m Streak request completed {"source":"streak","user":"octocat","view":"default","format":"svg","status":200,"durationMs":2,"requestId":"9eaa6857-58b5-4804-920c-1cc0193de982"}

stdout | app/api/streak/tests/shading.test.ts > Streak API - shading parameter integration tests > should fallback to false and return 200 OK when shading is invalid
[32m[INFO][0m Incoming streak request {"source":"streak","user":"octocat","view":"default","requestId":"33c3ed94-a35f-4569-b8e1-86ac4cf38f78"}

stdout | app/api/streak/tests/shading.test.ts > Streak API - shading parameter integration tests > should fallback to false and return 200 OK when shading is invalid
[32m[INFO][0m Streak request completed {"source":"streak","user":"octocat","view":"default","format":"svg","status":200,"durationMs":1,"requestId":"33c3ed94-a35f-4569-b8e1-86ac4cf38f78"}

stdout | app/api/streak/tests/shading.test.ts > Streak API - shading parameter integration tests > should default to false and return 200 OK when shading is missing
[32m[INFO][0m Incoming streak request {"source":"streak","user":"octocat","view":"default","requestId":"97a93587-f2e5-4e69-a7f9-69286f5e3146"}

stdout | app/api/streak/tests/shading.test.ts > Streak API - shading parameter integration tests > should default to false and return 200 OK when shading is missing
[32m[INFO][0m Streak request completed {"source":"streak","user":"octocat","view":"default","format":"svg","status":200,"durationMs":1,"requestId":"97a93587-f2e5-4e69-a7f9-69286f5e3146"}

stdout | app/api/streak/tests/shading.test.ts > Streak API - shading parameter integration tests > should produce different SVGs when shading is true vs false
[32m[INFO][0m Incoming streak request {"source":"streak","user":"octocat","view":"default","requestId":"2d5761bf-5fca-46f3-a99b-0b06ce3f6bff"}

stdout | app/api/streak/tests/shading.test.ts > Streak API - shading parameter integration tests > should produce different SVGs when shading is true vs false
[32m[INFO][0m Streak request completed {"source":"streak","user":"octocat","view":"default","format":"svg","status":200,"durationMs":14,"requestId":"2d5761bf-5fca-46f3-a99b-0b06ce3f6bff"}

stdout | app/api/streak/tests/shading.test.ts > Streak API - shading parameter integration tests > should produce different SVGs when shading is true vs false
[32m[INFO][0m Incoming streak request {"source":"streak","user":"octocat","view":"default","requestId":"5a84bc17-d1cc-42cb-87ac-daa43b6da776"}

stdout | app/api/streak/tests/shading.test.ts > Streak API - shading parameter integration tests > should produce different SVGs when shading is true vs false
[32m[INFO][0m Streak request completed {"source":"streak","user":"octocat","view":"default","format":"svg","status":200,"durationMs":1,"requestId":"5a84bc17-d1cc-42cb-87ac-daa43b6da776"}

 ✓ app/api/streak/tests/shading.test.ts (5 tests) 430ms
 ✓ models/StudentProfile.timezone-boundaries.test.ts (5 tests) 577ms
     ✓ maps student profile createdAt and updatedAt onto the correct visual dates across UTC, EST, IST, and JST without boundary shifts  501ms
 ✓ components/dashboard/PRInsights/PRStatusDistribution.responsive-breakpoints.test.tsx (5 tests) 1214ms
     ✓ 1. mocks standard mobile-width media coordinates (e.g. 375px wide viewports)  1022ms
 ✓ components/dashboard/GrowthTrendChart.accessibility.test.tsx (5 tests) 850ms
stdout | app/api/streak/tests/dimensions.test.ts > Integration Test: API Streak Dimensions Parameter Group > Test 1: should return 200 OK for valid custom dimensions
[32m[INFO][0m Incoming streak request {"source":"streak","user":"JhaSourav07","view":"default","requestId":"3b0537d9-5ead-4d5e-a8e5-3bf3342e783e"}

stderr | app/api/streak/tests/dimensions.test.ts > Integration Test: API Streak Dimensions Parameter Group > Test 1: should return 200 OK for valid custom dimensions
[CommitPulse API] Empty profile or null repository nodes discovered for user "JhaSourav07". Falling back to baseline collection.

stdout | app/api/streak/tests/dimensions.test.ts > Integration Test: API Streak Dimensions Parameter Group > Test 1: should return 200 OK for valid custom dimensions
[32m[INFO][0m Streak request completed {"source":"streak","user":"JhaSourav07","view":"default","format":"svg","status":200,"durationMs":182,"requestId":"3b0537d9-5ead-4d5e-a8e5-3bf3342e783e"}

stdout | app/api/streak/tests/dimensions.test.ts > Integration Test: API Streak Dimensions Parameter Group > Test 2: should reflect dimension changes directly in the rendered SVG
[32m[INFO][0m Incoming streak request {"source":"streak","user":"JhaSourav07","view":"default","requestId":"caa4b073-9d2a-4b6e-acf2-613d243ac38d"}

stderr | app/api/streak/tests/dimensions.test.ts > Integration Test: API Streak Dimensions Parameter Group > Test 2: should reflect dimension changes directly in the rendered SVG
[CommitPulse API] Empty profile or null repository nodes discovered for user "JhaSourav07". Falling back to baseline collection.

stdout | app/api/streak/tests/dimensions.test.ts > Integration Test: API Streak Dimensions Parameter Group > Test 2: should reflect dimension changes directly in the rendered SVG
[32m[INFO][0m Streak request completed {"source":"streak","user":"JhaSourav07","view":"default","format":"svg","status":200,"durationMs":6,"requestId":"caa4b073-9d2a-4b6e-acf2-613d243ac38d"}

stdout | app/api/streak/tests/dimensions.test.ts > Integration Test: API Streak Dimensions Parameter Group > Test 3: should reject negative dimensions with a 400 Bad Request
[32m[INFO][0m Incoming streak request {"source":"streak","requestId":"eb590066-5cba-40b7-bf01-b032afbd43d6"}

stdout | app/api/streak/tests/dimensions.test.ts > Integration Test: API Streak Dimensions Parameter Group > Test 4: should handle completely invalid string inputs by rejecting with 400
[32m[INFO][0m Incoming streak request {"source":"streak","requestId":"70b95632-9767-43fb-80eb-5d319cf69d2f"}

stdout | app/api/streak/tests/dimensions.test.ts > Integration Test: API Streak Dimensions Parameter Group > Test 5: should return appropriate HTTP headers for SVG rendering
[32m[INFO][0m Incoming streak request {"source":"streak","user":"JhaSourav07","view":"default","requestId":"ef5701c8-786c-440a-956a-109449b411af"}

stderr | app/api/streak/tests/dimensions.test.ts > Integration Test: API Streak Dimensions Parameter Group > Test 5: should return appropriate HTTP headers for SVG rendering
[CommitPulse API] Empty profile or null repository nodes discovered for user "JhaSourav07". Falling back to baseline collection.

stdout | app/api/streak/tests/dimensions.test.ts > Integration Test: API Streak Dimensions Parameter Group > Test 5: should return appropriate HTTP headers for SVG rendering
[32m[INFO][0m Streak request completed {"source":"streak","user":"JhaSourav07","view":"default","format":"svg","status":200,"durationMs":8,"requestId":"ef5701c8-786c-440a-956a-109449b411af"}

 ✓ app/api/streak/tests/dimensions.test.ts (5 tests) 406ms
     ✓ Test 1: should return 200 OK for valid custom dimensions  322ms
stderr | components/dashboard/ComparisonStatsCard.error-resilience.test.tsx > ComparisonStatsCard Error Resilience > maintains hydration stability and renders without crashing under default properties
React does not recognize the `whileInView` prop on a DOM element. If you intentionally want it to appear in the DOM as a custom attribute, spell it as lowercase `whileinview` instead. If you accidentally passed it from a parent component, remove it from the DOM element.
React does not recognize the `whileHover` prop on a DOM element. If you intentionally want it to appear in the DOM as a custom attribute, spell it as lowercase `whilehover` instead. If you accidentally passed it from a parent component, remove it from the DOM element.

 ✓ components/dashboard/StatsCardSkeleton.error-resilience.test.tsx (5 tests) 265ms
 ✓ components/dashboard/ComparisonStatsCard.error-resilience.test.tsx (5 tests) 859ms
     ✓ maintains hydration stability and renders without crashing under default properties  674ms
stderr | components/dashboard/Achievements.mock-integrations.test.tsx > Achievements - Asynchronous Service Layer Mocking & Local Cache Stubs > Mock standard asynchronous imports and databases using stubs: renders mocked icons without real lucide-react
React does not recognize the `whileInView` prop on a DOM element. If you intentionally want it to appear in the DOM as a custom attribute, spell it as lowercase `whileinview` instead. If you accidentally passed it from a parent component, remove it from the DOM element.

 ✓ components/dashboard/Achievements.mock-integrations.test.tsx (5 tests) 549ms
     ✓ Mock standard asynchronous imports and databases using stubs: renders mocked icons without real lucide-react  416ms
 ✓ components/dashboard/StatsCard.utc-disclaimer.test.tsx (1 test) 187ms
 ✓ components/dashboard/ComparisonStatsCard.timezone-boundaries.test.tsx (5 tests) 1387ms
     ✓ Mock standard timezone settings (e.g., UTC, EST, IST, and JST)  832ms
 ✓ app/api/og/route.error-resilience.test.tsx (5 tests) 503ms
     ✓ returns a valid image response when GitHub contribution fetching throws an exception  422ms
 ✓ app/generator/types.error-resilience.test.ts (5 tests) 270ms
stderr | components/Leaderboard.mock-integrations.test.tsx > Leaderboard mock integrations > renders contributor data from mocked local input without network calls
React does not recognize the `whileInView` prop on a DOM element. If you intentionally want it to appear in the DOM as a custom attribute, spell it as lowercase `whileinview` instead. If you accidentally passed it from a parent component, remove it from the DOM element.
React does not recognize the `whileHover` prop on a DOM element. If you intentionally want it to appear in the DOM as a custom attribute, spell it as lowercase `whilehover` instead. If you accidentally passed it from a parent component, remove it from the DOM element.

 ✓ components/Leaderboard.mock-integrations.test.tsx (5 tests) 873ms
     ✓ renders contributor data from mocked local input without network calls  596ms
 ✓ app/generator/components/SectionCard.error-resilience.test.tsx (5 tests) 931ms
     ✓ maintains hydration stability and renders without crashing under normal conditions  618ms
 ✓ components/dashboard/PRInsights/ReviewAnalytics.theme-contrast.test.tsx (5 tests) 615ms
 ✓ app/contributors/loading.error-resilience.test.tsx (5 tests) 255ms
stdout | app/api/streak/tests/languages.test.ts > GET /api/streak — languages (lang) parameter > returns 200 with SVG content type when a valid lang=de is given
[32m[INFO][0m Incoming streak request {"source":"streak","user":"octocat","view":"default","requestId":"5b33f096-9dee-4199-9d50-da21e6b94a41"}

stdout | app/api/streak/tests/languages.test.ts > GET /api/streak — languages (lang) parameter > returns 200 with SVG content type when a valid lang=de is given
[32m[INFO][0m Streak request completed {"source":"streak","user":"octocat","view":"default","format":"svg","status":200,"durationMs":45,"requestId":"5b33f096-9dee-4199-9d50-da21e6b94a41"}

stdout | app/api/streak/tests/languages.test.ts > GET /api/streak — languages (lang) parameter > returns a well-formed SVG body when lang=pt is given
[32m[INFO][0m Incoming streak request {"source":"streak","user":"octocat","view":"default","requestId":"d4e6a44c-6246-4c55-8e3c-21d1246b0dd0"}

stdout | app/api/streak/tests/languages.test.ts > GET /api/streak — languages (lang) parameter > returns a well-formed SVG body when lang=pt is given
[32m[INFO][0m Streak request completed {"source":"streak","user":"octocat","view":"default","format":"svg","status":200,"durationMs":15,"requestId":"d4e6a44c-6246-4c55-8e3c-21d1246b0dd0"}

stdout | app/api/streak/tests/languages.test.ts > GET /api/streak — languages (lang) parameter > falls back to English labels when an unrecognised lang=zz is given
[32m[INFO][0m Incoming streak request {"source":"streak","user":"octocat","view":"default","requestId":"a91cc370-8723-4a00-9616-99f1b1954f4b"}

stdout | app/api/streak/tests/languages.test.ts > GET /api/streak — languages (lang) parameter > falls back to English labels when an unrecognised lang=zz is given
[32m[INFO][0m Streak request completed {"source":"streak","user":"octocat","view":"default","format":"svg","status":200,"durationMs":3,"requestId":"a91cc370-8723-4a00-9616-99f1b1954f4b"}

stdout | app/api/streak/tests/languages.test.ts > GET /api/streak — languages (lang) parameter > returns English labels when lang=en is explicitly provided
[32m[INFO][0m Incoming streak request {"source":"streak","user":"octocat","view":"default","requestId":"1e5fed3f-0c76-4c22-998c-94d4085a1997"}

 ✓ app/components/navbar.mock-integrations.test.tsx (2 tests) 372ms
stdout | app/api/streak/tests/languages.test.ts > GET /api/streak — languages (lang) parameter > returns English labels when lang=en is explicitly provided
[32m[INFO][0m Streak request completed {"source":"streak","user":"octocat","view":"default","format":"svg","status":200,"durationMs":2,"requestId":"1e5fed3f-0c76-4c22-998c-94d4085a1997"}

stdout | app/api/streak/tests/languages.test.ts > GET /api/streak — languages (lang) parameter > sets Cache-Control and Content-Security-Policy headers for a valid lang parameter
[32m[INFO][0m Incoming streak request {"source":"streak","user":"octocat","view":"default","requestId":"43fa8fbd-88b8-4b76-b32f-17936856b3a0"}

stdout | app/api/streak/tests/languages.test.ts > GET /api/streak — languages (lang) parameter > sets Cache-Control and Content-Security-Policy headers for a valid lang parameter
[32m[INFO][0m Streak request completed {"source":"streak","user":"octocat","view":"default","format":"svg","status":200,"durationMs":9,"requestId":"43fa8fbd-88b8-4b76-b32f-17936856b3a0"}

 ✓ app/api/streak/tests/languages.test.ts (5 tests) 325ms
 ✓ components/dashboard/ProfileCard.type-compiler.test.tsx (5 tests) 363ms
 ✓ components/dashboard/Achievements.error-resilience.test.tsx (5 tests) 450ms
 ✓ hooks/useGlowEffect.responsive-breakpoints.test.ts (5 tests) 312ms
stderr | components/dashboard/Heatmap.error-resilience.test.tsx > Heatmap Error Resilience > renders fallback UI when nested runtime exception occurs
Error: Simulated runtime crash
    at ThrowingComponent (/home/atulupadhyay/Contribution/commitpulse/components/dashboard/Heatmap.error-resilience.test.tsx:61:13)
    at Object.react_stack_bottom_frame (/home/atulupadhyay/Contribution/commitpulse/node_modules/react-dom/cjs/react-dom-client.development.js:25904:20)
    at renderWithHooks (/home/atulupadhyay/Contribution/commitpulse/node_modules/react-dom/cjs/react-dom-client.development.js:7662:22)
    at updateFunctionComponent (/home/atulupadhyay/Contribution/commitpulse/node_modules/react-dom/cjs/react-dom-client.development.js:10166:19)
    at beginWork (/home/atulupadhyay/Contribution/commitpulse/node_modules/react-dom/cjs/react-dom-client.development.js:11778:18)
    at runWithFiberInDEV (/home/atulupadhyay/Contribution/commitpulse/node_modules/react-dom/cjs/react-dom-client.development.js:874:13)
    at performUnitOfWork (/home/atulupadhyay/Contribution/commitpulse/node_modules/react-dom/cjs/react-dom-client.development.js:17641:22)
    at workLoopSync (/home/atulupadhyay/Contribution/commitpulse/node_modules/react-dom/cjs/react-dom-client.development.js:17469:41)
    at renderRootSync (/home/atulupadhyay/Contribution/commitpulse/node_modules/react-dom/cjs/react-dom-client.development.js:17450:11)
    at performWorkOnRoot (/home/atulupadhyay/Contribution/commitpulse/node_modules/react-dom/cjs/react-dom-client.development.js:16583:35) {
  [stack]: [Getter/Setter],
  [message]: 'Simulated runtime crash'
}

The above error occurred in the <ThrowingComponent> component.

React will try to recreate this component tree from scratch using the error boundary you provided, y.


stderr | components/dashboard/Heatmap.error-resilience.test.tsx > Heatmap Error Resilience > renders fallback UI for broken components safely
Error: Unexpected failure
    at BrokenComponent (/home/atulupadhyay/Contribution/commitpulse/components/dashboard/Heatmap.error-resilience.test.tsx:89:13)
    at Object.react_stack_bottom_frame (/home/atulupadhyay/Contribution/commitpulse/node_modules/react-dom/cjs/react-dom-client.development.js:25904:20)
    at renderWithHooks (/home/atulupadhyay/Contribution/commitpulse/node_modules/react-dom/cjs/react-dom-client.development.js:7662:22)
    at updateFunctionComponent (/home/atulupadhyay/Contribution/commitpulse/node_modules/react-dom/cjs/react-dom-client.development.js:10166:19)
    at beginWork (/home/atulupadhyay/Contribution/commitpulse/node_modules/react-dom/cjs/react-dom-client.development.js:11778:18)
    at runWithFiberInDEV (/home/atulupadhyay/Contribution/commitpulse/node_modules/react-dom/cjs/react-dom-client.development.js:874:13)
    at performUnitOfWork (/home/atulupadhyay/Contribution/commitpulse/node_modules/react-dom/cjs/react-dom-client.development.js:17641:22)
    at workLoopSync (/home/atulupadhyay/Contribution/commitpulse/node_modules/react-dom/cjs/react-dom-client.development.js:17469:41)
    at renderRootSync (/home/atulupadhyay/Contribution/commitpulse/node_modules/react-dom/cjs/react-dom-client.development.js:17450:11)
    at performWorkOnRoot (/home/atulupadhyay/Contribution/commitpulse/node_modules/react-dom/cjs/react-dom-client.development.js:16583:35) {
  [stack]: [Getter/Setter],
  [message]: 'Unexpected failure'
}

The above error occurred in the <BrokenComponent> component.

React will try to recreate this component tree from scratch using the error boundary you provided, y.


 ✓ components/dashboard/Heatmap.error-resilience.test.tsx (5 tests) 322ms
 ✓ components/dashboard/RepositoryGraph.theme-contrast.test.tsx (5 tests) 624ms
     ✓ applies dark mode heading text contrast styling  466ms
 ✓ app/(root)/dashboard/layout.theme-contrast.test.tsx (5 tests) 194ms
 ✓ components/dashboard/LanguageChart.mouse-interactivity.test.tsx (5 tests) 348ms
 ✓ hooks/useShareActions.mouse-interactivity.test.ts (5 tests) 333ms
 ✓ components/commitpulse-logo.timezone-boundaries.test.tsx (5 tests) 335ms
 ✓ components/commitpulse-logo.empty-fallback.test.tsx (5 tests) 953ms
     ✓ renders successfully without any props (undefined parameters)  721ms
stdout | app/api/streak/tests/refresh.test.ts > GET /api/streak - refresh parameter group > returns status 200 for valid requests with custom refresh values
[32m[INFO][0m Incoming streak request {"source":"streak","user":"octocat","view":"default","requestId":"d5646083-6ae8-4d6f-9fb1-8bd2ce46f0b7"}

stdout | app/api/streak/tests/refresh.test.ts > GET /api/streak - refresh parameter group > returns status 200 for valid requests with custom refresh values
[32m[INFO][0m Streak request completed {"source":"streak","user":"octocat","view":"default","format":"svg","status":200,"durationMs":115,"requestId":"d5646083-6ae8-4d6f-9fb1-8bd2ce46f0b7"}

stdout | app/api/streak/tests/refresh.test.ts > GET /api/streak - refresh parameter group > correctly reflects changes dictated by the parameter by forwarding bypassCache to the fetcher
[32m[INFO][0m Incoming streak request {"source":"streak","user":"octocat","view":"default","requestId":"8e760410-43cf-499a-9668-2755032e977d"}

stdout | app/api/streak/tests/refresh.test.ts > GET /api/streak - refresh parameter group > correctly reflects changes dictated by the parameter by forwarding bypassCache to the fetcher
[32m[INFO][0m Streak request completed {"source":"streak","user":"octocat","view":"default","format":"svg","status":200,"durationMs":2,"requestId":"8e760410-43cf-499a-9668-2755032e977d"}

stdout | app/api/streak/tests/refresh.test.ts > GET /api/streak - refresh parameter group > tests negative and fallback edge cases for invalid inputs of refresh
[32m[INFO][0m Incoming streak request {"source":"streak","user":"octocat","view":"default","requestId":"335e04ac-c2bc-4501-adfd-804c2b433f0f"}

stdout | app/api/streak/tests/refresh.test.ts > GET /api/streak - refresh parameter group > tests negative and fallback edge cases for invalid inputs of refresh
[32m[INFO][0m Streak request completed {"source":"streak","user":"octocat","view":"default","format":"svg","status":200,"durationMs":3,"requestId":"335e04ac-c2bc-4501-adfd-804c2b433f0f"}

stdout | app/api/streak/tests/refresh.test.ts > GET /api/streak - refresh parameter group > tests negative and fallback edge cases for invalid inputs of refresh
[32m[INFO][0m Incoming streak request {"source":"streak","user":"octocat","view":"default","requestId":"cb6625c3-0325-4b70-8654-4cd31713a129"}

stdout | app/api/streak/tests/refresh.test.ts > GET /api/streak - refresh parameter group > tests negative and fallback edge cases for invalid inputs of refresh
[32m[INFO][0m Streak request completed {"source":"streak","user":"octocat","view":"default","format":"svg","status":200,"durationMs":8,"requestId":"cb6625c3-0325-4b70-8654-4cd31713a129"}

stdout | app/api/streak/tests/refresh.test.ts > GET /api/streak - refresh parameter group > tests negative and fallback edge cases for invalid inputs of refresh
[32m[INFO][0m Incoming streak request {"source":"streak","user":"octocat","view":"default","requestId":"7ac06e30-8d79-4609-8694-a93b8f215cb2"}

stdout | app/api/streak/tests/refresh.test.ts > GET /api/streak - refresh parameter group > tests negative and fallback edge cases for invalid inputs of refresh
[32m[INFO][0m Streak request completed {"source":"streak","user":"octocat","view":"default","format":"svg","status":200,"durationMs":22,"requestId":"7ac06e30-8d79-4609-8694-a93b8f215cb2"}

stdout | app/api/streak/tests/refresh.test.ts > GET /api/streak - refresh parameter group > tests negative and fallback edge cases for invalid inputs of refresh
[32m[INFO][0m Incoming streak request {"source":"streak","user":"octocat","view":"default","requestId":"03e2149a-a36b-4b2b-90a0-86fe16c39ddf"}

stdout | app/api/streak/tests/refresh.test.ts > GET /api/streak - refresh parameter group > tests negative and fallback edge cases for invalid inputs of refresh
[32m[INFO][0m Streak request completed {"source":"streak","user":"octocat","view":"default","format":"svg","status":200,"durationMs":32,"requestId":"03e2149a-a36b-4b2b-90a0-86fe16c39ddf"}

stdout | app/api/streak/tests/refresh.test.ts > GET /api/streak - refresh parameter group > tests negative and fallback edge cases for invalid inputs of refresh
[32m[INFO][0m Incoming streak request {"source":"streak","user":"octocat","view":"default","requestId":"d05e0892-b28c-47a2-ac12-be251b1f9f53"}

stdout | app/api/streak/tests/refresh.test.ts > GET /api/streak - refresh parameter group > tests negative and fallback edge cases for invalid inputs of refresh
[32m[INFO][0m Streak request completed {"source":"streak","user":"octocat","view":"default","format":"svg","status":200,"durationMs":21,"requestId":"d05e0892-b28c-47a2-ac12-be251b1f9f53"}

stdout | app/api/streak/tests/refresh.test.ts > GET /api/streak - refresh parameter group > asserts that appropriate HTTP headers are returned in responses (cache bypass)
[32m[INFO][0m Incoming streak request {"source":"streak","user":"octocat","view":"default","requestId":"ff4cb0c4-ff5c-4b98-a7d9-e6d8ed5a6eff"}

stdout | app/api/streak/tests/refresh.test.ts > GET /api/streak - refresh parameter group > asserts that appropriate HTTP headers are returned in responses (cache bypass)
[32m[INFO][0m Streak request completed {"source":"streak","user":"octocat","view":"default","format":"svg","status":200,"durationMs":2,"requestId":"ff4cb0c4-ff5c-4b98-a7d9-e6d8ed5a6eff"}

stdout | app/api/streak/tests/refresh.test.ts > GET /api/streak - refresh parameter group > asserts that appropriate HTTP headers are returned in responses (normal cache fallback)
[32m[INFO][0m Incoming streak request {"source":"streak","user":"octocat","view":"default","requestId":"527f9b1c-9b39-437f-a2af-8e68642d31d3"}

stdout | app/api/streak/tests/refresh.test.ts > GET /api/streak - refresh parameter group > asserts that appropriate HTTP headers are returned in responses (normal cache fallback)
[32m[INFO][0m Streak request completed {"source":"streak","user":"octocat","view":"default","format":"svg","status":200,"durationMs":10,"requestId":"527f9b1c-9b39-437f-a2af-8e68642d31d3"}

stdout | app/api/streak/tests/refresh.test.ts > GET /api/streak - refresh parameter group > returns rate limit status when GitHub API quota is low
[32m[INFO][0m Incoming streak request {"source":"streak","user":"octocat","view":"default","requestId":"22ccd8ed-700a-479c-87b0-c2cde0629be9"}

stdout | app/api/streak/tests/refresh.test.ts > GET /api/streak - refresh parameter group > returns rate limit status when IP refresh limit is exceeded
[32m[INFO][0m Incoming streak request {"source":"streak","user":"octocat","view":"default","requestId":"b014238d-aeb8-4634-a36e-6d6fe15f4c6a"}

stderr | app/api/streak/tests/refresh.test.ts > GET /api/streak - refresh parameter group > returns rate limit status when IP refresh limit is exceeded
{"timestamp":"2026-07-23T03:05:04.037Z","type":"SECURITY_EVENT","event":"UNTRUSTED_FORWARDED_HEADER_IGNORED","resolvedIp":"unknown","header":"x-forwarded-for"}

stdout | app/api/streak/tests/refresh.test.ts > GET /api/streak - refresh parameter group > returns rate limit status when IP refresh limit is exceeded
[32m[INFO][0m Streak request completed {"source":"streak","user":"octocat","view":"default","format":"svg","status":200,"durationMs":18,"requestId":"b014238d-aeb8-4634-a36e-6d6fe15f4c6a"}

stdout | app/api/streak/tests/refresh.test.ts > GET /api/streak - refresh parameter group > returns rate limit status when IP refresh limit is exceeded
[32m[INFO][0m Incoming streak request {"source":"streak","user":"octocat","view":"default","requestId":"7e47d9cc-1315-4aeb-a722-f82ff9280d30"}

stdout | app/api/streak/tests/refresh.test.ts > GET /api/streak - refresh parameter group > falls back to cached data when per-username cooldown is active
[32m[INFO][0m Incoming streak request {"source":"streak","user":"octocat","view":"default","requestId":"d3611054-5705-41af-8c12-d8f1153ad3ae"}

stdout | app/api/streak/tests/refresh.test.ts > GET /api/streak - refresh parameter group > falls back to cached data when per-username cooldown is active
[32m[INFO][0m Streak request completed {"source":"streak","user":"octocat","view":"default","format":"svg","status":200,"durationMs":9,"requestId":"d3611054-5705-41af-8c12-d8f1153ad3ae"}

stdout | app/api/streak/tests/refresh.test.ts > GET /api/streak - refresh parameter group > falls back to cached data when per-username cooldown is active
[32m[INFO][0m Incoming streak request {"source":"streak","user":"octocat","view":"default","requestId":"ce668a7a-8e7c-4b48-adb0-432110e9885d"}

stdout | app/api/streak/tests/refresh.test.ts > GET /api/streak - refresh parameter group > falls back to cached data when per-username cooldown is active
[32m[INFO][0m Streak request completed {"source":"streak","user":"octocat","view":"default","format":"svg","status":200,"durationMs":7,"requestId":"ce668a7a-8e7c-4b48-adb0-432110e9885d"}

stdout | app/api/streak/tests/refresh.test.ts > GET /api/streak - refresh parameter group > returns JSON error response when JSON format is requested and rate limit is hit
[32m[INFO][0m Incoming streak request {"source":"streak","user":"octocat","view":"default","requestId":"4fe40b2e-cf03-4a12-9d61-867c4d032121"}

 ✓ app/api/streak/tests/refresh.test.ts (9 tests) 1380ms
     ✓ tests negative and fallback edge cases for invalid inputs of refresh  396ms
 ✓ app/generator/components/sections/NameSection.empty-fallback.test.tsx (5 tests) 1706ms
     ✓ renders NameSection with an empty text configuration string or null values and displays a clear fallback layout placeholder or default username  1181ms
 ✓ components/dashboard/PRInsights/ReviewAnalytics.responsive-breakpoints.test.tsx (5 tests) 1381ms
     ✓ 1. mocks standard mobile-width media coordinates (e.g. 375px wide viewports)  824ms
stdout | app/api/streak/route.mock-integrations.test.ts > Asynchronous Service Layer Mocking & Local Cache Stubs > 1. Mock standard asynchronous imports and databases using stubs
[32m[INFO][0m Incoming streak request {"source":"streak","user":"testuser","view":"default","requestId":"f3d03342-e68c-4277-947b-6bb3b90c6ee9"}

stdout | app/api/streak/route.mock-integrations.test.ts > Asynchronous Service Layer Mocking & Local Cache Stubs > 1. Mock standard asynchronous imports and databases using stubs
[32m[INFO][0m Streak request completed {"source":"streak","user":"testuser","view":"default","format":"svg","status":200,"durationMs":170,"requestId":"f3d03342-e68c-4277-947b-6bb3b90c6ee9"}

stdout | app/api/streak/route.mock-integrations.test.ts > Asynchronous Service Layer Mocking & Local Cache Stubs > 2. Test service loading paths to ensure pending state overlays render
[32m[INFO][0m Incoming streak request {"source":"streak","user":"testuser","view":"default","requestId":"36886bca-709e-4b7b-8de1-5c9a9c488e91"}

stdout | app/api/streak/route.mock-integrations.test.ts > Asynchronous Service Layer Mocking & Local Cache Stubs > 2. Test service loading paths to ensure pending state overlays render
[32m[INFO][0m Streak request completed {"source":"streak","user":"testuser","view":"default","format":"svg","status":200,"durationMs":21,"requestId":"36886bca-709e-4b7b-8de1-5c9a9c488e91"}

stdout | app/api/streak/route.mock-integrations.test.ts > Asynchronous Service Layer Mocking & Local Cache Stubs > 3. Assert local cache layers are queried before triggering database retrievals
[32m[INFO][0m Incoming streak request {"source":"streak","user":"cacheduser","view":"default","requestId":"d7eb4adc-ab12-4dc5-a101-d4bef5cc022e"}

stdout | app/api/streak/route.mock-integrations.test.ts > Asynchronous Service Layer Mocking & Local Cache Stubs > 3. Assert local cache layers are queried before triggering database retrievals
[32m[INFO][0m Streak request completed {"source":"streak","user":"cacheduser","view":"default","format":"svg","status":200,"durationMs":20,"requestId":"d7eb4adc-ab12-4dc5-a101-d4bef5cc022e"}

stdout | app/api/streak/route.mock-integrations.test.ts > Asynchronous Service Layer Mocking & Local Cache Stubs > 3. Assert local cache layers are queried before triggering database retrievals
[32m[INFO][0m Incoming streak request {"source":"streak","user":"cacheduser","view":"default","requestId":"1bbec23b-4152-4d9a-976a-3c0ff9f52a2b"}

stdout | app/api/streak/route.mock-integrations.test.ts > Asynchronous Service Layer Mocking & Local Cache Stubs > 3. Assert local cache layers are queried before triggering database retrievals
[32m[INFO][0m Streak request completed {"source":"streak","user":"cacheduser","view":"default","format":"svg","status":200,"durationMs":37,"requestId":"1bbec23b-4152-4d9a-976a-3c0ff9f52a2b"}

stdout | app/api/streak/route.mock-integrations.test.ts > Asynchronous Service Layer Mocking & Local Cache Stubs > 4. Verify correct fallback procedures during fake endpoint timeout blocks
[32m[INFO][0m Incoming streak request {"source":"streak","user":"timeoutuser","view":"default","requestId":"07751567-e04d-465f-b1a9-826e118d44c7"}

stdout | app/api/streak/route.mock-integrations.test.ts > Asynchronous Service Layer Mocking & Local Cache Stubs > 4. Verify correct fallback procedures during fake endpoint timeout blocks
[32m[INFO][0m Streak request completed {"source":"streak","user":"timeoutuser","view":"default","format":"svg","status":200,"durationMs":20,"requestId":"07751567-e04d-465f-b1a9-826e118d44c7"}

stdout | app/api/streak/route.mock-integrations.test.ts > Asynchronous Service Layer Mocking & Local Cache Stubs > 5. Assert complete cache sync is written on success callbacks
[32m[INFO][0m Incoming streak request {"source":"streak","user":"syncuser","view":"default","requestId":"934ca024-970f-4eb3-bb65-c6531cbaa3d0"}

stdout | app/api/streak/route.mock-integrations.test.ts > Asynchronous Service Layer Mocking & Local Cache Stubs > 5. Assert complete cache sync is written on success callbacks
[32m[INFO][0m Streak request completed {"source":"streak","user":"syncuser","view":"default","format":"svg","status":200,"durationMs":16,"requestId":"934ca024-970f-4eb3-bb65-c6531cbaa3d0"}

 ✓ app/api/streak/route.mock-integrations.test.ts (5 tests) 1173ms
     ✓ 1. Mock standard asynchronous imports and databases using stubs  608ms
 ✓ components/dashboard/DashboardSkeleton.responsive-breakpoints.test.tsx (5 tests) 1492ms
     ✓ 4. Check that skeleton card components scale down gracefully  819ms
 ✓ components/TopRivalriesTicker.mock-integrations.test.tsx (5 tests) 388ms
 ✓ components/dashboard/RadarChart.theme-contrast.test.tsx (5 tests) 408ms
stderr | app/api/og/route.test.ts > OG Route > falls back to zeros when github fetch fails
[31m[ERROR][0m Stats fetch failed {"source":"OG","error":{}}

stderr | app/api/og/route.test.ts > OG Route > handles missing user query param
[31m[ERROR][0m Stats fetch failed {"source":"OG","error":{}}

 ✓ components/dashboard/StatsCardSkeleton.theme-contrast.test.tsx (6 tests) 414ms
stderr | app/api/og/route.test.ts > OG Route > returns 429 when rate limit is exceeded
{"timestamp":"2026-07-23T03:05:19.977Z","type":"SECURITY_EVENT","event":"UNTRUSTED_FORWARDED_HEADER_IGNORED","resolvedIp":"unknown","header":"x-forwarded-for"}

 ✓ app/api/og/route.test.ts (8 tests) 448ms
     ✓ returns 200 successfully  374ms
 ✓ components/dashboard/ResumeProfileSection.mock-integrations.test.tsx (5 tests) 358ms
 ✓ components/CherryBlossom.mock-integrations.test.tsx (5 tests) 1237ms
     ✓ Test service loading paths to ensure pending state overlays render: initially renders null (pending state)  545ms
 ✓ components/dashboard/ResumeUpload.empty-fallback.test.tsx (6 tests) 333ms
 ✓ components/dashboard/AchievementsSkeleton.timezone-boundaries.test.tsx (5 tests) 406ms
 ✓ app/components/theme-switch.theme-contrast.test.ts (5 tests) 444ms
 ✓ components/dashboard/ProfileOptimizerModal.responsive-breakpoints.test.tsx (5 tests) 358ms
 ✓ lib/svg/themes/lumos.test.ts (5 tests) 435ms
     ✓ generates SVG with lumos theme containing correct hex color values  400ms
 ✓ components/dashboard/StatsCardSkeleton.responsive-breakpoints.test.tsx (5 tests) 271ms
stdout | app/api/streak/tests/timezone.test.ts > Streak API — tz parameter > invalid timezone > returns 400 for a completely invalid timezone string
[32m[INFO][0m Incoming streak request {"source":"streak","requestId":"ec730571-c8fe-4fb4-9637-450eb5054bbe"}

stdout | app/api/streak/tests/timezone.test.ts > Streak API — tz parameter > invalid timezone > returns a JSON error body with fieldErrors for an invalid timezone
[32m[INFO][0m Incoming streak request {"source":"streak","requestId":"17ed053b-9dc9-4737-b0ec-8d8fa2c490db"}

stdout | app/api/streak/tests/timezone.test.ts > Streak API — tz parameter > invalid timezone > does not call the GitHub API when the timezone is invalid
[32m[INFO][0m Incoming streak request {"source":"streak","requestId":"21f9b3ef-0678-496b-87bb-f2daaf597856"}

stdout | app/api/streak/tests/timezone.test.ts > Streak API — tz parameter > invalid timezone > returns 400 for a timezone that is clearly garbage
[32m[INFO][0m Incoming streak request {"source":"streak","requestId":"d166b790-01fe-4178-a05c-12eb56902a3a"}

stdout | app/api/streak/tests/timezone.test.ts > Streak API — tz parameter > invalid timezone > sets Cache-Control: no-store on the error response
[32m[INFO][0m Incoming streak request {"source":"streak","requestId":"46300760-0d5e-46ab-9053-89ae30ab4b9b"}

stdout | app/api/streak/tests/timezone.test.ts > Streak API — tz parameter > valid timezone > returns 200 with SVG for a valid IANA timezone
[32m[INFO][0m Incoming streak request {"source":"streak","user":"octocat","view":"default","requestId":"2c4543b8-fc93-4b33-a03b-9dc617a8a953"}
[32m[INFO][0m Streak request completed {"source":"streak","requestId":"2c4543b8-fc93-4b33-a03b-9dc617a8a953"}

stdout | app/api/streak/tests/timezone.test.ts > Streak API — tz parameter > valid timezone > returns 200 with SVG for a valid IANA timezone
[32m[INFO][0m Streak request completed {"source":"streak","user":"octocat","view":"default","format":"svg","status":200,"durationMs":14}

stdout | app/api/streak/tests/timezone.test.ts > Streak API — tz parameter > valid timezone > returns 200 for Asia/Kolkata
[32m[INFO][0m Incoming streak request {"source":"streak","user":"octocat","view":"default","requestId":"bbdb4bc8-9708-433a-8b31-5538d7e0411c"}
[32m[INFO][0m Streak request completed {"source":"streak","requestId":"bbdb4bc8-9708-433a-8b31-5538d7e0411c"}

stdout | app/api/streak/tests/timezone.test.ts > Streak API — tz parameter > valid timezone > returns 200 for Asia/Kolkata
[32m[INFO][0m Streak request completed {"source":"streak","user":"octocat","view":"default","format":"svg","status":200,"durationMs":5}

stdout | app/api/streak/tests/timezone.test.ts > Streak API — tz parameter > valid timezone > returns 200 for UTC
[32m[INFO][0m Incoming streak request {"source":"streak","user":"octocat","view":"default","requestId":"c43fb67a-c697-4dd2-a3a2-c48adaca2eb1"}
[32m[INFO][0m Streak request completed {"source":"streak","requestId":"c43fb67a-c697-4dd2-a3a2-c48adaca2eb1"}

stdout | app/api/streak/tests/timezone.test.ts > Streak API — tz parameter > valid timezone > returns 200 for UTC
[32m[INFO][0m Streak request completed {"source":"streak","user":"octocat","view":"default","format":"svg","status":200,"durationMs":4}

stdout | app/api/streak/tests/timezone.test.ts > Streak API — tz parameter > valid timezone > uses getSecondsUntilMidnightInTimezone when a valid tz is provided
[32m[INFO][0m Incoming streak request {"source":"streak","user":"octocat","view":"default","requestId":"ef7f9ba4-0ac2-49c4-923b-1a6167d310fe"}
[32m[INFO][0m Streak request completed {"source":"streak","requestId":"ef7f9ba4-0ac2-49c4-923b-1a6167d310fe"}

stdout | app/api/streak/tests/timezone.test.ts > Streak API — tz parameter > valid timezone > uses getSecondsUntilMidnightInTimezone when a valid tz is provided
[32m[INFO][0m Streak request completed {"source":"streak","user":"octocat","view":"default","format":"svg","status":200,"durationMs":2}

stdout | app/api/streak/tests/timezone.test.ts > Streak API — tz parameter > omitted timezone > returns 200 when no tz param is provided
[32m[INFO][0m Incoming streak request {"source":"streak","user":"octocat","view":"default","requestId":"35328f23-0125-40bd-af56-34362ab30d00"}

stdout | app/api/streak/tests/timezone.test.ts > Streak API — tz parameter > omitted timezone > returns 200 when no tz param is provided
[32m[INFO][0m Streak request completed {"source":"streak","user":"octocat","view":"default","format":"svg","status":200,"durationMs":3,"requestId":"35328f23-0125-40bd-af56-34362ab30d00"}

stdout | app/api/streak/tests/timezone.test.ts > Streak API — tz parameter > omitted timezone > uses getSecondsUntilUTCMidnight when tz is omitted
[32m[INFO][0m Incoming streak request {"source":"streak","user":"octocat","view":"default","requestId":"8d4cf7e1-509c-4090-9069-465ce5f2129e"}

stdout | app/api/streak/tests/timezone.test.ts > Streak API — tz parameter > omitted timezone > uses getSecondsUntilUTCMidnight when tz is omitted
[32m[INFO][0m Streak request completed {"source":"streak","user":"octocat","view":"default","format":"svg","status":200,"durationMs":2,"requestId":"8d4cf7e1-509c-4090-9069-465ce5f2129e"}

 ✓ app/api/streak/tests/timezone.test.ts (11 tests) 259ms
 ✓ app/generator/utils/readmeGenerator.accessibility.test.ts (5 tests) 279ms
 ✓ components/dashboard/RadarChart.mock-integrations.test.tsx (5 tests) 314ms
 ✓ components/dashboard/PRInsights/Highlights.mock-integrations.test.tsx (5 tests) 560ms
     ✓ 2. simulates pending service state before rendering  382ms
 ✓ components/dashboard/DashboardSkeleton.timezone-boundaries.test.tsx (5 tests) 294ms
 ✓ app/generator/components/sections/NameSection.theme-contrast.test.tsx (6 tests) 283ms
stderr | components/Leaderboard.theme-contrast.test.tsx > Leaderboard theme contrast behavior > renders leaderboard container
React does not recognize the `whileInView` prop on a DOM element. If you intentionally want it to appear in the DOM as a custom attribute, spell it as lowercase `whileinview` instead. If you accidentally passed it from a parent component, remove it from the DOM element.
React does not recognize the `whileHover` prop on a DOM element. If you intentionally want it to appear in the DOM as a custom attribute, spell it as lowercase `whilehover` instead. If you accidentally passed it from a parent component, remove it from the DOM element.

stderr | app/api/notify/route.test.ts > POST /api/notify > returns 500 when MONGODB_URI is not set in production
[31m[ERROR][0m Notification registration disabled: MONGODB_URI is not set {"environment":"production"}

stderr | app/api/notify/route.test.ts > POST /api/notify > bypasses gracefully when MONGODB_URI is not set in development
[33m[WARN][0m Notification registration bypassed: MONGODB_URI is not set {"environment":"development"}

stderr | app/api/notify/route.test.ts > GET /api/notify > returns 500 when MONGODB_URI is not set in production
[31m[ERROR][0m Notification lookup disabled: MONGODB_URI is not set {"environment":"production"}

stderr | app/api/notify/route.test.ts > GET /api/notify > bypasses gracefully when MONGODB_URI is not set in development
[33m[WARN][0m Notification lookup bypassed: MONGODB_URI is not set {"environment":"development"}

 ✓ app/api/notify/route.test.ts (32 tests) 245ms
 ✓ components/Leaderboard.theme-contrast.test.tsx (5 tests) 307ms
 ✓ app/generator/components/sections/NameSection.responsive-breakpoints.test.tsx (5 tests) 216ms
 ✓ app/compare/page.mock-integrations.test.tsx (5 tests) 161ms
 ✓ app/api/wrapped/route.responsive-breakpoints.test.tsx (5 tests) 407ms
 ✓ components/dashboard/ResumeProfileSection.timezone-boundaries.test.tsx (5 tests) 445ms
 ✓ components/dashboard/ComparisonStatsCard.empty-fallback.test.tsx (4 tests) 401ms
     ✓ renders neutral progress bar when both values are zero  325ms
 ✓ app/components/Icons.responsive-breakpoints.test.tsx (5 tests) 236ms
stderr | components/dashboard/CommitClock.mock-integrations.test.tsx > CommitClock: Asynchronous Service Layer Mocking & Local Cache Stubs > Test 1: should mock standard asynchronous imports and databases using stubs
Each child in a list should have a unique "key" prop.

Check the render method of `svg`. It was passed a child from CommitClock. See https://react.dev/link/warning-keys for more information.

 ✓ components/dashboard/CommitClock.mock-integrations.test.tsx (5 tests) 446ms
 ✓ components/dashboard/PRInsights/PRStatusDistribution.empty-fallback.test.tsx (5 tests) 287ms
stderr | components/DiscordButton.responsive-breakpoints.test.tsx > DiscordButton - Responsive Breakpoints & Mobile Layouts > Mobile Viewport Simulation: renders without crashing on 375px mobile viewport
React does not recognize the `whileTap` prop on a DOM element. If you intentionally want it to appear in the DOM as a custom attribute, spell it as lowercase `whiletap` instead. If you accidentally passed it from a parent component, remove it from the DOM element.

 ✓ components/DiscordButton.responsive-breakpoints.test.tsx (5 tests) 323ms
 ✓ components/dashboard/PopularPinnnedRepos.empty-fallback.test.tsx (6 tests) 400ms
 ✓ components/dashboard/PopularPinnnedRepos.responsive-breakpoints.test.tsx (5 tests) 325ms
 ✓ components/dashboard/GithubWrapped.mock-integrations.test.tsx (5 tests) 404ms
     ✓ renders wrapped stats synchronously without requiring any async service calls  372ms
 ✓ components/dashboard/PRInsights/ReviewAnalytics.empty-fallback.test.tsx (5 tests) 461ms
stdout | app/api/streak/tests/views.test.ts > GET /api/streak view parameter integration > returns 200 and the standard SVG headers for view=default
[32m[INFO][0m Incoming streak request {"source":"streak","user":"octocat","view":"default","requestId":"e06753b1-464a-452d-b5bb-318842c11c93"}

stdout | app/api/streak/tests/views.test.ts > GET /api/streak view parameter integration > returns 200 and the standard SVG headers for view=default
[32m[INFO][0m Streak request completed {"source":"streak","user":"octocat","view":"default","format":"svg","status":200,"durationMs":33,"requestId":"e06753b1-464a-452d-b5bb-318842c11c93"}

stdout | app/api/streak/tests/views.test.ts > GET /api/streak view parameter integration > returns 200 and renders monthly dimensions for view=monthly
[32m[INFO][0m Incoming streak request {"source":"streak","user":"octocat","view":"monthly","requestId":"f3a44e9f-e9f6-4729-9e29-c07d0eda3032"}

stdout | app/api/streak/tests/views.test.ts > GET /api/streak view parameter integration > returns 200 and renders monthly dimensions for view=monthly
[32m[INFO][0m Streak request completed {"source":"streak","user":"octocat","view":"monthly","format":"svg","status":200,"durationMs":6,"requestId":"f3a44e9f-e9f6-4729-9e29-c07d0eda3032"}

stdout | app/api/streak/tests/views.test.ts > GET /api/streak view parameter integration > falls back to the default layout when view is omitted
[32m[INFO][0m Incoming streak request {"source":"streak","user":"octocat","view":"default","requestId":"325548e6-f944-4e39-be34-0113009008d2"}

stdout | app/api/streak/tests/views.test.ts > GET /api/streak view parameter integration > falls back to the default layout when view is omitted
[32m[INFO][0m Streak request completed {"source":"streak","user":"octocat","view":"default","format":"svg","status":200,"durationMs":2,"requestId":"325548e6-f944-4e39-be34-0113009008d2"}

stdout | app/api/streak/tests/views.test.ts > GET /api/streak view parameter integration > treats an invalid view value as default without crashing
[32m[INFO][0m Incoming streak request {"source":"streak","user":"octocat","view":"default","requestId":"db1cca80-0c78-456a-b4bc-62f02ad0e77e"}

stdout | app/api/streak/tests/views.test.ts > GET /api/streak view parameter integration > treats an invalid view value as default without crashing
[32m[INFO][0m Streak request completed {"source":"streak","user":"octocat","view":"default","format":"svg","status":200,"durationMs":2,"requestId":"db1cca80-0c78-456a-b4bc-62f02ad0e77e"}

stdout | app/api/streak/tests/views.test.ts > GET /api/streak view parameter integration > returns 200 and renders radar map for view=radar
[32m[INFO][0m Incoming streak request {"source":"streak","user":"octocat","view":"radar","requestId":"791a5179-34ee-4234-a4b9-0da71ef5142c"}

stdout | app/api/streak/tests/views.test.ts > GET /api/streak view parameter integration > returns 200 and renders radar map for view=radar
[32m[INFO][0m Streak request completed {"source":"streak","user":"octocat","view":"radar","format":"svg","status":200,"durationMs":2,"requestId":"791a5179-34ee-4234-a4b9-0da71ef5142c"}

stdout | app/api/streak/tests/views.test.ts > GET /api/streak view parameter integration > exposes stable caching headers on the SVG response
[32m[INFO][0m Incoming streak request {"source":"streak","user":"octocat","view":"default","requestId":"4d112ca4-6325-4044-bcdd-fc64c876c3a6"}

stdout | app/api/streak/tests/views.test.ts > GET /api/streak view parameter integration > exposes stable caching headers on the SVG response
[32m[INFO][0m Streak request completed {"source":"streak","user":"octocat","view":"default","format":"svg","status":200,"durationMs":1,"requestId":"4d112ca4-6325-4044-bcdd-fc64c876c3a6"}

 ✓ app/api/streak/tests/views.test.ts (6 tests) 153ms
 ✓ lib/validations.test.ts (196 tests) 277ms
 ✓ hooks/useRecentSearches.timezone-boundaries.test.ts (5 tests) 104ms
 ✓ components/ShareButtons.timezone-boundaries.test.tsx (5 tests) 182ms
 ✓ components/dashboard/PRInsights/RepoPerformanceTable.error-resilience.test.tsx (5 tests) 317ms
 ✓ components/dashboard/DashboardSkeleton.test.tsx (3 tests) 251ms
 ✓ components/dashboard/ComparisonStatsCard.mouse-interactivity.test.tsx (5 tests) 304ms
 ✓ components/dashboard/PRInsights/RepoPerformanceTable.mouse-interactivity.test.tsx (5 tests) 279ms
 ✓ components/ShareButtons.mock-integrations.test.tsx (5 tests) 212ms
 ✓ components/TopRivalriesTicker.empty-fallback.test.tsx (5 tests) 293ms
stderr | app/layout.mock-integrations.test.tsx > Layout Asynchronous Service Layer Mocking & Local Cache Stubs > mocks standard asynchronous imports and databases using stubs
In HTML, <html> cannot be a child of <div>.
This will cause a hydration error.

 ✓ app/layout.mock-integrations.test.tsx (5 tests) 209ms
stderr | components/dashboard/AIInsights.type-compiler.test.tsx > AIInsights — TypeScript Compiler Validation & Schema Constraints Stability > validates that AIInsight fields id, icon, and text are all required strings
React does not recognize the `whileInView` prop on a DOM element. If you intentionally want it to appear in the DOM as a custom attribute, spell it as lowercase `whileinview` instead. If you accidentally passed it from a parent component, remove it from the DOM element.

 ✓ components/dashboard/AIInsights.type-compiler.test.tsx (5 tests) 318ms
 ✓ components/dashboard/ResumeProfileSection.test.tsx (6 tests) 195ms
stdout | app/api/streak/route.empty-fallback.test.ts > ApiStreakRoute - Edge Cases & Empty/Missing Inputs > renders without breaking when calendar arrays are completely empty
[32m[INFO][0m Incoming streak request {"source":"streak","user":"emptyuser","view":"default","requestId":"8049d450-693c-4c89-bdd9-82a84f87b51b"}

stdout | app/api/streak/route.empty-fallback.test.ts > ApiStreakRoute - Edge Cases & Empty/Missing Inputs > renders without breaking when calendar arrays are completely empty
[32m[INFO][0m Streak request completed {"source":"streak","user":"emptyuser","view":"default","format":"svg","status":200,"durationMs":16,"requestId":"8049d450-693c-4c89-bdd9-82a84f87b51b"}

stdout | app/api/streak/route.empty-fallback.test.ts > ApiStreakRoute - Edge Cases & Empty/Missing Inputs > returns a fallback error response when required parameters are missing
[32m[INFO][0m Incoming streak request {"source":"streak","requestId":"e20f9590-fdb4-4783-872b-2ac4a37b73be"}

stdout | app/api/streak/route.empty-fallback.test.ts > ApiStreakRoute - Edge Cases & Empty/Missing Inputs > maintains standard styles when weeks exist but contribution counts are zero
[32m[INFO][0m Incoming streak request {"source":"streak","user":"zerouser","view":"default","requestId":"48406303-40fd-4e6c-a7f8-e6cd18c9fc6b"}

stdout | app/api/streak/route.empty-fallback.test.ts > ApiStreakRoute - Edge Cases & Empty/Missing Inputs > maintains standard styles when weeks exist but contribution counts are zero
[32m[INFO][0m Streak request completed {"source":"streak","user":"zerouser","view":"default","format":"svg","status":200,"durationMs":2,"requestId":"48406303-40fd-4e6c-a7f8-e6cd18c9fc6b"}

stdout | app/api/streak/route.empty-fallback.test.ts > ApiStreakRoute - Edge Cases & Empty/Missing Inputs > handles offline fallback state from GitHub fetcher gracefully
[32m[INFO][0m Incoming streak request {"source":"streak","user":"offlineuser","view":"default","requestId":"83491f3c-3253-478a-b068-97c1322d3059"}

stdout | app/api/streak/route.empty-fallback.test.ts > ApiStreakRoute - Edge Cases & Empty/Missing Inputs > handles offline fallback state from GitHub fetcher gracefully
[32m[INFO][0m Streak request completed {"source":"streak","user":"offlineuser","view":"default","format":"svg","status":200,"durationMs":2,"requestId":"83491f3c-3253-478a-b068-97c1322d3059"}

stdout | app/api/streak/route.empty-fallback.test.ts > ApiStreakRoute - Edge Cases & Empty/Missing Inputs > returns valid JSON with empty values when format=json and inputs are empty
[32m[INFO][0m Incoming streak request {"source":"streak","user":"jsonuser","view":"default","requestId":"83860788-0a68-4fda-b044-010e48dfeaa1"}

stdout | app/api/streak/route.empty-fallback.test.ts > ApiStreakRoute - Edge Cases & Empty/Missing Inputs > returns valid JSON with empty values when format=json and inputs are empty
[32m[INFO][0m Streak request completed {"source":"streak","user":"jsonuser","view":"default","format":"json","status":200,"durationMs":5,"requestId":"83860788-0a68-4fda-b044-010e48dfeaa1"}

 ✓ app/api/streak/route.empty-fallback.test.ts (5 tests) 128ms
 ✓ components/TopRivalriesTicker.error-resilience.test.tsx (5 tests) 381ms
stderr | app/api/repo-burnout/route.test.ts > GET /api/repo-burnout > returns 400 when owner or repo is missing
{"timestamp":"2026-07-23T03:05:47.851Z","type":"SECURITY_EVENT","event":"UNTRUSTED_FORWARDED_HEADER_IGNORED","resolvedIp":"unknown","header":"x-forwarded-for"}

stderr | app/api/repo-burnout/route.test.ts > GET /api/repo-burnout > returns 429 when GitHub API quota is low and refresh is requested
[Quota Low] Blocked manual refresh from IP 127.0.0.1 for octocat/hello-world

stderr | app/api/repo-burnout/route.test.ts > GET /api/repo-burnout > returns 429 when IP refresh limit is exceeded
[Rate Limit Exceeded] Blocked manual refresh from IP 127.0.0.1 for octocat/hello-world

stderr | app/api/repo-burnout/route.test.ts > GET /api/repo-burnout > returns 429 when GitHub API quota is low and bypassCache is requested
[Quota Low] Blocked manual refresh from IP 127.0.0.1 for octocat/hello-world

stderr | app/api/repo-burnout/route.test.ts > GET /api/repo-burnout > returns 429 when IP refresh limit is exceeded for bypassCache
[Rate Limit Exceeded] Blocked manual refresh from IP 127.0.0.1 for octocat/hello-world

stderr | app/api/repo-burnout/route.test.ts > GET /api/repo-burnout > shares rate limit between refresh and bypassCache parameters
[Rate Limit Exceeded] Blocked manual refresh from IP 127.0.0.1 for octocat/hello-world

stderr | app/api/repo-burnout/route.test.ts > GET /api/repo-burnout > returns 404 when repository is not found
Error in /api/repo-burnout for octocat/nonexistent: Error: not found
    at /home/atulupadhyay/Contribution/commitpulse/app/api/repo-burnout/route.test.ts:189:55
    at file:///home/atulupadhyay/Contribution/commitpulse/node_modules/@vitest/runner/dist/chunk-artifact.js:302:11
    at file:///home/atulupadhyay/Contribution/commitpulse/node_modules/@vitest/runner/dist/chunk-artifact.js:1903:26
    at file:///home/atulupadhyay/Contribution/commitpulse/node_modules/@vitest/runner/dist/chunk-artifact.js:2326:20
    at new Promise (<anonymous>)
    at runWithCancel (file:///home/atulupadhyay/Contribution/commitpulse/node_modules/@vitest/runner/dist/chunk-artifact.js:2323:10)
    at file:///home/atulupadhyay/Contribution/commitpulse/node_modules/@vitest/runner/dist/chunk-artifact.js:2305:20
    at new Promise (<anonymous>)
    at runWithTimeout (file:///home/atulupadhyay/Contribution/commitpulse/node_modules/@vitest/runner/dist/chunk-artifact.js:2272:10)
    at file:///home/atulupadhyay/Contribution/commitpulse/node_modules/@vitest/runner/dist/chunk-artifact.js:2955:64

stderr | app/api/repo-burnout/route.test.ts > GET /api/repo-burnout > returns 500 with generic error message for unexpected errors
Error in /api/repo-burnout for octocat/hello-world: Error: Database connection failed
    at /home/atulupadhyay/Contribution/commitpulse/app/api/repo-burnout/route.test.ts:197:55
    at file:///home/atulupadhyay/Contribution/commitpulse/node_modules/@vitest/runner/dist/chunk-artifact.js:302:11
    at file:///home/atulupadhyay/Contribution/commitpulse/node_modules/@vitest/runner/dist/chunk-artifact.js:1903:26
    at file:///home/atulupadhyay/Contribution/commitpulse/node_modules/@vitest/runner/dist/chunk-artifact.js:2326:20
    at new Promise (<anonymous>)
    at runWithCancel (file:///home/atulupadhyay/Contribution/commitpulse/node_modules/@vitest/runner/dist/chunk-artifact.js:2323:10)
    at file:///home/atulupadhyay/Contribution/commitpulse/node_modules/@vitest/runner/dist/chunk-artifact.js:2305:20
    at new Promise (<anonymous>)
    at runWithTimeout (file:///home/atulupadhyay/Contribution/commitpulse/node_modules/@vitest/runner/dist/chunk-artifact.js:2272:10)
    at file:///home/atulupadhyay/Contribution/commitpulse/node_modules/@vitest/runner/dist/chunk-artifact.js:2955:64

stderr | app/api/repo-burnout/route.test.ts > GET /api/repo-burnout > returns 500 with generic error message for non-Error thrown values
Error in /api/repo-burnout for octocat/hello-world: unexpected failure

 ✓ app/api/repo-burnout/route.test.ts (14 tests) 157ms
 ✓ components/dashboard/StatsCardSkeleton.empty-fallback.test.tsx (5 tests) 135ms
stderr | components/dashboard/ComparisonStatsCard.theme-contrast.test.tsx > ComparisonStatsCard — Theme & Color Cohesion > renders light and dark mode surface and border classes on card container
React does not recognize the `whileInView` prop on a DOM element. If you intentionally want it to appear in the DOM as a custom attribute, spell it as lowercase `whileinview` instead. If you accidentally passed it from a parent component, remove it from the DOM element.
React does not recognize the `whileHover` prop on a DOM element. If you intentionally want it to appear in the DOM as a custom attribute, spell it as lowercase `whilehover` instead. If you accidentally passed it from a parent component, remove it from the DOM element.

 ✓ components/dashboard/ComparisonStatsCard.theme-contrast.test.tsx (5 tests) 268ms
 ✓ lib/svg/generator.opacity.test.ts (16 tests) 234ms
 ✓ app/(root)/dashboard/layout.mock-integrations.test.tsx (2 tests) 165ms
 ✓ components/dashboard/ResumePreviewForm.theme-contrast.test.tsx (5 tests) 278ms
 ✓ components/dashboard/Achievements.responsive-breakpoints.test.tsx (5 tests) 365ms
 ✓ app/(root)/dashboard/[username]/loading.mouse-interactivity.test.tsx (5 tests) 303ms
 ✓ app/components/Icons.error-resilience.test.tsx (5 tests) 309ms
 ✓ app/components/FeatureCard.theme-contrast.test.tsx (5 tests) 270ms
 ✓ components/dashboard/AIInsights.timezone-boundaries.test.tsx (5 tests) 288ms
 ✓ models/Notification.timezone-boundaries.test.ts (5 tests) 150ms
 ✓ components/dashboard/RepositoryGraph.empty-fallback.test.tsx (5 tests) 252ms
 ✓ components/ShareButtons.theme-contrast.test.tsx (5 tests) 148ms
stderr | components/dashboard/StatsCard.mock-integrations.test.tsx > StatsCard mock integrations > renders with mocked Flame icon
React does not recognize the `whileInView` prop on a DOM element. If you intentionally want it to appear in the DOM as a custom attribute, spell it as lowercase `whileinview` instead. If you accidentally passed it from a parent component, remove it from the DOM element.
React does not recognize the `whileHover` prop on a DOM element. If you intentionally want it to appear in the DOM as a custom attribute, spell it as lowercase `whilehover` instead. If you accidentally passed it from a parent component, remove it from the DOM element.

 ✓ components/dashboard/StatsCard.mock-integrations.test.tsx (5 tests) 319ms
stderr | components/Leaderboard.error-resilience.test.tsx > Leaderboard error resilience > renders without crashing with valid contributor data
React does not recognize the `whileInView` prop on a DOM element. If you intentionally want it to appear in the DOM as a custom attribute, spell it as lowercase `whileinview` instead. If you accidentally passed it from a parent component, remove it from the DOM element.

 ✓ components/Leaderboard.error-resilience.test.tsx (5 tests) 260ms
stderr | app/contributors/page.error-resilience.test.tsx > ContributorsPage Error Resilience > handles failed contributor fetches without crashing
[31m[ERROR][0m Failed to fetch contributors {"error":{}}

stderr | app/contributors/page.error-resilience.test.tsx > ContributorsPage Error Resilience > handles rate limit responses gracefully
[31m[ERROR][0m Failed to fetch contributors {"error":{}}

stderr | app/contributors/page.error-resilience.test.tsx > ContributorsPage Error Resilience > passes empty contributor collections after fetch failures
[31m[ERROR][0m Failed to fetch contributors {"error":{}}

stderr | app/contributors/page.error-resilience.test.tsx > ContributorsPage Error Resilience > continues rendering when unexpected service exceptions occur
[31m[ERROR][0m Failed to fetch contributors {"error":{}}

 ✓ app/contributors/page.error-resilience.test.tsx (5 tests) 157ms
 ✓ components/dashboard/StatsCard.responsive-breakpoints.test.tsx (5 tests) 240ms
 ✓ app/generator/data/technologies.mouse-interactivity.test.tsx (5 tests) 295ms
 ✓ components/dashboard/StatsCardSkeleton.test.tsx (4 tests) 295ms
 ✓ components/dashboard/Heatmap.empty-fallback.test.tsx (5 tests) 221ms
 ✓ app/customize/components/SectionLabel.mock-integrations.test.tsx (5 tests) 200ms
 ✓ components/ShareButtons.mouse-interactivity.test.tsx (5 tests) 299ms
 ✓ components/dashboard/StatsCardSkeleton.mock-integrations.test.tsx (5 tests) 217ms
 ✓ components/dashboard/AchievementsSkeleton.mock-integrations.test.tsx (5 tests) 149ms
 ✓ hooks/useShareActions.error-resilience.test.ts (5 tests) 179ms
 ✓ lib/svg/generator.additional.test.ts (81 tests) 103ms
 ✓ components/dashboard/ProfileOptimizerModal.mouse-interactivity.test.tsx (5 tests) 218ms
 ✓ app/components/Icons.timezone-boundaries.test.tsx (5 tests) 215ms
 ✓ components/dashboard/StatsCard.timezone-boundaries.test.tsx (5 tests) 194ms
 ✓ components/dashboard/RadarChart.error-resilience.test.tsx (5 tests) 159ms
 ✓ app/customize/components/SectionLabel.error-resilience.test.tsx (5 tests) 221ms
 ✓ components/dashboard/PRInsights/Highlights.error-resilience.test.tsx (4 tests) 333ms
stdout | app/api/streak/tests/staleWatermark.test.ts > GET /api/streak stale watermark > adds the stale watermark when the fetcher returns offline fallback data
[32m[INFO][0m Incoming streak request {"source":"streak","user":"octocat","view":"default","requestId":"e6dd2527-0ae2-4836-843c-1b8dc3369313"}

stdout | app/api/streak/tests/staleWatermark.test.ts > GET /api/streak stale watermark > adds the stale watermark when the fetcher returns offline fallback data
[32m[INFO][0m Streak request completed {"source":"streak","user":"octocat","view":"default","format":"svg","status":200,"durationMs":33,"requestId":"e6dd2527-0ae2-4836-843c-1b8dc3369313"}

stdout | app/api/streak/tests/staleWatermark.test.ts > GET /api/streak stale watermark > does not add the stale watermark for a live fetch
[32m[INFO][0m Incoming streak request {"source":"streak","user":"octocat","view":"default","requestId":"b0de93b4-ae4d-46d5-9151-0795febcc8be"}

stdout | app/api/streak/tests/staleWatermark.test.ts > GET /api/streak stale watermark > does not add the stale watermark for a live fetch
[32m[INFO][0m Streak request completed {"source":"streak","user":"octocat","view":"default","format":"svg","status":200,"durationMs":2,"requestId":"b0de93b4-ae4d-46d5-9151-0795febcc8be"}

 ✓ app/api/streak/tests/staleWatermark.test.ts (2 tests) 230ms
 ✓ components/dashboard/StatsCardSkeleton.timezone-boundaries.test.tsx (5 tests) 346ms
stdout | app/api/streak/tests/theme.test.ts > Streak API - theme parameter integration tests > should return 200 OK and render dark theme by default
[32m[INFO][0m Incoming streak request {"source":"streak","user":"octocat","view":"default","requestId":"89ae95e2-6472-4c9e-b5b1-6225257d2867"}

stdout | app/api/streak/tests/theme.test.ts > Streak API - theme parameter integration tests > should return 200 OK and render dark theme by default
[32m[INFO][0m Streak request completed {"source":"streak","user":"octocat","view":"default","format":"svg","status":200,"durationMs":32,"requestId":"89ae95e2-6472-4c9e-b5b1-6225257d2867"}

stdout | app/api/streak/tests/theme.test.ts > Streak API - theme parameter integration tests > should return 200 OK and render light theme when theme is light
[32m[INFO][0m Incoming streak request {"source":"streak","user":"octocat","view":"default","requestId":"c1564cdc-1210-44d3-9519-dfa873e5dab6"}

stdout | app/api/streak/tests/theme.test.ts > Streak API - theme parameter integration tests > should return 200 OK and render light theme when theme is light
[32m[INFO][0m Streak request completed {"source":"streak","user":"octocat","view":"default","format":"svg","status":200,"durationMs":2,"requestId":"c1564cdc-1210-44d3-9519-dfa873e5dab6"}

stdout | app/api/streak/tests/theme.test.ts > Streak API - theme parameter integration tests > should return 200 OK when theme is auto
[32m[INFO][0m Incoming streak request {"source":"streak","user":"octocat","view":"default","requestId":"c5c9b577-8b79-475d-bdb5-e845635dbf36"}

stdout | app/api/streak/tests/theme.test.ts > Streak API - theme parameter integration tests > should return 200 OK when theme is auto
[32m[INFO][0m Streak request completed {"source":"streak","user":"octocat","view":"default","format":"svg","status":200,"durationMs":2,"requestId":"c5c9b577-8b79-475d-bdb5-e845635dbf36"}

stdout | app/api/streak/tests/theme.test.ts > Streak API - theme parameter integration tests > should return 200 OK when theme is random
[32m[INFO][0m Incoming streak request {"source":"streak","user":"octocat","view":"default","requestId":"5bfa7acf-f956-4a10-abd2-7cfca34590c9"}

stdout | app/api/streak/tests/theme.test.ts > Streak API - theme parameter integration tests > should return 200 OK when theme is random
[32m[INFO][0m Streak request completed {"source":"streak","user":"octocat","view":"default","format":"svg","status":200,"durationMs":2,"requestId":"5bfa7acf-f956-4a10-abd2-7cfca34590c9"}

stdout | app/api/streak/tests/theme.test.ts > Streak API - theme parameter integration tests > should return 400 Bad Request when theme parameter is invalid
[32m[INFO][0m Incoming streak request {"source":"streak","requestId":"e1474ec5-7627-4507-aa1e-7b2a7374f6e7"}

stdout | app/api/streak/tests/theme.test.ts > Streak API - theme parameter integration tests > should produce different SVGs when theme is dark vs light
[32m[INFO][0m Incoming streak request {"source":"streak","user":"octocat","view":"default","requestId":"9071a943-6cac-4d21-8f05-4574beb01e2a"}

stdout | app/api/streak/tests/theme.test.ts > Streak API - theme parameter integration tests > should produce different SVGs when theme is dark vs light
[32m[INFO][0m Streak request completed {"source":"streak","user":"octocat","view":"default","format":"svg","status":200,"durationMs":2,"requestId":"9071a943-6cac-4d21-8f05-4574beb01e2a"}

stdout | app/api/streak/tests/theme.test.ts > Streak API - theme parameter integration tests > should produce different SVGs when theme is dark vs light
[32m[INFO][0m Incoming streak request {"source":"streak","user":"octocat","view":"default","requestId":"238234cd-a2e1-4b1d-b50a-c542c45d6495"}

stdout | app/api/streak/tests/theme.test.ts > Streak API - theme parameter integration tests > should produce different SVGs when theme is dark vs light
[32m[INFO][0m Streak request completed {"source":"streak","user":"octocat","view":"default","format":"svg","status":200,"durationMs":2,"requestId":"238234cd-a2e1-4b1d-b50a-c542c45d6495"}

 ✓ app/api/streak/tests/theme.test.ts (6 tests) 269ms
 ✓ lib/validations.empty-fallback.test.ts (8 tests) 201ms
 ✓ components/commitpulse-logo.accessibility.test.tsx (5 tests) 104ms
 ✓ components/CherryBlossom.empty-fallback.test.tsx (5 tests) 381ms
 ✓ components/dashboard/DependencyIntelligenceCenter.test.tsx (2 tests) 351ms
stderr | app/contributors/page.mock-integrations.test.tsx > ContributorsPage Mock Integrations > falls back to empty contributor data on failed endpoint responses
[31m[ERROR][0m Failed to fetch contributors {"error":{}}

 ✓ app/contributors/page.mock-integrations.test.tsx (5 tests) 126ms
 ✓ components/dashboard/CollaborationIntelligenceHub.test.tsx (2 tests) 305ms
 ✓ app/generator/components/sections/NameSection.mock-integrations.test.tsx (5 tests) 430ms
 ✓ hooks/useDebounce.empty-fallback.test.ts (5 tests) 161ms
stderr | app/api/stats/route.test.ts > GET /api/stats > serves cached stats instead of bypassing cache during refresh cooldown
{"timestamp":"2026-07-23T03:06:10.002Z","type":"SECURITY_EVENT","event":"STATS_REFRESH_COOLDOWN_VIOLATION","user":"testuser","ip":"127.0.0.1","remainingMs":29997}

stderr | app/api/stats/route.test.ts > GET /api/stats > returns 429 when stats refresh exceeds the client refresh rate limit
{"timestamp":"2026-07-23T03:06:10.010Z","type":"SECURITY_EVENT","event":"UNTRUSTED_FORWARDED_HEADER_IGNORED","resolvedIp":"unknown","header":"x-real-ip"}

stderr | app/api/stats/route.test.ts > GET /api/stats > returns 429 when stats refresh exceeds the client refresh rate limit
{"timestamp":"2026-07-23T03:06:10.014Z","type":"SECURITY_EVENT","event":"STATS_REFRESH_RATE_LIMIT_EXCEEDED","user":"octocat","ip":"127.0.0.1","limit":1}

stderr | app/api/stats/route.test.ts > GET /api/stats > blocks stats refresh when the shared GitHub quota is low
{"timestamp":"2026-07-23T03:06:10.017Z","type":"SECURITY_EVENT","event":"LOW_QUOTA_STATS_REFRESH_BLOCKED","user":"testuser","ip":"127.0.0.1","remainingQuota":400}

stderr | app/api/stats/route.test.ts > GET /api/stats > returns 500 when the GitHub API throws
[31m[ERROR][0m Unhandled error in /api/stats {"error":{}}

stderr | app/api/stats/route.test.ts > GET /api/stats > returns 500 with a generic message for non-Error throws
[31m[ERROR][0m Unhandled error in /api/stats {"error":"something went wrong"}

 ✓ app/api/stats/route.test.ts (21 tests) 203ms
 ✓ components/dashboard/VisualizationTooltip.timezone-boundaries.test.tsx (5 tests) 395ms
     ✓ renders correctly with UTC timezone content  327ms
 ✓ app/template.mouse-interactivity.test.tsx (5 tests) 434ms
     ✓ displays the interactive tooltip overlay when a mouseenter event triggers on the node  348ms
stderr | components/DiscordButton.empty-fallback.test.tsx > DiscordButton - Edge Cases & Empty/Missing Inputs > renders without crashing with no props
React does not recognize the `whileTap` prop on a DOM element. If you intentionally want it to appear in the DOM as a custom attribute, spell it as lowercase `whiletap` instead. If you accidentally passed it from a parent component, remove it from the DOM element.

 ✓ components/commitpulse-logo.mouse-interactivity.test.tsx (5 tests) 163ms
 ✓ components/DiscordButton.empty-fallback.test.tsx (5 tests) 543ms
     ✓ renders without crashing with no props  321ms
 ✓ app/components/FeatureCard.mouse-interactivity.test.tsx (5 tests) 176ms
 ✓ hooks/useGlowEffect.mouse-interactivity.test.ts (5 tests) 246ms
 ✓ app/template.theme-contrast.test.tsx (5 tests) 577ms
     ✓ Case 1: Emulate a light preset and assert structural identifiers appear  473ms
 ✓ components/dashboard/AIInsightsSkeleton.test.tsx (4 tests) 113ms
stderr | components/dashboard/AIInsights.error-resilience.test.tsx > AIInsights Error Resilience & Robustness > handles insights with missing id field gracefully
Each child in a list should have a unique "key" prop.

Check the render method of `AIInsights`. See https://react.dev/link/warning-keys for more information.
React does not recognize the `whileInView` prop on a DOM element. If you intentionally want it to appear in the DOM as a custom attribute, spell it as lowercase `whileinview` instead. If you accidentally passed it from a parent component, remove it from the DOM element.

 ✓ app/(root)/dashboard/layout.responsive-breakpoints.test.tsx (5 tests) 241ms
 ✓ components/dashboard/AIInsights.error-resilience.test.tsx (5 tests) 275ms
stderr | middleware.test.ts > middleware > ignores spoofed X-Forwarded-For when request.ip is present
{"timestamp":"2026-07-23T03:06:15.815Z","type":"SECURITY_EVENT","event":"SPOOFED_HEADER_ATTEMPT","claimedIp":"1.2.3.4","resolvedIp":"203.0.113.10","header":"x-forwarded-for"}

stderr | middleware.test.ts > middleware integration tests (rate-limit spoofing prevention) > Scenario 1: Default (No trusted proxies) ignores spoofed headers and locks rate limit to default/connection IP
{"timestamp":"2026-06-26T06:32:00.000Z","type":"SECURITY_EVENT","event":"UNTRUSTED_FORWARDED_HEADER_IGNORED","resolvedIp":"unknown","header":"x-forwarded-for"}

stderr | middleware.test.ts > middleware integration tests (rate-limit spoofing prevention) > Scenario 1b: Default (No trusted proxies) uses connection IP (request.ip) and ignores spoofed X-Forwarded-For
{"timestamp":"2026-06-26T06:34:00.000Z","type":"SECURITY_EVENT","event":"SPOOFED_HEADER_ATTEMPT","claimedIp":"1.2.3.0","resolvedIp":"192.0.2.200","header":"x-forwarded-for"}

 ✓ middleware.test.ts (13 tests) 406ms
stderr | app/contributors/page.accessibility.test.tsx > ContributorsPage Accessibility > renders successfully when contributor data is empty
[31m[ERROR][0m Failed to fetch contributors {"error":{}}

 ✓ app/contributors/page.accessibility.test.tsx (5 tests) 158ms
stderr | components/dashboard/CommitClock.empty-fallback.test.tsx > CommitClock - Empty Fallback > renders fallback UI when data array is empty
React does not recognize the `whileInView` prop on a DOM element. If you intentionally want it to appear in the DOM as a custom attribute, spell it as lowercase `whileinview` instead. If you accidentally passed it from a parent component, remove it from the DOM element.

 ✓ components/dashboard/CommitClock.empty-fallback.test.tsx (5 tests) 214ms
stdout | app/api/wrapped/route.test.ts > GET /api/wrapped > cache-control header > bypasses the cache entirely when refresh=true is specified
recordRefresh executed

stderr | app/api/wrapped/route.test.ts > GET /api/wrapped > error handling > returns 500 with SVG error structure when fetch throws
[31m[ERROR][0m Unhandled error {"source":"wrapped","message":"GitHub is down"}

 ✓ components/dashboard/AIInsights.test.tsx (5 tests) 214ms
stdout | app/api/wrapped/route.test.ts > GET /api/wrapped > cache bypass security > returns 429 when IP refresh limit is exceeded
recordRefresh executed

stdout | app/api/wrapped/route.test.ts > GET /api/wrapped > cache bypass security > falls back to cached data when per-username cooldown is active
recordRefresh executed

 ✓ app/api/wrapped/route.test.ts (27 tests) 181ms
 ✓ components/dashboard/AIInsightsSkeleton.mouse-interactivity.test.tsx (5 tests) 239ms
 ✓ hooks/useRecentSearches.mock-integrations.test.ts (5 tests) 77ms
 ✓ components/dashboard/AIInsightsSkeleton.theme-contrast.test.tsx (5 tests) 134ms
 ✓ components/dashboard/AchievementsSkeleton.theme-contrast.test.tsx (5 tests) 245ms
stdout | app/api/streak/tests/layout.test.ts > Streak API - layout parameter integration tests > should return 200 OK and render default layout when layout parameter is default
[32m[INFO][0m Incoming streak request {"source":"streak","user":"octocat","view":"default","requestId":"5dd702a2-15fe-4c39-b65d-86ee126bcc74"}

stdout | app/api/streak/tests/layout.test.ts > Streak API - layout parameter integration tests > should return 200 OK and render default layout when layout parameter is default
[32m[INFO][0m Streak request completed {"source":"streak","user":"octocat","view":"default","format":"svg","status":200,"durationMs":40,"requestId":"5dd702a2-15fe-4c39-b65d-86ee126bcc74"}

stdout | app/api/streak/tests/layout.test.ts > Streak API - layout parameter integration tests > should return 200 OK and render compact layout when layout parameter is compact
[32m[INFO][0m Incoming streak request {"source":"streak","user":"octocat","view":"default","requestId":"de1338dd-ae5c-4e28-837f-9a01b2cc6fcf"}

stdout | app/api/streak/tests/layout.test.ts > Streak API - layout parameter integration tests > should return 200 OK and render compact layout when layout parameter is compact
[32m[INFO][0m Streak request completed {"source":"streak","user":"octocat","view":"default","format":"svg","status":200,"durationMs":3,"requestId":"de1338dd-ae5c-4e28-837f-9a01b2cc6fcf"}

stdout | app/api/streak/tests/layout.test.ts > Streak API - layout parameter integration tests > should return 200 OK and render full layout when layout parameter is full
[32m[INFO][0m Incoming streak request {"source":"streak","user":"octocat","view":"default","requestId":"a3dbb2bb-3195-4f58-b6b4-d27571e7b10d"}

stdout | app/api/streak/tests/layout.test.ts > Streak API - layout parameter integration tests > should return 200 OK and render full layout when layout parameter is full
[32m[INFO][0m Streak request completed {"source":"streak","user":"octocat","view":"default","format":"svg","status":200,"durationMs":3,"requestId":"a3dbb2bb-3195-4f58-b6b4-d27571e7b10d"}

stdout | app/api/streak/tests/layout.test.ts > Streak API - layout parameter integration tests > should return 400 Bad Request when layout parameter is invalid
[32m[INFO][0m Incoming streak request {"source":"streak","requestId":"c424ccca-b625-495f-8e4c-a908581158bc"}

stdout | app/api/streak/tests/layout.test.ts > Streak API - layout parameter integration tests > should fall back to default layout when layout is empty
[32m[INFO][0m Incoming streak request {"source":"streak","user":"octocat","view":"default","requestId":"29359725-0563-4934-aca4-8fb28a2b7ad5"}

stdout | app/api/streak/tests/layout.test.ts > Streak API - layout parameter integration tests > should fall back to default layout when layout is empty
[32m[INFO][0m Streak request completed {"source":"streak","user":"octocat","view":"default","format":"svg","status":200,"durationMs":2,"requestId":"29359725-0563-4934-aca4-8fb28a2b7ad5"}

 ✓ app/api/streak/tests/layout.test.ts (5 tests) 218ms
 ✓ hooks/useRecentSearches.test.ts (16 tests) 153ms
stderr | app/layout.empty-fallback.test.tsx > Edge Cases & Empty/Missing Inputs Verification > 1. Render the target module or component with empty arrays or null parameters
In HTML, <html> cannot be a child of <div>.
This will cause a hydration error.

 ✓ app/layout.empty-fallback.test.tsx (5 tests) 163ms
stdout | app/api/streak/tests/weekday.test.ts > GET /api/streak?view=weekday > returns 200 and the standard SVG headers for view=weekday
[32m[INFO][0m Incoming streak request {"source":"streak","user":"octocat","view":"weekday","requestId":"190f37ee-99a2-4c66-804b-53967333fdde"}

stdout | app/api/streak/tests/weekday.test.ts > GET /api/streak?view=weekday > returns 200 and the standard SVG headers for view=weekday
[32m[INFO][0m Streak request completed {"source":"streak","user":"octocat","view":"weekday","format":"svg","status":200,"durationMs":82,"requestId":"190f37ee-99a2-4c66-804b-53967333fdde"}

stdout | app/api/streak/tests/weekday.test.ts > GET /api/streak?view=weekday > renders all seven weekday labels
[32m[INFO][0m Incoming streak request {"source":"streak","user":"octocat","view":"weekday","requestId":"829944ab-5789-464f-92f5-882f0a40b0de"}

stdout | app/api/streak/tests/weekday.test.ts > GET /api/streak?view=weekday > renders all seven weekday labels
[32m[INFO][0m Streak request completed {"source":"streak","user":"octocat","view":"weekday","format":"svg","status":200,"durationMs":2,"requestId":"829944ab-5789-464f-92f5-882f0a40b0de"}

 ✓ hooks/useLocalStorage.mouse-interactivity.test.ts (5 tests) 473ms
stdout | app/api/streak/tests/weekday.test.ts > GET /api/streak?view=weekday > shows the total contributions count as a subtitle
[32m[INFO][0m Incoming streak request {"source":"streak","user":"octocat","view":"weekday","requestId":"3e5c5333-0ad4-4d12-84a0-a4dcc69068bf"}

stdout | app/api/streak/tests/weekday.test.ts > GET /api/streak?view=weekday > shows the total contributions count as a subtitle
[32m[INFO][0m Streak request completed {"source":"streak","user":"octocat","view":"weekday","format":"svg","status":200,"durationMs":5,"requestId":"3e5c5333-0ad4-4d12-84a0-a4dcc69068bf"}

stdout | app/api/streak/tests/weekday.test.ts > GET /api/streak?view=weekday > exposes stable caching headers on the weekday SVG response
[32m[INFO][0m Incoming streak request {"source":"streak","user":"octocat","view":"weekday","requestId":"6382323f-5e7f-47ca-8cf9-7cfcff08a065"}

stdout | app/api/streak/tests/weekday.test.ts > GET /api/streak?view=weekday > exposes stable caching headers on the weekday SVG response
[32m[INFO][0m Streak request completed {"source":"streak","user":"octocat","view":"weekday","format":"svg","status":200,"durationMs":5,"requestId":"6382323f-5e7f-47ca-8cf9-7cfcff08a065"}

stdout | app/api/streak/tests/weekday.test.ts > GET /api/streak?view=weekday > respects the tz parameter without crashing
[32m[INFO][0m Incoming streak request {"source":"streak","user":"octocat","view":"weekday","requestId":"14a188df-febf-49a5-a4cb-613e9e2ef0aa"}
[32m[INFO][0m Streak request completed {"source":"streak","requestId":"14a188df-febf-49a5-a4cb-613e9e2ef0aa"}

stdout | app/api/streak/tests/weekday.test.ts > GET /api/streak?view=weekday > respects the tz parameter without crashing
[32m[INFO][0m Streak request completed {"source":"streak","user":"octocat","view":"weekday","format":"svg","status":200,"durationMs":23}

 ✓ app/api/streak/tests/weekday.test.ts (6 tests) 582ms
 ✓ app/generator/components/ReadmeInsight.test.tsx (4 tests) 486ms
     ✓ renders title and correct default tip when state is completely empty  367ms
stderr | components/DiscordButton.theme-contrast.test.tsx > DiscordButton - Dark and Light Theme Contrast > renders correctly in dark mode
React does not recognize the `whileTap` prop on a DOM element. If you intentionally want it to appear in the DOM as a custom attribute, spell it as lowercase `whiletap` instead. If you accidentally passed it from a parent component, remove it from the DOM element.

 ✓ components/DiscordButton.theme-contrast.test.tsx (5 tests) 539ms
     ✓ renders correctly in dark mode  333ms
 ✓ hooks/useDebounce.type-compiler.test.ts (5 tests) 239ms
 ✓ models/Notification.theme-contrast.test.ts (5 tests) 486ms
 ✓ utils/urls.theme-contrast.test.ts (5 tests) 325ms
 ✓ app/template.empty-fallback.test.tsx (10 tests) 624ms
 ✓ app/components/Icons.test.tsx (6 tests) 559ms
     ✓ renders all 5 icons as valid SVG elements without crashing  449ms
stderr | app/api/stats/route.mouse-interactivity.test.ts > ApiStatsRoute Tests > returns 400 Bad Request when required user parameter is missing or invalid
{"timestamp":"2026-07-23T03:06:32.417Z","type":"SECURITY_EVENT","event":"UNTRUSTED_FORWARDED_HEADER_IGNORED","resolvedIp":"unknown","header":"x-forwarded-for"}

stderr | app/api/stats/route.mouse-interactivity.test.ts > ApiStatsRoute Tests > returns 429 when refresh is requested and quota monitor is low
{"timestamp":"2026-07-23T03:06:32.545Z","type":"SECURITY_EVENT","event":"LOW_QUOTA_STATS_REFRESH_BLOCKED","user":"octocat","ip":"127.0.0.1","remainingQuota":5000}

stderr | app/api/stats/route.mouse-interactivity.test.ts > ApiStatsRoute Tests > returns 429 when refresh is requested and rate limit check fails
{"timestamp":"2026-07-23T03:06:32.554Z","type":"SECURITY_EVENT","event":"STATS_REFRESH_RATE_LIMIT_EXCEEDED","user":"octocat","ip":"127.0.0.1","limit":10}

stderr | app/api/stats/route.mouse-interactivity.test.ts > ApiStatsRoute Tests > serves cached data and returns Cooldown-Served-Cached header if refresh is requested during cooldown window
{"timestamp":"2026-07-23T03:06:32.569Z","type":"SECURITY_EVENT","event":"STATS_REFRESH_COOLDOWN_VIOLATION","user":"octocat","ip":"127.0.0.1","remainingMs":0}

 ✓ app/api/stats/route.mouse-interactivity.test.ts (6 tests) 277ms
stderr | components/dashboard/Achievements.type-compiler.test.tsx > Achievements - TypeScript Compiler Validation & Schema Constraints Stability > Validate Achievement type fields are correctly typed: renders component without TypeScript schema violations
React does not recognize the `whileInView` prop on a DOM element. If you intentionally want it to appear in the DOM as a custom attribute, spell it as lowercase `whileinview` instead. If you accidentally passed it from a parent component, remove it from the DOM element.

 ✓ components/dashboard/Achievements.type-compiler.test.tsx (5 tests) 789ms
     ✓ Validate Achievement type fields are correctly typed: renders component without TypeScript schema violations  475ms
 ✓ components/dashboard/ResumeProfileSection.empty-fallback.test.tsx (5 tests) 376ms
 ✓ components/dashboard/PRInsights/RepoPerformanceTable.empty-fallback.test.tsx (5 tests) 484ms
stderr | components/dashboard/AIInsights.empty-fallback.test.tsx > AIInsights > renders with an empty insights array
React does not recognize the `whileInView` prop on a DOM element. If you intentionally want it to appear in the DOM as a custom attribute, spell it as lowercase `whileinview` instead. If you accidentally passed it from a parent component, remove it from the DOM element.

 ✓ components/dashboard/AIInsights.empty-fallback.test.tsx (5 tests) 415ms
 ✓ lib/export3d.responsive-breakpoints.test.ts (5 tests) 175ms
 ✓ hooks/useLocalStorage.mock-integrations.test.ts (5 tests) 98ms
stderr | app/contributors/page.mouse-interactivity.test.tsx > ContributorsPage Mouse Interactivity > renders successfully when contributor retrieval falls back to an empty state
[31m[ERROR][0m Failed to fetch contributors {"error":{}}

stdout | app/api/streak/route.timezone-boundaries.test.ts > ApiStreakRoute Timezone Normalization & Calendar Boundary Alignment > accepts UTC timezone and returns a valid SVG
[32m[INFO][0m Incoming streak request {"source":"streak","user":"octocat","view":"default","requestId":"34c27fb6-d598-4b35-b896-cfd4e6c867bf"}
[32m[INFO][0m Streak request completed {"source":"streak","requestId":"34c27fb6-d598-4b35-b896-cfd4e6c867bf"}

stdout | app/api/streak/route.timezone-boundaries.test.ts > ApiStreakRoute Timezone Normalization & Calendar Boundary Alignment > accepts UTC timezone and returns a valid SVG
[32m[INFO][0m Streak request completed {"source":"streak","user":"octocat","view":"default","format":"svg","status":200,"durationMs":96}

 ✓ app/contributors/page.mouse-interactivity.test.tsx (5 tests) 413ms
stdout | app/api/streak/route.timezone-boundaries.test.ts > ApiStreakRoute Timezone Normalization & Calendar Boundary Alignment > accepts Asia/Kolkata timezone and uses timezone-aware cache calculation
[32m[INFO][0m Incoming streak request {"source":"streak","user":"octocat","view":"default","requestId":"589db156-7917-47ae-8d41-8063c6dc610f"}
[32m[INFO][0m Streak request completed {"source":"streak","requestId":"589db156-7917-47ae-8d41-8063c6dc610f"}

stdout | app/api/streak/route.timezone-boundaries.test.ts > ApiStreakRoute Timezone Normalization & Calendar Boundary Alignment > accepts Asia/Kolkata timezone and uses timezone-aware cache calculation
[32m[INFO][0m Streak request completed {"source":"streak","user":"octocat","view":"default","format":"svg","status":200,"durationMs":21}

stdout | app/api/streak/route.timezone-boundaries.test.ts > ApiStreakRoute Timezone Normalization & Calendar Boundary Alignment > returns 400 for an invalid timezone and skips GitHub fetching
[32m[INFO][0m Incoming streak request {"source":"streak","requestId":"4f05e41b-08f9-4e31-a75b-f6d0fde8d753"}

 ✓ app/components/Icons.mouse-interactivity.test.tsx (5 tests) 198ms
stdout | app/api/streak/route.timezone-boundaries.test.ts > ApiStreakRoute Timezone Normalization & Calendar Boundary Alignment > uses timezone cache duration in JSON responses
[32m[INFO][0m Incoming streak request {"source":"streak","user":"octocat","view":"default","requestId":"a1f2c02e-00f6-4165-95ad-62a0a70fc962"}
[32m[INFO][0m Streak request completed {"source":"streak","requestId":"a1f2c02e-00f6-4165-95ad-62a0a70fc962"}

stdout | app/api/streak/route.timezone-boundaries.test.ts > ApiStreakRoute Timezone Normalization & Calendar Boundary Alignment > uses timezone cache duration in JSON responses
[32m[INFO][0m Streak request completed {"source":"streak","user":"octocat","view":"default","format":"json","status":200,"durationMs":7}

stdout | app/api/streak/route.timezone-boundaries.test.ts > ApiStreakRoute Timezone Normalization & Calendar Boundary Alignment > preserves leap-year boundary dates across timezone-aware JSON responses
[32m[INFO][0m Incoming streak request {"source":"streak","user":"octocat","view":"default","requestId":"d576a6c2-d391-40d6-bb9c-a7b61b2e4784"}
[32m[INFO][0m Streak request completed {"source":"streak","requestId":"d576a6c2-d391-40d6-bb9c-a7b61b2e4784"}

stdout | app/api/streak/route.timezone-boundaries.test.ts > ApiStreakRoute Timezone Normalization & Calendar Boundary Alignment > preserves leap-year boundary dates across timezone-aware JSON responses
[32m[INFO][0m Streak request completed {"source":"streak","user":"octocat","view":"default","format":"json","status":200,"durationMs":2}

 ✓ app/api/streak/route.timezone-boundaries.test.ts (5 tests) 351ms
 ✓ lib/export3d.error-resilience.test.tsx (5 tests) 299ms
 ✓ app/compare/page.error-resilience.test.tsx (5 tests) 150ms
 ✓ components/dashboard/AIInsightsSkeleton.empty-fallback.test.tsx (5 tests) 141ms
 ✓ hooks/useRecentSearches.error-resilience.test.ts (5 tests) 146ms
 ✓ lib/export3d.empty-fallback.test.ts (7 tests) 93ms
 ✓ context/TranslationContext.test.tsx (2 tests) 242ms
 ✓ components/commitpulse-logo.test.tsx (5 tests) 120ms
 ✓ app/api/stats/route.timezone-boundaries.test.ts (6 tests) 83ms
 ✓ app/api/wrapped/tests/statsCalculation.test.ts (5 tests) 84ms
 ✓ app/api/compare/route.timezone-boundaries.test.ts (6 tests) 107ms
 ✓ lib/calculate.mouse-interactivity.test.ts (5 tests) 271ms
 ✓ app/customize/components/SectionLabel.test.tsx (5 tests) 117ms
 ✓ app/template.mock-integrations.test.tsx (5 tests) 103ms
 ✓ hooks/useLocalStorage.timezone-boundaries.test.ts (5 tests) 377ms
 ✓ lib/svg/components/VersusPanel.test.tsx (4 tests) 195ms
 ✓ hooks/useShareActions.empty-fallback.test.ts (5 tests) 179ms
 ✓ lib/calculate.empty-calendar-v3.test.ts (5 tests) 68ms
 ✓ app/customize/config-io.test.ts (37 tests) 204ms
 ✓ hooks/useLocalStorage.test.ts (6 tests) 144ms
 ✓ components/dashboard/AIInsightsSkeleton.mock-integrations.test.tsx (5 tests) 308ms
 ✓ utils/time.test.ts (39 tests) 167ms
 ✓ app/customize/components/SectionLabel.responsive-breakpoints.test.tsx (5 tests) 122ms
 ✓ hooks/useGlowEffect.timezone-boundaries.test.ts (5 tests) 125ms
 ✓ hooks/useGlowEffect.empty-fallback.test.ts (6 tests) 116ms
 ✓ hooks/useDebounce.theme-contrast.test.ts (5 tests) 151ms
 ✓ components/dashboard/AchievementsSkeleton.responsive-breakpoints.test.tsx (5 tests) 201ms
 ✓ components/commitpulse-logo.responsive-breakpoints.test.tsx (5 tests) 180ms
 ✓ components/dashboard/AchievementsSkeleton.empty-fallback.test.tsx (5 tests) 120ms
 ✓ app/template.timezone-boundaries.test.tsx (5 tests) 128ms
 ✓ lib/calculate.unsorted-calendar.test.ts (5 tests) 62ms
 ✓ hooks/useDebounce.timezone-boundaries.test.ts (5 tests) 100ms
 ✓ components/dashboard/AchievementsSkeleton.accessibility.test.tsx (5 tests) 158ms
 ✓ lib/calculate.dst-boundary.test.ts (5 tests) 125ms
stderr | lib/cache.test.ts > DistributedCache > fails closed on incr() when Redis errors, instead of using an unsynced local counter
[31m[ERROR][0m Cache INCR failed — failing closed to avoid bypassing distributed rate limits {"component":"DistributedCache","key":"[REDACTED]","error":{}}

stderr | lib/cache.test.ts > DistributedCache > fails closed on incr() when Redis errors, instead of using an unsynced local counter
[31m[ERROR][0m Cache INCR failed — failing closed to avoid bypassing distributed rate limits {"component":"DistributedCache","key":"[REDACTED]","error":{}}

stderr | lib/cache.mock-integrations.test.ts > Asynchronous Service Layer Mocking & Local Cache Stubs > 1. Mock standard asynchronous imports and databases using stubs
[31m[ERROR][0m Cache GET failed {"component":"DistributedCache","key":"[REDACTED]","error":{}}

stderr | lib/cache.mock-integrations.test.ts > Asynchronous Service Layer Mocking & Local Cache Stubs > 1. Mock standard asynchronous imports and databases using stubs
[31m[ERROR][0m Cache lock failed {"component":"DistributedCache","key":"[REDACTED]","error":{}}

stderr | lib/cache.mock-integrations.test.ts > Asynchronous Service Layer Mocking & Local Cache Stubs > 1. Mock standard asynchronous imports and databases using stubs
[31m[ERROR][0m Cache SET failed {"component":"DistributedCache","key":"[REDACTED]","error":{}}

stderr | lib/cache.test.ts > DistributedCache > localLocks memory leak prevention > Behavior 3: Safety Eviction (Fixes #6177)
[31m[ERROR][0m Safety eviction triggered for hanging lock {"component":"DistributedCache","key":"[REDACTED]"}

 ✓ lib/cache.test.ts (72 tests) 320ms
stderr | lib/cache.mock-integrations.test.ts > Asynchronous Service Layer Mocking & Local Cache Stubs > 2. Test service loading paths to ensure pending state overlays render
[31m[ERROR][0m Cache GET failed {"component":"DistributedCache","key":"[REDACTED]","error":{}}

stderr | lib/cache.mock-integrations.test.ts > Asynchronous Service Layer Mocking & Local Cache Stubs > 2. Test service loading paths to ensure pending state overlays render
[31m[ERROR][0m Cache lock failed {"component":"DistributedCache","key":"[REDACTED]","error":{}}

 ✓ app/api/compare/route.error-resilience.test.ts (5 tests) 69ms
stderr | lib/cache.mock-integrations.test.ts > Asynchronous Service Layer Mocking & Local Cache Stubs > 2. Test service loading paths to ensure pending state overlays render
[31m[ERROR][0m Cache SET failed {"component":"DistributedCache","key":"[REDACTED]","error":{}}

stderr | lib/cache.mock-integrations.test.ts > Asynchronous Service Layer Mocking & Local Cache Stubs > 3. Assert local cache layers are queried before triggering database retrievals
[31m[ERROR][0m Cache GET failed {"component":"DistributedCache","key":"[REDACTED]","error":{}}

stderr | lib/cache.mock-integrations.test.ts > Asynchronous Service Layer Mocking & Local Cache Stubs > 3. Assert local cache layers are queried before triggering database retrievals
[31m[ERROR][0m Cache lock failed {"component":"DistributedCache","key":"[REDACTED]","error":{}}

stderr | lib/cache.mock-integrations.test.ts > Asynchronous Service Layer Mocking & Local Cache Stubs > 3. Assert local cache layers are queried before triggering database retrievals
[31m[ERROR][0m Cache SET failed {"component":"DistributedCache","key":"[REDACTED]","error":{}}

stderr | lib/cache.mock-integrations.test.ts > Asynchronous Service Layer Mocking & Local Cache Stubs > 4. Verify correct fallback procedures during fake endpoint timeout blocks
[31m[ERROR][0m Cache GET failed {"component":"DistributedCache","key":"[REDACTED]","error":{}}

stderr | lib/cache.mock-integrations.test.ts > Asynchronous Service Layer Mocking & Local Cache Stubs > 4. Verify correct fallback procedures during fake endpoint timeout blocks
[31m[ERROR][0m Cache lock failed {"component":"DistributedCache","key":"[REDACTED]","error":{}}

stderr | lib/cache.mock-integrations.test.ts > Asynchronous Service Layer Mocking & Local Cache Stubs > 4. Verify correct fallback procedures during fake endpoint timeout blocks
[31m[ERROR][0m Cache SET failed {"component":"DistributedCache","key":"[REDACTED]","error":{}}

stderr | lib/cache.mock-integrations.test.ts > Asynchronous Service Layer Mocking & Local Cache Stubs > 5. Assert complete cache sync is written on success callbacks
[31m[ERROR][0m Cache GET failed {"component":"DistributedCache","key":"[REDACTED]","error":{}}

stderr | lib/cache.mock-integrations.test.ts > Asynchronous Service Layer Mocking & Local Cache Stubs > 5. Assert complete cache sync is written on success callbacks
[31m[ERROR][0m Cache lock failed {"component":"DistributedCache","key":"[REDACTED]","error":{}}

stderr | lib/cache.mock-integrations.test.ts > Asynchronous Service Layer Mocking & Local Cache Stubs > 5. Assert complete cache sync is written on success callbacks
[31m[ERROR][0m Cache SET failed {"component":"DistributedCache","key":"[REDACTED]","error":{}}

 ✓ lib/cache.mock-integrations.test.ts (5 tests) 102ms
 ✓ app/components/Icons.mock-integrations.test.tsx (5 tests) 186ms
 ✓ app/api/streak/animated/route.test.ts (9 tests) 110ms
stderr | lib/rate-limit.test.ts > rateLimit > Redis/KV integration > falls back to memory if fetch fails (non-ok response)
Rate limit KV error, falling back to memory

stderr | lib/rate-limit.test.ts > rateLimit > Redis/KV integration > falls back to memory if fetch fails (non-ok response)
Rate limit KV error, falling back to memory

stderr | lib/rate-limit.test.ts > rateLimit > Redis/KV integration > falls back to memory if fetch fails (non-ok response)
Rate limit KV error, falling back to memory

stderr | lib/rate-limit.test.ts > rateLimit > Redis/KV integration > falls back to memory if fetch throws a network error
Rate limit KV error, falling back to memory

stderr | lib/rate-limit.test.ts > rateLimit > Redis/KV integration > falls back to memory if fetch throws a network error
Rate limit KV error, falling back to memory

stderr | lib/rate-limit.test.ts > rateLimit > Redis/KV integration > falls back to memory if fetch throws a network error
Rate limit KV error, falling back to memory

 ✓ lib/rate-limit.test.ts (30 tests) 227ms
 ✓ components/dashboard/PopularPinnnedRepos.timezone-boundaries.test.tsx (5 tests) 130ms
 ✓ app/compare/page.empty-fallback.test.tsx (5 tests) 126ms
 ✓ app/(root)/dashboard/layout.error-resilience.test.tsx (2 tests) 239ms
 ✓ app/api/wakatime/route.test.ts (3 tests) 58ms
 ✓ hooks/useRecentSearches.theme-contrast.test.ts (5 tests) 77ms
 ✓ hooks/useDebounce.test.ts (7 tests) 124ms
 ✓ app/template.test.tsx (5 tests) 128ms
 ✓ app/customize/components/SectionLabel.empty-fallback.test.tsx (5 tests) 127ms
 ✓ app/components/Icons.empty-fallback.test.tsx (5 tests) 159ms
 ✓ lib/graph/types.accessibility.test.ts (5 tests) 88ms
 ✓ app/customize/components/SectionLabel.theme-contrast.test.tsx (5 tests) 161ms
stdout | app/api/github/route.test.ts > Unrestricted Cache Bypass & Abuse Mitigation (Issue #1978) > Scenario 1: serves cached data and checks SWR background refresh
[BackgroundRefresh] Queuing background refresh for: torvalds

stdout | app/api/github/route.test.ts > Unrestricted Cache Bypass & Abuse Mitigation (Issue #1978) > Scenario 1: serves cached data and checks SWR background refresh
[BackgroundRefresh] Successfully completed background refresh for: torvalds

stderr | app/api/github/route.test.ts > Unrestricted Cache Bypass & Abuse Mitigation (Issue #1978) > Scenario 3: serves cached response for repeated refresh requests within cooldown
[33m[WARN][0m Security event {"type":"SECURITY_EVENT","event":"REFRESH_COOLDOWN_VIOLATION","username":"torvalds","ip":"127.0.0.1","remainingMs":29997}

stderr | app/api/github/route.test.ts > Unrestricted Cache Bypass & Abuse Mitigation (Issue #1978) > Scenario 4: returns 429 when client refresh rate limit is exceeded
{"timestamp":"2026-07-23T03:07:03.950Z","type":"SECURITY_EVENT","event":"UNTRUSTED_FORWARDED_HEADER_IGNORED","resolvedIp":"unknown","header":"x-real-ip"}

stderr | app/api/github/route.test.ts > Unrestricted Cache Bypass & Abuse Mitigation (Issue #1978) > Scenario 4: returns 429 when client refresh rate limit is exceeded
[33m[WARN][0m Security event {"type":"SECURITY_EVENT","event":"REFRESH_RATE_LIMIT_EXCEEDED","username":"torvalds","ip":"127.0.0.1","limit":2}

stderr | app/api/github/route.test.ts > Unrestricted Cache Bypass & Abuse Mitigation (Issue #1978) > Scenario 5: blocks manual refresh when remaining GitHub quota is low (<10%)
[33m[WARN][0m Security event {"type":"SECURITY_EVENT","event":"LOW_QUOTA_REFRESH_BLOCKED","username":"torvalds","ip":"127.0.0.1","remainingQuota":400}

stdout | app/api/github/route.test.ts > Unrestricted Cache Bypass & Abuse Mitigation (Issue #1978) > Scenario 6: asynchronous background refresh completes successfully
[BackgroundRefresh] Queuing background refresh for: torvalds

stdout | app/api/github/route.test.ts > Unrestricted Cache Bypass & Abuse Mitigation (Issue #1978) > Scenario 6: asynchronous background refresh completes successfully
[BackgroundRefresh] Successfully completed background refresh for: torvalds

 ✓ app/api/github/route.test.ts (14 tests) 148ms
 ✓ app/components/Icons.accessibility.test.tsx (6 tests) 218ms
 ✓ app/api/og/route.mock-integrations.test.tsx (5 tests) 46ms
 ✓ hooks/useLocalStorage.empty-fallback.test.ts (5 tests) 58ms
 ✓ hooks/useLocalStorage.error-resilience.test.ts (5 tests) 168ms
 ✓ components/dashboard/DeveloperCollaborationIntelligenceHub.test.tsx (1 test) 225ms
 ✓ services/github/quota-monitor.mouse-interactivity.test.ts (7 tests) 66ms
 ✓ lib/github.contributed-repos-pagination.test.ts (2 tests) 84ms
(node:47091) [MONGOOSE] Warning: Mongoose: `Document.prototype.validateSync()` is deprecated and will be removed in Mongoose 10. Use `Document.prototype.validate()` instead.
(Use `node-22 --trace-warnings ...` to show where the warning was created)
(node:47091) [MONGOOSE] Warning: Mongoose: `Document.prototype.validateSync()` is deprecated and will be removed in Mongoose 10. Use `Document.prototype.validate()` instead.
 ✓ models/Notification.error-resilience.test.ts (5 tests) 92ms
 ✓ app/generator/types.mock-integrations.test.ts (5 tests) 126ms
 ✓ app/components/heroTitle.test.tsx (4 tests) 137ms
 ✓ app/components/Icons.theme-contrast.test.tsx (5 tests) 254ms
stderr | lib/calculate.error-resilience.test.ts > calculate-error-resilience > should gracefully fallback to UTC when Intl.DateTimeFormat throws in convertLocalToUtc
[vitest] The DateTimeFormat mock did not use 'function' or 'class' in its implementation, see https://vitest.dev/api/vi#vi-spyon for examples.

stderr | lib/calculate.error-resilience.test.ts > calculate-error-resilience > should fallback safely when Intl formatter crashes inside getLocalTodayStr
[vitest] The DateTimeFormat mock did not use 'function' or 'class' in its implementation, see https://vitest.dev/api/vi#vi-spyon for examples.
[vitest] The DateTimeFormat mock did not use 'function' or 'class' in its implementation, see https://vitest.dev/api/vi#vi-spyon for examples.
[vitest] The DateTimeFormat mock did not use 'function' or 'class' in its implementation, see https://vitest.dev/api/vi#vi-spyon for examples.
[vitest] The DateTimeFormat mock did not use 'function' or 'class' in its implementation, see https://vitest.dev/api/vi#vi-spyon for examples.

 ✓ lib/calculate.error-resilience.test.ts (5 tests) 58ms
 ✓ components/dashboard/heatmapUtils.responsive-breakpoints.test.ts (5 tests) 124ms
stderr | app/api/stats/route.validation.test.ts > GET /api/stats additional runtime coverage > treats bypassCache=true as a refresh request
{"timestamp":"2026-07-23T03:07:10.540Z","type":"SECURITY_EVENT","event":"UNTRUSTED_FORWARDED_HEADER_IGNORED","resolvedIp":"unknown","header":"x-forwarded-for"}

stderr | app/api/stats/route.validation.test.ts > GET /api/stats additional runtime coverage > records refresh requests through bypassCache=true
{"timestamp":"2026-07-23T03:07:10.622Z","type":"SECURITY_EVENT","event":"STATS_REFRESH_COOLDOWN_VIOLATION","user":"octocat","ip":"127.0.0.1","remainingMs":29996}

 ✓ app/api/stats/route.validation.test.ts (5 tests) 100ms
 ✓ lib/svg/radar.nightOwl.test.ts (4 tests) 122ms
 ✓ services/github/refresh-policy.mock-integrations.test.ts (5 tests) 83ms
 ✓ models/StudentProfile.mock-integrations.test.ts (5 tests) 70ms
 ✓ components/dashboard/ResumePreviewForm.timezone-boundaries.test.tsx (5 tests) 98ms
 ✓ app/contributors/loading.responsive-breakpoints.test.tsx (3 tests) 117ms
 ✓ lib/calculate.multiyear-scaling.test.ts (5 tests) 149ms
 ✓ hooks/useShareActions.timezone-boundaries.test.ts (5 tests) 99ms
 ✓ app/api/compare/route.responsive-breakpoints.test.ts (5 tests) 158ms
 ✓ app/(root)/dashboard/loading.mouse-interactivity.test.tsx (5 tests) 133ms
(node:47313) [MONGOOSE] Warning: Mongoose: `Document.prototype.validateSync()` is deprecated and will be removed in Mongoose 10. Use `Document.prototype.validate()` instead.
(Use `node-22 --trace-warnings ...` to show where the warning was created)
(node:47313) [MONGOOSE] Warning: Mongoose: `Document.prototype.validateSync()` is deprecated and will be removed in Mongoose 10. Use `Document.prototype.validate()` instead.
(node:47313) [MONGOOSE] Warning: Mongoose: `Document.prototype.validateSync()` is deprecated and will be removed in Mongoose 10. Use `Document.prototype.validate()` instead.
(node:47313) [MONGOOSE] Warning: Mongoose: `Document.prototype.validateSync()` is deprecated and will be removed in Mongoose 10. Use `Document.prototype.validate()` instead.
 ✓ models/StudentProfile.type-compiler.test.ts (5 tests) 43ms
 ✓ app/components/ScrollRestoration.theme-contrast.test.tsx (5 tests) 88ms
 ✓ app/api/student/resume/upload/route.timezone-boundaries.test.ts (5 tests) 246ms
stderr | lib/resume-parser.error-resilience.test.ts > resume-parser-error-resilience > should handle buffer toString failures gracefully (exception safety)
Failed to parse PDF using pdf-parse, falling back to UTF-8 decoding: Error: Buffer conversion failed
    at Buffer.<anonymous> (/home/atulupadhyay/Contribution/commitpulse/lib/resume-parser.error-resilience.test.ts:43:13)
    at Buffer.toString (file:///home/atulupadhyay/Contribution/commitpulse/node_modules/@vitest/spy/dist/index.js:332:34)
    at extractTextFromBuffer (/home/atulupadhyay/Contribution/commitpulse/lib/resume-parser.ts:140:18)
    at parseResume (/home/atulupadhyay/Contribution/commitpulse/lib/resume-parser.ts:205:25)
    at /home/atulupadhyay/Contribution/commitpulse/lib/resume-parser.error-resilience.test.ts:46:18
    at file:///home/atulupadhyay/Contribution/commitpulse/node_modules/@vitest/runner/dist/chunk-artifact.js:302:11
    at file:///home/atulupadhyay/Contribution/commitpulse/node_modules/@vitest/runner/dist/chunk-artifact.js:1903:26
    at file:///home/atulupadhyay/Contribution/commitpulse/node_modules/@vitest/runner/dist/chunk-artifact.js:2326:20
    at new Promise (<anonymous>)
    at runWithCancel (file:///home/atulupadhyay/Contribution/commitpulse/node_modules/@vitest/runner/dist/chunk-artifact.js:2323:10)

 ✓ lib/resume-parser.error-resilience.test.ts (7 tests) 118ms
stdout | app/api/wrapped/route.mock-integrations.test.ts > GET /api/wrapped validation > Test Case 1: refresh=true checks rate limiter and bypasses cache
recordRefresh executed

 ✓ hooks/useDebounce.boundary-robustness.test.ts (5 tests) 100ms
stdout | app/api/wrapped/route.mock-integrations.test.ts > GET /api/wrapped validation > Test Case 5: successful refresh records cache update
recordRefresh executed

 ✓ app/api/wrapped/route.mock-integrations.test.ts (5 tests) 51ms
 ✓ app/contributors/page.top-contributors.test.tsx (1 test) 95ms
 ✓ app/generator/components/PreviewPanel.security.test.tsx (3 tests) 91ms
 ✓ app/api/compare/route.theme-contrast.test.ts (5 tests) 72ms
stderr | app/api/track-user/route.error-resilience.test.ts > app/api/track-user/route - error resilience > returns a structured fallback when the database operation times out
Database operation failed or timed out. Bypassing user tracking: Error: Database operation timed out
    at /home/atulupadhyay/Contribution/commitpulse/app/api/track-user/route.ts:137:41
    at callTimer (file:///home/atulupadhyay/Contribution/commitpulse/node_modules/vitest/dist/chunks/test.DNmyFkvJ.js:1773:25)
    at doTickInner (file:///home/atulupadhyay/Contribution/commitpulse/node_modules/vitest/dist/chunks/test.DNmyFkvJ.js:2444:30)
    at doTick (file:///home/atulupadhyay/Contribution/commitpulse/node_modules/vitest/dist/chunks/test.DNmyFkvJ.js:2525:21)
    at Immediate.<anonymous> (file:///home/atulupadhyay/Contribution/commitpulse/node_modules/vitest/dist/chunks/test.DNmyFkvJ.js:2546:34)
    at processImmediate (node:internal/timers:484:21)

stderr | app/api/track-user/route.error-resilience.test.ts > app/api/track-user/route - error resilience > survives a mid-stream database write failure without hard-crashing the endpoint
Database operation failed or timed out. Bypassing user tracking: Error: write interruption
    at /home/atulupadhyay/Contribution/commitpulse/app/api/track-user/route.error-resilience.test.ts:161:53
    at file:///home/atulupadhyay/Contribution/commitpulse/node_modules/@vitest/runner/dist/chunk-artifact.js:302:11
    at file:///home/atulupadhyay/Contribution/commitpulse/node_modules/@vitest/runner/dist/chunk-artifact.js:1903:26
    at file:///home/atulupadhyay/Contribution/commitpulse/node_modules/@vitest/runner/dist/chunk-artifact.js:2326:20
    at new Promise (<anonymous>)
    at runWithCancel (file:///home/atulupadhyay/Contribution/commitpulse/node_modules/@vitest/runner/dist/chunk-artifact.js:2323:10)
    at file:///home/atulupadhyay/Contribution/commitpulse/node_modules/@vitest/runner/dist/chunk-artifact.js:2305:20
    at new Promise (<anonymous>)
    at runWithTimeout (file:///home/atulupadhyay/Contribution/commitpulse/node_modules/@vitest/runner/dist/chunk-artifact.js:2272:10)
    at file:///home/atulupadhyay/Contribution/commitpulse/node_modules/@vitest/runner/dist/chunk-artifact.js:2955:64

 ✓ app/api/track-user/route.error-resilience.test.ts (5 tests) 70ms
 ✓ app/contributors/page.pagination.test.tsx (2 tests) 91ms
stdout | app/api/wrapped/route.timezone-boundaries.test.ts > Timezone normalization & calendar boundary alignment > passes bypassCache=true when refresh=true is provided
recordRefresh executed

 ✓ app/api/wrapped/route.timezone-boundaries.test.ts (5 tests) 104ms
 ✓ app/(root)/dashboard/loading.test.tsx (3 tests) 68ms
 ✓ app/components/ScrollRestoration.mock-integrations.test.tsx (5 tests) 131ms
 ✓ components/dashboard/LanguageChart.timezone-boundaries.test.tsx (5 tests) 135ms
 ✓ app/api/compare/tests/validation.test.ts (5 tests) 59ms
stdout | services/github/background-refresh.mouse-interactivity.test.ts > BackgroundRefresh - Mouse Interactivity & Click Handling > prevents duplicate refresh triggers from rapid double-click interactions
[BackgroundRefresh] Queuing background refresh for: double-click-user
[BackgroundRefresh] Refresh already active for: double-click-user

stdout | services/github/background-refresh.mouse-interactivity.test.ts > BackgroundRefresh - Mouse Interactivity & Click Handling > verifies click handlers invoke refresh exactly once
[BackgroundRefresh] Queuing background refresh for: click-user

stderr | services/github/background-refresh.mouse-interactivity.test.ts > BackgroundRefresh - Mouse Interactivity & Click Handling > verifies click handlers invoke refresh exactly once
[BackgroundRefresh] Background refresh failed for: click-user Error: [GitHub API] Failed to fetch contributions for user "click-user"
    at getFullDashboardData (/home/atulupadhyay/Contribution/commitpulse/lib/github.ts:2349:11)
    at processTicksAndRejections (node:internal/process/task_queues:103:5)
    at /home/atulupadhyay/Contribution/commitpulse/services/github/background-refresh.ts:110:11 {
  [cause]: TypeError: res.clone is not a function
      at fetchGraphQLWithRetry (/home/atulupadhyay/Contribution/commitpulse/lib/github.ts:474:6)
      at processTicksAndRejections (node:internal/process/task_queues:103:5)
      at fetchContributionsUncached (/home/atulupadhyay/Contribution/commitpulse/lib/github.ts:1154:15)
      at loadWithTimeout (/home/atulupadhyay/Contribution/commitpulse/lib/github.ts:933:14)
      at fetchGitHubContributions (/home/atulupadhyay/Contribution/commitpulse/lib/github.ts:1016:22)
      at async Promise.allSettled (index 2)
      at getFullDashboardData (/home/atulupadhyay/Contribution/commitpulse/lib/github.ts:2333:7)
      at /home/atulupadhyay/Contribution/commitpulse/services/github/background-refresh.ts:110:11
}

stdout | services/github/background-refresh.mouse-interactivity.test.ts > BackgroundRefresh - Mouse Interactivity & Click Handling > applies pointer cursor state while refresh job is active
[BackgroundRefresh] Queuing background refresh for: hover-user

stdout | services/github/background-refresh.mouse-interactivity.test.ts > BackgroundRefresh - Mouse Interactivity & Click Handling > hides temporary overlay state after mouseleave refresh completion
[BackgroundRefresh] Queuing background refresh for: mouseleave-user

stdout | services/github/background-refresh.mouse-interactivity.test.ts > BackgroundRefresh - Mouse Interactivity & Click Handling > hides temporary overlay state after mouseleave refresh completion
[BackgroundRefresh] Successfully completed background refresh for: mouseleave-user

 ✓ services/github/background-refresh.mouse-interactivity.test.ts (5 tests) 77ms
 ✓ test-utils/timezone-mock.test.ts (26 tests) 95ms
 ✓ app/api/stats/route.mock-integrations.test.ts (5 tests) 151ms
 ✓ lib/validations.normalizeTimezone.test.ts (21 tests) 104ms
 ✓ app/api/stats/route.empty-fallback.test.ts (5 tests) 148ms
 ✓ app/components/ScrollRestoration.responsive-breakpoints.test.tsx (5 tests) 141ms
 ✓ app/api/wrapped/yearBoundary.test.ts (5 tests) 86ms
 ✓ lib/cache.timezone-boundaries.test.ts (5 tests) 121ms
 ✓ app/api/github/route.responsive-breakpoints.test.ts (5 tests) 281ms
 ✓ types/network.empty-fallback.test.ts (5 tests) 247ms
 ✓ app/api/user-details/route.timezone-boundaries.test.ts (5 tests) 177ms
 ✓ hooks/useDebounce.mock-integrations.test.ts (5 tests) 461ms
 ✓ app/api/user-details/route.test.ts (8 tests) 231ms
 ✓ app/api/github/route.theme-contrast.test.ts (5 tests) 225ms
 ✓ hooks/useLocalStorage.responsive-breakpoints.test.ts (5 tests) 365ms
 ✓ hooks/useShareActions.responsive-breakpoints.test.ts (5 tests) 936ms
     ✓ supports copy link actions correctly on a 375px mobile viewport  374ms
     ✓ uses the native mobile share API successfully on a 375px viewport  317ms
 ✓ hooks/useRecentSearches.empty-fallback.test.ts (5 tests) 171ms
 ✓ app/api/user-details/route.theme-contrast.test.ts (5 tests) 145ms
 ✓ components/dashboard/heatmapUtils.timezone-boundaries.test.ts (5 tests) 392ms
 ✓ app/api/stats/route.error-resilience.test.ts (5 tests) 92ms
 ✓ app/components/ScrollRestoration.error-resilience.test.tsx (5 tests) 110ms
 ✓ app/components/ScrollRestoration.mouse-interactivity.test.tsx (5 tests) 134ms
 ✓ lib/calculate.empty-fallback.test.ts (21 tests) 68ms
 ✓ services/github/refresh-rate-limiter.theme-contrast.test.ts (5 tests) 201ms
 ✓ app/components/ScrollRestoration.test.tsx (5 tests) 201ms
Not implemented: HTMLCanvasElement's toDataURL() method: without installing the canvas npm package
Not implemented: HTMLCanvasElement's toDataURL() method: without installing the canvas npm package
Not implemented: HTMLCanvasElement's toDataURL() method: without installing the canvas npm package
Not implemented: HTMLCanvasElement's toDataURL() method: without installing the canvas npm package
 ✓ lib/pdf-export.test.ts (4 tests) 99ms
 ✓ app/api/achievements/route.empty-fallback.test.ts (10 tests) 87ms
 ✓ app/api/compare/route.test.ts (20 tests) 76ms
 ✓ models/User.empty-fallback.test.ts (5 tests) 34ms
 ✓ services/github/pr-insights.empty-fallback.test.ts (5 tests) 49ms
 ✓ services/github/__tests__/org-bot-filtering.test.ts (2 tests) 198ms
 ✓ hooks/useGlowEffect.error-resilience.test.ts (5 tests) 302ms
 ✓ hooks/useFetchCache.test.ts (6 tests) 276ms
 ✓ services/github/validate-user.timezone-boundaries.test.ts (5 tests) 59ms
 ✓ app/customize/components/ExportPanel.timezone-boundaries.test.tsx (5 tests) 84ms
 ✓ lib/validations.streakParamsSchema.test.ts (24 tests) 130ms
 ✓ app/api/streak/png/route.test.ts (3 tests) 78ms
 ✓ utils/clipboard.test.ts (4 tests) 146ms
 ✓ lib/svg/radar.test.ts (7 tests) 195ms
 ✓ services/github/ci-analytics.security.test.ts (1 test) 99ms
 ✓ locales/parity.test.ts (34 tests) 126ms
 ✓ lib/export3d.mouse-interactivity.test.ts (5 tests) 33ms
 ✓ app/api/achievements/route.test.ts (20 tests) 142ms
 ✓ lib/cache.mouse-interactivity.test.ts (5 tests) 52ms
 ✓ lib/calculate.year-boundary-v4.test.ts (5 tests) 109ms
 ✓ services/github/refresh-rate-limiter.timezone-boundaries.test.ts (5 tests) 58ms
 ✓ hooks/useGlowEffect.test.ts (4 tests) 67ms
 ✓ app/api/compare/route.mouse-interactivity.test.ts (6 tests) 75ms
 ✓ app/generator/data/technologies.empty-fallback.test.ts (5 tests) 77ms
 ✓ app/api/notify/route.timezone-boundaries.test.ts (5 tests) 135ms
 ✓ models/User.connection-state-0-v4.test.ts (5 tests) 71ms
 ✓ app/api/student/resume/upload/route.empty-fallback.test.ts (5 tests) 39ms
 ✓ utils/dashboardPeriod.theme-contrast.test.ts (5 tests) 190ms
 ✓ app/generator/types.theme-contrast.test.ts (5 tests) 49ms
stderr | app/api/pr-insights/route.theme-contrast.test.ts > GET /api/pr-insights > returns 500 with the error message when fetchPRInsights throws an Error
Error fetching PR insights: Error: GitHub API error
    at /home/atulupadhyay/Contribution/commitpulse/app/api/pr-insights/route.theme-contrast.test.ts:102:50
    at file:///home/atulupadhyay/Contribution/commitpulse/node_modules/@vitest/runner/dist/chunk-artifact.js:302:11
    at file:///home/atulupadhyay/Contribution/commitpulse/node_modules/@vitest/runner/dist/chunk-artifact.js:1903:26
    at file:///home/atulupadhyay/Contribution/commitpulse/node_modules/@vitest/runner/dist/chunk-artifact.js:2326:20
    at new Promise (<anonymous>)
    at runWithCancel (file:///home/atulupadhyay/Contribution/commitpulse/node_modules/@vitest/runner/dist/chunk-artifact.js:2323:10)
    at file:///home/atulupadhyay/Contribution/commitpulse/node_modules/@vitest/runner/dist/chunk-artifact.js:2305:20
    at new Promise (<anonymous>)
    at runWithTimeout (file:///home/atulupadhyay/Contribution/commitpulse/node_modules/@vitest/runner/dist/chunk-artifact.js:2272:10)
    at file:///home/atulupadhyay/Contribution/commitpulse/node_modules/@vitest/runner/dist/chunk-artifact.js:2955:64

stderr | app/api/pr-insights/route.theme-contrast.test.ts > GET /api/pr-insights > returns 500 with a generic message when fetchPRInsights throws a non-Error value
Error fetching PR insights: unexpected failure

 ✓ app/api/pr-insights/route.theme-contrast.test.ts (7 tests) 186ms
 ✓ scripts/benchmark-svg.test.ts (8 tests) 78ms
stderr | app/api/notify/route.delete.test.ts > DELETE /api/notify > bypasses gracefully when MONGODB_URI is not set in development
MONGODB_URI is not set. Bypassing notification deletion for local development.

 ✓ app/api/notify/route.delete.test.ts (4 tests) 69ms
 ✓ hooks/useKeyboardShortcuts.test.ts (4 tests) 94ms
 ✓ hooks/useGlowEffect.mock-integrations.test.ts (5 tests) 86ms
 ✓ lib/svg/generator.buildTowerPaths.test.ts (5 tests) 121ms
 ✓ app/api/github/route.timezone-boundaries.test.ts (5 tests) 60ms
 ✓ app/components/ScrollRestoration.empty-fallback.test.tsx (5 tests) 63ms
 ✓ app/api/compare/route.mock-integrations.test.ts (5 tests) 154ms
stderr | app/api/webhooks/github/route.test.ts > POST /api/webhooks/github > returns 500 when the webhook secret is not configured
[31m[ERROR][0m Push webhook rejected: GITHUB_WEBHOOK_SECRET is not configured {"route":"/api/webhooks/github"}

stdout | app/api/webhooks/github/route.test.ts > POST /api/webhooks/github > invalidates the default and current-year contribution cache on push
[32m[INFO][0m Push webhook invalidated contribution cache {"route":"/api/webhooks/github","username":"octocat","invalidatedKeys":"[REDACTED]"}

 ✓ app/api/webhooks/github/route.test.ts (9 tests) 135ms
 ✓ lib/calculate.mock-integrations.test.ts (5 tests) 97ms
 ✓ components/dashboard/AIInsightsSkeleton.type-compiler.test.tsx (5 tests) 71ms
 ✓ app/components/ScrollRestoration.timezone-boundaries.test.tsx (5 tests) 133ms
 ✓ lib/validations.githubParamsSchema.test.ts (7 tests) 33ms
 ✓ lib/calculate.timezone-boundaries.test.ts (5 tests) 155ms
 ✓ app/api/streak/png/route.type-compiler.test.ts (5 tests) 51ms
 ✓ lib/svg/constellation.test.ts (9 tests) 71ms
 ✓ services/github/pr-insights.theme-contrast.test.ts (5 tests) 71ms
 ✓ components/dashboard/RadarChart.type-compiler.test.tsx (5 tests) 27ms
 ✓ hooks/useLocalStorage.theme-contrast.test.ts (5 tests) 51ms
 ✓ app/generator/data/socials.timezone-boundaries.test.ts (6 tests) 70ms
 ✓ app/api/student/resume/confirm/route.error-resilience.test.ts (5 tests) 64ms
 ✓ app/api/compare/route.empty-fallback.test.ts (6 tests) 55ms
 ✓ app/generator/data/technologies.type-compiler.test.ts (5 tests) 38ms
stderr | app/api/github/route.mouse-interactivity.test.ts > GET /api/github - Interactive Tooltips, Cursor Hovers & Touch Event Propagation > verifies that responsive tooltip layouts display at computed coordinates mapped through metadata headers
{"timestamp":"2026-07-23T03:08:10.094Z","type":"SECURITY_EVENT","event":"UNTRUSTED_FORWARDED_HEADER_IGNORED","resolvedIp":"unknown","header":"x-real-ip"}

stderr | app/api/github/route.mouse-interactivity.test.ts > GET /api/github - Interactive Tooltips, Cursor Hovers & Touch Event Propagation > verifies that responsive tooltip layouts display at computed coordinates mapped through metadata headers
[33m[WARN][0m Security event {"type":"SECURITY_EVENT","event":"REFRESH_RATE_LIMIT_EXCEEDED","username":"torvalds","ip":"127.0.0.1","limit":1}

stderr | app/api/github/route.mouse-interactivity.test.ts > GET /api/github - Interactive Tooltips, Cursor Hovers & Touch Event Propagation > blocks refresh interactions when quota becomes critically low
[33m[WARN][0m Security event {"type":"SECURITY_EVENT","event":"LOW_QUOTA_REFRESH_BLOCKED","username":"octocat","ip":"127.0.0.1","remainingQuota":100}

stderr | app/api/github/route.mouse-interactivity.test.ts > GET /api/github - Interactive Tooltips, Cursor Hovers & Touch Event Propagation > checks that simulated mouseleave cooldown events successfully hide temporary overlay visuals by returning cached data
[33m[WARN][0m Security event {"type":"SECURITY_EVENT","event":"REFRESH_COOLDOWN_VIOLATION","username":"octocat","ip":"127.0.0.1","remainingMs":29998}

 ✓ app/api/github/route.mouse-interactivity.test.ts (5 tests) 59ms
 ✓ lib/resume-parser.binary.test.ts (2 tests) 19ms
 ✓ app/api/compare/githubFetch.test.ts (5 tests) 68ms
 ✓ lib/svg/themes.test.ts (193 tests) 129ms
 ✓ lib/api-contract/extractBadgeParams.test.ts (4 tests) 45ms
 ✓ lib/calculate.fractional-tz.test.ts (2 tests) 75ms
stderr | app/api/pr-insights/route.mouse-interactivity.test.ts > pr-insights mouse interactivity contract > uses per-IP rate limiting so different IPs get independent buckets
{"timestamp":"2026-07-23T03:08:11.942Z","type":"SECURITY_EVENT","event":"UNTRUSTED_FORWARDED_HEADER_IGNORED","resolvedIp":"unknown","header":"x-forwarded-for"}

stderr | app/api/pr-insights/route.mouse-interactivity.test.ts > pr-insights mouse interactivity contract > returns error message from thrown Error
Error fetching PR insights: Error: Service failed
    at /home/atulupadhyay/Contribution/commitpulse/app/api/pr-insights/route.mouse-interactivity.test.ts:93:50
    at file:///home/atulupadhyay/Contribution/commitpulse/node_modules/@vitest/runner/dist/chunk-artifact.js:302:11
    at file:///home/atulupadhyay/Contribution/commitpulse/node_modules/@vitest/runner/dist/chunk-artifact.js:1903:26
    at file:///home/atulupadhyay/Contribution/commitpulse/node_modules/@vitest/runner/dist/chunk-artifact.js:2326:20
    at new Promise (<anonymous>)
    at runWithCancel (file:///home/atulupadhyay/Contribution/commitpulse/node_modules/@vitest/runner/dist/chunk-artifact.js:2323:10)
    at file:///home/atulupadhyay/Contribution/commitpulse/node_modules/@vitest/runner/dist/chunk-artifact.js:2305:20
    at new Promise (<anonymous>)
    at runWithTimeout (file:///home/atulupadhyay/Contribution/commitpulse/node_modules/@vitest/runner/dist/chunk-artifact.js:2272:10)
    at file:///home/atulupadhyay/Contribution/commitpulse/node_modules/@vitest/runner/dist/chunk-artifact.js:2955:64

stderr | app/api/pr-insights/route.mouse-interactivity.test.ts > pr-insights mouse interactivity contract > returns fallback error message for unknown thrown values
Error fetching PR insights: unknown

 ✓ app/api/pr-insights/route.mouse-interactivity.test.ts (7 tests) 57ms
 ✓ app/contributors/loading.type-compiler.test.tsx (5 tests) 34ms
 ✓ lib/svg/generatorConstants.test.ts (27 tests) 74ms
 ✓ utils/dashboardPeriod.test.ts (8 tests) 119ms
 ✓ app/generator/data/socials.theme-contrast.test.ts (6 tests) 45ms
 ✓ lib/calculate.year-boundary.test.ts (5 tests) 57ms
 ✓ lib/validations.statsParamsSchema.test.ts (8 tests) 68ms
 ✓ services/github/refresh-rate-limiter.mouse-interactivity.test.ts (5 tests) 124ms
 ✓ app/contributors/page.type-compiler.test.tsx (5 tests) 117ms
 ✓ app/api/pr-insights/route.empty-fallback.test.ts (5 tests) 157ms
 ✓ services/security/track-user-protection.timezone-boundaries.test.ts (5 tests) 66ms
 ✓ lib/logger.test.ts (5 tests) 38ms
 ✓ app/api/spotify/route.test.ts (4 tests) 72ms
 ✓ app/api/notify/route.responsive-breakpoints.test.ts (6 tests) 83ms
 ✓ app/api/github/route.error-resilience.test.ts (5 tests) 57ms
 ✓ app/api/ci-analytics/route.test.ts (4 tests) 57ms
 ✓ services/github/refresh-rate-limiter.empty-fallback.test.ts (5 tests) 38ms
stdout | services/github/background-refresh.error-resilience.test.ts > BackgroundRefresh - Error Resilience (Hydration Stability, Exception Safety & Error Fallbacks) > Exception Safety: does not throw or crash when getFullDashboardData rejects with an unexpected runtime exception
[BackgroundRefresh] Queuing background refresh for: crash_user

stderr | services/github/background-refresh.error-resilience.test.ts > BackgroundRefresh - Error Resilience (Hydration Stability, Exception Safety & Error Fallbacks) > Exception Safety: does not throw or crash when getFullDashboardData rejects with an unexpected runtime exception
[BackgroundRefresh] Background refresh failed for: crash_user Error: Unexpected runtime exception: database connection refused
    at /home/atulupadhyay/Contribution/commitpulse/services/github/background-refresh.error-resilience.test.ts:20:7
    at file:///home/atulupadhyay/Contribution/commitpulse/node_modules/@vitest/runner/dist/chunk-artifact.js:302:11
    at file:///home/atulupadhyay/Contribution/commitpulse/node_modules/@vitest/runner/dist/chunk-artifact.js:1903:26
    at file:///home/atulupadhyay/Contribution/commitpulse/node_modules/@vitest/runner/dist/chunk-artifact.js:2326:20
    at new Promise (<anonymous>)
    at runWithCancel (file:///home/atulupadhyay/Contribution/commitpulse/node_modules/@vitest/runner/dist/chunk-artifact.js:2323:10)
    at file:///home/atulupadhyay/Contribution/commitpulse/node_modules/@vitest/runner/dist/chunk-artifact.js:2305:20
    at new Promise (<anonymous>)
    at runWithTimeout (file:///home/atulupadhyay/Contribution/commitpulse/node_modules/@vitest/runner/dist/chunk-artifact.js:2272:10)
    at file:///home/atulupadhyay/Contribution/commitpulse/node_modules/@vitest/runner/dist/chunk-artifact.js:2955:64

stdout | services/github/background-refresh.error-resilience.test.ts > BackgroundRefresh - Error Resilience (Hydration Stability, Exception Safety & Error Fallbacks) > Error Fallback: logs error to dev-telemetry (console.error) when background refresh fails
[BackgroundRefresh] Queuing background refresh for: telemetry_user

stdout | services/github/background-refresh.error-resilience.test.ts > BackgroundRefresh - Error Resilience (Hydration Stability, Exception Safety & Error Fallbacks) > Hydration Stability: active job set is fully cleared after exception so subsequent refresh attempts are not blocked
[BackgroundRefresh] Queuing background refresh for: hydration_user

stderr | services/github/background-refresh.error-resilience.test.ts > BackgroundRefresh - Error Resilience (Hydration Stability, Exception Safety & Error Fallbacks) > Hydration Stability: active job set is fully cleared after exception so subsequent refresh attempts are not blocked
[BackgroundRefresh] Background refresh failed for: hydration_user Error: First call fails
    at /home/atulupadhyay/Contribution/commitpulse/services/github/background-refresh.error-resilience.test.ts:51:58
    at file:///home/atulupadhyay/Contribution/commitpulse/node_modules/@vitest/runner/dist/chunk-artifact.js:302:11
    at file:///home/atulupadhyay/Contribution/commitpulse/node_modules/@vitest/runner/dist/chunk-artifact.js:1903:26
    at file:///home/atulupadhyay/Contribution/commitpulse/node_modules/@vitest/runner/dist/chunk-artifact.js:2326:20
    at new Promise (<anonymous>)
    at runWithCancel (file:///home/atulupadhyay/Contribution/commitpulse/node_modules/@vitest/runner/dist/chunk-artifact.js:2323:10)
    at file:///home/atulupadhyay/Contribution/commitpulse/node_modules/@vitest/runner/dist/chunk-artifact.js:2305:20
    at new Promise (<anonymous>)
    at runWithTimeout (file:///home/atulupadhyay/Contribution/commitpulse/node_modules/@vitest/runner/dist/chunk-artifact.js:2272:10)
    at file:///home/atulupadhyay/Contribution/commitpulse/node_modules/@vitest/runner/dist/chunk-artifact.js:2955:64

stdout | services/github/background-refresh.error-resilience.test.ts > BackgroundRefresh - Error Resilience (Hydration Stability, Exception Safety & Error Fallbacks) > Hydration Stability: active job set is fully cleared after exception so subsequent refresh attempts are not blocked
[BackgroundRefresh] Queuing background refresh for: hydration_user

stdout | services/github/background-refresh.error-resilience.test.ts > BackgroundRefresh - Error Resilience (Hydration Stability, Exception Safety & Error Fallbacks) > Hydration Stability: active job set is fully cleared after exception so subsequent refresh attempts are not blocked
[BackgroundRefresh] Successfully completed background refresh for: hydration_user

stdout | services/github/background-refresh.error-resilience.test.ts > BackgroundRefresh - Error Resilience (Hydration Stability, Exception Safety & Error Fallbacks) > Exception Safety: handles non-Error throws (strings, objects) without crashing
[BackgroundRefresh] Queuing background refresh for: non_error_user

stderr | app/api/pr-insights/route.mock-integrations.test.ts > GET /api/pr-insights - Asynchronous Service Layer Mocking & Local Cache Stubs > falls back to a 504 timeout response when the upstream endpoint aborts
Error fetching PR insights: Error [AbortError]: The operation was aborted.
    at /home/atulupadhyay/Contribution/commitpulse/app/api/pr-insights/route.mock-integrations.test.ts:101:24
    at file:///home/atulupadhyay/Contribution/commitpulse/node_modules/@vitest/runner/dist/chunk-artifact.js:302:11
    at file:///home/atulupadhyay/Contribution/commitpulse/node_modules/@vitest/runner/dist/chunk-artifact.js:1903:26
    at file:///home/atulupadhyay/Contribution/commitpulse/node_modules/@vitest/runner/dist/chunk-artifact.js:2326:20
    at new Promise (<anonymous>)
    at runWithCancel (file:///home/atulupadhyay/Contribution/commitpulse/node_modules/@vitest/runner/dist/chunk-artifact.js:2323:10)
    at file:///home/atulupadhyay/Contribution/commitpulse/node_modules/@vitest/runner/dist/chunk-artifact.js:2305:20
    at new Promise (<anonymous>)
    at runWithTimeout (file:///home/atulupadhyay/Contribution/commitpulse/node_modules/@vitest/runner/dist/chunk-artifact.js:2272:10)
    at file:///home/atulupadhyay/Contribution/commitpulse/node_modules/@vitest/runner/dist/chunk-artifact.js:2955:64

stderr | app/api/pr-insights/route.mock-integrations.test.ts > GET /api/pr-insights - Asynchronous Service Layer Mocking & Local Cache Stubs > propagates a 500 error response when the async service layer throws a non-abort error
Error fetching PR insights: Error: Database retrieval failed
    at /home/atulupadhyay/Contribution/commitpulse/app/api/pr-insights/route.mock-integrations.test.ts:135:54
    at file:///home/atulupadhyay/Contribution/commitpulse/node_modules/@vitest/runner/dist/chunk-artifact.js:302:11
    at file:///home/atulupadhyay/Contribution/commitpulse/node_modules/@vitest/runner/dist/chunk-artifact.js:1903:26
    at file:///home/atulupadhyay/Contribution/commitpulse/node_modules/@vitest/runner/dist/chunk-artifact.js:2326:20
    at new Promise (<anonymous>)
    at runWithCancel (file:///home/atulupadhyay/Contribution/commitpulse/node_modules/@vitest/runner/dist/chunk-artifact.js:2323:10)
    at file:///home/atulupadhyay/Contribution/commitpulse/node_modules/@vitest/runner/dist/chunk-artifact.js:2305:20
    at new Promise (<anonymous>)
    at runWithTimeout (file:///home/atulupadhyay/Contribution/commitpulse/node_modules/@vitest/runner/dist/chunk-artifact.js:2272:10)
    at file:///home/atulupadhyay/Contribution/commitpulse/node_modules/@vitest/runner/dist/chunk-artifact.js:2955:64

stdout | services/github/background-refresh.error-resilience.test.ts > BackgroundRefresh - Error Resilience (Hydration Stability, Exception Safety & Error Fallbacks) > Error Fallback: reset() provides a clean recovery path clearing all active jobs including stuck ones
[BackgroundRefresh] Queuing background refresh for: stuck_user_1
[BackgroundRefresh] Queuing background refresh for: stuck_user_2

 ✓ app/api/pr-insights/route.mock-integrations.test.ts (5 tests) 53ms
 ✓ services/github/background-refresh.error-resilience.test.ts (5 tests) 76ms
 ✓ components/dashboard/PRInsights/PRTrendChart.mock-integrations.test.tsx (5 tests) 65ms
 ✓ tests/claim-handler.test.ts (7 tests) 91ms
 ✓ app/api/notify/route.error-resilience.test.ts (5 tests) 85ms
(node:49130) [MONGOOSE] Warning: Mongoose: `Document.prototype.validateSync()` is deprecated and will be removed in Mongoose 10. Use `Document.prototype.validate()` instead.
(Use `node-22 --trace-warnings ...` to show where the warning was created)
(node:49130) [MONGOOSE] Warning: Mongoose: `Document.prototype.validateSync()` is deprecated and will be removed in Mongoose 10. Use `Document.prototype.validate()` instead.
(node:49130) [MONGOOSE] Warning: Mongoose: `Document.prototype.validateSync()` is deprecated and will be removed in Mongoose 10. Use `Document.prototype.validate()` instead.
(node:49130) [MONGOOSE] Warning: Mongoose: `Document.prototype.validateSync()` is deprecated and will be removed in Mongoose 10. Use `Document.prototype.validate()` instead.
 ✓ models/Notification.test.ts (12 tests) 67ms
 ✓ app/customize/types.timezone-boundaries.test.ts (5 tests) 45ms
stderr | utils/tracking.test.ts > trackUser > handles non-serializable input gracefully without throwing
Failed to format tracking payload TypeError: Converting circular structure to JSON
    at JSON.<anonymous> (/home/atulupadhyay/Contribution/commitpulse/utils/tracking.test.ts:149:13)
    at JSON.stringify (file:///home/atulupadhyay/Contribution/commitpulse/node_modules/@vitest/spy/dist/index.js:332:34)
    at trackUser (/home/atulupadhyay/Contribution/commitpulse/utils/tracking.ts:33:20)
    at /home/atulupadhyay/Contribution/commitpulse/utils/tracking.test.ts:152:18
    at Proxy.assertThrows (file:///home/atulupadhyay/Contribution/commitpulse/node_modules/chai/index.js:2798:5)
    at Proxy.methodWrapper (file:///home/atulupadhyay/Contribution/commitpulse/node_modules/chai/index.js:1700:25)
    at Proxy.<anonymous> (file:///home/atulupadhyay/Contribution/commitpulse/node_modules/@vitest/expect/dist/index.js:1216:12)
    at Proxy.overwritingMethodWrapper (file:///home/atulupadhyay/Contribution/commitpulse/node_modules/chai/index.js:1750:33)
    at Proxy.<anonymous> (file:///home/atulupadhyay/Contribution/commitpulse/node_modules/@vitest/expect/dist/index.js:1552:16)
    at Proxy.<anonymous> (file:///home/atulupadhyay/Contribution/commitpulse/node_modules/@vitest/expect/dist/index.js:1156:15)

 ✓ utils/tracking.test.ts (12 tests) 58ms
 ✓ lib/mongodb.empty-fallback.test.ts (6 tests) 19ms
 ✓ utils/time.theme-contrast.test.ts (5 tests) 71ms
 ✓ utils/color.test.ts (36 tests) 90ms
 ✓ app/api/wrapped/route.empty-fallback.test.ts (5 tests) 146ms
 ✓ app/api/achievements/route.accessibility.test.ts (6 tests) 211ms
 ✓ lib/github.theme-contrast.test.ts (5 tests) 76ms
 ✓ app/api/streak/png/route.theme-contrast.test.ts (5 tests) 94ms
 ✓ app/api/team-attribution/route.test.ts (6 tests) 81ms
 ✓ lib/github.empty-fallback.test.ts (5 tests) 99ms
 ✓ lib/export3d.test.ts (12 tests) 134ms
 ✓ app/components/ScrollRestoration.type-compiler.test.tsx (5 tests) 71ms
 ✓ app/api/pr-insights/route.timezone-boundaries.test.ts (5 tests) 63ms
 ✓ lib/svg/themes/nord_light.test.ts (5 tests) 69ms
 ✓ lib/i18n/badgeLabels.test.ts (30 tests) 139ms
 ✓ components/dashboard/tooltipUtils.accessibility.test.ts (5 tests) 70ms
 ✓ app/api/wrapped/tests/validation.test.ts (5 tests) 152ms
 ✓ lib/svg/accentConsistency.test.ts (3 tests) 73ms
stderr | utils/getClientIp.theme-contrast.test.ts > getClientIp — Dark & Light Prefers-Color-Scheme Visual Cohesion (Variation 3) > should reject spoofed X-Forwarded-For headers with correct contrast-boundary IP resolution
{"timestamp":"2026-07-23T03:08:33.333Z","type":"SECURITY_EVENT","event":"SPOOFED_HEADER_ATTEMPT","claimedIp":"198.51.100.5","resolvedIp":"203.0.113.10","header":"x-forwarded-for"}

 ✓ utils/getClientIp.theme-contrast.test.ts (5 tests) 82ms
 ✓ lib/resume-parser.test.ts (9 tests) 67ms
 ✓ app/contributors/ContributorsSearch.type-compiler.test.tsx (5 tests) 47ms
 ✓ app/customize/utils.mock-integrations.test.ts (5 tests) 212ms
 ✓ app/api/stats/route.type-compiler.test.ts (5 tests) 387ms
 ✓ services/github/refresh-rate-limiter.mock-integrations.test.ts (5 tests) 59ms
 ✓ lib/search/fuzzySearch.test.ts (13 tests) 199ms
 ✓ app/contributors/ContributorsClient.type-compiler.test.tsx (5 tests) 117ms
 ✓ lib/syncQueue.test.ts (6 tests) 141ms
stdout | services/github/background-refresh.test.ts > BackgroundRefresh Unit Tests > triggerRefresh > sanitizes username (trims and converts to lowercase)
[BackgroundRefresh] Queuing background refresh for: testuser

stdout | services/github/background-refresh.test.ts > BackgroundRefresh Unit Tests > triggerRefresh > sanitizes username (trims and converts to lowercase)
[BackgroundRefresh] Successfully completed background refresh for: testuser

 ✓ app/api/github/route.mock-integrations.test.ts (5 tests) 126ms
stdout | services/github/background-refresh.test.ts > BackgroundRefresh Unit Tests > triggerRefresh > prevents concurrent duplicate jobs for the same user
[BackgroundRefresh] Queuing background refresh for: user1
[BackgroundRefresh] Refresh already active for: user1

stdout | services/github/background-refresh.test.ts > BackgroundRefresh Unit Tests > triggerRefresh > prevents concurrent duplicate jobs for the same user
[BackgroundRefresh] Successfully completed background refresh for: user1

stdout | services/github/background-refresh.test.ts > BackgroundRefresh Unit Tests > triggerRefresh > removes the user from active jobs on failure
[BackgroundRefresh] Queuing background refresh for: user-fail

stdout | services/github/background-refresh.test.ts > BackgroundRefresh Unit Tests > triggerRefresh > handles expired tokens or authentication errors gracefully
[BackgroundRefresh] Queuing background refresh for: invalid_token_user

stdout | services/github/background-refresh.test.ts > BackgroundRefresh Unit Tests > triggerRefresh > recovers correctly from network dropouts during synchronization
[BackgroundRefresh] Queuing background refresh for: offline_user

stdout | services/github/background-refresh.test.ts > BackgroundRefresh Unit Tests > reset > clears all currently active jobs
[BackgroundRefresh] Queuing background refresh for: active-user

 ✓ services/github/background-refresh.test.ts (11 tests) 131ms
 ✓ app/customize/utils.test.ts (25 tests) 92ms
 ✓ lib/graph/recommendationEngine.test.ts (6 tests) 55ms
 ✓ app/generator/data/socials.empty-fallback.test.ts (5 tests) 82ms
 ✓ app/generator/utils/readmeGenerator.mock-integrations.test.ts (5 tests) 154ms
 ✓ lib/validations.year.test.ts (28 tests) 84ms
 ✓ app/generator/data/socials.error-resilience.test.ts (5 tests) 66ms
 ✓ app/generator/components/sections/TechnologyGraph.mock-integrations.test.tsx (5 tests) 52ms
stderr | utils/getClientIp.test.ts > getClientIp > ignores spoofed X-Forwarded-For when request.ip is present
{"timestamp":"2026-07-23T03:08:48.819Z","type":"SECURITY_EVENT","event":"SPOOFED_HEADER_ATTEMPT","claimedIp":"198.51.100.5","resolvedIp":"203.0.113.10","header":"x-forwarded-for"}

stderr | utils/getClientIp.test.ts > getClientIp > ignores direct client-supplied custom priority headers
{"timestamp":"2026-07-23T03:08:48.825Z","type":"SECURITY_EVENT","event":"UNTRUSTED_FORWARDED_HEADER_IGNORED","resolvedIp":"unknown","header":"cf-connecting-ip"}

stderr | utils/getClientIp.test.ts > getClientIp > stops at the first untrusted proxy in the chain
{"timestamp":"2026-07-23T03:08:48.831Z","type":"SECURITY_EVENT","event":"SPOOFED_HEADER_ATTEMPT","claimedIp":"198.51.100.5","resolvedIp":"8.8.8.8","header":"x-forwarded-for"}

stderr | utils/getClientIp.test.ts > getClientIp > supports wildcards to trust all proxies (trust-all behavior)
{"timestamp":"2026-07-23T03:08:48.833Z","type":"SECURITY_EVENT","event":"WILDCARD_TRUST_USED","resolvedIp":"198.51.100.5","chain":["198.51.100.5","203.0.113.10"],"header":"x-forwarded-for"}

stderr | utils/getClientIp.test.ts > getClientIp > sanitizes multi-IP lists and traverses untrusted hops from right to left
{"timestamp":"2026-07-23T03:08:48.835Z","type":"SECURITY_EVENT","event":"SPOOFED_HEADER_ATTEMPT","claimedIp":"203.0.113.195","resolvedIp":"198.51.100.10","header":"x-forwarded-for"}

stderr | utils/getClientIp.test.ts > getClientIp > does not return a trusted proxy as the client IP when it is the only hop in the chain
{"timestamp":"2026-07-23T03:08:48.870Z","type":"SECURITY_EVENT","event":"SPOOFED_HEADER_ATTEMPT","claimedIp":"203.0.113.5","resolvedIp":"127.0.0.1","header":"x-forwarded-for"}

 ✓ utils/getClientIp.test.ts (12 tests) 68ms
 ✓ app/generator/types.timezone-boundaries.test.ts (5 tests) 34ms
 ✓ lib/analytics/authorAttribution.test.ts (12 tests) 33ms
 ✓ models/Notification.mock-integrations.test.ts (5 tests) 75ms
 ✓ app/api/user-details/route.mouse-interactivity.test.ts (5 tests) 62ms
 ✓ app/api/health/route.test.ts (4 tests) 63ms
 ✓ lib/resume-parser.mouse-interactivity.test.ts (5 tests) 37ms
 ✓ app/api/streak/png/route.mock-integrations.test.ts (5 tests) 67ms
 ✓ lib/resume-parser.mock-integrations.test.ts (5 tests) 41ms
 ✓ lib/github-owner-verification.test.ts (5 tests) 96ms
 ✓ services/github/quota-monitor.mock-integrations.test.ts (6 tests) 47ms
 ✓ app/api/user-details/route.mock-integrations.test.ts (5 tests) 64ms
 ✓ app/api/wrapped/route.error-resilience.test.ts (5 tests) 231ms
(node:49941) [MONGOOSE] Warning: Mongoose: `Document.prototype.validateSync()` is deprecated and will be removed in Mongoose 10. Use `Document.prototype.validate()` instead.
(Use `node-22 --trace-warnings ...` to show where the warning was created)
(node:49941) [MONGOOSE] Warning: Mongoose: `Document.prototype.validateSync()` is deprecated and will be removed in Mongoose 10. Use `Document.prototype.validate()` instead.
(node:49941) [MONGOOSE] Warning: Mongoose: `Document.prototype.validateSync()` is deprecated and will be removed in Mongoose 10. Use `Document.prototype.validate()` instead.
(node:49941) [MONGOOSE] Warning: Mongoose: `Document.prototype.validateSync()` is deprecated and will be removed in Mongoose 10. Use `Document.prototype.validate()` instead.
 ✓ models/StudentProfile.error-resilience.test.ts (5 tests) 54ms
 ✓ lib/i18n/badgeLabels.accessibility.test.ts (5 tests) 15ms
 ✓ app/generator/data/technologies.error-resilience.test.ts (5 tests) 153ms
 ✓ app/api/webhooks/cicd/route.test.ts (4 tests) 49ms
 ✓ lib/svg/themes/dracula.test.ts (5 tests) 19ms
 ✓ components/dashboard/heatmapUtils.mock-integrations.test.ts (5 tests) 19ms
 ✓ lib/export3d.theme-contrast.test.ts (5 tests) 249ms
 ✓ models/Notification.responsive-breakpoints.test.ts (5 tests) 169ms
 ✓ app/api/student/resume/upload/route.error-resilience.test.ts (5 tests) 35ms
 ✓ services/github/background-refresh.empty-fallback.test.ts (5 tests) 27ms
 ✓ services/github/quota-monitor.error-resilience.test.ts (5 tests) 28ms
(node:50069) [MONGOOSE] Warning: Mongoose: `Document.prototype.validateSync()` is deprecated and will be removed in Mongoose 10. Use `Document.prototype.validate()` instead.
(Use `node-22 --trace-warnings ...` to show where the warning was created)
(node:50069) [MONGOOSE] Warning: Mongoose: `Document.prototype.validateSync()` is deprecated and will be removed in Mongoose 10. Use `Document.prototype.validate()` instead.
(node:50069) [MONGOOSE] Warning: Mongoose: `Document.prototype.validateSync()` is deprecated and will be removed in Mongoose 10. Use `Document.prototype.validate()` instead.
(node:50069) [MONGOOSE] Warning: Mongoose: `Document.prototype.validateSync()` is deprecated and will be removed in Mongoose 10. Use `Document.prototype.validate()` instead.
(node:50069) [MONGOOSE] Warning: Mongoose: `Document.prototype.validateSync()` is deprecated and will be removed in Mongoose 10. Use `Document.prototype.validate()` instead.
 ✓ models/Notification.empty-fallback.test.ts (5 tests) 122ms
 ✓ app/api/pr-insights/route.error-resilience.test.ts (5 tests) 66ms
 ✓ utils/calculateBurnoutRisk.test.ts (27 tests) 43ms
 ✓ components/dashboard/GrowthTrendChart.type-compiler.test.tsx (5 tests) 47ms
 ✓ components/Leaderboard.type-compiler.test.tsx (5 tests) 48ms
 ✓ models/StudentProfile.test.ts (6 tests) 134ms
 ✓ lib/svg/themes/nord.test.ts (6 tests) 37ms
 ✓ middleware.rate-limit.test.ts (6 tests) 57ms
stdout | services/github/background-refresh.theme-contrast.test.ts > BackgroundRefresh - Theme Contrast Equivalent (Mode Cohesion) > Behavior Adaptation Cohesion: accurately transitions user from Idle to Active Job state
[BackgroundRefresh] Queuing background refresh for: transition_user

stdout | services/github/background-refresh.theme-contrast.test.ts > BackgroundRefresh - Theme Contrast Equivalent (Mode Cohesion) > Behavior Adaptation Cohesion: accurately transitions user from Idle to Active Job state
[BackgroundRefresh] Successfully completed background refresh for: transition_user

stdout | services/github/background-refresh.theme-contrast.test.ts > BackgroundRefresh - Theme Contrast Equivalent (Mode Cohesion) > Contrast Verification (Concurrency): rigidly rejects colliding background jobs to preserve active state contrast
[BackgroundRefresh] Queuing background refresh for: collide_user
[BackgroundRefresh] Refresh already active for: collide_user

stdout | services/github/background-refresh.theme-contrast.test.ts > BackgroundRefresh - Theme Contrast Equivalent (Mode Cohesion) > Contrast Verification (Concurrency): rigidly rejects colliding background jobs to preserve active state contrast
[BackgroundRefresh] Successfully completed background refresh for: collide_user

stdout | services/github/background-refresh.theme-contrast.test.ts > BackgroundRefresh - Theme Contrast Equivalent (Mode Cohesion) > Configuration Preservation (Error Resilience): clears active state smoothly upon integration failures without getting stuck
[BackgroundRefresh] Queuing background refresh for: error_user

stderr | services/github/background-refresh.theme-contrast.test.ts > BackgroundRefresh - Theme Contrast Equivalent (Mode Cohesion) > Configuration Preservation (Error Resilience): clears active state smoothly upon integration failures without getting stuck
[BackgroundRefresh] Background refresh failed for: error_user Error: Network failure
    at /home/atulupadhyay/Contribution/commitpulse/services/github/background-refresh.theme-contrast.test.ts:82:67
    at file:///home/atulupadhyay/Contribution/commitpulse/node_modules/@vitest/runner/dist/chunk-artifact.js:302:11
    at file:///home/atulupadhyay/Contribution/commitpulse/node_modules/@vitest/runner/dist/chunk-artifact.js:1903:26
    at file:///home/atulupadhyay/Contribution/commitpulse/node_modules/@vitest/runner/dist/chunk-artifact.js:2326:20
    at new Promise (<anonymous>)
    at runWithCancel (file:///home/atulupadhyay/Contribution/commitpulse/node_modules/@vitest/runner/dist/chunk-artifact.js:2323:10)
    at file:///home/atulupadhyay/Contribution/commitpulse/node_modules/@vitest/runner/dist/chunk-artifact.js:2305:20
    at new Promise (<anonymous>)
    at runWithTimeout (file:///home/atulupadhyay/Contribution/commitpulse/node_modules/@vitest/runner/dist/chunk-artifact.js:2272:10)
    at file:///home/atulupadhyay/Contribution/commitpulse/node_modules/@vitest/runner/dist/chunk-artifact.js:2955:64

stdout | services/github/background-refresh.theme-contrast.test.ts > BackgroundRefresh - Theme Contrast Equivalent (Mode Cohesion) > Foreground/Background Cohesion (Sanitization): flawlessly aligns active states across disparate formatting inputs
[BackgroundRefresh] Queuing background refresh for: messy_user

stdout | services/github/background-refresh.theme-contrast.test.ts > BackgroundRefresh - Theme Contrast Equivalent (Mode Cohesion) > Foreground/Background Cohesion (Sanitization): flawlessly aligns active states across disparate formatting inputs
[BackgroundRefresh] Successfully completed background refresh for: messy_user

 ✓ services/github/background-refresh.theme-contrast.test.ts (5 tests) 74ms
stderr | services/github/burnout-analyzer.test.ts > BurnoutAnalyzer Service > falls back to rules-based recommendations when Gemini returns malformed JSON
Gemini returned malformed JSON, skipping AI recommendations.

 ✓ services/github/burnout-analyzer.test.ts (3 tests) 45ms
 ✓ lib/svg/themes/midnight_ocean.test.ts (6 tests) 188ms
stderr | services/wakatime/api.test.ts > WakaTime API Service > getWakaTimeStats > handles non-ok responses gracefully
Error fetching WakaTime stats: 401 Unauthorized

stderr | services/wakatime/api.test.ts > WakaTime API Service > getWakaTimeStats > handles fetch errors gracefully
Error fetching WakaTime stats: Error: Network error
    at /home/atulupadhyay/Contribution/commitpulse/services/wakatime/api.test.ts:97:46
    at file:///home/atulupadhyay/Contribution/commitpulse/node_modules/@vitest/runner/dist/chunk-artifact.js:302:11
    at file:///home/atulupadhyay/Contribution/commitpulse/node_modules/@vitest/runner/dist/chunk-artifact.js:1903:26
    at file:///home/atulupadhyay/Contribution/commitpulse/node_modules/@vitest/runner/dist/chunk-artifact.js:2326:20
    at new Promise (<anonymous>)
    at runWithCancel (file:///home/atulupadhyay/Contribution/commitpulse/node_modules/@vitest/runner/dist/chunk-artifact.js:2323:10)
    at file:///home/atulupadhyay/Contribution/commitpulse/node_modules/@vitest/runner/dist/chunk-artifact.js:2305:20
    at new Promise (<anonymous>)
    at runWithTimeout (file:///home/atulupadhyay/Contribution/commitpulse/node_modules/@vitest/runner/dist/chunk-artifact.js:2272:10)
    at file:///home/atulupadhyay/Contribution/commitpulse/node_modules/@vitest/runner/dist/chunk-artifact.js:2955:64

 ✓ services/wakatime/api.test.ts (6 tests) 98ms
 ✓ lib/mongodb.test.ts (10 tests) 33ms
 ✓ app/api/notify/route.type-compiler.test.ts (5 tests) 36ms
 ✓ utils/dashboardPeriod.empty-fallback.test.ts (6 tests) 22ms
 ✓ components/CherryBlossom.type-compiler.test.tsx (5 tests) 24ms
 ✓ services/github/quota-monitor.responsive-breakpoints.test.ts (5 tests) 60ms
 ✓ lib/validations.compareParamsSchema.test.ts (6 tests) 160ms
 ✓ services/github/quota-monitor.empty-fallback.test.ts (5 tests) 30ms
 ✓ lib/github.telemetry.test.ts (2 tests) 27ms
 ✓ app/api/student/resume/upload/route.theme-contrast.test.ts (5 tests) 51ms
 ✓ lib/analytics/teamHealth.test.ts (4 tests) 44ms
 ✓ app/api/wrapped/route.type-compiler.test.ts (5 tests) 20ms
 ✓ services/github/refresh-policy.responsive-breakpoints.test.ts (3 tests) 38ms
stderr | app/api/streak/png/route.error-resilience.test.ts > GET /api/streak/png - Error Resilience > returns fallback SVG when PNG conversion fails
[vitest] The vi.fn() mock did not use 'function' or 'class' in its implementation, see https://vitest.dev/api/vi#vi-spyon for examples.

stderr | app/api/streak/png/route.error-resilience.test.ts > GET /api/streak/png - Error Resilience > logs conversion errors
[vitest] The vi.fn() mock did not use 'function' or 'class' in its implementation, see https://vitest.dev/api/vi#vi-spyon for examples.

stderr | app/api/streak/png/route.error-resilience.test.ts > GET /api/streak/png - Error Resilience > handles non Error exceptions safely
[vitest] The vi.fn() mock did not use 'function' or 'class' in its implementation, see https://vitest.dev/api/vi#vi-spyon for examples.

 ✓ app/api/streak/png/route.error-resilience.test.ts (5 tests) 118ms
stdout | services/github/background-refresh.mock-integrations.test.ts > BackgroundRefresh Mock Integrations > mocks standard asynchronous imports using stubs for background refresh
[BackgroundRefresh] Queuing background refresh for: john_doe

stdout | services/github/background-refresh.mock-integrations.test.ts > BackgroundRefresh Mock Integrations > mocks standard asynchronous imports using stubs for background refresh
[BackgroundRefresh] Successfully completed background refresh for: john_doe

stdout | services/github/background-refresh.mock-integrations.test.ts > BackgroundRefresh Mock Integrations > tests service loading paths to ensure pending state overlays render
[BackgroundRefresh] Queuing background refresh for: pending_user

stdout | services/github/background-refresh.mock-integrations.test.ts > BackgroundRefresh Mock Integrations > tests service loading paths to ensure pending state overlays render
[BackgroundRefresh] Successfully completed background refresh for: pending_user

stdout | services/github/background-refresh.mock-integrations.test.ts > BackgroundRefresh Mock Integrations > verifies correct fallback procedures during fake endpoint timeout blocks
[BackgroundRefresh] Queuing background refresh for: timeout_user

 ✓ services/github/background-refresh.mock-integrations.test.ts (5 tests) 61ms
 ✓ lib/svg/sanitizer.test.ts (75 tests) 84ms
 ✓ lib/graph/recommendationEngine.accessibility.test.ts (5 tests) 79ms
 ✓ lib/svg/themes/neon.test.ts (5 tests) 55ms
 ✓ services/github/validate-user.test.ts (5 tests) 58ms
 ✓ app/api/track-user/route.mock-integrations.test.ts (5 tests) 48ms
 ✓ utils/dateRange.theme-contrast.test.ts (5 tests) 44ms
 ✓ services/security/track-user-protection.test.ts (12 tests) 139ms
 ✓ utils/urls.test.ts (10 tests) 55ms
 ✓ lib/security/csrf.test.ts (15 tests) 93ms
 ✓ lib/svg/layout.test.ts (45 tests) 32ms
 ✓ hooks/useGlowEffect.theme-contrast.test.ts (5 tests) 18ms
 ✓ lib/svg/sanitizer.empty-fallback.test.ts (5 tests) 43ms
 ✓ lib/svg/constants.mock-integrations.test.ts (5 tests) 27ms
 ✓ lib/structured-clone-regression.test.ts (1 test) 185ms
 ✓ lib/resume-parser.theme-contrast.test.ts (5 tests) 35ms
 ✓ components/dashboard/HistoricalTrendView.type-compiler.test.tsx (5 tests) 115ms
 ✓ models/StudentProfile.theme-contrast.test.ts (5 tests) 35ms
 ✓ app/api/streak/route.type-compiler.test.ts (5 tests) 42ms
 ✓ models/User.connection-state-0-v5.test.ts (5 tests) 56ms
 ✓ types/dashboard.empty-fallback.test.ts (5 tests) 17ms
 ✓ lib/i18n/languages/de.test.ts (5 tests) 18ms
 ✓ lib/i18n/languages/hi.test.ts (5 tests) 72ms
 ✓ lib/cache.error-resilience.test.ts (5 tests) 86ms
 ✓ lib/secretScanner.test.ts (14 tests) 38ms
 ✓ src/utils/svgRenderer.empty-fallback.test.ts (5 tests) 90ms
 ✓ services/github/background-refresh.timezone-boundaries.test.ts (5 tests) 55ms
 ✓ services/github/webhook-handler.test.ts (11 tests) 37ms
 ✓ services/github/background-refresh.type-compiler.test.ts (5 tests) 50ms
 ✓ lib/i18n/languages/ta.test.ts (5 tests) 43ms
 ✓ app/generator/data/socials.type-compiler.test.ts (5 tests) 333ms
 ✓ app/generator/types.empty-fallback.test.ts (5 tests) 403ms
 ✓ next-env.d.empty-fallback.test.ts (5 tests) 353ms
 ✓ lib/resume-parser.empty-fallback.test.ts (11 tests) 156ms
stdout | services/github/background-refresh.responsive-breakpoints.test.ts > BackgroundRefresh - Responsive Breakpoints (Multi-device Columns & Mobile Viewport Layouts) > Mobile Viewport (375px): minimal-length usernames are handled without overflow or stuck state
[BackgroundRefresh] Queuing background refresh for: a

stdout | services/github/background-refresh.responsive-breakpoints.test.ts > BackgroundRefresh - Responsive Breakpoints (Multi-device Columns & Mobile Viewport Layouts) > Mobile Viewport (375px): minimal-length usernames are handled without overflow or stuck state
[BackgroundRefresh] Successfully completed background refresh for: a

stdout | services/github/background-refresh.responsive-breakpoints.test.ts > BackgroundRefresh - Responsive Breakpoints (Multi-device Columns & Mobile Viewport Layouts) > Column Reflow: multiple concurrent jobs for different users queue independently without collapsing into one
[BackgroundRefresh] Queuing background refresh for: user_col_1
[BackgroundRefresh] Queuing background refresh for: user_col_2
[BackgroundRefresh] Queuing background refresh for: user_col_3

stdout | services/github/background-refresh.responsive-breakpoints.test.ts > BackgroundRefresh - Responsive Breakpoints (Multi-device Columns & Mobile Viewport Layouts) > Column Reflow: multiple concurrent jobs for different users queue independently without collapsing into one
[BackgroundRefresh] Successfully completed background refresh for: user_col_1
[BackgroundRefresh] Successfully completed background refresh for: user_col_2
[BackgroundRefresh] Successfully completed background refresh for: user_col_3

stdout | services/github/background-refresh.responsive-breakpoints.test.ts > BackgroundRefresh - Responsive Breakpoints (Multi-device Columns & Mobile Viewport Layouts) > No Horizontal Scroll: maximum-length usernames (39 chars) do not cause overflow or blocked job state
[BackgroundRefresh] Queuing background refresh for: aaaaaaaaaaaaaaaaaaaaaaaaaaaaaaaaaaaaaaa

stdout | services/github/background-refresh.responsive-breakpoints.test.ts > BackgroundRefresh - Responsive Breakpoints (Multi-device Columns & Mobile Viewport Layouts) > No Horizontal Scroll: maximum-length usernames (39 chars) do not cause overflow or blocked job state
[BackgroundRefresh] Successfully completed background refresh for: aaaaaaaaaaaaaaaaaaaaaaaaaaaaaaaaaaaaaaa

stdout | services/github/background-refresh.responsive-breakpoints.test.ts > BackgroundRefresh - Responsive Breakpoints (Multi-device Columns & Mobile Viewport Layouts) > Navigation Scaling: usernames with mixed casing and whitespace scale down gracefully to normalized active state
[BackgroundRefresh] Queuing background refresh for: navuser_xl

stdout | services/github/background-refresh.responsive-breakpoints.test.ts > BackgroundRefresh - Responsive Breakpoints (Multi-device Columns & Mobile Viewport Layouts) > Mobile Toggle State: rapid successive trigger attempts on same user toggle cleanly without duplicate jobs
[BackgroundRefresh] Queuing background refresh for: toggle_user
[BackgroundRefresh] Refresh already active for: toggle_user

stdout | services/github/background-refresh.responsive-breakpoints.test.ts > BackgroundRefresh - Responsive Breakpoints (Multi-device Columns & Mobile Viewport Layouts) > Mobile Toggle State: rapid successive trigger attempts on same user toggle cleanly without duplicate jobs
[BackgroundRefresh] Successfully completed background refresh for: toggle_user

stdout | services/github/background-refresh.responsive-breakpoints.test.ts > BackgroundRefresh - Responsive Breakpoints (Multi-device Columns & Mobile Viewport Layouts) > Mobile Toggle State: rapid successive trigger attempts on same user toggle cleanly without duplicate jobs
[BackgroundRefresh] Queuing background refresh for: toggle_user

stdout | services/github/background-refresh.responsive-breakpoints.test.ts > BackgroundRefresh - Responsive Breakpoints (Multi-device Columns & Mobile Viewport Layouts) > Mobile Toggle State: rapid successive trigger attempts on same user toggle cleanly without duplicate jobs
[BackgroundRefresh] Successfully completed background refresh for: toggle_user

 ✓ services/github/background-refresh.responsive-breakpoints.test.ts (5 tests) 214ms
 ✓ lib/svg/generator.wrappedEscape.test.ts (4 tests) 49ms
 ✓ lib/svg/themes/cyber-pulse.test.ts (5 tests) 60ms
 ✓ components/dashboard/tooltipUtils.mock-integrations.test.ts (5 tests) 144ms
 ✓ app/customize/utils.responsive-breakpoints.test.ts (5 tests) 22ms
 ✓ services/github/refresh-rate-limiter.responsive-breakpoints.test.ts (5 tests) 40ms
 ✓ utils/dateRange.empty-fallback.test.ts (6 tests) 30ms
 ✓ services/github/quota-monitor.timezone-boundaries.test.ts (5 tests) 41ms
 ✓ utils/trustedProxy.test.ts (11 tests) 26ms
 ✓ app/generator/components/sections/TechnologiesSection.type-compiler.test.tsx (5 tests) 166ms
 ✓ hooks/useShareActions.type-compiler.test.ts (5 tests) 38ms
 ✓ components/dashboard/heatmapUtils.test.ts (7 tests) 34ms
 ✓ app/customize/types.mock-integrations.test.ts (5 tests) 89ms
stderr | utils/getClientIp.accessibility.test.ts > getClientIp - Accessibility Standards & Screen Reader Aria Compliance > Focus Outline Behavior: ignores untrusted forwarded headers when no trusted peer exists
{"timestamp":"2026-07-23T03:09:46.757Z","type":"SECURITY_EVENT","event":"UNTRUSTED_FORWARDED_HEADER_IGNORED","resolvedIp":"unknown","header":"x-forwarded-for"}

stderr | utils/getClientIp.accessibility.test.ts > getClientIp - Accessibility Standards & Screen Reader Aria Compliance > Tab Ordering: wildcard trust returns the leftmost client IP in the chain
{"timestamp":"2026-07-23T03:09:46.769Z","type":"SECURITY_EVENT","event":"WILDCARD_TRUST_USED","resolvedIp":"198.51.100.5","chain":["198.51.100.5","203.0.113.10"],"header":"x-forwarded-for"}

 ✓ utils/getClientIp.accessibility.test.ts (5 tests) 72ms
 ✓ components/InteractiveViewer.type-compiler.test.tsx (5 tests) 41ms
 ✓ app/generator/utils/readmeGenerator.empty-fallback.test.ts (7 tests) 30ms
 ✓ app/api/github/route.type-compiler.test.ts (5 tests) 15ms
 ✓ lib/svg/themes/tokyo_night.test.ts (5 tests) 75ms
 ✓ app/generator/components/sections/NameSection.timezone-boundaries.test.tsx (5 tests) 20ms
 ✓ auth.session.test.ts (2 tests) 10ms
 ✓ utils/trustedProxy.coverage.test.ts (5 tests) 44ms
 ✓ services/github/refresh-policy.timezone-boundaries.test.ts (5 tests) 54ms
 ✓ lib/i18n/languages/es.test.ts (5 tests) 10ms
 ✓ app/api/user-details/route.type-compiler.test.ts (5 tests) 24ms
 ✓ app/api/streak/png/route.empty-fallback.test.ts (5 tests) 53ms
 ✓ app/layout.type-compiler.test.tsx (5 tests) 12ms
 ✓ lib/svg/generator.particleCount.test.ts (6 tests) 14ms
 ✓ components/dashboard/RefreshButton.type-compiler.test.tsx (5 tests) 51ms
 ✓ lib/svg/animations.empty-fallback.test.ts (5 tests) 35ms
 ✓ utils/urls.accessibility.test.ts (5 tests) 59ms
 ✓ app/customize/utils.error-resilience.test.ts (5 tests) 25ms
(node:51607) [MONGOOSE] Warning: Mongoose: `Document.prototype.validateSync()` is deprecated and will be removed in Mongoose 10. Use `Document.prototype.validate()` instead.
(Use `node-22 --trace-warnings ...` to show where the warning was created)
(node:51607) [MONGOOSE] Warning: Mongoose: `Document.prototype.validateSync()` is deprecated and will be removed in Mongoose 10. Use `Document.prototype.validate()` instead.
 ✓ models/Notification.type-compiler.test.ts (5 tests) 91ms
 ✓ utils/getClientIp.empty-fallback.test.ts (6 tests) 53ms
 ✓ lib/validations.theme-contrast.test.ts (5 tests) 25ms
 ✓ app/api/architecture/route.test.ts (1 test) 35ms
 ✓ lib/svg/wakatime.test.ts (3 tests) 66ms
 ✓ components/dashboard/tooltipUtils.empty-fallback.test.ts (5 tests) 14ms
 ✓ app/generator/utils/readmeGenerator.test.ts (4 tests) 105ms
stdout | lib/svg/optimizer.test.ts > optimizeSVG > should achieve significant size reduction on a larger sample SVG
Original: 1062 bytes, Minified: 695 bytes, Reduction: 34.56%

 ✓ lib/svg/optimizer.test.ts (15 tests) 124ms
 ✓ lib/svg/themes/aurora_cyberpunk.test.ts (5 tests) 25ms
 ✓ components/dashboard/tooltipUtils.responsive-breakpoints.test.ts (5 tests) 32ms
 ✓ services/github/validate-user.theme-contrast.test.ts (5 tests) 49ms
 ✓ lib/svg/layout.theme-contrast.test.ts (5 tests) 16ms
 ✓ lib/svg/constants.timezone-boundaries.test.ts (5 tests) 13ms
 ✓ lib/svg/sanitizer.accessibility.test.ts (5 tests) 15ms
 ✓ lib/svg/themes/ocean.test.ts (5 tests) 25ms
 ✓ lib/validate-env.test.ts (21 tests) 37ms
 ✓ utils/tracking.empty-fallback.test.ts (5 tests) 89ms
 ✓ services/github/refresh-policy.test.ts (5 tests) 45ms
 ✓ lib/cache.empty-fallback.test.ts (5 tests) 14ms
 ✓ lib/graph/dependencyGraph.empty-fallback.test.ts (5 tests) 47ms
 ✓ app/generator/data/technologies.mock-integrations.test.ts (5 tests) 10ms
 ✓ components/TopRivalriesTicker.type-compiler.test.tsx (6 tests) 11ms
 ✓ utils/cacheControl.empty-fallback.test.ts (6 tests) 18ms
 ✓ lib/svg/themes/gruvbox_light.test.ts (5 tests) 28ms
 ✓ app/generator/components/sections/SocialsSection.type-compiler.test.tsx (5 tests) 27ms
 ✓ lib/svg/themes/forest.test.ts (6 tests) 28ms
 ✓ services/github/validate-user.type-compiler.test.ts (5 tests) 20ms
 ✓ lib/validations.wrappedParamsSchema.test.ts (6 tests) 24ms
 ✓ lib/api-contract/detectBreakingChanges.test.ts (9 tests) 41ms
 ✓ components/dashboard/AchievementsSkeleton.type-compiler.test.tsx (5 tests) 47ms
 ✓ app/components/theme-switch.type-compiler.test.tsx (5 tests) 20ms
 ✓ lib/notification-management-token.empty-fallback.test.ts (26 tests) 70ms
 ✓ hooks/useShareActions.theme-contrast.test.ts (5 tests) 39ms
 ✓ components/dashboard/ProfileOptimizerModal.type-compiler.test.tsx (5 tests) 16ms
 ✓ app/layout.mouse-interactivity.test.tsx (5 tests) 57ms
 ✓ components/KonamiEasterEgg.type-compiler.test.tsx (5 tests) 123ms
 ✓ lib/svg/generator.accessibility.test.ts (5 tests) 36ms
 ✓ app/not-found.type-compiler.test.tsx (5 tests) 44ms
 ✓ lib/svg/themes/catppuccin_latte.test.ts (5 tests) 83ms
 ✓ utils/dateRange.test.ts (15 tests) 26ms
 ✓ components/dashboard/ResumeProfileSection.type-compiler.test.tsx (6 tests) 13ms
 ✓ services/security/track-user-protection.mouse-interactivity.test.ts (5 tests) 34ms
 ✓ services/github/validate-user.empty-fallback.test.ts (5 tests) 39ms
 ✓ app/customize/types.type-compiler.test.ts (5 tests) 9ms
 ✓ lib/svg/generator.deterministicRandom.test.ts (5 tests) 24ms
 ✓ lib/graph/recommendationEngine.logic.test.ts (5 tests) 25ms
 ✓ components/dashboard/PRInsights/Highlights.type-compiler.test.tsx (5 tests) 33ms
 ✓ app/customize/types.test.ts (3 tests) 19ms
 ✓ services/github/refresh-rate-limiter.type-compiler.test.ts (5 tests) 18ms
 ✓ app/components/navbar.type-compiler.test.tsx (5 tests) 22ms
 ✓ hooks/useRecentSearches.type-compiler.test.ts (5 tests) 23ms
 ✓ app/generator/components/SectionCard.type-compiler.test.tsx (5 tests) 30ms
 ✓ components/dashboard/DeploymentTracker.type-compiler.test.tsx (12 tests) 55ms
 ✓ app/generator/utils/readmeGenerator.mouse-interactivity.test.ts (5 tests) 33ms
 ✓ services/github/refresh-rate-limiter.test.ts (5 tests) 51ms
 ✓ services/github/refresh-rate-limiter.error-resilience.test.ts (5 tests) 33ms
 ✓ lib/svg/themes/highcontrast.test.ts (5 tests) 20ms
 ✓ app/generator/utils/readmeGenerator.timezone-boundaries.test.ts (5 tests) 16ms
 ✓ app/layout.theme-contrast.test.tsx (5 tests) 57ms
 ✓ services/security/track-user-protection.responsive-breakpoints.test.ts (5 tests) 15ms
 ✓ services/spotify/api.test.ts (5 tests) 50ms
 ✓ components/dashboard/ComparisonStatsCard.type-compiler.test.tsx (5 tests) 66ms
 ✓ app/components/CustomizeCTA.type-compiler.test.tsx (5 tests) 15ms
 ✓ app/customize/types.responsive-breakpoints.test.ts (5 tests) 62ms
 ✓ components/dashboard/Heatmap.type-compiler.test.tsx (5 tests) 9ms
 ✓ components/dashboard/PopularPinnedRepos.type-compiler.test.tsx (5 tests) 25ms
 ✓ lib/svg/animations.theme-contrast.test.ts (5 tests) 17ms
 ✓ components/dashboard/heatmapUtils.type-compiler.test.ts (5 tests) 40ms
 ✓ lib/graph/recommendationEngine.empty-fallback.test.ts (5 tests) 37ms
 ✓ lib/validations.notifyPostSchema.test.ts (5 tests) 196ms
 ✓ app/generator/components/sections/NameSection.type-compiler.test.tsx (5 tests) 98ms
 ✓ app/components/Footer.type-compiler.test.tsx (5 tests) 71ms
 ✓ app/customize/types.empty-fallback.test.ts (5 tests) 65ms
 ✓ lib/svg/themes/light.test.ts (5 tests) 110ms
 ✓ lib/svg/themes.solarized_light.test.ts (10 tests) 45ms
 ✓ lib/svg/generator.theme-contrast.test.ts (5 tests) 78ms
 ✓ app/generator/utils/readmeGenerator.error-resilience.test.ts (5 tests) 41ms
 ✓ utils/time.empty-fallback.test.ts (4 tests) 40ms
 ✓ next-env-d-stability.test.ts (5 tests) 59ms
 ✓ services/github/quota-monitor.theme-contrast.test.ts (5 tests) 31ms
 ✓ app/(root)/dashboard/error.type-compiler.test.tsx (5 tests) 12ms
 ✓ app/generator/data/socials.mock-integrations.test.ts (5 tests) 26ms
 ✓ services/github/validate-user.mouse-interactivity.test.ts (5 tests) 16ms
 ✓ app/customize/utils.mouse-interactivity.test.ts (5 tests) 41ms
 ✓ services/security/track-user-protection.mock-integrations.test.ts (5 tests) 19ms
 ✓ app/generator/utils/readmeGenerator.responsive-breakpoints.test.ts (5 tests) 63ms
 ✓ services/github/refresh-policy.theme-contrast.test.ts (5 tests) 46ms
 ✓ lib/rate-limit.empty-fallback.test.ts (5 tests) 42ms
 ✓ lib/svg/sanitizer.theme-contrast.test.ts (32 tests) 29ms
 ✓ types/student.empty-fallback.test.ts (6 tests) 33ms
 ✓ app/documentation/code-block.timezone-boundaries.test.tsx (5 tests) 16ms
 ✓ lib/svg/themes/rose.test.ts (6 tests) 24ms
 ✓ lib/svg/constants.responsive-breakpoints.test.ts (5 tests) 16ms
 ✓ app/generator/utils/githubMapper.test.ts (4 tests) 22ms
 ✓ lib/svg/layoutConstants.empty-fallback.test.ts (5 tests) 32ms
 ✓ app/customize/components/ExportPanel.type-compiler.test.tsx (5 tests) 21ms
 ✓ components/reviewform.type-compiler.test.tsx (5 tests) 34ms
 ✓ lib/svg/generator.empty-fallback.test.ts (5 tests) 27ms
 ✓ app/customize/utils.empty-fallback.test.ts (5 tests) 23ms
 ✓ lib/svg/glacier.test.ts (5 tests) 35ms
 ✓ lib/rate-limit.theme-contrast.test.ts (5 tests) 43ms
 ✓ app/components/SuccessGuide.type-compiler.test.tsx (5 tests) 33ms
 ✓ app/customize/types.error-resilience.test.ts (5 tests) 60ms
 ✓ app/api/track-user/route.responsive-breakpoints.test.ts (5 tests) 109ms
 ✓ app/customize/types.theme-contrast.test.ts (5 tests) 39ms
 ✓ app/generator/utils/readmeGenerator.theme-contrast.test.ts (5 tests) 24ms
 ✓ app/api/student/resume/confirm/route.type-compiler.test.ts (5 tests) 16ms
 ✓ lib/resume-parser.timezone-boundaries.test.ts (5 tests) 25ms
 ✓ components/dashboard/PRInsights/PRStatusDistribution.type-compiler.test.tsx (5 tests) 16ms
 ✓ app/api/track-user/route.theme-contrast.test.ts (5 tests) 73ms
 ✓ lib/svg/themes/test-utils.empty-fallback.test.ts (5 tests) 31ms
 ✓ services/github/validate-user.mock-integrations.test.ts (5 tests) 16ms
 ✓ services/security/track-user-protection.type-compiler.test.ts (5 tests) 14ms
 ✓ types/network.theme-contrast.test.ts (5 tests) 21ms
 ✓ app/api/user-details/route.empty-fallback.test.ts (5 tests) 16ms
 ✓ lib/snakeWorkflowGenerator.test.ts (12 tests) 43ms
 ✓ components/dashboard/PRInsights/RepoPerformanceTable.type-compiler.test.tsx (5 tests) 10ms
 ✓ app/generator/data/socials.mouse-interactivity.test.ts (5 tests) 16ms
 ✓ models/User.theme-contrast.test.ts (5 tests) 10ms
 ✓ services/github/ci-analytics.test.ts (4 tests) 13ms
 ✓ lib/svg/languageColors.empty-fallback.test.ts (5 tests) 18ms
 ✓ components/dashboard/tooltipUtils.type-compiler.test.ts (5 tests) 16ms
 ✓ app/contributors/page.timezone-boundaries.test.tsx (4 tests) 35ms
 ✓ app/compare/page.type-compiler.test.tsx (5 tests) 18ms
 ✓ types/student.theme-contrast.test.ts (5 tests) 44ms
 ✓ lib/svg/constants.theme-contrast.test.ts (6 tests) 61ms
 ✓ services/security/track-user-protection.error-resilience.test.ts (5 tests) 20ms
 ✓ locales/de.test.ts (4 tests) 42ms
 ✓ lib/__tests__/bot-filter.test.ts (5 tests) 14ms
 ✓ lib/svg/languageColors.test.ts (6 tests) 80ms
 ✓ components/dashboard/ActivityLandscape.test.ts (8 tests) 28ms
 ✓ lib/graph/dependencyGraph.theme-contrast.test.ts (5 tests) 27ms
 ✓ lib/svg/themes.theme-contrast.test.ts (5 tests) 25ms
 ✓ app/generator/components/sections/TechnologiesSection.responsive-breakpoints.test.tsx (5 tests) 49ms
 ✓ app/generator/types.mouse-interactivity.test.ts (5 tests) 24ms
 ✓ lib/svg/constants.mouse-interactivity.test.ts (5 tests) 25ms
 ✓ src/utils/svgRenderer.theme-contrast.test.ts (5 tests) 26ms
 ✓ lib/i18n/badgeLabels.theme-contrast.test.ts (5 tests) 25ms
 ✓ services/github/refresh-policy.error-resilience.test.ts (3 tests) 45ms
 ✓ lib/svg/themes/synthwave.test.ts (5 tests) 13ms
 ✓ app/customize/types.mouse-interactivity.test.ts (5 tests) 29ms
 ✓ lib/svg/languageColors.theme-contrast.test.ts (5 tests) 17ms
 ✓ components/dashboard/ProfileCard.empty-fallback.test.tsx (5 tests) 14ms
 ✓ services/github/refresh-policy.empty-fallback.test.ts (5 tests) 16ms
 ✓ app/generator/utils/urlSanitizer.test.ts (8 tests) 150ms
 ✓ lib/svg/themes/test-utils.theme-contrast.test.ts (5 tests) 16ms
 ✓ services/security/track-user-protection.empty-fallback.test.ts (5 tests) 17ms
 ✓ app/generator/components/sections/TechnologiesSection.mouse-interactivity.test.tsx (5 tests) 21ms
 ✓ components/dashboard/DashboardSkeleton.type-compiler.test.tsx (5 tests) 23ms
 ✓ scripts/benchmark-svg.empty-fallback.test.ts (5 tests) 25ms
 ✓ lib/svg/generator.getUsernameFontSize.test.ts (3 tests) 15ms
 ✓ utils/trustedProxy.empty-fallback.test.ts (5 tests) 26ms
 ✓ components/BrandParticles.type-compiler.test.tsx (5 tests) 24ms
 ✓ lib/i18n/languages/en.test.ts (5 tests) 13ms
 ✓ lib/svg/themes.validation.test.ts (5 tests) 20ms
 ✓ lib/svg/constants.type-compiler.test.ts (4 tests) 10ms
 ✓ lib/svg/layout.empty-fallback.test.ts (5 tests) 20ms
 ✓ lib/i18n/languages/ko.test.ts (5 tests) 20ms
 ✓ services/github/refresh-policy.mouse-interactivity.test.ts (3 tests) 34ms
 ✓ lib/samplePreviewGraphs.test.ts (6 tests) 30ms
 ✓ app/customize/utils.timezone-boundaries.test.ts (5 tests) 18ms
 ✓ components/dashboard/GithubWrapped.type-compiler.test.tsx (5 tests) 72ms
 ✓ lib/svg/constants.error-resilience.test.ts (5 tests) 71ms
 ✓ lib/search/domains.test.ts (5 tests) 63ms
 ✓ components/dashboard/heatmapUtils.error-resilience.test.ts (5 tests) 104ms
 ✓ components/dashboard/PRInsights/PRInsightsClient.type-compiler.test.tsx (5 tests) 80ms
 ✓ utils/sanitize.test.ts (5 tests) 151ms
 ✓ app/api/og/route.type-compiler.test.tsx (5 tests) 44ms
 ✓ src/utils/__tests__/svgRenderer.test.ts (4 tests) 105ms
 ✓ locales/pt.test.ts (4 tests) 36ms
 ✓ services/github/quota-monitor.test.ts (7 tests) 142ms
 ✓ lib/i18n/languages/fr.test.ts (5 tests) 94ms
 ✓ lib/sanitize-git-credentials.test.ts (6 tests) 32ms
 ✓ lib/graph/types.empty-fallback.test.ts (5 tests) 22ms
 ✓ components/dashboard/tooltipUtils.error-resilience.test.ts (5 tests) 18ms
 ✓ lib/validate-user.error-resilience.test.ts (5 tests) 40ms
 ✓ components/dashboard/heatmapUtils.theme-contrast.test.ts (5 tests) 30ms
 ✓ lib/i18n/languages/ja.test.ts (5 tests) 43ms
 ✓ models/StudentProfile.responsive-breakpoints.test.ts (5 tests) 13ms
 ✓ lib/resume-parser.type-compiler.test.ts (5 tests) 8ms
 ✓ lib/svg/animations.test.ts (9 tests) 14ms
 ✓ lib/validations.ogParamsSchema.test.ts (6 tests) 13ms
 ✓ lib/svg/fonts.empty-fallback.test.ts (5 tests) 32ms
 ✓ scripts/benchmark-svg.theme-contrast.test.ts (5 tests) 40ms
 ✓ lib/mongodb.theme-contrast.test.ts (5 tests) 32ms
 ✓ types/index.empty-fallback.test.ts (6 tests) 18ms
 ✓ lib/svg/generatorConstants.empty-fallback.test.ts (5 tests) 19ms
 ✓ lib/svg/isLocDay.test.ts (11 tests) 14ms
 ✓ app/documentation/code-block.type-compiler.test.tsx (5 tests) 25ms
 ✓ lib/validations.notifyGetSchema.test.ts (5 tests) 20ms
 ✓ components/dashboard/tooltipUtils.theme-contrast.test.ts (8 tests) 27ms
 ✓ lib/svg/staleWatermark.test.ts (5 tests) 24ms
 ✓ lib/i18n/languages/pt.test.ts (5 tests) 28ms
 ✓ app/generator/data/socials.responsive-breakpoints.test.ts (5 tests) 30ms
 ✓ lib/svg/themes/gruvbox.test.ts (5 tests) 16ms
 ✓ components/commitpulse-logo.theme-contrast.test.tsx (5 tests) 16ms
 ✓ app/customize/utils.theme-contrast.test.ts (5 tests) 17ms
 ✓ app/customize/utils.type-compiler.test.ts (5 tests) 34ms
 ✓ lib/svg/layoutConstants.theme-contrast.test.ts (5 tests) 11ms
 ✓ components/dashboard/tooltipUtils.test.ts (7 tests) 25ms
 ✓ utils/urls.empty-fallback.test.ts (6 tests) 10ms
 ✓ lib/svg/themes/sunset.test.ts (5 tests) 12ms
 ✓ lib/cache.type-compiler.test.ts (5 tests) 36ms
 ✓ components/commitpulse-logo.type-compiler.test.tsx (5 tests) 10ms
 ✓ lib/svg/fonts.test.ts (6 tests) 25ms
 ✓ app/generator/types.responsive-breakpoints.test.ts (5 tests) 26ms
 ✓ components/dashboard/ShareSheet.type-compiler.test.tsx (5 tests) 105ms
 ✓ app/customize/components/ThemeSelector.type-compiler.test.tsx (5 tests) 11ms
 ✓ components/dashboard/StatsCardSkeleton.type-compiler.test.tsx (5 tests) 100ms
 ✓ components/dashboard/RepositoryGraph.type-compiler.test.tsx (5 tests) 15ms
 ✓ services/security/track-user-protection.theme-contrast.test.ts (5 tests) 55ms
 ✓ lib/i18n/languages/zh.test.ts (5 tests) 74ms
 ✓ lib/svg/themes/obsidian.test.ts (5 tests) 22ms
 ✓ lib/svg/generator.escapeXML.test.ts (6 tests) 43ms
 ✓ app/generator/utils/readmeGenerator.type-compiler.test.ts (5 tests) 27ms
 ✓ models/StudentProfile.mouse-interactivity.test.ts (5 tests) 34ms
 ✓ models/StudentProfile.empty-fallback.test.ts (5 tests) 33ms
 ✓ app/generator/components/sections/DescriptionSection.type-compiler.test.tsx (5 tests) 49ms
 ✓ lib/validations.coerceQueryParams.test.ts (4 tests) 27ms
 ✓ app/achievements/celebration.test.ts (4 tests) 11ms
 ✓ lib/resume-parser.signature.test.ts (7 tests) 14ms
 ✓ lib/svg/constants.test.ts (3 tests) 15ms
 ✓ types/dashboard.theme-contrast.test.ts (5 tests) 12ms
 ✓ lib/svg/generatorConstants.theme-contrast.test.ts (5 tests) 26ms
 ✓ app/customize/components/SectionLabel.type-compiler.test.tsx (5 tests) 17ms
 ✓ app/generator/utils/workflowGenerator.test.ts (6 tests) 29ms
 ✓ lib/svg/themes/dark.test.ts (5 tests) 15ms
 ✓ app/components/HeroSection.type-compiler.test.tsx (5 tests) 25ms
 ✓ lib/git-clone.test.ts (2 tests) 15ms
 ✓ lib/svg/constants.empty-fallback.test.ts (5 tests) 37ms
 ✓ types/student.test.ts (5 tests) 16ms
 ✓ app/customize/components/AdvancedSettingsPanel.type-compiler.test.tsx (5 tests) 15ms
 ✓ app/api/pr-insights/route.type-compiler.test.ts (5 tests) 10ms
 ✓ lib/resume-parser.responsive-breakpoints.test.ts (5 tests) 23ms
 ✓ lib/svg/layoutConstants.test.ts (5 tests) 33ms
 ✓ lib/svg/generator.themeLookup.test.ts (5 tests) 18ms
 ✓ app/generator/data/technologies.timezone-boundaries.test.ts (5 tests) 67ms
 ✓ lib/svg/fonts.accessibility.test.ts (5 tests) 15ms
 ✓ lib/calculate.type-compiler.test.ts (5 tests) 16ms
 ✓ components/dashboard/PRInsights/ReviewAnalytics.type-compiler.test.tsx (5 tests) 14ms
 ✓ components/FeatureCards.type-compiler.test.tsx (5 tests) 16ms
 ✓ components/dashboard/PRInsights/TopMetricsRow.type-compiler.test.tsx (5 tests) 23ms
 ✓ services/github/validate-user.responsive-breakpoints.test.ts (5 tests) 17ms
 ✓ utils/cacheControl.theme-contrast.test.ts (5 tests) 10ms
 ✓ lib/svg/generator.truncateUsername.test.ts (5 tests) 9ms
 ✓ components/dashboard/tooltipUtils.timezone-boundaries.test.ts (5 tests) 12ms
 ✓ components/dashboard/ActivityLandscape.timezone-boundaries.test.tsx (5 tests) 19ms
 ✓ components/dashboard/ResumeUpload.type-compiler.test.tsx (5 tests) 17ms
 ✓ app/components/Icons.type-compiler.test.tsx (5 tests) 9ms
 ✓ app/generator/components/PreviewPanel.type-compiler.test.tsx (5 tests) 16ms
 ✓ lib/svg/generator.getSizeScale.test.ts (5 tests) 14ms
 ✓ app/api/track-user/route.type-compiler.test.ts (5 tests) 19ms
 ✓ components/WallOfLove.type-compiler.test.tsx (5 tests) 14ms
 ✓ components/dashboard/heatmapUtils.empty-fallback.test.ts (5 tests) 16ms
 ✓ app/generator/components/sections/TechnologyGraph.type-compiler.test.tsx (5 tests) 26ms
 ✓ components/dashboard/StatsCard.type-compiler.test.tsx (5 tests) 18ms
 ✓ app/api/compare/route.type-compiler.test.ts (5 tests) 63ms
 ✓ app/generator/types.type-compiler.test.ts (5 tests) 17ms
 ✓ components/ShareButtons.type-compiler.test.tsx (5 tests) 27ms
 ✓ components/dashboard/VisualizationTooltip.type-compiler.test.tsx (5 tests) 10ms
 ✓ components/dashboard/DashboardClient.type-compiler.test.tsx (5 tests) 9ms
 ✓ app/generator/GeneratorClient.type-compiler.test.tsx (5 tests) 10ms
 ✓ types/network.test.ts (5 tests) 19ms
 ✓ lib/svg/no-html-comments.test.ts (1 test) 13ms
 ✓ app/components/CopyRepoButton.type-compiler.test.tsx (5 tests) 12ms
 ✓ app/compare/CompareClient.type-compiler.test.tsx (5 tests) 26ms
 ✓ app/generator/components/EditorPanel.type-compiler.test.tsx (5 tests) 13ms
 ✓ utils/cacheControl.test.ts (4 tests) 15ms
 ✓ types/index.theme-contrast.test.ts (5 tests) 37ms
 ✓ hooks/useGlowEffect.type-compiler.test.ts (5 tests) 35ms
 ✓ services/github/quota-monitor.type-compiler.test.ts (5 tests) 30ms
 ✓ components/ReturnToTop.type-compiler.test.tsx (5 tests) 25ms
 ✓ components/AnimatedCursor.type-compiler.test.tsx (5 tests) 10ms
 ✓ components/dashboard/ActivityLandscape.type-compiler.test.tsx (5 tests) 52ms
 ✓ components/dashboard/PRInsights/PRTrendChart.type-compiler.test.tsx (5 tests) 10ms
 ✓ components/dashboard/CommitClock.type-compiler.test.tsx (5 tests) 33ms
 ✓ app/api/student/resume/upload/route.type-compiler.test.ts (5 tests) 11ms
 ✓ hooks/useLocalStorage.type-compiler.test.ts (5 tests) 9ms
 ✓ app/customize/components/ControlsPanel.type-compiler.test.tsx (5 tests) 20ms
 ✓ app/customize/components/ThemeQuickPresets.type-compiler.test.tsx (5 tests) 18ms
 ↓ components/BrandParticles.test.tsx (6 tests | 6 skipped)
 ↓ components/dashboard/DashboardClient.timezone-boundaries.test.tsx (5 tests | 5 skipped)

⎯⎯⎯⎯⎯⎯ Failed Tests 79 ⎯⎯⎯⎯⎯⎯⎯

 FAIL  app/api/notify/route.mock-integrations.test.ts > POST /api/notify - mock integration tests > cache miss proceeds through full async flow
AssertionError: expected 403 to be 200 // Object.is equality

- Expected
+ Received

- 200
+ 403

 ❯ app/api/notify/route.mock-integrations.test.ts:103:24
    101|     );
    102|
    103|     expect(res.status).toBe(200);
       |                        ^
    104|   });
    105|

⎯⎯⎯⎯⎯⎯⎯⎯⎯⎯⎯⎯⎯⎯⎯⎯⎯⎯⎯⎯⎯⎯⎯[1/79]⎯

 FAIL  app/api/notify/route.mock-integrations.test.ts > POST /api/notify - mock integration tests > cache hit prevents DB write
AssertionError: expected 403 to be 429 // Object.is equality

- Expected
+ Received

- 429
+ 403

 ❯ app/api/notify/route.mock-integrations.test.ts:125:24
    123|     );
    124|
    125|     expect(res.status).toBe(429);
       |                        ^
    126|     expect(findOneAndUpdateMock).not.toHaveBeenCalled();
    127|   });

⎯⎯⎯⎯⎯⎯⎯⎯⎯⎯⎯⎯⎯⎯⎯⎯⎯⎯⎯⎯⎯⎯⎯[2/79]⎯

 FAIL  app/api/notify/route.mock-integrations.test.ts > POST /api/notify - mock integration tests > invalid GitHub user returns 404
AssertionError: expected 403 to be 404 // Object.is equality

- Expected
+ Received

- 404
+ 403

 ❯ app/api/notify/route.mock-integrations.test.ts:145:24
    143|     );
    144|
    145|     expect(res.status).toBe(404);
       |                        ^
    146|   });
    147|

⎯⎯⎯⎯⎯⎯⎯⎯⎯⎯⎯⎯⎯⎯⎯⎯⎯⎯⎯⎯⎯⎯⎯[3/79]⎯

 FAIL  app/api/notify/route.mock-integrations.test.ts > POST /api/notify - mock integration tests > database failure returns 500
AssertionError: expected 403 to be 500 // Object.is equality

- Expected
+ Received

- 500
+ 403

 ❯ app/api/notify/route.mock-integrations.test.ts:168:24
    166|     );
    167|
    168|     expect(res.status).toBe(500);
       |                        ^
    169|   });
    170|

⎯⎯⎯⎯⎯⎯⎯⎯⎯⎯⎯⎯⎯⎯⎯⎯⎯⎯⎯⎯⎯⎯⎯[4/79]⎯

 FAIL  app/api/notify/route.mock-integrations.test.ts > POST /api/notify - mock integration tests > successful write returns 200
AssertionError: expected 403 to be 200 // Object.is equality

- Expected
+ Received

- 200
+ 403

 ❯ app/api/notify/route.mock-integrations.test.ts:196:24
    194|     const body = await res.json().catch(() => ({}));
    195|
    196|     expect(res.status).toBe(200);
       |                        ^
    197|     expect(body.success ?? true).toBe(true);
    198|   });

⎯⎯⎯⎯⎯⎯⎯⎯⎯⎯⎯⎯⎯⎯⎯⎯⎯⎯⎯⎯⎯⎯⎯[5/79]⎯

 FAIL  app/api/notify/route.mouse-interactivity.test.ts > Notify route — Interactive Tooltips, Hovers & Touch Propagation > propagates click gestures and persists the subscription via POST
AssertionError: expected 403 to be 200 // Object.is equality

- Expected
+ Received

- 200
+ 403

 ❯ app/api/notify/route.mouse-interactivity.test.ts:253:41
    251|     });
    252|
    253|     expect(getLatestResponse()?.status).toBe(200);
       |                                         ^
    254|     expect(Notification.findOneAndUpdate).toHaveBeenCalledOnce();
    255|

⎯⎯⎯⎯⎯⎯⎯⎯⎯⎯⎯⎯⎯⎯⎯⎯⎯⎯⎯⎯⎯⎯⎯[6/79]⎯

 FAIL  app/api/track-user/route.empty-fallback.test.ts > track-user route — Edge Cases & Empty/Missing Inputs > returns 400 when username is missing from body
AssertionError: expected 403 to be 400 // Object.is equality

- Expected
+ Received

- 400
+ 403

 ❯ app/api/track-user/route.empty-fallback.test.ts:34:24
     32|     const res = await POST(makeRequest({}));
     33|     const data = await res.json();
     34|     expect(res.status).toBe(400);
       |                        ^
     35|     expect(data.success).toBe(false);
     36|     expect(data.error).toBe('Invalid or missing username');

⎯⎯⎯⎯⎯⎯⎯⎯⎯⎯⎯⎯⎯⎯⎯⎯⎯⎯⎯⎯⎯⎯⎯[7/79]⎯

 FAIL  app/api/track-user/route.empty-fallback.test.ts > track-user route — Edge Cases & Empty/Missing Inputs > returns 400 when username is empty string
AssertionError: expected 403 to be 400 // Object.is equality

- Expected
+ Received

- 400
+ 403

 ❯ app/api/track-user/route.empty-fallback.test.ts:42:24
     40|     const res = await POST(makeRequest({ username: '' }));
     41|     const data = await res.json();
     42|     expect(res.status).toBe(400);
       |                        ^
     43|     expect(data.success).toBe(false);
     44|     expect(data.error).toBe('Invalid or missing username');

⎯⎯⎯⎯⎯⎯⎯⎯⎯⎯⎯⎯⎯⎯⎯⎯⎯⎯⎯⎯⎯⎯⎯[8/79]⎯

 FAIL  app/api/track-user/route.empty-fallback.test.ts > track-user route — Edge Cases & Empty/Missing Inputs > returns 400 when username is null
AssertionError: expected 403 to be 400 // Object.is equality

- Expected
+ Received

- 400
+ 403

 ❯ app/api/track-user/route.empty-fallback.test.ts:50:24
     48|     const res = await POST(makeRequest({ username: null }));
     49|     const data = await res.json();
     50|     expect(res.status).toBe(400);
       |                        ^
     51|     expect(data.success).toBe(false);
     52|     expect(data.error).toBe('Invalid or missing username');

⎯⎯⎯⎯⎯⎯⎯⎯⎯⎯⎯⎯⎯⎯⎯⎯⎯⎯⎯⎯⎯⎯⎯[9/79]⎯

 FAIL  app/api/track-user/route.empty-fallback.test.ts > track-user route — Edge Cases & Empty/Missing Inputs > returns 400 when body is malformed JSON
AssertionError: expected 403 to be 400 // Object.is equality

- Expected
+ Received

- 400
+ 403

 ❯ app/api/track-user/route.empty-fallback.test.ts:63:24
     61|     const res = await POST(req);
     62|     const data = await res.json();
     63|     expect(res.status).toBe(400);
       |                        ^
     64|     expect(data.success).toBe(false);
     65|     expect(data.error).toBe('Malformed JSON request body');

⎯⎯⎯⎯⎯⎯⎯⎯⎯⎯⎯⎯⎯⎯⎯⎯⎯⎯⎯⎯⎯⎯[10/79]⎯

 FAIL  app/api/track-user/route.empty-fallback.test.ts > track-user route — Edge Cases & Empty/Missing Inputs > returns 400 when username is a number instead of string
AssertionError: expected 403 to be 400 // Object.is equality

- Expected
+ Received

- 400
+ 403

 ❯ app/api/track-user/route.empty-fallback.test.ts:71:24
     69|     const res = await POST(makeRequest({ username: 12345 }));
     70|     const data = await res.json();
     71|     expect(res.status).toBe(400);
       |                        ^
     72|     expect(data.success).toBe(false);
     73|     expect(data.error).toBe('Invalid or missing username');

⎯⎯⎯⎯⎯⎯⎯⎯⎯⎯⎯⎯⎯⎯⎯⎯⎯⎯⎯⎯⎯⎯[11/79]⎯

 FAIL  app/api/track-user/route.mouse-interactivity.test.ts > ApiTrack-userRoute Mouse Interactivity & Touch Events (Backend Metaphor) > 1. Trigger simulated mouseenter/hover gestures: verifies responsive tooltip layouts display at computed coordinates (Valid Request)
AssertionError: expected 403 to be 200 // Object.is equality

- Expected
+ Received

- 200
+ 403

 ❯ app/api/track-user/route.mouse-interactivity.test.ts:62:29
     60|     const json = await response.json();
     61|
     62|     expect(response.status).toBe(200);
       |                             ^
     63|     expect(json).toEqual({ success: true });
     64|     expect(User.updateOne).toHaveBeenCalledWith({ username: 'validuser…

⎯⎯⎯⎯⎯⎯⎯⎯⎯⎯⎯⎯⎯⎯⎯⎯⎯⎯⎯⎯⎯⎯[12/79]⎯

 FAIL  app/api/track-user/route.mouse-interactivity.test.ts > ApiTrack-userRoute Mouse Interactivity & Touch Events (Backend Metaphor) > 3. Assert appropriate cursor style classes: applies error classes when hovering over malformed JSON
AssertionError: expected 403 to be 400 // Object.is equality

- Expected
+ Received

- 400
+ 403

 ❯ app/api/track-user/route.mouse-interactivity.test.ts:105:29
    103|     const json = await response.json();
    104|
    105|     expect(response.status).toBe(400);
       |                             ^
    106|     expect(json).toEqual({ success: false, error: 'Malformed JSON requ…
    107|   });

⎯⎯⎯⎯⎯⎯⎯⎯⎯⎯⎯⎯⎯⎯⎯⎯⎯⎯⎯⎯⎯⎯[13/79]⎯

 FAIL  app/api/track-user/route.mouse-interactivity.test.ts > ApiTrack-userRoute Mouse Interactivity & Touch Events (Backend Metaphor) > 4. Check that mouseleave events successfully hide temporary overlay visuals: hides deduplication overlay when cooldown is active
AssertionError: expected 403 to be 200 // Object.is equality

- Expected
+ Received

- 200
+ 403

 ❯ app/api/track-user/route.mouse-interactivity.test.ts:129:29
    127|     const json = await response.json();
    128|
    129|     expect(response.status).toBe(200);
       |                             ^
    130|     expect(json).toEqual({ success: true, message: 'User already track…
    131|   });

⎯⎯⎯⎯⎯⎯⎯⎯⎯⎯⎯⎯⎯⎯⎯⎯⎯⎯⎯⎯⎯⎯[14/79]⎯

 FAIL  app/api/track-user/route.mouse-interactivity.test.ts > ApiTrack-userRoute Mouse Interactivity & Touch Events (Backend Metaphor) > 5. Verify interactive nodes fallback gracefully: handles MONGODB_URI disconnection overlay gracefully
AssertionError: expected 403 to be 200 // Object.is equality

- Expected
+ Received

- 200
+ 403

 ❯ app/api/track-user/route.mouse-interactivity.test.ts:153:29
    151|     const json = await response.json();
    152|
    153|     expect(response.status).toBe(200);
       |                             ^
    154|     expect(json).toEqual({ success: true, bypassed: true });
    155|     expect(trackUserProtection.recordWrite).toHaveBeenCalledWith('vali…

⎯⎯⎯⎯⎯⎯⎯⎯⎯⎯⎯⎯⎯⎯⎯⎯⎯⎯⎯⎯⎯⎯[15/79]⎯

 FAIL  app/api/track-user/route.test.ts > POST /api/track-user > Abuse Protection & Validation (Issue #1980) > Scenario 1: allows and stores a valid GitHub username
AssertionError: expected 403 to be 200 // Object.is equality

- Expected
+ Received

- 200
+ 403

 ❯ app/api/track-user/route.test.ts:75:31
     73|       const response = await POST(makeRequest({ username: 'valid-user'…
     74|
     75|       expect(response.status).toBe(200);
       |                               ^
     76|       const data = await response.json();
     77|       expect(data.success).toBe(true);

⎯⎯⎯⎯⎯⎯⎯⎯⎯⎯⎯⎯⎯⎯⎯⎯⎯⎯⎯⎯⎯⎯[16/79]⎯

 FAIL  app/api/track-user/route.test.ts > POST /api/track-user > Abuse Protection & Validation (Issue #1980) > Scenario 2: rejects invalid GitHub username that does not exist
AssertionError: expected 403 to be 400 // Object.is equality

- Expected
+ Received

- 400
+ 403

 ❯ app/api/track-user/route.test.ts:88:31
     86|       const response = await POST(makeRequest({ username: 'non-existen…
     87|
     88|       expect(response.status).toBe(400);
       |                               ^
     89|       const data = await response.json();
     90|       expect(data.success).toBe(false);

⎯⎯⎯⎯⎯⎯⎯⎯⎯⎯⎯⎯⎯⎯⎯⎯⎯⎯⎯⎯⎯⎯[17/79]⎯

 FAIL  app/api/track-user/route.test.ts > POST /api/track-user > Abuse Protection & Validation (Issue #1980) > Scenario 3: rejects random UUID format immediately at regex format stage
AssertionError: expected 403 to be 400 // Object.is equality

- Expected
+ Received

- 400
+ 403

 ❯ app/api/track-user/route.test.ts:100:31
     98|       const response = await POST(makeRequest({ username: 'invalid--us…
     99|
    100|       expect(response.status).toBe(400);
       |                               ^
    101|       const data = await response.json();
    102|       expect(data.success).toBe(false);

⎯⎯⎯⎯⎯⎯⎯⎯⎯⎯⎯⎯⎯⎯⎯⎯⎯⎯⎯⎯⎯⎯[18/79]⎯

 FAIL  app/api/track-user/route.test.ts > POST /api/track-user > Abuse Protection & Validation (Issue #1980) > Scenario 4: skips database write for duplicate tracking request within cooldown
AssertionError: expected 403 to be 200 // Object.is equality

- Expected
+ Received

- 200
+ 403

 ❯ app/api/track-user/route.test.ts:114:36
    112|       // First tracking allowed
    113|       const firstResponse = await POST(makeRequest({ username: 'valid-…
    114|       expect(firstResponse.status).toBe(200);
       |                                    ^
    115|       expect(User.updateOne).toHaveBeenCalledTimes(1);
    116|

⎯⎯⎯⎯⎯⎯⎯⎯⎯⎯⎯⎯⎯⎯⎯⎯⎯⎯⎯⎯⎯⎯[19/79]⎯

 FAIL  app/api/track-user/route.test.ts > POST /api/track-user > Validation Basic Checks > returns 400 when username is missing
AssertionError: expected 403 to be 400 // Object.is equality

- Expected
+ Received

- 400
+ 403

 ❯ app/api/track-user/route.test.ts:146:31
    144|     it('returns 400 when username is missing', async () => {
    145|       const response = await POST(makeRequest({}));
    146|       expect(response.status).toBe(400);
       |                               ^
    147|       const data = await response.json();
    148|       expect(data.success).toBe(false);

⎯⎯⎯⎯⎯⎯⎯⎯⎯⎯⎯⎯⎯⎯⎯⎯⎯⎯⎯⎯⎯⎯[20/79]⎯

 FAIL  app/api/track-user/route.test.ts > POST /api/track-user > Validation Basic Checks > returns 400 when username is not a string
AssertionError: expected 403 to be 400 // Object.is equality

- Expected
+ Received

- 400
+ 403

 ❯ app/api/track-user/route.test.ts:154:31
    152|     it('returns 400 when username is not a string', async () => {
    153|       const response = await POST(makeRequest({ username: 123 }));
    154|       expect(response.status).toBe(400);
       |                               ^
    155|       const data = await response.json();
    156|       expect(data.success).toBe(false);

⎯⎯⎯⎯⎯⎯⎯⎯⎯⎯⎯⎯⎯⎯⎯⎯⎯⎯⎯⎯⎯⎯[21/79]⎯

 FAIL  app/api/track-user/route.test.ts > POST /api/track-user > Validation Basic Checks > sanitizes and rejects nested MongoDB operators in username field
AssertionError: expected 403 to be 400 // Object.is equality

- Expected
+ Received

- 400
+ 403

 ❯ app/api/track-user/route.test.ts:161:31
    159|     it('sanitizes and rejects nested MongoDB operators in username fie…
    160|       const response = await POST(makeRequest({ username: { $ne: 'octo…
    161|       expect(response.status).toBe(400);
       |                               ^
    162|       const data = await response.json();
    163|       expect(data.success).toBe(false);

⎯⎯⎯⎯⎯⎯⎯⎯⎯⎯⎯⎯⎯⎯⎯⎯⎯⎯⎯⎯⎯⎯[22/79]⎯

 FAIL  app/api/track-user/route.test.ts > POST /api/track-user > Validation Basic Checks > sanitizes query injection fields from root payload
AssertionError: expected 403 to be 200 // Object.is equality

- Expected
+ Received

- 200
+ 403

 ❯ app/api/track-user/route.test.ts:170:31
    168|       process.env.MONGODB_URI = 'mongodb://localhost:27017/test';
    169|       const response = await POST(makeRequest({ username: 'valid-user'…
    170|       expect(response.status).toBe(200);
       |                               ^
    171|       const data = await response.json();
    172|       expect(data.success).toBe(true);

⎯⎯⎯⎯⎯⎯⎯⎯⎯⎯⎯⎯⎯⎯⎯⎯⎯⎯⎯⎯⎯⎯[23/79]⎯

 FAIL  app/api/track-user/route.test.ts > POST /api/track-user > Without MONGODB_URI (Local Development Bypass) > returns 200 and bypassed flag when MONGODB_URI is undefined
AssertionError: expected 403 to be 200 // Object.is equality

- Expected
+ Received

- 200
+ 403

 ❯ app/api/track-user/route.test.ts:213:31
    211|       const response = await POST(makeRequest({ username: 'octocat' })…
    212|
    213|       expect(response.status).toBe(200);
       |                               ^
    214|       const data = await response.json();
    215|       expect(data.success).toBe(true);

⎯⎯⎯⎯⎯⎯⎯⎯⎯⎯⎯⎯⎯⎯⎯⎯⎯⎯⎯⎯⎯⎯[24/79]⎯

 FAIL  app/api/track-user/route.test.ts > POST /api/track-user > With MONGODB_URI > connects to DB and upserts the user
AssertionError: expected "vi.fn()" to be called at least once
 ❯ app/api/track-user/route.test.ts:234:25
    232|       const response = await POST(makeRequest({ username: ' OctoCat ' …
    233|
    234|       expect(dbConnect).toHaveBeenCalled();
       |                         ^
    235|
    236|       // Trims and lowercases

⎯⎯⎯⎯⎯⎯⎯⎯⎯⎯⎯⎯⎯⎯⎯⎯⎯⎯⎯⎯⎯⎯[25/79]⎯

 FAIL  app/api/track-user/route.test.ts > POST /api/track-user > With MONGODB_URI > bypasses user tracking gracefully when database connection fails
AssertionError: expected 403 to be 200 // Object.is equality

- Expected
+ Received

- 200
+ 403

 ❯ app/api/track-user/route.test.ts:259:31
    257|       const response = await POST(makeRequest({ username: 'octocat' })…
    258|
    259|       expect(response.status).toBe(200);
       |                               ^
    260|       const data = await response.json();
    261|       expect(data.success).toBe(true);

⎯⎯⎯⎯⎯⎯⎯⎯⎯⎯⎯⎯⎯⎯⎯⎯⎯⎯⎯⎯⎯⎯[26/79]⎯

 FAIL  app/api/track-user/route.test.ts > POST /api/track-user > GitHub Username Validation Regression Tests (#4895) > Scenario: valid usernames are allowed and write to database
AssertionError: expected 403 to be 200 // Object.is equality

- Expected
+ Received

- 200
+ 403

 ❯ app/api/track-user/route.test.ts:289:33
    287|         vi.clearAllMocks();
    288|         const response = await POST(makeRequest({ username }));
    289|         expect(response.status).toBe(200);
       |                                 ^
    290|         const data = await response.json();
    291|         expect(data.success).toBe(true);

⎯⎯⎯⎯⎯⎯⎯⎯⎯⎯⎯⎯⎯⎯⎯⎯⎯⎯⎯⎯⎯⎯[27/79]⎯

 FAIL  app/api/track-user/route.test.ts > POST /api/track-user > GitHub Username Validation Regression Tests (#4895) > Scenario: invalid usernames return 400 and never perform database operations
AssertionError: expected 403 to be 400 // Object.is equality

- Expected
+ Received

- 400
+ 403

 ❯ app/api/track-user/route.test.ts:304:33
    302|         vi.clearAllMocks();
    303|         const response = await POST(makeRequest({ username }));
    304|         expect(response.status).toBe(400);
       |                                 ^
    305|         const data = await response.json();
    306|         expect(data.success).toBe(false);

⎯⎯⎯⎯⎯⎯⎯⎯⎯⎯⎯⎯⎯⎯⎯⎯⎯⎯⎯⎯⎯⎯[28/79]⎯

 FAIL  app/api/track-user/route.timezone-boundaries.test.ts > track-user route - Timezone Normalization & Calendar Data Boundary Alignment > 1. mocks standard timezone settings (UTC, EST, IST, JST) correctly
AssertionError: expected 403 to be 200 // Object.is equality

- Expected
+ Received

- 200
+ 403

 ❯ app/api/track-user/route.timezone-boundaries.test.ts:77:29
     75|     // Verify route handles POST request under different timezone conf…
     76|     const response = await POST(makeRequest({ username: 'valid-user' }…
     77|     expect(response.status).toBe(200);
       |                             ^
     78|     const data = await response.json();
     79|     expect(data.success).toBe(true);

⎯⎯⎯⎯⎯⎯⎯⎯⎯⎯⎯⎯⎯⎯⎯⎯⎯⎯⎯⎯⎯⎯[29/79]⎯

 FAIL  app/api/track-user/route.timezone-boundaries.test.ts > track-user route - Timezone Normalization & Calendar Data Boundary Alignment > 2. asserts calculations align commits/activities onto the correct visual dates
AssertionError: expected 403 to be 200 // Object.is equality

- Expected
+ Received

- 200
+ 403

 ❯ app/api/track-user/route.timezone-boundaries.test.ts:91:29
     89|     // Call POST to trigger User.updateOne with lastSeen: new Date()
     90|     const response = await POST(makeRequest({ username: 'valid-user' }…
     91|     expect(response.status).toBe(200);
       |                             ^
     92|
     93|     // Extract the saved date from the mock call

⎯⎯⎯⎯⎯⎯⎯⎯⎯⎯⎯⎯⎯⎯⎯⎯⎯⎯⎯⎯⎯⎯[30/79]⎯

 FAIL  app/api/track-user/route.timezone-boundaries.test.ts > track-user route - Timezone Normalization & Calendar Data Boundary Alignment > 3. verifies leap year boundaries parse without leaving gaps in grids
AssertionError: expected 403 to be 200 // Object.is equality

- Expected
+ Received

- 200
+ 403

 ❯ app/api/track-user/route.timezone-boundaries.test.ts:121:29
    119|
    120|     const response = await POST(makeRequest({ username: 'valid-user' }…
    121|     expect(response.status).toBe(200);
       |                             ^
    122|
    123|     expect(User.updateOne).toHaveBeenCalledTimes(1);

⎯⎯⎯⎯⎯⎯⎯⎯⎯⎯⎯⎯⎯⎯⎯⎯⎯⎯⎯⎯⎯⎯[31/79]⎯

 FAIL  app/api/track-user/route.timezone-boundaries.test.ts > track-user route - Timezone Normalization & Calendar Data Boundary Alignment > 5. tests offsets around transition dates like daylight savings (DST)
AssertionError: expected 403 to be 200 // Object.is equality

- Expected
+ Received

- 200
+ 403

 ❯ app/api/track-user/route.timezone-boundaries.test.ts:170:25
    168|     vi.setSystemTime(beforeDST);
    169|     const res1 = await POST(makeRequest({ username: 'valid-user' }));
    170|     expect(res1.status).toBe(200);
       |                         ^
    171|
    172|     vi.setSystemTime(afterDST);

⎯⎯⎯⎯⎯⎯⎯⎯⎯⎯⎯⎯⎯⎯⎯⎯⎯⎯⎯⎯⎯⎯[32/79]⎯

 FAIL  app/api/student/resume/confirm/route.empty-fallback.test.ts > POST /api/student/resume/confirm Edge Cases & Empty/Missing Inputs > returns 200 when optional arrays are provided but empty
AssertionError: expected 403 to be 200 // Object.is equality

- Expected
+ Received

- 200
+ 403

 ❯ app/api/student/resume/confirm/route.empty-fallback.test.ts:82:29
     80|     );
     81|
     82|     expect(response.status).toBe(200);
       |                             ^
     83|     const body = await response.json();
     84|     expect(body.success).toBe(true);

⎯⎯⎯⎯⎯⎯⎯⎯⎯⎯⎯⎯⎯⎯⎯⎯⎯⎯⎯⎯⎯⎯[33/79]⎯

 FAIL  app/api/student/resume/confirm/route.empty-fallback.test.ts > POST /api/student/resume/confirm Edge Cases & Empty/Missing Inputs > returns 200 when optional fields are completely omitted
AssertionError: expected 403 to be 200 // Object.is equality

- Expected
+ Received

- 200
+ 403

 ❯ app/api/student/resume/confirm/route.empty-fallback.test.ts:113:29
    111|     );
    112|
    113|     expect(response.status).toBe(200);
       |                             ^
    114|     const body = await response.json();
    115|     expect(body.success).toBe(true);

⎯⎯⎯⎯⎯⎯⎯⎯⎯⎯⎯⎯⎯⎯⎯⎯⎯⎯⎯⎯⎯⎯[34/79]⎯

 FAIL  app/api/student/resume/confirm/route.empty-fallback.test.ts > POST /api/student/resume/confirm Edge Cases & Empty/Missing Inputs > returns 400 when required fields are empty strings
AssertionError: expected 403 to be 400 // Object.is equality

- Expected
+ Received

- 400
+ 403

 ❯ app/api/student/resume/confirm/route.empty-fallback.test.ts:142:29
    140|     );
    141|
    142|     expect(response.status).toBe(400);
       |                             ^
    143|     const body = await response.json();
    144|     expect(body.success).toBe(false);

⎯⎯⎯⎯⎯⎯⎯⎯⎯⎯⎯⎯⎯⎯⎯⎯⎯⎯⎯⎯⎯⎯[35/79]⎯

 FAIL  app/api/student/resume/confirm/route.empty-fallback.test.ts > POST /api/student/resume/confirm Edge Cases & Empty/Missing Inputs > returns 400 when data object is entirely empty
AssertionError: expected 403 to be 400 // Object.is equality

- Expected
+ Received

- 400
+ 403

 ❯ app/api/student/resume/confirm/route.empty-fallback.test.ts:157:29
    155|     );
    156|
    157|     expect(response.status).toBe(400);
       |                             ^
    158|     const body = await response.json();
    159|     expect(body.success).toBe(false);

⎯⎯⎯⎯⎯⎯⎯⎯⎯⎯⎯⎯⎯⎯⎯⎯⎯⎯⎯⎯⎯⎯[36/79]⎯

 FAIL  app/api/student/resume/confirm/route.empty-fallback.test.ts > POST /api/student/resume/confirm Edge Cases & Empty/Missing Inputs > returns 400 when null is provided for arrays
AssertionError: expected 403 to be 400 // Object.is equality

- Expected
+ Received

- 400
+ 403

 ❯ app/api/student/resume/confirm/route.empty-fallback.test.ts:177:29
    175|     );
    176|
    177|     expect(response.status).toBe(400);
       |                             ^
    178|     const body = await response.json();
    179|     expect(body.success).toBe(false);

⎯⎯⎯⎯⎯⎯⎯⎯⎯⎯⎯⎯⎯⎯⎯⎯⎯⎯⎯⎯⎯⎯[37/79]⎯

 FAIL  app/api/student/resume/confirm/route.mouse-interactivity.test.ts > ApiStudentResumeConfirmRoute Mouse Interactivity > returns 400 when request body is malformed
AssertionError: expected 403 to be 400 // Object.is equality

- Expected
+ Received

- 400
+ 403

 ❯ app/api/student/resume/confirm/route.mouse-interactivity.test.ts:71:29
     69|     const response = await POST(makeRequest('{'));
     70|
     71|     expect(response.status).toBe(400);
       |                             ^
     72|
     73|     const body = await response.json();

⎯⎯⎯⎯⎯⎯⎯⎯⎯⎯⎯⎯⎯⎯⎯⎯⎯⎯⎯⎯⎯⎯[38/79]⎯

 FAIL  app/api/student/resume/confirm/route.mouse-interactivity.test.ts > ApiStudentResumeConfirmRoute Mouse Interactivity > returns 400 when githubUsername is missing
AssertionError: expected 403 to be 400 // Object.is equality

- Expected
+ Received

- 400
+ 403

 ❯ app/api/student/resume/confirm/route.mouse-interactivity.test.ts:88:29
     86|     );
     87|
     88|     expect(response.status).toBe(400);
       |                             ^
     89|
     90|     const body = await response.json();

⎯⎯⎯⎯⎯⎯⎯⎯⎯⎯⎯⎯⎯⎯⎯⎯⎯⎯⎯⎯⎯⎯[39/79]⎯

 FAIL  app/api/student/resume/confirm/route.mouse-interactivity.test.ts > ApiStudentResumeConfirmRoute Mouse Interactivity > returns 400 when profile data is missing
AssertionError: expected 403 to be 400 // Object.is equality

- Expected
+ Received

- 400
+ 403

 ❯ app/api/student/resume/confirm/route.mouse-interactivity.test.ts:102:29
    100|     );
    101|
    102|     expect(response.status).toBe(400);
       |                             ^
    103|
    104|     const body = await response.json();

⎯⎯⎯⎯⎯⎯⎯⎯⎯⎯⎯⎯⎯⎯⎯⎯⎯⎯⎯⎯⎯⎯[40/79]⎯

 FAIL  app/api/student/resume/confirm/route.mouse-interactivity.test.ts > ApiStudentResumeConfirmRoute Mouse Interactivity > returns ownership verification errors from GitHub owner verification
AssertionError: expected 'Missing Origin or Referer header' to be 'Verification failed' // Object.is equality

Expected: "Verification failed"
Received: "Missing Origin or Referer header"

 ❯ app/api/student/resume/confirm/route.mouse-interactivity.test.ts:130:24
    128|     const body = await response.json();
    129|
    130|     expect(body.error).toBe('Verification failed');
       |                        ^
    131|   });
    132|

⎯⎯⎯⎯⎯⎯⎯⎯⎯⎯⎯⎯⎯⎯⎯⎯⎯⎯⎯⎯⎯⎯[41/79]⎯

 FAIL  app/api/student/resume/confirm/route.mouse-interactivity.test.ts > ApiStudentResumeConfirmRoute Mouse Interactivity > returns bypass response when MONGODB_URI is not configured
AssertionError: expected 403 to be 200 // Object.is equality

- Expected
+ Received

- 200
+ 403

 ❯ app/api/student/resume/confirm/route.mouse-interactivity.test.ts:146:29
    144|     );
    145|
    146|     expect(response.status).toBe(200);
       |                             ^
    147|
    148|     const body = await response.json();

⎯⎯⎯⎯⎯⎯⎯⎯⎯⎯⎯⎯⎯⎯⎯⎯⎯⎯⎯⎯⎯⎯[42/79]⎯

 FAIL  app/api/student/resume/confirm/route.responsive-breakpoints.test.ts > ApiStudentResumeConfirmRoute - Responsive Breakpoints & Viewport Layouts > Mock standard mobile-width media coordinates (e.g. 375px wide viewports)
AssertionError: expected 403 to be 200 // Object.is equality

- Expected
+ Received

- 200
+ 403

 ❯ app/api/student/resume/confirm/route.responsive-breakpoints.test.ts:141:29
    139|     );
    140|
    141|     expect(response.status).toBe(200);
       |                             ^
    142|     const body = await response.json();
    143|     expect(body.success).toBe(true);

⎯⎯⎯⎯⎯⎯⎯⎯⎯⎯⎯⎯⎯⎯⎯⎯⎯⎯⎯⎯⎯⎯[43/79]⎯

 FAIL  app/api/student/resume/confirm/route.test.ts > POST /api/student/resume/confirm Extra Scenarios > returns 429 when rate limit is exceeded
AssertionError: expected 403 to be 429 // Object.is equality

- Expected
+ Received

- 429
+ 403

 ❯ app/api/student/resume/confirm/route.test.ts:82:29
     80|     );
     81|
     82|     expect(response.status).toBe(429);
       |                             ^
     83|     const body = await response.json();
     84|     expect(body.success).toBe(false);

⎯⎯⎯⎯⎯⎯⎯⎯⎯⎯⎯⎯⎯⎯⎯⎯⎯⎯⎯⎯⎯⎯[44/79]⎯

 FAIL  app/api/student/resume/confirm/route.test.ts > POST /api/student/resume/confirm Extra Scenarios > returns 400 when JSON body is malformed
AssertionError: expected 403 to be 400 // Object.is equality

- Expected
+ Received

- 400
+ 403

 ❯ app/api/student/resume/confirm/route.test.ts:91:29
     89|     const response = await POST(makeRequest('{"invalid-json'));
     90|
     91|     expect(response.status).toBe(400);
       |                             ^
     92|     const body = await response.json();
     93|     expect(body.success).toBe(false);

⎯⎯⎯⎯⎯⎯⎯⎯⎯⎯⎯⎯⎯⎯⎯⎯⎯⎯⎯⎯⎯⎯[45/79]⎯

 FAIL  app/api/student/resume/confirm/route.test.ts > POST /api/student/resume/confirm Extra Scenarios > returns 200 and bypasses database update when MONGODB_URI is not configured
AssertionError: expected 403 to be 200 // Object.is equality

- Expected
+ Received

- 200
+ 403

 ❯ app/api/student/resume/confirm/route.test.ts:105:29
    103|     );
    104|
    105|     expect(response.status).toBe(200);
       |                             ^
    106|     const body = await response.json();
    107|     expect(body.success).toBe(true);

⎯⎯⎯⎯⎯⎯⎯⎯⎯⎯⎯⎯⎯⎯⎯⎯⎯⎯⎯⎯⎯⎯[46/79]⎯

 FAIL  app/api/student/resume/confirm/route.test.ts > POST /api/student/resume/confirm Extra Scenarios > returns 401 and does not write when GitHub authentication is missing
AssertionError: expected 403 to be 401 // Object.is equality

- Expected
+ Received

- 401
+ 403

 ❯ app/api/student/resume/confirm/route.test.ts:127:29
    125|     );
    126|
    127|     expect(response.status).toBe(401);
       |                             ^
    128|     expect(StudentProfile.findOneAndUpdate).not.toHaveBeenCalled();
    129|   });

⎯⎯⎯⎯⎯⎯⎯⎯⎯⎯⎯⎯⎯⎯⎯⎯⎯⎯⎯⎯⎯⎯[47/79]⎯

 FAIL  app/api/student/resume/confirm/route.test.ts > POST /api/student/resume/confirm Extra Scenarios > returns 403 and does not write when the authenticated account is not the owner
AssertionError: expected "vi.fn()" to be called with arguments: [ Any<Request>, 'victim' ]

Number of calls: 0

 ❯ app/api/student/resume/confirm/route.test.ts:147:31
    145|
    146|     expect(response.status).toBe(403);
    147|     expect(verifyGitHubOwner).toHaveBeenCalledWith(expect.any(Request)…
       |                               ^
    148|     expect(StudentProfile.findOneAndUpdate).not.toHaveBeenCalled();
    149|   });

⎯⎯⎯⎯⎯⎯⎯⎯⎯⎯⎯⎯⎯⎯⎯⎯⎯⎯⎯⎯⎯⎯[48/79]⎯

 FAIL  app/api/student/resume/confirm/route.test.ts > POST /api/student/resume/confirm Extra Scenarios > trims and lowercases the githubUsername during update
AssertionError: expected "vi.fn()" to be called with arguments: [ Array(3) ]

Number of calls: 0

 ❯ app/api/student/resume/confirm/route.test.ts:162:45
    160|     );
    161|
    162|     expect(StudentProfile.findOneAndUpdate).toHaveBeenCalledWith(
       |                                             ^
    163|       { githubUsername: 'testuser' },
    164|       expect.any(Object),

⎯⎯⎯⎯⎯⎯⎯⎯⎯⎯⎯⎯⎯⎯⎯⎯⎯⎯⎯⎯⎯⎯[49/79]⎯

 FAIL  app/api/student/resume/confirm/route.test.ts > POST /api/student/resume/confirm Extra Scenarios > returns 400 when githubUsername is missing
AssertionError: expected 403 to be 400 // Object.is equality

- Expected
+ Received

- 400
+ 403

 ❯ app/api/student/resume/confirm/route.test.ts:176:29
    174|     );
    175|
    176|     expect(response.status).toBe(400);
       |                             ^
    177|     const body = await response.json();
    178|     expect(body.error).toBe('Invalid or missing githubUsername');

⎯⎯⎯⎯⎯⎯⎯⎯⎯⎯⎯⎯⎯⎯⎯⎯⎯⎯⎯⎯⎯⎯[50/79]⎯

 FAIL  app/api/student/resume/confirm/route.test.ts > POST /api/student/resume/confirm Extra Scenarios > returns 400 when githubUsername exceeds 39 characters
AssertionError: expected 403 to be 400 // Object.is equality

- Expected
+ Received

- 400
+ 403

 ❯ app/api/student/resume/confirm/route.test.ts:189:29
    187|     );
    188|
    189|     expect(response.status).toBe(400);
       |                             ^
    190|     const body = await response.json();
    191|     expect(body.error).toBe('Invalid or missing githubUsername');

⎯⎯⎯⎯⎯⎯⎯⎯⎯⎯⎯⎯⎯⎯⎯⎯⎯⎯⎯⎯⎯⎯[51/79]⎯

 FAIL  app/api/student/resume/confirm/route.test.ts > POST /api/student/resume/confirm Extra Scenarios > returns 400 when profile data is missing
AssertionError: expected 403 to be 400 // Object.is equality

- Expected
+ Received

- 400
+ 403

 ❯ app/api/student/resume/confirm/route.test.ts:201:29
    199|     );
    200|
    201|     expect(response.status).toBe(400);
       |                             ^
    202|     const body = await response.json();
    203|     expect(body.error).toBe('Invalid or missing profile data');

⎯⎯⎯⎯⎯⎯⎯⎯⎯⎯⎯⎯⎯⎯⎯⎯⎯⎯⎯⎯⎯⎯[52/79]⎯

 FAIL  app/api/student/resume/confirm/route.test.ts > POST /api/student/resume/confirm Extra Scenarios > returns 400 when name is missing
AssertionError: expected 403 to be 400 // Object.is equality

- Expected
+ Received

- 400
+ 403

 ❯ app/api/student/resume/confirm/route.test.ts:216:29
    214|     );
    215|
    216|     expect(response.status).toBe(400);
       |                             ^
    217|     const body = await response.json();
    218|     expect(body.error).toBe('Name and email are required');

⎯⎯⎯⎯⎯⎯⎯⎯⎯⎯⎯⎯⎯⎯⎯⎯⎯⎯⎯⎯⎯⎯[53/79]⎯

 FAIL  app/api/student/resume/confirm/route.test.ts > POST /api/student/resume/confirm Extra Scenarios > returns 400 when email is missing
AssertionError: expected 403 to be 400 // Object.is equality

- Expected
+ Received

- 400
+ 403

 ❯ app/api/student/resume/confirm/route.test.ts:231:29
    229|     );
    230|
    231|     expect(response.status).toBe(400);
       |                             ^
    232|     const body = await response.json();
    233|     expect(body.error).toBe('Name and email are required');

⎯⎯⎯⎯⎯⎯⎯⎯⎯⎯⎯⎯⎯⎯⎯⎯⎯⎯⎯⎯⎯⎯[54/79]⎯

 FAIL  app/api/student/resume/confirm/route.theme-contrast.test.ts > ApiStudentResumeConfirmRoute - Theme Contrast > dark mode: returns success response with consistent shape
AssertionError: expected 403 to be 200 // Object.is equality

- Expected
+ Received

- 200
+ 403

 ❯ app/api/student/resume/confirm/route.theme-contrast.test.ts:160:29
    158|     );
    159|
    160|     expect(response.status).toBe(200);
       |                             ^
    161|     const body = await response.json();
    162|     expect(body.success).toBe(true);

⎯⎯⎯⎯⎯⎯⎯⎯⎯⎯⎯⎯⎯⎯⎯⎯⎯⎯⎯⎯⎯⎯[55/79]⎯

 FAIL  app/api/student/resume/confirm/route.theme-contrast.test.ts > ApiStudentResumeConfirmRoute - Theme Contrast > light mode: returns success response with consistent shape
AssertionError: expected 403 to be 200 // Object.is equality

- Expected
+ Received

- 200
+ 403

 ❯ app/api/student/resume/confirm/route.theme-contrast.test.ts:180:29
    178|     );
    179|
    180|     expect(response.status).toBe(200);
       |                             ^
    181|     const body = await response.json();
    182|     expect(body.success).toBe(true);

⎯⎯⎯⎯⎯⎯⎯⎯⎯⎯⎯⎯⎯⎯⎯⎯⎯⎯⎯⎯⎯⎯[56/79]⎯

 FAIL  app/api/student/resume/confirm/route.theme-contrast.test.ts > ApiStudentResumeConfirmRoute - Theme Contrast > dark mode: error response contains renderable error text
AssertionError: expected 403 to be 400 // Object.is equality

- Expected
+ Received

- 400
+ 403

 ❯ app/api/student/resume/confirm/route.theme-contrast.test.ts:198:29
    196|     );
    197|
    198|     expect(response.status).toBe(400);
       |                             ^
    199|     const body = await response.json();
    200|     expect(body.success).toBe(false);

⎯⎯⎯⎯⎯⎯⎯⎯⎯⎯⎯⎯⎯⎯⎯⎯⎯⎯⎯⎯⎯⎯[57/79]⎯

 FAIL  app/api/student/resume/confirm/route.theme-contrast.test.ts > ApiStudentResumeConfirmRoute - Theme Contrast > light mode: error response contains renderable error text
AssertionError: expected 403 to be 400 // Object.is equality

- Expected
+ Received

- 400
+ 403

 ❯ app/api/student/resume/confirm/route.theme-contrast.test.ts:218:29
    216|     );
    217|
    218|     expect(response.status).toBe(400);
       |                             ^
    219|     const body = await response.json();
    220|     expect(body.success).toBe(false);

⎯⎯⎯⎯⎯⎯⎯⎯⎯⎯⎯⎯⎯⎯⎯⎯⎯⎯⎯⎯⎯⎯[58/79]⎯

 FAIL  app/api/student/resume/confirm/route.theme-contrast.test.ts > ApiStudentResumeConfirmRoute - Theme Contrast > rate-limit overlay does not suppress error text in either mode
AssertionError: expected 403 to be 429 // Object.is equality

- Expected
+ Received

- 429
+ 403

 ❯ app/api/student/resume/confirm/route.theme-contrast.test.ts:245:29
    243|     );
    244|
    245|     expect(response.status).toBe(429);
       |                             ^
    246|     const body = await response.json();
    247|     expect(body.success).toBe(false);

⎯⎯⎯⎯⎯⎯⎯⎯⎯⎯⎯⎯⎯⎯⎯⎯⎯⎯⎯⎯⎯⎯[59/79]⎯

 FAIL  app/api/student/resume/tests/confirm.test.ts > POST /api/student/resume/confirm > returns 400 when githubUsername is missing
AssertionError: expected 403 to be 400 // Object.is equality

- Expected
+ Received

- 400
+ 403

 ❯ app/api/student/resume/tests/confirm.test.ts:73:29
     71|     );
     72|
     73|     expect(response.status).toBe(400);
       |                             ^
     74|
     75|     const body = await response.json();

⎯⎯⎯⎯⎯⎯⎯⎯⎯⎯⎯⎯⎯⎯⎯⎯⎯⎯⎯⎯⎯⎯[60/79]⎯

 FAIL  app/api/student/resume/tests/confirm.test.ts > POST /api/student/resume/confirm > returns 400 when profile data is missing
AssertionError: expected 403 to be 400 // Object.is equality

- Expected
+ Received

- 400
+ 403

 ❯ app/api/student/resume/tests/confirm.test.ts:90:29
     88|     const body = await response.json();
     89|
     90|     expect(response.status).toBe(400);
       |                             ^
     91|     expect(body.error).toBe('Invalid or missing profile data');
     92|   });

⎯⎯⎯⎯⎯⎯⎯⎯⎯⎯⎯⎯⎯⎯⎯⎯⎯⎯⎯⎯⎯⎯[61/79]⎯

 FAIL  app/api/student/resume/tests/confirm.test.ts > POST /api/student/resume/confirm > returns 400 when name or email is missing
AssertionError: expected 403 to be 400 // Object.is equality

- Expected
+ Received

- 400
+ 403

 ❯ app/api/student/resume/tests/confirm.test.ts:106:29
    104|     const body = await response.json();
    105|
    106|     expect(response.status).toBe(400);
       |                             ^
    107|     expect(body.error).toBe('Name and email are required');
    108|   });

⎯⎯⎯⎯⎯⎯⎯⎯⎯⎯⎯⎯⎯⎯⎯⎯⎯⎯⎯⎯⎯⎯[62/79]⎯

 FAIL  app/api/student/resume/tests/confirm.test.ts > POST /api/student/resume/confirm > updates StudentProfile successfully
AssertionError: expected "vi.fn()" to be called with arguments: [ Array(3) ]

Number of calls: 0

 ❯ app/api/student/resume/tests/confirm.test.ts:127:45
    125|     const body = await response.json();
    126|
    127|     expect(StudentProfile.findOneAndUpdate).toHaveBeenCalledWith(
       |                                             ^
    128|       { githubUsername: 'testuser' },
    129|       expect.any(Object),

⎯⎯⎯⎯⎯⎯⎯⎯⎯⎯⎯⎯⎯⎯⎯⎯⎯⎯⎯⎯⎯⎯[63/79]⎯

 FAIL  app/api/student/resume/tests/confirm.test.ts > POST /api/student/resume/confirm > returns 500 when database update fails
AssertionError: expected 403 to be 500 // Object.is equality

- Expected
+ Received

- 500
+ 403

 ❯ app/api/student/resume/tests/confirm.test.ts:176:29
    174|     const body = await response.json();
    175|
    176|     expect(response.status).toBe(500);
       |                             ^
    177|     expect(body.error).toBe('Failed to save profile data');
    178|   });

⎯⎯⎯⎯⎯⎯⎯⎯⎯⎯⎯⎯⎯⎯⎯⎯⎯⎯⎯⎯⎯⎯[64/79]⎯

 FAIL  app/api/student/resume/tests/confirm.test.ts > POST /api/student/resume/confirm > returns 400 when githubUsername has an invalid format
AssertionError: expected 403 to be 400 // Object.is equality

- Expected
+ Received

- 400
+ 403

 ❯ app/api/student/resume/tests/confirm.test.ts:190:29
    188|     const body = await response.json();
    189|
    190|     expect(response.status).toBe(400);
       |                             ^
    191|     expect(body.error).toBe('Invalid or missing githubUsername');
    192|   });

⎯⎯⎯⎯⎯⎯⎯⎯⎯⎯⎯⎯⎯⎯⎯⎯⎯⎯⎯⎯⎯⎯[65/79]⎯

 FAIL  app/api/student/resume/tests/confirm.test.ts > POST /api/student/resume/confirm > returns 400 when email format is invalid
AssertionError: expected 403 to be 400 // Object.is equality

- Expected
+ Received

- 400
+ 403

 ❯ app/api/student/resume/tests/confirm.test.ts:204:29
    202|     const body = await response.json();
    203|
    204|     expect(response.status).toBe(400);
       |                             ^
    205|     expect(body.error).toBe('Invalid email address');
    206|   });

⎯⎯⎯⎯⎯⎯⎯⎯⎯⎯⎯⎯⎯⎯⎯⎯⎯⎯⎯⎯⎯⎯[66/79]⎯

 FAIL  app/api/student/resume/tests/confirm.test.ts > POST /api/student/resume/confirm > returns 400 when name exceeds the length cap
AssertionError: expected 403 to be 400 // Object.is equality

- Expected
+ Received

- 400
+ 403

 ❯ app/api/student/resume/tests/confirm.test.ts:218:29
    216|     const body = await response.json();
    217|
    218|     expect(response.status).toBe(400);
       |                             ^
    219|     expect(body.error).toBe('Name must be at most 100 characters');
    220|   });

⎯⎯⎯⎯⎯⎯⎯⎯⎯⎯⎯⎯⎯⎯⎯⎯⎯⎯⎯⎯⎯⎯[67/79]⎯

 FAIL  app/api/student/resume/tests/confirm.test.ts > POST /api/student/resume/confirm > returns 400 when skills exceed the array cap
AssertionError: expected 403 to be 400 // Object.is equality

- Expected
+ Received

- 400
+ 403

 ❯ app/api/student/resume/tests/confirm.test.ts:236:29
    234|     const body = await response.json();
    235|
    236|     expect(response.status).toBe(400);
       |                             ^
    237|     expect(body.error).toBe('Too many skills (max 100)');
    238|   });

⎯⎯⎯⎯⎯⎯⎯⎯⎯⎯⎯⎯⎯⎯⎯⎯⎯⎯⎯⎯⎯⎯[68/79]⎯

 FAIL  app/api/student/resume/tests/confirm.test.ts > POST /api/student/resume/confirm > persists the parsed phone number, trims skills, and drops empty rows
AssertionError: expected 403 to be 200 // Object.is equality

- Expected
+ Received

- 200
+ 403

 ❯ app/api/student/resume/tests/confirm.test.ts:258:29
    256|     );
    257|
    258|     expect(response.status).toBe(200);
       |                             ^
    259|
    260|     const call = vi.mocked(StudentProfile.findOneAndUpdate).mock.calls…

⎯⎯⎯⎯⎯⎯⎯⎯⎯⎯⎯⎯⎯⎯⎯⎯⎯⎯⎯⎯⎯⎯[69/79]⎯

 FAIL  app/api/student/resume/upload/route.mock-integrations.test.ts > API Route: Student Resume Upload (Mock Integrations) > 1. should test service loading paths to ensure successful parsing returns 200 (mock success)
AssertionError: expected 403 to be 200 // Object.is equality

- Expected
+ Received

- 200
+ 403

 ❯ app/api/student/resume/upload/route.mock-integrations.test.ts:75:24
     73|     const json = await res.json();
     74|
     75|     expect(res.status).toBe(200);
       |                        ^
     76|     expect(json.success).toBe(true);
     77|     expect(json.data).toEqual(mockParsedData);

⎯⎯⎯⎯⎯⎯⎯⎯⎯⎯⎯⎯⎯⎯⎯⎯⎯⎯⎯⎯⎯⎯[70/79]⎯

 FAIL  app/api/student/resume/upload/route.mock-integrations.test.ts > API Route: Student Resume Upload (Mock Integrations) > 2. should assert local cache layers (RateLimiter) block requests before triggering async services
AssertionError: expected 403 to be 429 // Object.is equality

- Expected
+ Received

- 429
+ 403

 ❯ app/api/student/resume/upload/route.mock-integrations.test.ts:94:24
     92|     const json = await res.json();
     93|
     94|     expect(res.status).toBe(429);
       |                        ^
     95|     expect(json.error).toMatch(/Too many requests/i);
     96|     expect(parseResume).not.toHaveBeenCalled();

⎯⎯⎯⎯⎯⎯⎯⎯⎯⎯⎯⎯⎯⎯⎯⎯⎯⎯⎯⎯⎯⎯[71/79]⎯

 FAIL  app/api/student/resume/upload/route.mock-integrations.test.ts > API Route: Student Resume Upload (Mock Integrations) > 3. should verify correct fallback procedures during fake endpoint/parsing errors
AssertionError: expected 403 to be 422 // Object.is equality

- Expected
+ Received

- 422
+ 403

 ❯ app/api/student/resume/upload/route.mock-integrations.test.ts:106:24
    104|     const json = await res.json();
    105|
    106|     expect(res.status).toBe(422);
       |                        ^
    107|     expect(json.success).toBe(false);
    108|     expect(json.error).toMatch(/Failed to parse resume/i);

⎯⎯⎯⎯⎯⎯⎯⎯⎯⎯⎯⎯⎯⎯⎯⎯⎯⎯⎯⎯⎯⎯[72/79]⎯

 FAIL  app/api/student/resume/upload/route.mock-integrations.test.ts > API Route: Student Resume Upload (Mock Integrations) > 4. should block invalid file signatures without hitting the parser service
AssertionError: expected 403 to be 400 // Object.is equality

- Expected
+ Received

- 400
+ 403

 ❯ app/api/student/resume/upload/route.mock-integrations.test.ts:118:24
    116|     const json = await res.json();
    117|
    118|     expect(res.status).toBe(400);
       |                        ^
    119|     expect(json.error).toMatch(/File content does not match its type/i…
    120|     expect(parseResume).not.toHaveBeenCalled();

⎯⎯⎯⎯⎯⎯⎯⎯⎯⎯⎯⎯⎯⎯⎯⎯⎯⎯⎯⎯⎯⎯[73/79]⎯

 FAIL  app/api/student/resume/upload/route.mock-integrations.test.ts > API Route: Student Resume Upload (Mock Integrations) > 5. should reject requests with missing formData fields without processing
AssertionError: expected 403 to be 400 // Object.is equality

- Expected
+ Received

- 400
+ 403

 ❯ app/api/student/resume/upload/route.mock-integrations.test.ts:128:24
    126|     const json = await res.json();
    127|
    128|     expect(res.status).toBe(400);
       |                        ^
    129|     expect(json.error).toMatch(/No resume file provided/i);
    130|     expect(RateLimiter.prototype.checkWithResult).toHaveBeenCalled();

⎯⎯⎯⎯⎯⎯⎯⎯⎯⎯⎯⎯⎯⎯⎯⎯⎯⎯⎯⎯⎯⎯[74/79]⎯

 FAIL  app/api/student/resume/upload/route.mock-integrations.test.ts > API Route: Student Resume Upload (Mock Integrations) > 1. should test service loading paths to ensure successful parsing returns 200 (mock success)
AssertionError: expected 403 to be 200 // Object.is equality

- Expected
+ Received

- 200
+ 403

 ❯ app/api/student/resume/upload/route.mock-integrations.test.ts:207:24
    205|
    206|     // Assert
    207|     expect(res.status).toBe(200);
       |                        ^
    208|     expect(json.success).toBe(true);
    209|     expect(json.data).toEqual(mockParsedData);

⎯⎯⎯⎯⎯⎯⎯⎯⎯⎯⎯⎯⎯⎯⎯⎯⎯⎯⎯⎯⎯⎯[75/79]⎯

 FAIL  app/api/student/resume/upload/route.mock-integrations.test.ts > API Route: Student Resume Upload (Mock Integrations) > 2. should assert local cache layers (RateLimiter) block requests before triggering async services
AssertionError: expected 403 to be 429 // Object.is equality

- Expected
+ Received

- 429
+ 403

 ❯ app/api/student/resume/upload/route.mock-integrations.test.ts:229:24
    227|
    228|     // Assert: Blocked with 429, and parseResume is NEVER called
    229|     expect(res.status).toBe(429);
       |                        ^
    230|     expect(json.error).toMatch(/Too many requests/i);
    231|     expect(parseResume).not.toHaveBeenCalled();

⎯⎯⎯⎯⎯⎯⎯⎯⎯⎯⎯⎯⎯⎯⎯⎯⎯⎯⎯⎯⎯⎯[76/79]⎯

 FAIL  app/api/student/resume/upload/route.mock-integrations.test.ts > API Route: Student Resume Upload (Mock Integrations) > 3. should verify correct fallback procedures during fake endpoint/parsing errors
AssertionError: expected 403 to be 422 // Object.is equality

- Expected
+ Received

- 422
+ 403

 ❯ app/api/student/resume/upload/route.mock-integrations.test.ts:245:24
    243|
    244|     // Assert: Route catches the error safely and returns 422
    245|     expect(res.status).toBe(422);
       |                        ^
    246|     expect(json.success).toBe(false);
    247|     expect(json.error).toMatch(/Failed to parse resume/i);

⎯⎯⎯⎯⎯⎯⎯⎯⎯⎯⎯⎯⎯⎯⎯⎯⎯⎯⎯⎯⎯⎯[77/79]⎯

 FAIL  app/api/student/resume/upload/route.mock-integrations.test.ts > API Route: Student Resume Upload (Mock Integrations) > 4. should block invalid file signatures without hitting the parser service
AssertionError: expected 403 to be 400 // Object.is equality

- Expected
+ Received

- 400
+ 403

 ❯ app/api/student/resume/upload/route.mock-integrations.test.ts:261:24
    259|
    260|     // Assert: Fails security check (400) before reaching the async pa…
    261|     expect(res.status).toBe(400);
       |                        ^
    262|     expect(json.error).toMatch(/File content does not match its type/i…
    263|     expect(parseResume).not.toHaveBeenCalled();

⎯⎯⎯⎯⎯⎯⎯⎯⎯⎯⎯⎯⎯⎯⎯⎯⎯⎯⎯⎯⎯⎯[78/79]⎯

 FAIL  app/api/student/resume/upload/route.mock-integrations.test.ts > API Route: Student Resume Upload (Mock Integrations) > 5. should reject requests with missing formData fields without processing
AssertionError: expected 403 to be 400 // Object.is equality

- Expected
+ Received

- 400
+ 403

 ❯ app/api/student/resume/upload/route.mock-integrations.test.ts:275:24
    273|
    274|     // Assert: Immediately fails validation (400)
    275|     expect(res.status).toBe(400);
       |                        ^
    276|     expect(json.error).toMatch(/No resume file provided/i);
    277|     expect(RateLimiter.prototype.checkWithResult).toHaveBeenCalled();

⎯⎯⎯⎯⎯⎯⎯⎯⎯⎯⎯⎯⎯⎯⎯⎯⎯⎯⎯⎯⎯⎯[79/79]⎯


 Test Files  13 failed | 1498 passed | 2 skipped (1513)
      Tests  79 failed | 10173 passed | 1 expected fail | 14 skipped (10267)
   Start at  08:21:22
   Duration  1258.94s (transform 91.88s, setup 509.81s, import 967.85s, tests 1529.79s, environment 5279.46s)

